2025-11-13 14:53:28,697 - __main__ - INFO - ============================================================
2025-11-13 14:53:28,697 - __main__ - INFO - Shimmer GSR+ LSL Integration
2025-11-13 14:53:28,697 - __main__ - INFO - ============================================================
2025-11-13 14:53:28,697 - __main__ - INFO - 
[1/4] Initializing Shimmer GSR+ device...
2025-11-13 14:53:28,697 - shimmer_device - INFO - Attempting to connect to Shimmer on COM6...
2025-11-13 14:53:29,736 - shimmer_device - INFO - Initializing Shimmer device...
2025-11-13 14:53:29,787 - shimmer_device - INFO - Successfully connected and initialized Shimmer on COM6
2025-11-13 14:53:29,787 - shimmer_device - INFO - Channel names: ['GSR_Skin_Conductance', 'GSR_Skin_Resistance', 'PPG_A13', 'Accel_LN_X', 'Accel_LN_Y', 'Accel_LN_Z']
2025-11-13 14:53:29,787 - __main__ - INFO - Device info: {'sampling_rate': 128.0, 'enabled_sensors': ['gsr', 'ppg', 'accelerometer'], 'channel_names': ['GSR_Skin_Conductance', 'GSR_Skin_Resistance', 'PPG_A13', 'Accel_LN_X', 'Accel_LN_Y', 'Accel_LN_Z'], 'com_port': 'COM6'}
2025-11-13 14:53:29,787 - __main__ - INFO - Channels: ['GSR_Skin_Conductance', 'GSR_Skin_Resistance', 'PPG_A13', 'Accel_LN_X', 'Accel_LN_Y', 'Accel_LN_Z']
2025-11-13 14:53:29,787 - __main__ - INFO - Sampling rate: 128.0 Hz
2025-11-13 14:53:29,787 - __main__ - INFO - 
[2/4] Initializing LSL stream...
2025-11-13 14:53:29,787 - lsl_manager - INFO - Creating LSL stream: ShimmerGSR
2025-11-13 14:53:29,787 - lsl_manager - INFO - Channels: 6, Sampling rate: 128.0 Hz
2025-11-13 14:53:29,801 - lsl_manager - INFO - Added metadata to LSL stream
2025-11-13 14:53:29,810 - lsl_manager - INFO - LSL outlet created successfully: ShimmerGSR
2025-11-13 14:53:29,810 - __main__ - INFO - 
[3/4] Initializing data saver...
2025-11-13 14:53:29,811 - data_saver - INFO - Created CSV file: ./data\shimmer_gsr_20251113_145329.csv
2025-11-13 14:53:29,813 - data_saver - INFO - Saved metadata to: ./data\shimmer_gsr_20251113_145329_metadata.json
2025-11-13 14:53:29,813 - data_saver - INFO - Started saving data to: ./data\shimmer_gsr_20251113_145329.csv
2025-11-13 14:53:29,813 - __main__ - INFO - 
[4/4] Starting data streaming...
2025-11-13 14:53:29,813 - shimmer_device - INFO - Starting data streaming...
2025-11-13 14:53:29,878 - shimmer_device - INFO - Data streaming started successfully
2025-11-13 14:53:29,879 - __main__ - INFO - 
============================================================
2025-11-13 14:53:29,880 - __main__ - INFO - Initialization complete! Ready to stream data.
2025-11-13 14:53:29,880 - __main__ - INFO - ============================================================

2025-11-13 14:53:29,880 - __main__ - INFO - Starting data acquisition loop...
2025-11-13 14:53:29,880 - __main__ - INFO - Press Ctrl+C to stop

2025-11-13 14:53:30,882 - __main__ - INFO - 
============================================================
2025-11-13 14:53:30,882 - __main__ - INFO - Total samples: 127
2025-11-13 14:53:30,882 - __main__ - INFO - LSL pushed: 127
2025-11-13 14:53:30,882 - __main__ - INFO - LSL rate: 118.55 Hz (92.6% of nominal)
2025-11-13 14:53:30,882 - __main__ - INFO - Saved: 0
2025-11-13 14:53:30,882 - __main__ - INFO - Buffer: 127
2025-11-13 14:53:30,882 - __main__ - INFO - ============================================================
2025-11-13 14:53:31,883 - __main__ - INFO - 
============================================================
2025-11-13 14:53:31,883 - __main__ - INFO - Total samples: 257
2025-11-13 14:53:31,883 - __main__ - INFO - LSL pushed: 257
2025-11-13 14:53:31,883 - __main__ - INFO - LSL rate: 124.02 Hz (96.9% of nominal)
2025-11-13 14:53:31,883 - __main__ - INFO - Saved: 0
2025-11-13 14:53:31,883 - __main__ - INFO - Buffer: 257
2025-11-13 14:53:31,883 - __main__ - INFO - ============================================================
2025-11-13 14:53:32,884 - __main__ - INFO - 
============================================================
2025-11-13 14:53:32,884 - __main__ - INFO - Total samples: 385
2025-11-13 14:53:32,884 - __main__ - INFO - LSL pushed: 385
2025-11-13 14:53:32,884 - __main__ - INFO - LSL rate: 125.25 Hz (97.9% of nominal)
2025-11-13 14:53:32,884 - __main__ - INFO - Saved: 0
2025-11-13 14:53:32,884 - __main__ - INFO - Buffer: 385
2025-11-13 14:53:32,884 - __main__ - INFO - ============================================================
2025-11-13 14:53:33,885 - __main__ - INFO - 
============================================================
2025-11-13 14:53:33,885 - __main__ - INFO - Total samples: 513
2025-11-13 14:53:33,885 - __main__ - INFO - LSL pushed: 513
2025-11-13 14:53:33,885 - __main__ - INFO - LSL rate: 125.89 Hz (98.4% of nominal)
2025-11-13 14:53:33,885 - __main__ - INFO - Saved: 0
2025-11-13 14:53:33,885 - __main__ - INFO - Buffer: 513
2025-11-13 14:53:33,885 - __main__ - INFO - ============================================================
2025-11-13 14:53:34,887 - __main__ - INFO - 
============================================================
2025-11-13 14:53:34,887 - __main__ - INFO - Total samples: 641
2025-11-13 14:53:34,887 - __main__ - INFO - LSL pushed: 641
2025-11-13 14:53:34,887 - __main__ - INFO - LSL rate: 126.27 Hz (98.7% of nominal)
2025-11-13 14:53:34,887 - __main__ - INFO - Saved: 0
2025-11-13 14:53:34,887 - __main__ - INFO - Buffer: 641
2025-11-13 14:53:34,887 - __main__ - INFO - ============================================================
2025-11-13 14:53:35,888 - __main__ - INFO - 
============================================================
2025-11-13 14:53:35,888 - __main__ - INFO - Total samples: 769
2025-11-13 14:53:35,888 - __main__ - INFO - LSL pushed: 769
2025-11-13 14:53:35,888 - __main__ - INFO - LSL rate: 126.54 Hz (98.9% of nominal)
2025-11-13 14:53:35,888 - __main__ - INFO - Saved: 0
2025-11-13 14:53:35,888 - __main__ - INFO - Buffer: 769
2025-11-13 14:53:35,888 - __main__ - INFO - ============================================================
2025-11-13 14:53:36,888 - __main__ - INFO - 
============================================================
2025-11-13 14:53:36,888 - __main__ - INFO - Total samples: 895
2025-11-13 14:53:36,888 - __main__ - INFO - LSL pushed: 895
2025-11-13 14:53:36,888 - __main__ - INFO - LSL rate: 126.46 Hz (98.8% of nominal)
2025-11-13 14:53:36,888 - __main__ - INFO - Saved: 0
2025-11-13 14:53:36,888 - __main__ - INFO - Buffer: 895
2025-11-13 14:53:36,888 - __main__ - INFO - ============================================================
2025-11-13 14:53:37,888 - __main__ - INFO - 
============================================================
2025-11-13 14:53:37,888 - __main__ - INFO - Total samples: 1023
2025-11-13 14:53:37,888 - __main__ - INFO - LSL pushed: 1023
2025-11-13 14:53:37,888 - __main__ - INFO - LSL rate: 126.64 Hz (98.9% of nominal)
2025-11-13 14:53:37,888 - __main__ - INFO - Saved: 1000
2025-11-13 14:53:37,888 - __main__ - INFO - Buffer: 23
2025-11-13 14:53:37,888 - __main__ - INFO - ============================================================
2025-11-13 14:53:38,890 - __main__ - INFO - 
============================================================
2025-11-13 14:53:38,890 - __main__ - INFO - Total samples: 1154
2025-11-13 14:53:38,890 - __main__ - INFO - LSL pushed: 1154
2025-11-13 14:53:38,890 - __main__ - INFO - LSL rate: 127.11 Hz (99.3% of nominal)
2025-11-13 14:53:38,890 - __main__ - INFO - Saved: 1000
2025-11-13 14:53:38,890 - __main__ - INFO - Buffer: 154
2025-11-13 14:53:38,890 - __main__ - INFO - ============================================================
2025-11-13 14:53:39,890 - __main__ - INFO - 
============================================================
2025-11-13 14:53:39,890 - __main__ - INFO - Total samples: 1282
2025-11-13 14:53:39,890 - __main__ - INFO - LSL pushed: 1282
2025-11-13 14:53:39,890 - __main__ - INFO - LSL rate: 127.18 Hz (99.4% of nominal)
2025-11-13 14:53:39,890 - __main__ - INFO - Saved: 1000
2025-11-13 14:53:39,890 - __main__ - INFO - Buffer: 282
2025-11-13 14:53:39,892 - __main__ - INFO - ============================================================
2025-11-13 14:53:40,891 - __main__ - INFO - 
============================================================
2025-11-13 14:53:40,891 - __main__ - INFO - Total samples: 1409
2025-11-13 14:53:40,891 - __main__ - INFO - LSL pushed: 1409
2025-11-13 14:53:40,891 - __main__ - INFO - LSL rate: 127.16 Hz (99.3% of nominal)
2025-11-13 14:53:40,891 - __main__ - INFO - Saved: 1000
2025-11-13 14:53:40,891 - __main__ - INFO - Buffer: 409
2025-11-13 14:53:40,891 - __main__ - INFO - ============================================================
2025-11-13 14:53:41,893 - __main__ - INFO - 
============================================================
2025-11-13 14:53:41,893 - __main__ - INFO - Total samples: 1537
2025-11-13 14:53:41,893 - __main__ - INFO - LSL pushed: 1537
2025-11-13 14:53:41,893 - __main__ - INFO - LSL rate: 127.21 Hz (99.4% of nominal)
2025-11-13 14:53:41,893 - __main__ - INFO - Saved: 1000
2025-11-13 14:53:41,894 - __main__ - INFO - Buffer: 537
2025-11-13 14:53:41,894 - __main__ - INFO - ============================================================
2025-11-13 14:53:42,894 - __main__ - INFO - 
============================================================
2025-11-13 14:53:42,894 - __main__ - INFO - Total samples: 1666
2025-11-13 14:53:42,894 - __main__ - INFO - LSL pushed: 1666
2025-11-13 14:53:42,894 - __main__ - INFO - LSL rate: 127.34 Hz (99.5% of nominal)
2025-11-13 14:53:42,894 - __main__ - INFO - Saved: 1000
2025-11-13 14:53:42,894 - __main__ - INFO - Buffer: 666
2025-11-13 14:53:42,894 - __main__ - INFO - ============================================================
2025-11-13 14:53:43,895 - __main__ - INFO - 
============================================================
2025-11-13 14:53:43,895 - __main__ - INFO - Total samples: 1793
2025-11-13 14:53:43,895 - __main__ - INFO - LSL pushed: 1793
2025-11-13 14:53:43,895 - __main__ - INFO - LSL rate: 127.30 Hz (99.5% of nominal)
2025-11-13 14:53:43,895 - __main__ - INFO - Saved: 1000
2025-11-13 14:53:43,895 - __main__ - INFO - Buffer: 793
2025-11-13 14:53:43,895 - __main__ - INFO - ============================================================
2025-11-13 14:53:44,897 - __main__ - INFO - 
============================================================
2025-11-13 14:53:44,897 - __main__ - INFO - Total samples: 1922
2025-11-13 14:53:44,897 - __main__ - INFO - LSL pushed: 1922
2025-11-13 14:53:44,897 - __main__ - INFO - LSL rate: 127.40 Hz (99.5% of nominal)
2025-11-13 14:53:44,897 - __main__ - INFO - Saved: 1000
2025-11-13 14:53:44,897 - __main__ - INFO - Buffer: 922
2025-11-13 14:53:44,897 - __main__ - INFO - ============================================================
2025-11-13 14:53:45,898 - __main__ - INFO - 
============================================================
2025-11-13 14:53:45,898 - __main__ - INFO - Total samples: 2050
2025-11-13 14:53:45,898 - __main__ - INFO - LSL pushed: 2050
2025-11-13 14:53:45,898 - __main__ - INFO - LSL rate: 127.43 Hz (99.6% of nominal)
2025-11-13 14:53:45,898 - __main__ - INFO - Saved: 2000
2025-11-13 14:53:45,898 - __main__ - INFO - Buffer: 50
2025-11-13 14:53:45,898 - __main__ - INFO - ============================================================
2025-11-13 14:53:46,482 - __main__ - INFO - 
Received interrupt signal. Shutting down...
2025-11-13 14:53:46,482 - __main__ - INFO - 
Stopping components...
2025-11-13 14:53:46,518 - shimmer_device - INFO - Stopped data streaming
2025-11-13 14:53:46,519 - shimmer_device - INFO - Shimmer device shutdown
2025-11-13 14:53:46,519 - shimmer_device - INFO - Disconnected from Shimmer device
2025-11-13 14:53:46,519 - __main__ - INFO - Device disconnected
2025-11-13 14:53:46,521 - data_saver - INFO - Stopped saving. Total samples saved: 2124
2025-11-13 14:53:46,521 - __main__ - INFO - Data saving stopped
2025-11-13 14:53:46,521 - __main__ - INFO - Final LSL statistics: {'samples_pushed': 2124, 'elapsed_time': 16.710304021835327, 'effective_rate': 127.10720267115263, 'nominal_rate': 128.0, 'rate_accuracy': 99.30250208683799}
2025-11-13 14:53:46,521 - lsl_manager - INFO - Destroying LSL outlet. Statistics: {'samples_pushed': 2124, 'elapsed_time': 16.710304021835327, 'effective_rate': 127.10720267115263, 'nominal_rate': 128.0, 'rate_accuracy': 99.30250208683799}
2025-11-13 14:53:46,547 - __main__ - INFO - LSL outlet destroyed
2025-11-13 14:53:46,547 - __main__ - INFO - 
============================================================
2025-11-13 14:53:46,547 - __main__ - INFO - Session ended. Total samples processed: 2124
2025-11-13 14:53:46,547 - __main__ - INFO - ============================================================
2025-11-13 14:53:46,547 - __main__ - INFO - 
Stopping components...
2025-11-13 14:53:46,547 - shimmer_device - ERROR - Error during disconnect: byref() argument must be a ctypes instance, not 'NoneType'
2025-11-13 14:53:46,547 - __main__ - INFO - Device disconnected
2025-11-13 14:53:46,548 - data_saver - INFO - Stopped saving. Total samples saved: 2124
2025-11-13 14:53:46,548 - __main__ - INFO - Data saving stopped
2025-11-13 14:53:46,548 - __main__ - INFO - Final LSL statistics: {}
2025-11-13 14:53:46,548 - __main__ - INFO - LSL outlet destroyed
2025-11-13 14:53:46,548 - __main__ - INFO - 
============================================================
2025-11-13 14:53:46,548 - __main__ - INFO - Session ended. Total samples processed: 2124
2025-11-13 14:53:46,548 - __main__ - INFO - ============================================================
2025-11-13 14:53:46,548 - shimmer_device - ERROR - Error during disconnect: byref() argument must be a ctypes instance, not 'NoneType'
