2025-11-13 11:55:38,703 - __main__ - INFO - ============================================================
2025-11-13 11:55:38,703 - __main__ - INFO - Shimmer GSR+ LSL Integration
2025-11-13 11:55:38,703 - __main__ - INFO - ============================================================
2025-11-13 11:55:38,703 - __main__ - INFO - 
[1/4] Initializing Shimmer GSR+ device...
2025-11-13 11:55:38,703 - shimmer_device - INFO - Attempting to connect to Shimmer on COM6...
2025-11-13 11:55:40,096 - shimmer_device - INFO - Initializing Shimmer device...
2025-11-13 11:55:40,179 - shimmer_device - INFO - Successfully connected and initialized Shimmer on COM6
2025-11-13 11:55:40,179 - shimmer_device - INFO - Channel names: ['GSR_Skin_Conductance', 'GSR_Skin_Resistance', 'VSenseBatt']
2025-11-13 11:55:40,281 - __main__ - INFO - Device info: {'sampling_rate': 128.0, 'enabled_sensors': ['gsr', 'battery'], 'channel_names': ['GSR_Skin_Conductance', 'GSR_Skin_Resistance', 'VSenseBatt'], 'com_port': 'COM6'}
2025-11-13 11:55:40,283 - __main__ - INFO - Channels: ['GSR_Skin_Conductance', 'GSR_Skin_Resistance', 'VSenseBatt']
2025-11-13 11:55:40,283 - __main__ - INFO - Sampling rate: 128.0 Hz
2025-11-13 11:55:40,283 - __main__ - INFO - 
[2/4] Initializing LSL stream...
2025-11-13 11:55:40,283 - lsl_manager - INFO - Creating LSL stream: ShimmerGSR
2025-11-13 11:55:40,283 - lsl_manager - INFO - Channels: 3, Sampling rate: 128.0 Hz
2025-11-13 11:55:40,295 - lsl_manager - INFO - Added metadata to LSL stream
2025-11-13 11:55:40,306 - lsl_manager - INFO - LSL outlet created successfully: ShimmerGSR
2025-11-13 11:55:40,306 - __main__ - INFO - 
[3/4] Initializing data saver...
2025-11-13 11:55:40,307 - data_saver - INFO - Created CSV file: ./data\shimmer_gsr_20251113_115540.csv
2025-11-13 11:55:40,307 - data_saver - INFO - Saved metadata to: ./data\shimmer_gsr_20251113_115540_metadata.json
2025-11-13 11:55:40,308 - data_saver - INFO - Started saving data to: ./data\shimmer_gsr_20251113_115540.csv
2025-11-13 11:55:40,308 - __main__ - INFO - 
[4/4] Starting data streaming...
2025-11-13 11:55:40,308 - shimmer_device - INFO - Starting data streaming...
2025-11-13 11:55:40,374 - shimmer_device - INFO - Data streaming started successfully
2025-11-13 11:55:40,374 - __main__ - INFO - 
============================================================
2025-11-13 11:55:40,375 - __main__ - INFO - Initialization complete! Ready to stream data.
2025-11-13 11:55:40,375 - __main__ - INFO - ============================================================

2025-11-13 11:55:40,375 - __main__ - INFO - Starting data acquisition loop...
2025-11-13 11:55:40,375 - __main__ - INFO - Press Ctrl+C to stop

2025-11-13 11:55:41,376 - __main__ - INFO - 
============================================================
2025-11-13 11:55:41,376 - __main__ - INFO - Total samples: 130
2025-11-13 11:55:41,376 - __main__ - INFO - LSL pushed: 130
2025-11-13 11:55:41,376 - __main__ - INFO - LSL rate: 121.49 Hz (94.9% of nominal)
2025-11-13 11:55:41,376 - __main__ - INFO - Saved: 0
2025-11-13 11:55:41,376 - __main__ - INFO - Buffer: 130
2025-11-13 11:55:41,376 - __main__ - INFO - ============================================================
2025-11-13 11:55:42,377 - __main__ - INFO - 
============================================================
2025-11-13 11:55:42,377 - __main__ - INFO - Total samples: 258
2025-11-13 11:55:42,377 - __main__ - INFO - LSL pushed: 258
2025-11-13 11:55:42,377 - __main__ - INFO - LSL rate: 124.58 Hz (97.3% of nominal)
2025-11-13 11:55:42,377 - __main__ - INFO - Saved: 0
2025-11-13 11:55:42,377 - __main__ - INFO - Buffer: 258
2025-11-13 11:55:42,377 - __main__ - INFO - ============================================================
2025-11-13 11:55:43,378 - __main__ - INFO - 
============================================================
2025-11-13 11:55:43,378 - __main__ - INFO - Total samples: 383
2025-11-13 11:55:43,378 - __main__ - INFO - LSL pushed: 383
2025-11-13 11:55:43,378 - __main__ - INFO - LSL rate: 124.67 Hz (97.4% of nominal)
2025-11-13 11:55:43,378 - __main__ - INFO - Saved: 0
2025-11-13 11:55:43,378 - __main__ - INFO - Buffer: 383
2025-11-13 11:55:43,378 - __main__ - INFO - ============================================================
2025-11-13 11:55:44,378 - __main__ - INFO - 
============================================================
2025-11-13 11:55:44,379 - __main__ - INFO - Total samples: 514
2025-11-13 11:55:44,379 - __main__ - INFO - LSL pushed: 514
2025-11-13 11:55:44,379 - __main__ - INFO - LSL rate: 126.22 Hz (98.6% of nominal)
2025-11-13 11:55:44,379 - __main__ - INFO - Saved: 0
2025-11-13 11:55:44,379 - __main__ - INFO - Buffer: 514
2025-11-13 11:55:44,379 - __main__ - INFO - ============================================================
2025-11-13 11:55:45,379 - __main__ - INFO - 
============================================================
2025-11-13 11:55:45,379 - __main__ - INFO - Total samples: 642
2025-11-13 11:55:45,379 - __main__ - INFO - LSL pushed: 642
2025-11-13 11:55:45,379 - __main__ - INFO - LSL rate: 126.56 Hz (98.9% of nominal)
2025-11-13 11:55:45,379 - __main__ - INFO - Saved: 0
2025-11-13 11:55:45,379 - __main__ - INFO - Buffer: 642
2025-11-13 11:55:45,379 - __main__ - INFO - ============================================================
2025-11-13 11:55:46,380 - __main__ - INFO - 
============================================================
2025-11-13 11:55:46,380 - __main__ - INFO - Total samples: 770
2025-11-13 11:55:46,380 - __main__ - INFO - LSL pushed: 770
2025-11-13 11:55:46,380 - __main__ - INFO - LSL rate: 126.77 Hz (99.0% of nominal)
2025-11-13 11:55:46,380 - __main__ - INFO - Saved: 0
2025-11-13 11:55:46,380 - __main__ - INFO - Buffer: 770
2025-11-13 11:55:46,380 - __main__ - INFO - ============================================================
2025-11-13 11:55:47,381 - __main__ - INFO - 
============================================================
2025-11-13 11:55:47,381 - __main__ - INFO - Total samples: 898
2025-11-13 11:55:47,381 - __main__ - INFO - LSL pushed: 898
2025-11-13 11:55:47,381 - __main__ - INFO - LSL rate: 126.94 Hz (99.2% of nominal)
2025-11-13 11:55:47,381 - __main__ - INFO - Saved: 0
2025-11-13 11:55:47,381 - __main__ - INFO - Buffer: 898
2025-11-13 11:55:47,381 - __main__ - INFO - ============================================================
2025-11-13 11:55:48,381 - __main__ - INFO - 
============================================================
2025-11-13 11:55:48,381 - __main__ - INFO - Total samples: 1026
2025-11-13 11:55:48,381 - __main__ - INFO - LSL pushed: 1026
2025-11-13 11:55:48,381 - __main__ - INFO - LSL rate: 127.06 Hz (99.3% of nominal)
2025-11-13 11:55:48,381 - __main__ - INFO - Saved: 1000
2025-11-13 11:55:48,381 - __main__ - INFO - Buffer: 26
2025-11-13 11:55:48,381 - __main__ - INFO - ============================================================
2025-11-13 11:55:49,381 - __main__ - INFO - 
============================================================
2025-11-13 11:55:49,381 - __main__ - INFO - Total samples: 1154
2025-11-13 11:55:49,381 - __main__ - INFO - LSL pushed: 1154
2025-11-13 11:55:49,381 - __main__ - INFO - LSL rate: 127.16 Hz (99.3% of nominal)
2025-11-13 11:55:49,381 - __main__ - INFO - Saved: 1000
2025-11-13 11:55:49,381 - __main__ - INFO - Buffer: 154
2025-11-13 11:55:49,381 - __main__ - INFO - ============================================================
2025-11-13 11:55:50,381 - __main__ - INFO - 
============================================================
2025-11-13 11:55:50,381 - __main__ - INFO - Total samples: 1282
2025-11-13 11:55:50,381 - __main__ - INFO - LSL pushed: 1282
2025-11-13 11:55:50,381 - __main__ - INFO - LSL rate: 127.24 Hz (99.4% of nominal)
2025-11-13 11:55:50,381 - __main__ - INFO - Saved: 1000
2025-11-13 11:55:50,381 - __main__ - INFO - Buffer: 282
2025-11-13 11:55:50,381 - __main__ - INFO - ============================================================
2025-11-13 11:55:51,382 - __main__ - INFO - 
============================================================
2025-11-13 11:55:51,382 - __main__ - INFO - Total samples: 1410
2025-11-13 11:55:51,382 - __main__ - INFO - LSL pushed: 1410
2025-11-13 11:55:51,382 - __main__ - INFO - LSL rate: 127.30 Hz (99.5% of nominal)
2025-11-13 11:55:51,382 - __main__ - INFO - Saved: 1000
2025-11-13 11:55:51,382 - __main__ - INFO - Buffer: 410
2025-11-13 11:55:51,382 - __main__ - INFO - ============================================================
2025-11-13 11:55:52,384 - __main__ - INFO - 
============================================================
2025-11-13 11:55:52,384 - __main__ - INFO - Total samples: 1539
2025-11-13 11:55:52,384 - __main__ - INFO - LSL pushed: 1539
2025-11-13 11:55:52,384 - __main__ - INFO - LSL rate: 127.42 Hz (99.5% of nominal)
2025-11-13 11:55:52,384 - __main__ - INFO - Saved: 1000
2025-11-13 11:55:52,384 - __main__ - INFO - Buffer: 539
2025-11-13 11:55:52,384 - __main__ - INFO - ============================================================
2025-11-13 11:55:53,385 - __main__ - INFO - 
============================================================
2025-11-13 11:55:53,385 - __main__ - INFO - Total samples: 1668
2025-11-13 11:55:53,385 - __main__ - INFO - LSL pushed: 1668
2025-11-13 11:55:53,385 - __main__ - INFO - LSL rate: 127.54 Hz (99.6% of nominal)
2025-11-13 11:55:53,385 - __main__ - INFO - Saved: 1000
2025-11-13 11:55:53,385 - __main__ - INFO - Buffer: 668
2025-11-13 11:55:53,385 - __main__ - INFO - ============================================================
2025-11-13 11:55:54,385 - __main__ - INFO - 
============================================================
2025-11-13 11:55:54,385 - __main__ - INFO - Total samples: 1796
2025-11-13 11:55:54,385 - __main__ - INFO - LSL pushed: 1796
2025-11-13 11:55:54,385 - __main__ - INFO - LSL rate: 127.56 Hz (99.7% of nominal)
2025-11-13 11:55:54,385 - __main__ - INFO - Saved: 1000
2025-11-13 11:55:54,385 - __main__ - INFO - Buffer: 796
2025-11-13 11:55:54,385 - __main__ - INFO - ============================================================
2025-11-13 11:55:55,386 - __main__ - INFO - 
============================================================
2025-11-13 11:55:55,386 - __main__ - INFO - Total samples: 1922
2025-11-13 11:55:55,386 - __main__ - INFO - LSL pushed: 1922
2025-11-13 11:55:55,386 - __main__ - INFO - LSL rate: 127.45 Hz (99.6% of nominal)
2025-11-13 11:55:55,386 - __main__ - INFO - Saved: 1000
2025-11-13 11:55:55,386 - __main__ - INFO - Buffer: 922
2025-11-13 11:55:55,386 - __main__ - INFO - ============================================================
2025-11-13 11:55:56,198 - __main__ - INFO - 
Received interrupt signal. Shutting down...
2025-11-13 11:55:56,198 - __main__ - INFO - 
Stopping components...
2025-11-13 11:55:56,224 - shimmer_device - INFO - Stopped data streaming
2025-11-13 11:55:56,225 - shimmer_device - INFO - Shimmer device shutdown
2025-11-13 11:55:56,225 - shimmer_device - INFO - Disconnected from Shimmer device
2025-11-13 11:55:56,225 - __main__ - INFO - Device disconnected
2025-11-13 11:55:56,227 - data_saver - INFO - Stopped saving. Total samples saved: 2027
2025-11-13 11:55:56,227 - __main__ - INFO - Data saving stopped
2025-11-13 11:55:56,227 - __main__ - INFO - Final LSL statistics: {'samples_pushed': 2027, 'elapsed_time': 15.920335531234741, 'effective_rate': 127.32143716589063, 'nominal_rate': 128.0, 'rate_accuracy': 99.46987278585205}
2025-11-13 11:55:56,228 - lsl_manager - INFO - Destroying LSL outlet. Statistics: {'samples_pushed': 2027, 'elapsed_time': 15.920335531234741, 'effective_rate': 127.32143716589063, 'nominal_rate': 128.0, 'rate_accuracy': 99.46987278585205}
2025-11-13 11:55:56,254 - __main__ - INFO - LSL outlet destroyed
2025-11-13 11:55:56,254 - __main__ - INFO - 
============================================================
2025-11-13 11:55:56,254 - __main__ - INFO - Session ended. Total samples processed: 2027
2025-11-13 11:55:56,254 - __main__ - INFO - ============================================================
2025-11-13 11:55:56,254 - __main__ - INFO - 
Stopping components...
2025-11-13 11:55:56,254 - shimmer_device - ERROR - Error during disconnect: byref() argument must be a ctypes instance, not 'NoneType'
2025-11-13 11:55:56,254 - __main__ - INFO - Device disconnected
2025-11-13 11:55:56,255 - data_saver - INFO - Stopped saving. Total samples saved: 2027
2025-11-13 11:55:56,255 - __main__ - INFO - Data saving stopped
2025-11-13 11:55:56,255 - __main__ - INFO - Final LSL statistics: {}
2025-11-13 11:55:56,255 - __main__ - INFO - LSL outlet destroyed
2025-11-13 11:55:56,255 - __main__ - INFO - 
============================================================
2025-11-13 11:55:56,255 - __main__ - INFO - Session ended. Total samples processed: 2027
2025-11-13 11:55:56,255 - __main__ - INFO - ============================================================
2025-11-13 11:55:56,255 - shimmer_device - ERROR - Error during disconnect: byref() argument must be a ctypes instance, not 'NoneType'
