2025-11-13 14:50:56,796 - __main__ - INFO - ============================================================
2025-11-13 14:50:56,796 - __main__ - INFO - Shimmer GSR+ LSL Integration
2025-11-13 14:50:56,796 - __main__ - INFO - ============================================================
2025-11-13 14:50:56,796 - __main__ - INFO - 
[1/4] Initializing Shimmer GSR+ device...
2025-11-13 14:50:56,796 - shimmer_device - INFO - Attempting to connect to Shimmer on COM6...
2025-11-13 14:50:57,689 - shimmer_device - INFO - Initializing Shimmer device...
2025-11-13 14:50:57,746 - shimmer_device - INFO - Successfully connected and initialized Shimmer on COM6
2025-11-13 14:50:57,746 - shimmer_device - INFO - Channel names: ['GSR_Skin_Conductance', 'GSR_Skin_Resistance', 'PPG_A13', 'Accel_LN_X', 'Accel_LN_Y', 'Accel_LN_Z']
2025-11-13 14:50:57,746 - __main__ - INFO - Device info: {'sampling_rate': 128.0, 'enabled_sensors': ['gsr', 'ppg', 'accelerometer'], 'channel_names': ['GSR_Skin_Conductance', 'GSR_Skin_Resistance', 'PPG_A13', 'Accel_LN_X', 'Accel_LN_Y', 'Accel_LN_Z'], 'com_port': 'COM6'}
2025-11-13 14:50:57,747 - __main__ - INFO - Channels: ['GSR_Skin_Conductance', 'GSR_Skin_Resistance', 'PPG_A13', 'Accel_LN_X', 'Accel_LN_Y', 'Accel_LN_Z']
2025-11-13 14:50:57,747 - __main__ - INFO - Sampling rate: 128.0 Hz
2025-11-13 14:50:57,747 - __main__ - INFO - 
[2/4] Initializing LSL stream...
2025-11-13 14:50:57,747 - lsl_manager - INFO - Creating LSL stream: ShimmerGSR
2025-11-13 14:50:57,747 - lsl_manager - INFO - Channels: 6, Sampling rate: 128.0 Hz
2025-11-13 14:50:57,759 - lsl_manager - INFO - Added metadata to LSL stream
2025-11-13 14:50:57,769 - lsl_manager - INFO - LSL outlet created successfully: ShimmerGSR
2025-11-13 14:50:57,769 - __main__ - INFO - 
[3/4] Initializing data saver...
2025-11-13 14:50:57,769 - data_saver - INFO - Created CSV file: ./data\shimmer_gsr_20251113_145057.csv
2025-11-13 14:50:57,770 - data_saver - INFO - Saved metadata to: ./data\shimmer_gsr_20251113_145057_metadata.json
2025-11-13 14:50:57,770 - data_saver - INFO - Started saving data to: ./data\shimmer_gsr_20251113_145057.csv
2025-11-13 14:50:57,770 - __main__ - INFO - 
[4/4] Starting data streaming...
2025-11-13 14:50:57,770 - shimmer_device - INFO - Starting data streaming...
2025-11-13 14:50:57,852 - shimmer_device - INFO - Data streaming started successfully
2025-11-13 14:50:57,852 - __main__ - INFO - 
============================================================
2025-11-13 14:50:57,852 - __main__ - INFO - Initialization complete! Ready to stream data.
2025-11-13 14:50:57,852 - __main__ - INFO - ============================================================

2025-11-13 14:50:57,852 - __main__ - INFO - Starting data acquisition loop...
2025-11-13 14:50:57,852 - __main__ - INFO - Press Ctrl+C to stop

2025-11-13 14:50:58,852 - __main__ - INFO - 
============================================================
2025-11-13 14:50:58,852 - __main__ - INFO - Total samples: 132
2025-11-13 14:50:58,852 - __main__ - INFO - LSL pushed: 132
2025-11-13 14:50:58,852 - __main__ - INFO - LSL rate: 121.76 Hz (95.1% of nominal)
2025-11-13 14:50:58,852 - __main__ - INFO - Saved: 0
2025-11-13 14:50:58,852 - __main__ - INFO - Buffer: 132
2025-11-13 14:50:58,852 - __main__ - INFO - ============================================================
2025-11-13 14:50:59,853 - __main__ - INFO - 
============================================================
2025-11-13 14:50:59,853 - __main__ - INFO - Total samples: 256
2025-11-13 14:50:59,853 - __main__ - INFO - LSL pushed: 256
2025-11-13 14:50:59,853 - __main__ - INFO - LSL rate: 122.79 Hz (95.9% of nominal)
2025-11-13 14:50:59,853 - __main__ - INFO - Saved: 0
2025-11-13 14:50:59,853 - __main__ - INFO - Buffer: 256
2025-11-13 14:50:59,853 - __main__ - INFO - ============================================================
2025-11-13 14:51:00,853 - __main__ - INFO - 
============================================================
2025-11-13 14:51:00,853 - __main__ - INFO - Total samples: 389
2025-11-13 14:51:00,853 - __main__ - INFO - LSL pushed: 389
2025-11-13 14:51:00,853 - __main__ - INFO - LSL rate: 126.09 Hz (98.5% of nominal)
2025-11-13 14:51:00,853 - __main__ - INFO - Saved: 0
2025-11-13 14:51:00,853 - __main__ - INFO - Buffer: 389
2025-11-13 14:51:00,853 - __main__ - INFO - ============================================================
2025-11-13 14:51:01,854 - __main__ - INFO - 
============================================================
2025-11-13 14:51:01,854 - __main__ - INFO - Total samples: 517
2025-11-13 14:51:01,854 - __main__ - INFO - LSL pushed: 517
2025-11-13 14:51:01,854 - __main__ - INFO - LSL rate: 126.54 Hz (98.9% of nominal)
2025-11-13 14:51:01,854 - __main__ - INFO - Saved: 0
2025-11-13 14:51:01,854 - __main__ - INFO - Buffer: 517
2025-11-13 14:51:01,854 - __main__ - INFO - ============================================================
2025-11-13 14:51:02,854 - __main__ - INFO - 
============================================================
2025-11-13 14:51:02,854 - __main__ - INFO - Total samples: 645
2025-11-13 14:51:02,854 - __main__ - INFO - LSL pushed: 645
2025-11-13 14:51:02,854 - __main__ - INFO - LSL rate: 126.82 Hz (99.1% of nominal)
2025-11-13 14:51:02,854 - __main__ - INFO - Saved: 0
2025-11-13 14:51:02,854 - __main__ - INFO - Buffer: 645
2025-11-13 14:51:02,854 - __main__ - INFO - ============================================================
2025-11-13 14:51:03,854 - __main__ - INFO - 
============================================================
2025-11-13 14:51:03,854 - __main__ - INFO - Total samples: 773
2025-11-13 14:51:03,854 - __main__ - INFO - LSL pushed: 773
2025-11-13 14:51:03,854 - __main__ - INFO - LSL rate: 127.01 Hz (99.2% of nominal)
2025-11-13 14:51:03,854 - __main__ - INFO - Saved: 0
2025-11-13 14:51:03,854 - __main__ - INFO - Buffer: 773
2025-11-13 14:51:03,854 - __main__ - INFO - ============================================================
2025-11-13 14:51:04,854 - __main__ - INFO - 
============================================================
2025-11-13 14:51:04,854 - __main__ - INFO - Total samples: 899
2025-11-13 14:51:04,854 - __main__ - INFO - LSL pushed: 899
2025-11-13 14:51:04,854 - __main__ - INFO - LSL rate: 126.87 Hz (99.1% of nominal)
2025-11-13 14:51:04,854 - __main__ - INFO - Saved: 0
2025-11-13 14:51:04,854 - __main__ - INFO - Buffer: 899
2025-11-13 14:51:04,854 - __main__ - INFO - ============================================================
2025-11-13 14:51:05,855 - __main__ - INFO - 
============================================================
2025-11-13 14:51:05,855 - __main__ - INFO - Total samples: 1027
2025-11-13 14:51:05,855 - __main__ - INFO - LSL pushed: 1027
2025-11-13 14:51:05,855 - __main__ - INFO - LSL rate: 127.00 Hz (99.2% of nominal)
2025-11-13 14:51:05,855 - __main__ - INFO - Saved: 1000
2025-11-13 14:51:05,855 - __main__ - INFO - Buffer: 27
2025-11-13 14:51:05,855 - __main__ - INFO - ============================================================
2025-11-13 14:51:06,856 - __main__ - INFO - 
============================================================
2025-11-13 14:51:06,856 - __main__ - INFO - Total samples: 1157
2025-11-13 14:51:06,856 - __main__ - INFO - LSL pushed: 1157
2025-11-13 14:51:06,856 - __main__ - INFO - LSL rate: 127.31 Hz (99.5% of nominal)
2025-11-13 14:51:06,856 - __main__ - INFO - Saved: 1000
2025-11-13 14:51:06,856 - __main__ - INFO - Buffer: 157
2025-11-13 14:51:06,856 - __main__ - INFO - ============================================================
2025-11-13 14:51:07,857 - __main__ - INFO - 
============================================================
2025-11-13 14:51:07,857 - __main__ - INFO - Total samples: 1285
2025-11-13 14:51:07,857 - __main__ - INFO - LSL pushed: 1285
2025-11-13 14:51:07,857 - __main__ - INFO - LSL rate: 127.37 Hz (99.5% of nominal)
2025-11-13 14:51:07,857 - __main__ - INFO - Saved: 1000
2025-11-13 14:51:07,857 - __main__ - INFO - Buffer: 285
2025-11-13 14:51:07,857 - __main__ - INFO - ============================================================
2025-11-13 14:51:08,857 - __main__ - INFO - 
============================================================
2025-11-13 14:51:08,857 - __main__ - INFO - Total samples: 1413
2025-11-13 14:51:08,857 - __main__ - INFO - LSL pushed: 1413
2025-11-13 14:51:08,857 - __main__ - INFO - LSL rate: 127.42 Hz (99.5% of nominal)
2025-11-13 14:51:08,857 - __main__ - INFO - Saved: 1000
2025-11-13 14:51:08,857 - __main__ - INFO - Buffer: 413
2025-11-13 14:51:08,857 - __main__ - INFO - ============================================================
2025-11-13 14:51:09,858 - __main__ - INFO - 
============================================================
2025-11-13 14:51:09,858 - __main__ - INFO - Total samples: 1541
2025-11-13 14:51:09,858 - __main__ - INFO - LSL pushed: 1541
2025-11-13 14:51:09,858 - __main__ - INFO - LSL rate: 127.46 Hz (99.6% of nominal)
2025-11-13 14:51:09,858 - __main__ - INFO - Saved: 1000
2025-11-13 14:51:09,858 - __main__ - INFO - Buffer: 541
2025-11-13 14:51:09,858 - __main__ - INFO - ============================================================
2025-11-13 14:51:10,860 - __main__ - INFO - 
============================================================
2025-11-13 14:51:10,860 - __main__ - INFO - Total samples: 1669
2025-11-13 14:51:10,860 - __main__ - INFO - LSL pushed: 1669
2025-11-13 14:51:10,860 - __main__ - INFO - LSL rate: 127.49 Hz (99.6% of nominal)
2025-11-13 14:51:10,860 - __main__ - INFO - Saved: 1000
2025-11-13 14:51:10,860 - __main__ - INFO - Buffer: 669
2025-11-13 14:51:10,860 - __main__ - INFO - ============================================================
2025-11-13 14:51:11,860 - __main__ - INFO - 
============================================================
2025-11-13 14:51:11,860 - __main__ - INFO - Total samples: 1797
2025-11-13 14:51:11,860 - __main__ - INFO - LSL pushed: 1797
2025-11-13 14:51:11,860 - __main__ - INFO - LSL rate: 127.52 Hz (99.6% of nominal)
2025-11-13 14:51:11,860 - __main__ - INFO - Saved: 1000
2025-11-13 14:51:11,860 - __main__ - INFO - Buffer: 797
2025-11-13 14:51:11,860 - __main__ - INFO - ============================================================
2025-11-13 14:51:12,861 - __main__ - INFO - 
============================================================
2025-11-13 14:51:12,861 - __main__ - INFO - Total samples: 1925
2025-11-13 14:51:12,861 - __main__ - INFO - LSL pushed: 1925
2025-11-13 14:51:12,861 - __main__ - INFO - LSL rate: 127.54 Hz (99.6% of nominal)
2025-11-13 14:51:12,861 - __main__ - INFO - Saved: 1000
2025-11-13 14:51:12,861 - __main__ - INFO - Buffer: 925
2025-11-13 14:51:12,861 - __main__ - INFO - ============================================================
2025-11-13 14:51:13,862 - __main__ - INFO - 
============================================================
2025-11-13 14:51:13,862 - __main__ - INFO - Total samples: 2053
2025-11-13 14:51:13,862 - __main__ - INFO - LSL pushed: 2053
2025-11-13 14:51:13,862 - __main__ - INFO - LSL rate: 127.56 Hz (99.7% of nominal)
2025-11-13 14:51:13,862 - __main__ - INFO - Saved: 2000
2025-11-13 14:51:13,862 - __main__ - INFO - Buffer: 53
2025-11-13 14:51:13,862 - __main__ - INFO - ============================================================
2025-11-13 14:51:14,864 - __main__ - INFO - 
============================================================
2025-11-13 14:51:14,864 - __main__ - INFO - Total samples: 2181
2025-11-13 14:51:14,864 - __main__ - INFO - LSL pushed: 2181
2025-11-13 14:51:14,864 - __main__ - INFO - LSL rate: 127.57 Hz (99.7% of nominal)
2025-11-13 14:51:14,864 - __main__ - INFO - Saved: 2000
2025-11-13 14:51:14,864 - __main__ - INFO - Buffer: 181
2025-11-13 14:51:14,864 - __main__ - INFO - ============================================================
2025-11-13 14:51:15,865 - __main__ - INFO - 
============================================================
2025-11-13 14:51:15,865 - __main__ - INFO - Total samples: 2309
2025-11-13 14:51:15,865 - __main__ - INFO - LSL pushed: 2309
2025-11-13 14:51:15,865 - __main__ - INFO - LSL rate: 127.59 Hz (99.7% of nominal)
2025-11-13 14:51:15,865 - __main__ - INFO - Saved: 2000
2025-11-13 14:51:15,865 - __main__ - INFO - Buffer: 309
2025-11-13 14:51:15,865 - __main__ - INFO - ============================================================
2025-11-13 14:51:16,866 - __main__ - INFO - 
============================================================
2025-11-13 14:51:16,866 - __main__ - INFO - Total samples: 2437
2025-11-13 14:51:16,866 - __main__ - INFO - LSL pushed: 2437
2025-11-13 14:51:16,866 - __main__ - INFO - LSL rate: 127.61 Hz (99.7% of nominal)
2025-11-13 14:51:16,866 - __main__ - INFO - Saved: 2000
2025-11-13 14:51:16,867 - __main__ - INFO - Buffer: 437
2025-11-13 14:51:16,867 - __main__ - INFO - ============================================================
2025-11-13 14:51:17,867 - __main__ - INFO - 
============================================================
2025-11-13 14:51:17,867 - __main__ - INFO - Total samples: 2565
2025-11-13 14:51:17,867 - __main__ - INFO - LSL pushed: 2565
2025-11-13 14:51:17,867 - __main__ - INFO - LSL rate: 127.62 Hz (99.7% of nominal)
2025-11-13 14:51:17,867 - __main__ - INFO - Saved: 2000
2025-11-13 14:51:17,867 - __main__ - INFO - Buffer: 565
2025-11-13 14:51:17,867 - __main__ - INFO - ============================================================
2025-11-13 14:51:18,868 - __main__ - INFO - 
============================================================
2025-11-13 14:51:18,868 - __main__ - INFO - Total samples: 2693
2025-11-13 14:51:18,868 - __main__ - INFO - LSL pushed: 2693
2025-11-13 14:51:18,868 - __main__ - INFO - LSL rate: 127.63 Hz (99.7% of nominal)
2025-11-13 14:51:18,868 - __main__ - INFO - Saved: 2000
2025-11-13 14:51:18,868 - __main__ - INFO - Buffer: 693
2025-11-13 14:51:18,868 - __main__ - INFO - ============================================================
2025-11-13 14:51:19,869 - __main__ - INFO - 
============================================================
2025-11-13 14:51:19,869 - __main__ - INFO - Total samples: 2821
2025-11-13 14:51:19,869 - __main__ - INFO - LSL pushed: 2821
2025-11-13 14:51:19,869 - __main__ - INFO - LSL rate: 127.64 Hz (99.7% of nominal)
2025-11-13 14:51:19,869 - __main__ - INFO - Saved: 2000
2025-11-13 14:51:19,869 - __main__ - INFO - Buffer: 821
2025-11-13 14:51:19,869 - __main__ - INFO - ============================================================
2025-11-13 14:51:20,869 - __main__ - INFO - 
============================================================
2025-11-13 14:51:20,869 - __main__ - INFO - Total samples: 2951
2025-11-13 14:51:20,869 - __main__ - INFO - LSL pushed: 2951
2025-11-13 14:51:20,869 - __main__ - INFO - LSL rate: 127.74 Hz (99.8% of nominal)
2025-11-13 14:51:20,869 - __main__ - INFO - Saved: 2000
2025-11-13 14:51:20,869 - __main__ - INFO - Buffer: 951
2025-11-13 14:51:20,869 - __main__ - INFO - ============================================================
2025-11-13 14:51:21,871 - __main__ - INFO - 
============================================================
2025-11-13 14:51:21,871 - __main__ - INFO - Total samples: 3079
2025-11-13 14:51:21,871 - __main__ - INFO - LSL pushed: 3079
2025-11-13 14:51:21,871 - __main__ - INFO - LSL rate: 127.75 Hz (99.8% of nominal)
2025-11-13 14:51:21,871 - __main__ - INFO - Saved: 3000
2025-11-13 14:51:21,871 - __main__ - INFO - Buffer: 79
2025-11-13 14:51:21,871 - __main__ - INFO - ============================================================
2025-11-13 14:51:22,871 - __main__ - INFO - 
============================================================
2025-11-13 14:51:22,871 - __main__ - INFO - Total samples: 3207
2025-11-13 14:51:22,871 - __main__ - INFO - LSL pushed: 3207
2025-11-13 14:51:22,871 - __main__ - INFO - LSL rate: 127.75 Hz (99.8% of nominal)
2025-11-13 14:51:22,871 - __main__ - INFO - Saved: 3000
2025-11-13 14:51:22,871 - __main__ - INFO - Buffer: 207
2025-11-13 14:51:22,871 - __main__ - INFO - ============================================================
2025-11-13 14:51:23,873 - __main__ - INFO - 
============================================================
2025-11-13 14:51:23,873 - __main__ - INFO - Total samples: 3335
2025-11-13 14:51:23,873 - __main__ - INFO - LSL pushed: 3335
2025-11-13 14:51:23,874 - __main__ - INFO - LSL rate: 127.76 Hz (99.8% of nominal)
2025-11-13 14:51:23,874 - __main__ - INFO - Saved: 3000
2025-11-13 14:51:23,874 - __main__ - INFO - Buffer: 335
2025-11-13 14:51:23,874 - __main__ - INFO - ============================================================
2025-11-13 14:51:24,873 - __main__ - INFO - 
============================================================
2025-11-13 14:51:24,873 - __main__ - INFO - Total samples: 3463
2025-11-13 14:51:24,873 - __main__ - INFO - LSL pushed: 3463
2025-11-13 14:51:24,873 - __main__ - INFO - LSL rate: 127.76 Hz (99.8% of nominal)
2025-11-13 14:51:24,873 - __main__ - INFO - Saved: 3000
2025-11-13 14:51:24,873 - __main__ - INFO - Buffer: 463
2025-11-13 14:51:24,873 - __main__ - INFO - ============================================================
2025-11-13 14:51:25,874 - __main__ - INFO - 
============================================================
2025-11-13 14:51:25,874 - __main__ - INFO - Total samples: 3591
2025-11-13 14:51:25,874 - __main__ - INFO - LSL pushed: 3591
2025-11-13 14:51:25,874 - __main__ - INFO - LSL rate: 127.77 Hz (99.8% of nominal)
2025-11-13 14:51:25,874 - __main__ - INFO - Saved: 3000
2025-11-13 14:51:25,874 - __main__ - INFO - Buffer: 591
2025-11-13 14:51:25,874 - __main__ - INFO - ============================================================
2025-11-13 14:51:26,633 - __main__ - INFO - 
Received interrupt signal. Shutting down...
2025-11-13 14:51:26,633 - __main__ - INFO - 
Stopping components...
2025-11-13 14:51:26,659 - shimmer_device - INFO - Stopped data streaming
2025-11-13 14:51:26,659 - shimmer_device - INFO - Shimmer device shutdown
2025-11-13 14:51:26,661 - shimmer_device - INFO - Disconnected from Shimmer device
2025-11-13 14:51:26,661 - __main__ - INFO - Device disconnected
2025-11-13 14:51:26,663 - data_saver - INFO - Stopped saving. Total samples saved: 3688
2025-11-13 14:51:26,663 - __main__ - INFO - Data saving stopped
2025-11-13 14:51:26,664 - __main__ - INFO - Final LSL statistics: {'samples_pushed': 3688, 'elapsed_time': 28.89621925354004, 'effective_rate': 127.6291534072641, 'nominal_rate': 128.0, 'rate_accuracy': 99.71027609942507}
2025-11-13 14:51:26,664 - lsl_manager - INFO - Destroying LSL outlet. Statistics: {'samples_pushed': 3688, 'elapsed_time': 28.89621925354004, 'effective_rate': 127.6291534072641, 'nominal_rate': 128.0, 'rate_accuracy': 99.71027609942507}
2025-11-13 14:51:26,690 - __main__ - INFO - LSL outlet destroyed
2025-11-13 14:51:26,690 - __main__ - INFO - 
============================================================
2025-11-13 14:51:26,690 - __main__ - INFO - Session ended. Total samples processed: 3688
2025-11-13 14:51:26,690 - __main__ - INFO - ============================================================
2025-11-13 14:51:26,690 - __main__ - INFO - 
Stopping components...
2025-11-13 14:51:26,690 - shimmer_device - ERROR - Error during disconnect: byref() argument must be a ctypes instance, not 'NoneType'
2025-11-13 14:51:26,690 - __main__ - INFO - Device disconnected
2025-11-13 14:51:26,691 - data_saver - INFO - Stopped saving. Total samples saved: 3688
2025-11-13 14:51:26,691 - __main__ - INFO - Data saving stopped
2025-11-13 14:51:26,691 - __main__ - INFO - Final LSL statistics: {}
2025-11-13 14:51:26,691 - __main__ - INFO - LSL outlet destroyed
2025-11-13 14:51:26,691 - __main__ - INFO - 
============================================================
2025-11-13 14:51:26,691 - __main__ - INFO - Session ended. Total samples processed: 3688
2025-11-13 14:51:26,691 - __main__ - INFO - ============================================================
2025-11-13 14:51:26,691 - shimmer_device - ERROR - Error during disconnect: byref() argument must be a ctypes instance, not 'NoneType'
