2025-11-13 14:39:04,254 - __main__ - INFO - ============================================================
2025-11-13 14:39:04,254 - __main__ - INFO - Shimmer GSR+ LSL Integration
2025-11-13 14:39:04,254 - __main__ - INFO - ============================================================
2025-11-13 14:39:04,254 - __main__ - INFO - 
[1/4] Initializing Shimmer GSR+ device...
2025-11-13 14:39:04,254 - shimmer_device - INFO - Attempting to connect to Shimmer on COM6...
2025-11-13 14:39:07,541 - shimmer_device - INFO - Initializing Shimmer device...
2025-11-13 14:39:07,612 - shimmer_device - INFO - Successfully connected and initialized Shimmer on COM6
2025-11-13 14:39:07,612 - shimmer_device - INFO - Channel names: ['GSR_Skin_Conductance', 'GSR_Skin_Resistance', 'PPG_A13', 'Accel_LN_X', 'Accel_LN_Y', 'Accel_LN_Z']
2025-11-13 14:39:07,621 - __main__ - INFO - Device info: {'sampling_rate': 128.0, 'enabled_sensors': ['gsr', 'ppg', 'accelerometer'], 'channel_names': ['GSR_Skin_Conductance', 'GSR_Skin_Resistance', 'PPG_A13', 'Accel_LN_X', 'Accel_LN_Y', 'Accel_LN_Z'], 'com_port': 'COM6'}
2025-11-13 14:39:07,621 - __main__ - INFO - Channels: ['GSR_Skin_Conductance', 'GSR_Skin_Resistance', 'PPG_A13', 'Accel_LN_X', 'Accel_LN_Y', 'Accel_LN_Z']
2025-11-13 14:39:07,621 - __main__ - INFO - Sampling rate: 128.0 Hz
2025-11-13 14:39:07,621 - __main__ - INFO - 
[2/4] Initializing LSL stream...
2025-11-13 14:39:07,621 - lsl_manager - INFO - Creating LSL stream: ShimmerGSR
2025-11-13 14:39:07,622 - lsl_manager - INFO - Channels: 6, Sampling rate: 128.0 Hz
2025-11-13 14:39:07,635 - lsl_manager - INFO - Added metadata to LSL stream
2025-11-13 14:39:07,644 - lsl_manager - INFO - LSL outlet created successfully: ShimmerGSR
2025-11-13 14:39:07,644 - __main__ - INFO - 
[3/4] Initializing data saver...
2025-11-13 14:39:07,645 - data_saver - INFO - Created CSV file: ./data\shimmer_gsr_20251113_143907.csv
2025-11-13 14:39:07,646 - data_saver - INFO - Saved metadata to: ./data\shimmer_gsr_20251113_143907_metadata.json
2025-11-13 14:39:07,646 - data_saver - INFO - Started saving data to: ./data\shimmer_gsr_20251113_143907.csv
2025-11-13 14:39:07,646 - __main__ - INFO - 
[4/4] Starting data streaming...
2025-11-13 14:39:07,646 - shimmer_device - INFO - Starting data streaming...
2025-11-13 14:39:07,707 - shimmer_device - INFO - Data streaming started successfully
2025-11-13 14:39:07,707 - __main__ - INFO - 
============================================================
2025-11-13 14:39:07,707 - __main__ - INFO - Initialization complete! Ready to stream data.
2025-11-13 14:39:07,707 - __main__ - INFO - ============================================================

2025-11-13 14:39:07,707 - __main__ - INFO - Starting data acquisition loop...
2025-11-13 14:39:07,707 - __main__ - INFO - Press Ctrl+C to stop

2025-11-13 14:39:08,708 - __main__ - INFO - 
============================================================
2025-11-13 14:39:08,708 - __main__ - INFO - Total samples: 130
2025-11-13 14:39:08,708 - __main__ - INFO - LSL pushed: 130
2025-11-13 14:39:08,708 - __main__ - INFO - LSL rate: 122.18 Hz (95.5% of nominal)
2025-11-13 14:39:08,708 - __main__ - INFO - Saved: 0
2025-11-13 14:39:08,708 - __main__ - INFO - Buffer: 130
2025-11-13 14:39:08,708 - __main__ - INFO - ============================================================
2025-11-13 14:39:09,710 - __main__ - INFO - 
============================================================
2025-11-13 14:39:09,710 - __main__ - INFO - Total samples: 256
2025-11-13 14:39:09,710 - __main__ - INFO - LSL pushed: 256
2025-11-13 14:39:09,710 - __main__ - INFO - LSL rate: 123.96 Hz (96.8% of nominal)
2025-11-13 14:39:09,710 - __main__ - INFO - Saved: 0
2025-11-13 14:39:09,710 - __main__ - INFO - Buffer: 256
2025-11-13 14:39:09,710 - __main__ - INFO - ============================================================
2025-11-13 14:39:10,710 - __main__ - INFO - 
============================================================
2025-11-13 14:39:10,710 - __main__ - INFO - Total samples: 386
2025-11-13 14:39:10,710 - __main__ - INFO - LSL pushed: 386
2025-11-13 14:39:10,710 - __main__ - INFO - LSL rate: 125.91 Hz (98.4% of nominal)
2025-11-13 14:39:10,710 - __main__ - INFO - Saved: 0
2025-11-13 14:39:10,710 - __main__ - INFO - Buffer: 386
2025-11-13 14:39:10,710 - __main__ - INFO - ============================================================
2025-11-13 14:39:11,711 - __main__ - INFO - 
============================================================
2025-11-13 14:39:11,711 - __main__ - INFO - Total samples: 514
2025-11-13 14:39:11,711 - __main__ - INFO - LSL pushed: 514
2025-11-13 14:39:11,711 - __main__ - INFO - LSL rate: 126.41 Hz (98.8% of nominal)
2025-11-13 14:39:11,711 - __main__ - INFO - Saved: 0
2025-11-13 14:39:11,711 - __main__ - INFO - Buffer: 514
2025-11-13 14:39:11,711 - __main__ - INFO - ============================================================
2025-11-13 14:39:12,711 - __main__ - INFO - 
============================================================
2025-11-13 14:39:12,711 - __main__ - INFO - Total samples: 638
2025-11-13 14:39:12,711 - __main__ - INFO - LSL pushed: 638
2025-11-13 14:39:12,711 - __main__ - INFO - LSL rate: 125.92 Hz (98.4% of nominal)
2025-11-13 14:39:12,711 - __main__ - INFO - Saved: 0
2025-11-13 14:39:12,711 - __main__ - INFO - Buffer: 638
2025-11-13 14:39:12,711 - __main__ - INFO - ============================================================
2025-11-13 14:39:13,711 - __main__ - INFO - 
============================================================
2025-11-13 14:39:13,711 - __main__ - INFO - Total samples: 770
2025-11-13 14:39:13,711 - __main__ - INFO - LSL pushed: 770
2025-11-13 14:39:13,711 - __main__ - INFO - LSL rate: 126.92 Hz (99.2% of nominal)
2025-11-13 14:39:13,711 - __main__ - INFO - Saved: 0
2025-11-13 14:39:13,711 - __main__ - INFO - Buffer: 770
2025-11-13 14:39:13,711 - __main__ - INFO - ============================================================
2025-11-13 14:39:13,861 - __main__ - INFO - 
Received interrupt signal. Shutting down...
2025-11-13 14:39:13,861 - __main__ - INFO - 
Stopping components...
2025-11-13 14:39:13,888 - shimmer_device - INFO - Stopped data streaming
2025-11-13 14:39:13,888 - shimmer_device - INFO - Shimmer device shutdown
2025-11-13 14:39:13,889 - shimmer_device - INFO - Disconnected from Shimmer device
2025-11-13 14:39:13,889 - __main__ - INFO - Device disconnected
2025-11-13 14:39:13,893 - data_saver - INFO - Stopped saving. Total samples saved: 789
2025-11-13 14:39:13,893 - __main__ - INFO - Data saving stopped
2025-11-13 14:39:13,893 - __main__ - INFO - Final LSL statistics: {'samples_pushed': 789, 'elapsed_time': 6.248633146286011, 'effective_rate': 126.26761429720939, 'nominal_rate': 128.0, 'rate_accuracy': 98.64657366969483}
2025-11-13 14:39:13,893 - lsl_manager - INFO - Destroying LSL outlet. Statistics: {'samples_pushed': 789, 'elapsed_time': 6.248633146286011, 'effective_rate': 126.26761429720939, 'nominal_rate': 128.0, 'rate_accuracy': 98.64657366969483}
2025-11-13 14:39:13,919 - __main__ - INFO - LSL outlet destroyed
2025-11-13 14:39:13,919 - __main__ - INFO - 
============================================================
2025-11-13 14:39:13,919 - __main__ - INFO - Session ended. Total samples processed: 789
2025-11-13 14:39:13,919 - __main__ - INFO - ============================================================
2025-11-13 14:39:13,919 - __main__ - INFO - 
Stopping components...
2025-11-13 14:39:13,919 - shimmer_device - ERROR - Error during disconnect: byref() argument must be a ctypes instance, not 'NoneType'
2025-11-13 14:39:13,919 - __main__ - INFO - Device disconnected
2025-11-13 14:39:13,920 - data_saver - INFO - Stopped saving. Total samples saved: 789
2025-11-13 14:39:13,920 - __main__ - INFO - Data saving stopped
2025-11-13 14:39:13,920 - __main__ - INFO - Final LSL statistics: {}
2025-11-13 14:39:13,922 - __main__ - INFO - LSL outlet destroyed
2025-11-13 14:39:13,922 - __main__ - INFO - 
============================================================
2025-11-13 14:39:13,922 - __main__ - INFO - Session ended. Total samples processed: 789
2025-11-13 14:39:13,922 - __main__ - INFO - ============================================================
2025-11-13 14:39:13,922 - shimmer_device - ERROR - Error during disconnect: byref() argument must be a ctypes instance, not 'NoneType'
