2025-11-13 15:46:25,997 - __main__ - INFO - ============================================================
2025-11-13 15:46:25,997 - __main__ - INFO - Shimmer GSR+ LSL Integration
2025-11-13 15:46:25,997 - __main__ - INFO - ============================================================
2025-11-13 15:46:25,997 - __main__ - INFO - 
[1/4] Initializing Shimmer GSR+ device...
2025-11-13 15:46:25,997 - shimmer_device - INFO - Attempting to connect to Shimmer on COM6...
2025-11-13 15:46:26,970 - shimmer_device - INFO - Initializing Shimmer device...
2025-11-13 15:46:27,021 - shimmer_device - INFO - Successfully connected and initialized Shimmer on COM6
2025-11-13 15:46:27,021 - shimmer_device - INFO - Channel names: ['GSR_Skin_Conductance', 'GSR_Skin_Resistance', 'PPG_A13', 'Accel_LN_X', 'Accel_LN_Y', 'Accel_LN_Z', 'Accel_WR_X', 'Accel_WR_Y', 'Accel_WR_Z', 'Gyro_X', 'Gyro_Y', 'Gyro_Z', 'Mag_X', 'Mag_Y', 'Mag_Z', 'Temperature_BMP280', 'Pressure_BMP280', 'Ext_Exp_A7', 'VSenseBatt', 'PPGtoHR']
2025-11-13 15:46:27,022 - __main__ - INFO - Device info: {'sampling_rate': 128.0, 'enabled_sensors': ['gsr', 'ppg', 'accelerometer_ln', 'accelerometer_wr', 'gyroscope', 'magnetometer', 'temperature', 'pressure', 'external_adc', 'battery', 'heart_rate'], 'channel_names': ['GSR_Skin_Conductance', 'GSR_Skin_Resistance', 'PPG_A13', 'Accel_LN_X', 'Accel_LN_Y', 'Accel_LN_Z', 'Accel_WR_X', 'Accel_WR_Y', 'Accel_WR_Z', 'Gyro_X', 'Gyro_Y', 'Gyro_Z', 'Mag_X', 'Mag_Y', 'Mag_Z', 'Temperature_BMP280', 'Pressure_BMP280', 'Ext_Exp_A7', 'VSenseBatt', 'PPGtoHR'], 'com_port': 'COM6'}
2025-11-13 15:46:27,022 - __main__ - INFO - Channels: ['GSR_Skin_Conductance', 'GSR_Skin_Resistance', 'PPG_A13', 'Accel_LN_X', 'Accel_LN_Y', 'Accel_LN_Z', 'Accel_WR_X', 'Accel_WR_Y', 'Accel_WR_Z', 'Gyro_X', 'Gyro_Y', 'Gyro_Z', 'Mag_X', 'Mag_Y', 'Mag_Z', 'Temperature_BMP280', 'Pressure_BMP280', 'Ext_Exp_A7', 'VSenseBatt', 'PPGtoHR']
2025-11-13 15:46:27,022 - __main__ - INFO - Sampling rate: 128.0 Hz
2025-11-13 15:46:27,022 - __main__ - INFO - 
[2/4] Initializing LSL stream...
2025-11-13 15:46:27,022 - lsl_manager - INFO - Creating LSL stream: ShimmerGSR
2025-11-13 15:46:27,022 - lsl_manager - INFO - Channels: 20, Sampling rate: 128.0 Hz
2025-11-13 15:46:27,036 - lsl_manager - INFO - Added metadata to LSL stream
2025-11-13 15:46:27,045 - lsl_manager - INFO - LSL outlet created successfully: ShimmerGSR
2025-11-13 15:46:27,046 - __main__ - INFO - 
[3/4] Initializing data saver...
2025-11-13 15:46:27,047 - data_saver - INFO - Created CSV file: ./data\shimmer_gsr_20251113_154627.csv
2025-11-13 15:46:27,047 - data_saver - INFO - Saved metadata to: ./data\shimmer_gsr_20251113_154627_metadata.json
2025-11-13 15:46:27,049 - data_saver - INFO - Started saving data to: ./data\shimmer_gsr_20251113_154627.csv
2025-11-13 15:46:27,049 - __main__ - INFO - 
[4/4] Starting data streaming...
2025-11-13 15:46:27,049 - shimmer_device - INFO - Starting data streaming...
2025-11-13 15:46:27,097 - shimmer_device - INFO - Data streaming started successfully
2025-11-13 15:46:27,098 - __main__ - INFO - 
============================================================
2025-11-13 15:46:27,098 - __main__ - INFO - Initialization complete! Ready to stream data.
2025-11-13 15:46:27,098 - __main__ - INFO - ============================================================

2025-11-13 15:46:27,098 - __main__ - INFO - Starting data acquisition loop...
2025-11-13 15:46:27,099 - __main__ - INFO - Press Ctrl+C to stop

2025-11-13 15:46:28,100 - __main__ - INFO - 
============================================================
2025-11-13 15:46:28,100 - __main__ - INFO - Total samples: 0
2025-11-13 15:46:28,100 - __main__ - INFO - LSL pushed: 0
2025-11-13 15:46:28,100 - __main__ - INFO - LSL rate: 0.00 Hz (0.0% of nominal)
2025-11-13 15:46:28,100 - __main__ - INFO - Saved: 0
2025-11-13 15:46:28,100 - __main__ - INFO - Buffer: 0
2025-11-13 15:46:28,100 - __main__ - INFO - ============================================================
2025-11-13 15:46:29,106 - __main__ - INFO - 
============================================================
2025-11-13 15:46:29,107 - __main__ - INFO - Total samples: 115
2025-11-13 15:46:29,120 - __main__ - INFO - LSL pushed: 115
2025-11-13 15:46:29,120 - __main__ - INFO - LSL rate: 55.81 Hz (43.6% of nominal)
2025-11-13 15:46:29,120 - __main__ - INFO - Saved: 0
2025-11-13 15:46:29,120 - __main__ - INFO - Buffer: 115
2025-11-13 15:46:29,120 - __main__ - INFO - ============================================================
2025-11-13 15:46:30,106 - __main__ - INFO - 
============================================================
2025-11-13 15:46:30,106 - __main__ - INFO - Total samples: 246
2025-11-13 15:46:30,106 - __main__ - INFO - LSL pushed: 246
2025-11-13 15:46:30,106 - __main__ - INFO - LSL rate: 80.36 Hz (62.8% of nominal)
2025-11-13 15:46:30,107 - __main__ - INFO - Saved: 0
2025-11-13 15:46:30,107 - __main__ - INFO - Buffer: 246
2025-11-13 15:46:30,108 - __main__ - INFO - ============================================================
2025-11-13 15:46:31,106 - __main__ - INFO - 
============================================================
2025-11-13 15:46:31,107 - __main__ - INFO - Total samples: 373
2025-11-13 15:46:31,107 - __main__ - INFO - LSL pushed: 373
2025-11-13 15:46:31,107 - __main__ - INFO - LSL rate: 91.84 Hz (71.7% of nominal)
2025-11-13 15:46:31,107 - __main__ - INFO - Saved: 0
2025-11-13 15:46:31,108 - __main__ - INFO - Buffer: 373
2025-11-13 15:46:31,108 - __main__ - INFO - ============================================================
2025-11-13 15:46:32,107 - __main__ - INFO - 
============================================================
2025-11-13 15:46:32,107 - __main__ - INFO - Total samples: 502
2025-11-13 15:46:32,107 - __main__ - INFO - LSL pushed: 502
2025-11-13 15:46:32,107 - __main__ - INFO - LSL rate: 99.17 Hz (77.5% of nominal)
2025-11-13 15:46:32,108 - __main__ - INFO - Saved: 0
2025-11-13 15:46:32,108 - __main__ - INFO - Buffer: 502
2025-11-13 15:46:32,108 - __main__ - INFO - ============================================================
2025-11-13 15:46:33,107 - __main__ - INFO - 
============================================================
2025-11-13 15:46:33,108 - __main__ - INFO - Total samples: 631
2025-11-13 15:46:33,108 - __main__ - INFO - LSL pushed: 631
2025-11-13 15:46:33,108 - __main__ - INFO - LSL rate: 104.09 Hz (81.3% of nominal)
2025-11-13 15:46:33,110 - __main__ - INFO - Saved: 0
2025-11-13 15:46:33,110 - __main__ - INFO - Buffer: 631
2025-11-13 15:46:33,110 - __main__ - INFO - ============================================================
2025-11-13 15:46:34,108 - __main__ - INFO - 
============================================================
2025-11-13 15:46:34,108 - __main__ - INFO - Total samples: 758
2025-11-13 15:46:34,108 - __main__ - INFO - LSL pushed: 758
2025-11-13 15:46:34,108 - __main__ - INFO - LSL rate: 107.33 Hz (83.9% of nominal)
2025-11-13 15:46:34,109 - __main__ - INFO - Saved: 0
2025-11-13 15:46:34,109 - __main__ - INFO - Buffer: 758
2025-11-13 15:46:34,109 - __main__ - INFO - ============================================================
2025-11-13 15:46:35,109 - __main__ - INFO - 
============================================================
2025-11-13 15:46:35,109 - __main__ - INFO - Total samples: 886
2025-11-13 15:46:35,110 - __main__ - INFO - LSL pushed: 886
2025-11-13 15:46:35,110 - __main__ - INFO - LSL rate: 109.87 Hz (85.8% of nominal)
2025-11-13 15:46:35,110 - __main__ - INFO - Saved: 0
2025-11-13 15:46:35,110 - __main__ - INFO - Buffer: 886
2025-11-13 15:46:35,110 - __main__ - INFO - ============================================================
2025-11-13 15:46:36,109 - __main__ - INFO - 
============================================================
2025-11-13 15:46:36,109 - __main__ - INFO - Total samples: 1014
2025-11-13 15:46:36,109 - __main__ - INFO - LSL pushed: 1014
2025-11-13 15:46:36,109 - __main__ - INFO - LSL rate: 111.87 Hz (87.4% of nominal)
2025-11-13 15:46:36,111 - __main__ - INFO - Saved: 1000
2025-11-13 15:46:36,111 - __main__ - INFO - Buffer: 14
2025-11-13 15:46:36,111 - __main__ - INFO - ============================================================
2025-11-13 15:46:37,098 - __main__ - INFO - Reached duration limit of 10.0 seconds
2025-11-13 15:46:37,098 - __main__ - INFO - 
Stopping components...
2025-11-13 15:46:37,131 - shimmer_device - INFO - Stopped data streaming
2025-11-13 15:46:37,132 - shimmer_device - INFO - Shimmer device shutdown
2025-11-13 15:46:37,132 - shimmer_device - INFO - Disconnected from Shimmer device
2025-11-13 15:46:37,132 - __main__ - INFO - Device disconnected
2025-11-13 15:46:37,135 - data_saver - INFO - Stopped saving. Total samples saved: 1142
2025-11-13 15:46:37,135 - __main__ - INFO - Data saving stopped
2025-11-13 15:46:37,135 - __main__ - INFO - Final LSL statistics: {'samples_pushed': 1142, 'elapsed_time': 10.089932441711426, 'effective_rate': 113.18212550948431, 'nominal_rate': 128.0, 'rate_accuracy': 88.42353555428461}
2025-11-13 15:46:37,135 - lsl_manager - INFO - Destroying LSL outlet. Statistics: {'samples_pushed': 1142, 'elapsed_time': 10.089932441711426, 'effective_rate': 113.18212550948431, 'nominal_rate': 128.0, 'rate_accuracy': 88.42353555428461}
2025-11-13 15:46:37,161 - __main__ - INFO - LSL outlet destroyed
2025-11-13 15:46:37,161 - __main__ - INFO - 
============================================================
2025-11-13 15:46:37,161 - __main__ - INFO - Session ended. Total samples processed: 1142
2025-11-13 15:46:37,161 - __main__ - INFO - ============================================================
2025-11-13 15:46:37,162 - shimmer_device - ERROR - Error during disconnect: byref() argument must be a ctypes instance, not 'NoneType'
