2025-11-13 15:08:51,035 - __main__ - INFO - ============================================================
2025-11-13 15:08:51,035 - __main__ - INFO - Shimmer GSR+ LSL Integration
2025-11-13 15:08:51,035 - __main__ - INFO - ============================================================
2025-11-13 15:08:51,035 - __main__ - INFO - 
[1/4] Initializing Shimmer GSR+ device...
2025-11-13 15:08:51,035 - shimmer_device - INFO - Attempting to connect to Shimmer on COM6...
2025-11-13 15:08:51,986 - shimmer_device - INFO - Initializing Shimmer device...
2025-11-13 15:08:52,051 - shimmer_device - INFO - Successfully connected and initialized Shimmer on COM6
2025-11-13 15:08:52,051 - shimmer_device - INFO - Channel names: ['GSR_Skin_Conductance', 'GSR_Skin_Resistance', 'PPG_A13', 'Accel_LN_X', 'Accel_LN_Y', 'Accel_LN_Z', 'Accel_WR_X', 'Accel_WR_Y', 'Accel_WR_Z', 'Gyro_X', 'Gyro_Y', 'Gyro_Z', 'Mag_X', 'Mag_Y', 'Mag_Z', 'Temperature_BMP280', 'Pressure_BMP280', 'Ext_Exp_A7', 'VSenseBatt']
2025-11-13 15:08:52,052 - __main__ - INFO - Device info: {'sampling_rate': 128.0, 'enabled_sensors': ['gsr', 'ppg', 'accelerometer_ln', 'accelerometer_wr', 'gyroscope', 'magnetometer', 'temperature', 'pressure', 'external_adc', 'battery'], 'channel_names': ['GSR_Skin_Conductance', 'GSR_Skin_Resistance', 'PPG_A13', 'Accel_LN_X', 'Accel_LN_Y', 'Accel_LN_Z', 'Accel_WR_X', 'Accel_WR_Y', 'Accel_WR_Z', 'Gyro_X', 'Gyro_Y', 'Gyro_Z', 'Mag_X', 'Mag_Y', 'Mag_Z', 'Temperature_BMP280', 'Pressure_BMP280', 'Ext_Exp_A7', 'VSenseBatt'], 'com_port': 'COM6'}
2025-11-13 15:08:52,052 - __main__ - INFO - Channels: ['GSR_Skin_Conductance', 'GSR_Skin_Resistance', 'PPG_A13', 'Accel_LN_X', 'Accel_LN_Y', 'Accel_LN_Z', 'Accel_WR_X', 'Accel_WR_Y', 'Accel_WR_Z', 'Gyro_X', 'Gyro_Y', 'Gyro_Z', 'Mag_X', 'Mag_Y', 'Mag_Z', 'Temperature_BMP280', 'Pressure_BMP280', 'Ext_Exp_A7', 'VSenseBatt']
2025-11-13 15:08:52,052 - __main__ - INFO - Sampling rate: 128.0 Hz
2025-11-13 15:08:52,052 - __main__ - INFO - 
[2/4] Initializing LSL stream...
2025-11-13 15:08:52,052 - lsl_manager - INFO - Creating LSL stream: ShimmerGSR
2025-11-13 15:08:52,052 - lsl_manager - INFO - Channels: 19, Sampling rate: 128.0 Hz
2025-11-13 15:08:52,064 - lsl_manager - INFO - Added metadata to LSL stream
2025-11-13 15:08:52,075 - lsl_manager - INFO - LSL outlet created successfully: ShimmerGSR
2025-11-13 15:08:52,075 - __main__ - INFO - 
[3/4] Initializing data saver...
2025-11-13 15:08:52,076 - data_saver - INFO - Created CSV file: ./data\shimmer_gsr_20251113_150852.csv
2025-11-13 15:08:52,077 - data_saver - INFO - Saved metadata to: ./data\shimmer_gsr_20251113_150852_metadata.json
2025-11-13 15:08:52,077 - data_saver - INFO - Started saving data to: ./data\shimmer_gsr_20251113_150852.csv
2025-11-13 15:08:52,077 - __main__ - INFO - 
[4/4] Starting data streaming...
2025-11-13 15:08:52,077 - shimmer_device - INFO - Starting data streaming...
2025-11-13 15:08:52,125 - shimmer_device - INFO - Data streaming started successfully
2025-11-13 15:08:52,126 - __main__ - INFO - 
============================================================
2025-11-13 15:08:52,126 - __main__ - INFO - Initialization complete! Ready to stream data.
2025-11-13 15:08:52,126 - __main__ - INFO - ============================================================

2025-11-13 15:08:52,126 - __main__ - INFO - Starting data acquisition loop...
2025-11-13 15:08:52,126 - __main__ - INFO - Press Ctrl+C to stop

2025-11-13 15:08:53,126 - __main__ - INFO - 
============================================================
2025-11-13 15:08:53,126 - __main__ - INFO - Total samples: 0
2025-11-13 15:08:53,126 - __main__ - INFO - LSL pushed: 0
2025-11-13 15:08:53,126 - __main__ - INFO - LSL rate: 0.00 Hz (0.0% of nominal)
2025-11-13 15:08:53,126 - __main__ - INFO - Saved: 0
2025-11-13 15:08:53,126 - __main__ - INFO - Buffer: 0
2025-11-13 15:08:53,126 - __main__ - INFO - ============================================================
2025-11-13 15:08:53,210 - lsl_manager - ERROR - Error pushing sample: length of the sample (16) must correspond to the stream's channel count (19).
2025-11-13 15:08:53,223 - lsl_manager - ERROR - Error pushing sample: length of the sample (16) must correspond to the stream's channel count (19).
2025-11-13 15:08:53,225 - lsl_manager - ERROR - Error pushing sample: length of the sample (16) must correspond to the stream's channel count (19).
2025-11-13 15:08:53,238 - lsl_manager - ERROR - Error pushing sample: length of the sample (16) must correspond to the stream's channel count (19).
2025-11-13 15:08:53,240 - lsl_manager - ERROR - Error pushing sample: length of the sample (16) must correspond to the stream's channel count (19).
2025-11-13 15:08:53,270 - lsl_manager - ERROR - Error pushing sample: length of the sample (16) must correspond to the stream's channel count (19).
2025-11-13 15:08:53,271 - lsl_manager - ERROR - Error pushing sample: length of the sample (16) must correspond to the stream's channel count (19).
2025-11-13 15:08:53,272 - lsl_manager - ERROR - Error pushing sample: length of the sample (16) must correspond to the stream's channel count (19).
2025-11-13 15:08:53,278 - lsl_manager - ERROR - Error pushing sample: length of the sample (16) must correspond to the stream's channel count (19).
2025-11-13 15:08:53,280 - lsl_manager - ERROR - Error pushing sample: length of the sample (16) must correspond to the stream's channel count (19).
2025-11-13 15:08:53,296 - lsl_manager - ERROR - Error pushing sample: length of the sample (16) must correspond to the stream's channel count (19).
2025-11-13 15:08:53,297 - lsl_manager - ERROR - Error pushing sample: length of the sample (16) must correspond to the stream's channel count (19).
2025-11-13 15:08:53,311 - lsl_manager - ERROR - Error pushing sample: length of the sample (16) must correspond to the stream's channel count (19).
2025-11-13 15:08:53,312 - lsl_manager - ERROR - Error pushing sample: length of the sample (16) must correspond to the stream's channel count (19).
2025-11-13 15:08:53,324 - lsl_manager - ERROR - Error pushing sample: length of the sample (16) must correspond to the stream's channel count (19).
2025-11-13 15:08:53,325 - lsl_manager - ERROR - Error pushing sample: length of the sample (16) must correspond to the stream's channel count (19).
2025-11-13 15:08:53,332 - lsl_manager - ERROR - Error pushing sample: length of the sample (16) must correspond to the stream's channel count (19).
2025-11-13 15:08:53,356 - lsl_manager - ERROR - Error pushing sample: length of the sample (16) must correspond to the stream's channel count (19).
2025-11-13 15:08:53,358 - lsl_manager - ERROR - Error pushing sample: length of the sample (16) must correspond to the stream's channel count (19).
2025-11-13 15:08:53,362 - lsl_manager - ERROR - Error pushing sample: length of the sample (16) must correspond to the stream's channel count (19).
2025-11-13 15:08:53,363 - lsl_manager - ERROR - Error pushing sample: length of the sample (16) must correspond to the stream's channel count (19).
2025-11-13 15:08:53,390 - lsl_manager - ERROR - Error pushing sample: length of the sample (16) must correspond to the stream's channel count (19).
2025-11-13 15:08:53,392 - lsl_manager - ERROR - Error pushing sample: length of the sample (16) must correspond to the stream's channel count (19).
2025-11-13 15:08:53,394 - lsl_manager - ERROR - Error pushing sample: length of the sample (16) must correspond to the stream's channel count (19).
2025-11-13 15:08:53,419 - lsl_manager - ERROR - Error pushing sample: length of the sample (16) must correspond to the stream's channel count (19).
2025-11-13 15:08:53,420 - lsl_manager - ERROR - Error pushing sample: length of the sample (16) must correspond to the stream's channel count (19).
2025-11-13 15:08:53,421 - lsl_manager - ERROR - Error pushing sample: length of the sample (16) must correspond to the stream's channel count (19).
2025-11-13 15:08:53,422 - lsl_manager - ERROR - Error pushing sample: length of the sample (16) must correspond to the stream's channel count (19).
2025-11-13 15:08:53,436 - lsl_manager - ERROR - Error pushing sample: length of the sample (16) must correspond to the stream's channel count (19).
2025-11-13 15:08:53,438 - lsl_manager - ERROR - Error pushing sample: length of the sample (16) must correspond to the stream's channel count (19).
2025-11-13 15:08:53,463 - lsl_manager - ERROR - Error pushing sample: length of the sample (16) must correspond to the stream's channel count (19).
2025-11-13 15:08:53,465 - lsl_manager - ERROR - Error pushing sample: length of the sample (16) must correspond to the stream's channel count (19).
2025-11-13 15:08:53,466 - lsl_manager - ERROR - Error pushing sample: length of the sample (16) must correspond to the stream's channel count (19).
2025-11-13 15:08:53,476 - lsl_manager - ERROR - Error pushing sample: length of the sample (16) must correspond to the stream's channel count (19).
2025-11-13 15:08:53,477 - lsl_manager - ERROR - Error pushing sample: length of the sample (16) must correspond to the stream's channel count (19).
2025-11-13 15:08:53,492 - lsl_manager - ERROR - Error pushing sample: length of the sample (16) must correspond to the stream's channel count (19).
2025-11-13 15:08:53,495 - lsl_manager - ERROR - Error pushing sample: length of the sample (16) must correspond to the stream's channel count (19).
2025-11-13 15:08:53,503 - lsl_manager - ERROR - Error pushing sample: length of the sample (16) must correspond to the stream's channel count (19).
2025-11-13 15:08:53,505 - lsl_manager - ERROR - Error pushing sample: length of the sample (16) must correspond to the stream's channel count (19).
2025-11-13 15:08:53,513 - lsl_manager - ERROR - Error pushing sample: length of the sample (16) must correspond to the stream's channel count (19).
2025-11-13 15:08:53,527 - lsl_manager - ERROR - Error pushing sample: length of the sample (16) must correspond to the stream's channel count (19).
2025-11-13 15:08:53,528 - lsl_manager - ERROR - Error pushing sample: length of the sample (16) must correspond to the stream's channel count (19).
2025-11-13 15:08:53,543 - lsl_manager - ERROR - Error pushing sample: length of the sample (16) must correspond to the stream's channel count (19).
2025-11-13 15:08:53,544 - lsl_manager - ERROR - Error pushing sample: length of the sample (16) must correspond to the stream's channel count (19).
2025-11-13 15:08:53,557 - lsl_manager - ERROR - Error pushing sample: length of the sample (16) must correspond to the stream's channel count (19).
2025-11-13 15:08:53,558 - lsl_manager - ERROR - Error pushing sample: length of the sample (16) must correspond to the stream's channel count (19).
2025-11-13 15:08:53,595 - lsl_manager - ERROR - Error pushing sample: length of the sample (16) must correspond to the stream's channel count (19).
2025-11-13 15:08:53,596 - lsl_manager - ERROR - Error pushing sample: length of the sample (16) must correspond to the stream's channel count (19).
2025-11-13 15:08:53,597 - lsl_manager - ERROR - Error pushing sample: length of the sample (16) must correspond to the stream's channel count (19).
2025-11-13 15:08:53,622 - lsl_manager - ERROR - Error pushing sample: length of the sample (16) must correspond to the stream's channel count (19).
2025-11-13 15:08:53,623 - lsl_manager - ERROR - Error pushing sample: length of the sample (16) must correspond to the stream's channel count (19).
2025-11-13 15:08:53,625 - lsl_manager - ERROR - Error pushing sample: length of the sample (16) must correspond to the stream's channel count (19).
2025-11-13 15:08:53,627 - lsl_manager - ERROR - Error pushing sample: length of the sample (16) must correspond to the stream's channel count (19).
2025-11-13 15:08:53,646 - lsl_manager - ERROR - Error pushing sample: length of the sample (16) must correspond to the stream's channel count (19).
2025-11-13 15:08:53,648 - lsl_manager - ERROR - Error pushing sample: length of the sample (16) must correspond to the stream's channel count (19).
2025-11-13 15:08:53,649 - lsl_manager - ERROR - Error pushing sample: length of the sample (16) must correspond to the stream's channel count (19).
2025-11-13 15:08:53,655 - lsl_manager - ERROR - Error pushing sample: length of the sample (16) must correspond to the stream's channel count (19).
2025-11-13 15:08:53,656 - lsl_manager - ERROR - Error pushing sample: length of the sample (16) must correspond to the stream's channel count (19).
2025-11-13 15:08:53,670 - lsl_manager - ERROR - Error pushing sample: length of the sample (16) must correspond to the stream's channel count (19).
2025-11-13 15:08:53,671 - lsl_manager - ERROR - Error pushing sample: length of the sample (16) must correspond to the stream's channel count (19).
2025-11-13 15:08:53,685 - lsl_manager - ERROR - Error pushing sample: length of the sample (16) must correspond to the stream's channel count (19).
2025-11-13 15:08:53,686 - lsl_manager - ERROR - Error pushing sample: length of the sample (16) must correspond to the stream's channel count (19).
2025-11-13 15:08:53,710 - lsl_manager - ERROR - Error pushing sample: length of the sample (16) must correspond to the stream's channel count (19).
2025-11-13 15:08:53,711 - lsl_manager - ERROR - Error pushing sample: length of the sample (16) must correspond to the stream's channel count (19).
2025-11-13 15:08:53,712 - lsl_manager - ERROR - Error pushing sample: length of the sample (16) must correspond to the stream's channel count (19).
2025-11-13 15:08:53,725 - lsl_manager - ERROR - Error pushing sample: length of the sample (16) must correspond to the stream's channel count (19).
2025-11-13 15:08:53,727 - lsl_manager - ERROR - Error pushing sample: length of the sample (16) must correspond to the stream's channel count (19).
2025-11-13 15:08:53,743 - lsl_manager - ERROR - Error pushing sample: length of the sample (16) must correspond to the stream's channel count (19).
2025-11-13 15:08:53,744 - lsl_manager - ERROR - Error pushing sample: length of the sample (16) must correspond to the stream's channel count (19).
2025-11-13 15:08:53,768 - lsl_manager - ERROR - Error pushing sample: length of the sample (16) must correspond to the stream's channel count (19).
2025-11-13 15:08:53,770 - lsl_manager - ERROR - Error pushing sample: length of the sample (16) must correspond to the stream's channel count (19).
2025-11-13 15:08:53,771 - lsl_manager - ERROR - Error pushing sample: length of the sample (16) must correspond to the stream's channel count (19).
2025-11-13 15:08:53,779 - lsl_manager - ERROR - Error pushing sample: length of the sample (16) must correspond to the stream's channel count (19).
2025-11-13 15:08:53,780 - lsl_manager - ERROR - Error pushing sample: length of the sample (16) must correspond to the stream's channel count (19).
2025-11-13 15:08:53,795 - lsl_manager - ERROR - Error pushing sample: length of the sample (16) must correspond to the stream's channel count (19).
2025-11-13 15:08:53,797 - lsl_manager - ERROR - Error pushing sample: length of the sample (16) must correspond to the stream's channel count (19).
2025-11-13 15:08:53,807 - lsl_manager - ERROR - Error pushing sample: length of the sample (16) must correspond to the stream's channel count (19).
2025-11-13 15:08:53,808 - lsl_manager - ERROR - Error pushing sample: length of the sample (16) must correspond to the stream's channel count (19).
2025-11-13 15:08:53,833 - lsl_manager - ERROR - Error pushing sample: length of the sample (16) must correspond to the stream's channel count (19).
2025-11-13 15:08:53,834 - lsl_manager - ERROR - Error pushing sample: length of the sample (16) must correspond to the stream's channel count (19).
2025-11-13 15:08:53,835 - lsl_manager - ERROR - Error pushing sample: length of the sample (16) must correspond to the stream's channel count (19).
2025-11-13 15:08:53,848 - lsl_manager - ERROR - Error pushing sample: length of the sample (16) must correspond to the stream's channel count (19).
2025-11-13 15:08:53,850 - lsl_manager - ERROR - Error pushing sample: length of the sample (16) must correspond to the stream's channel count (19).
2025-11-13 15:08:53,864 - lsl_manager - ERROR - Error pushing sample: length of the sample (16) must correspond to the stream's channel count (19).
2025-11-13 15:08:53,866 - lsl_manager - ERROR - Error pushing sample: length of the sample (16) must correspond to the stream's channel count (19).
2025-11-13 15:08:53,889 - lsl_manager - ERROR - Error pushing sample: length of the sample (16) must correspond to the stream's channel count (19).
2025-11-13 15:08:53,890 - lsl_manager - ERROR - Error pushing sample: length of the sample (16) must correspond to the stream's channel count (19).
2025-11-13 15:08:53,891 - lsl_manager - ERROR - Error pushing sample: length of the sample (16) must correspond to the stream's channel count (19).
2025-11-13 15:08:53,915 - lsl_manager - ERROR - Error pushing sample: length of the sample (16) must correspond to the stream's channel count (19).
2025-11-13 15:08:53,916 - lsl_manager - ERROR - Error pushing sample: length of the sample (16) must correspond to the stream's channel count (19).
2025-11-13 15:08:53,924 - lsl_manager - ERROR - Error pushing sample: length of the sample (16) must correspond to the stream's channel count (19).
2025-11-13 15:08:53,925 - lsl_manager - ERROR - Error pushing sample: length of the sample (16) must correspond to the stream's channel count (19).
2025-11-13 15:08:53,936 - lsl_manager - ERROR - Error pushing sample: length of the sample (16) must correspond to the stream's channel count (19).
2025-11-13 15:08:53,937 - lsl_manager - ERROR - Error pushing sample: length of the sample (16) must correspond to the stream's channel count (19).
2025-11-13 15:08:53,960 - lsl_manager - ERROR - Error pushing sample: length of the sample (16) must correspond to the stream's channel count (19).
2025-11-13 15:08:53,962 - lsl_manager - ERROR - Error pushing sample: length of the sample (16) must correspond to the stream's channel count (19).
2025-11-13 15:08:53,963 - lsl_manager - ERROR - Error pushing sample: length of the sample (16) must correspond to the stream's channel count (19).
2025-11-13 15:08:53,975 - lsl_manager - ERROR - Error pushing sample: length of the sample (16) must correspond to the stream's channel count (19).
2025-11-13 15:08:53,989 - lsl_manager - ERROR - Error pushing sample: length of the sample (16) must correspond to the stream's channel count (19).
2025-11-13 15:08:53,991 - lsl_manager - ERROR - Error pushing sample: length of the sample (16) must correspond to the stream's channel count (19).
2025-11-13 15:08:53,992 - lsl_manager - ERROR - Error pushing sample: length of the sample (16) must correspond to the stream's channel count (19).
2025-11-13 15:08:54,017 - lsl_manager - ERROR - Error pushing sample: length of the sample (16) must correspond to the stream's channel count (19).
2025-11-13 15:08:54,018 - lsl_manager - ERROR - Error pushing sample: length of the sample (16) must correspond to the stream's channel count (19).
2025-11-13 15:08:54,019 - lsl_manager - ERROR - Error pushing sample: length of the sample (16) must correspond to the stream's channel count (19).
2025-11-13 15:08:54,027 - lsl_manager - ERROR - Error pushing sample: length of the sample (16) must correspond to the stream's channel count (19).
2025-11-13 15:08:54,028 - lsl_manager - ERROR - Error pushing sample: length of the sample (16) must correspond to the stream's channel count (19).
2025-11-13 15:08:54,042 - lsl_manager - ERROR - Error pushing sample: length of the sample (16) must correspond to the stream's channel count (19).
2025-11-13 15:08:54,044 - lsl_manager - ERROR - Error pushing sample: length of the sample (16) must correspond to the stream's channel count (19).
2025-11-13 15:08:54,057 - lsl_manager - ERROR - Error pushing sample: length of the sample (16) must correspond to the stream's channel count (19).
2025-11-13 15:08:54,058 - lsl_manager - ERROR - Error pushing sample: length of the sample (16) must correspond to the stream's channel count (19).
2025-11-13 15:08:54,084 - lsl_manager - ERROR - Error pushing sample: length of the sample (16) must correspond to the stream's channel count (19).
2025-11-13 15:08:54,085 - lsl_manager - ERROR - Error pushing sample: length of the sample (16) must correspond to the stream's channel count (19).
2025-11-13 15:08:54,087 - lsl_manager - ERROR - Error pushing sample: length of the sample (16) must correspond to the stream's channel count (19).
2025-11-13 15:08:54,099 - lsl_manager - ERROR - Error pushing sample: length of the sample (16) must correspond to the stream's channel count (19).
2025-11-13 15:08:54,101 - lsl_manager - ERROR - Error pushing sample: length of the sample (16) must correspond to the stream's channel count (19).
2025-11-13 15:08:54,113 - lsl_manager - ERROR - Error pushing sample: length of the sample (16) must correspond to the stream's channel count (19).
2025-11-13 15:08:54,115 - lsl_manager - ERROR - Error pushing sample: length of the sample (16) must correspond to the stream's channel count (19).
2025-11-13 15:08:54,127 - __main__ - INFO - 
============================================================
2025-11-13 15:08:54,127 - __main__ - INFO - Total samples: 117
2025-11-13 15:08:54,127 - __main__ - INFO - LSL pushed: 0
2025-11-13 15:08:54,127 - __main__ - INFO - LSL rate: 0.00 Hz (0.0% of nominal)
2025-11-13 15:08:54,127 - __main__ - INFO - Saved: 0
2025-11-13 15:08:54,127 - __main__ - INFO - Buffer: 117
2025-11-13 15:08:54,127 - __main__ - INFO - ============================================================
2025-11-13 15:08:54,139 - lsl_manager - ERROR - Error pushing sample: length of the sample (16) must correspond to the stream's channel count (19).
2025-11-13 15:08:54,140 - lsl_manager - ERROR - Error pushing sample: length of the sample (16) must correspond to the stream's channel count (19).
2025-11-13 15:08:54,142 - lsl_manager - ERROR - Error pushing sample: length of the sample (16) must correspond to the stream's channel count (19).
2025-11-13 15:08:54,155 - lsl_manager - ERROR - Error pushing sample: length of the sample (16) must correspond to the stream's channel count (19).
2025-11-13 15:08:54,156 - lsl_manager - ERROR - Error pushing sample: length of the sample (16) must correspond to the stream's channel count (19).
2025-11-13 15:08:54,170 - lsl_manager - ERROR - Error pushing sample: length of the sample (16) must correspond to the stream's channel count (19).
2025-11-13 15:08:54,184 - lsl_manager - ERROR - Error pushing sample: length of the sample (16) must correspond to the stream's channel count (19).
2025-11-13 15:08:54,185 - lsl_manager - ERROR - Error pushing sample: length of the sample (16) must correspond to the stream's channel count (19).
2025-11-13 15:08:54,186 - lsl_manager - ERROR - Error pushing sample: length of the sample (16) must correspond to the stream's channel count (19).
2025-11-13 15:08:54,212 - lsl_manager - ERROR - Error pushing sample: length of the sample (16) must correspond to the stream's channel count (19).
2025-11-13 15:08:54,213 - lsl_manager - ERROR - Error pushing sample: length of the sample (16) must correspond to the stream's channel count (19).
2025-11-13 15:08:54,215 - lsl_manager - ERROR - Error pushing sample: length of the sample (16) must correspond to the stream's channel count (19).
2025-11-13 15:08:54,240 - lsl_manager - ERROR - Error pushing sample: length of the sample (16) must correspond to the stream's channel count (19).
2025-11-13 15:08:54,242 - lsl_manager - ERROR - Error pushing sample: length of the sample (16) must correspond to the stream's channel count (19).
2025-11-13 15:08:54,244 - lsl_manager - ERROR - Error pushing sample: length of the sample (16) must correspond to the stream's channel count (19).
2025-11-13 15:08:54,246 - lsl_manager - ERROR - Error pushing sample: length of the sample (16) must correspond to the stream's channel count (19).
2025-11-13 15:08:54,269 - lsl_manager - ERROR - Error pushing sample: length of the sample (16) must correspond to the stream's channel count (19).
2025-11-13 15:08:54,270 - lsl_manager - ERROR - Error pushing sample: length of the sample (16) must correspond to the stream's channel count (19).
2025-11-13 15:08:54,271 - lsl_manager - ERROR - Error pushing sample: length of the sample (16) must correspond to the stream's channel count (19).
2025-11-13 15:08:54,278 - lsl_manager - ERROR - Error pushing sample: length of the sample (16) must correspond to the stream's channel count (19).
2025-11-13 15:08:54,279 - lsl_manager - ERROR - Error pushing sample: length of the sample (16) must correspond to the stream's channel count (19).
2025-11-13 15:08:54,295 - lsl_manager - ERROR - Error pushing sample: length of the sample (16) must correspond to the stream's channel count (19).
2025-11-13 15:08:54,297 - lsl_manager - ERROR - Error pushing sample: length of the sample (16) must correspond to the stream's channel count (19).
2025-11-13 15:08:54,311 - lsl_manager - ERROR - Error pushing sample: length of the sample (16) must correspond to the stream's channel count (19).
2025-11-13 15:08:54,312 - lsl_manager - ERROR - Error pushing sample: length of the sample (16) must correspond to the stream's channel count (19).
2025-11-13 15:08:54,336 - lsl_manager - ERROR - Error pushing sample: length of the sample (16) must correspond to the stream's channel count (19).
2025-11-13 15:08:54,338 - lsl_manager - ERROR - Error pushing sample: length of the sample (16) must correspond to the stream's channel count (19).
2025-11-13 15:08:54,339 - lsl_manager - ERROR - Error pushing sample: length of the sample (16) must correspond to the stream's channel count (19).
2025-11-13 15:08:54,351 - lsl_manager - ERROR - Error pushing sample: length of the sample (16) must correspond to the stream's channel count (19).
2025-11-13 15:08:54,353 - lsl_manager - ERROR - Error pushing sample: length of the sample (16) must correspond to the stream's channel count (19).
2025-11-13 15:08:54,362 - lsl_manager - ERROR - Error pushing sample: length of the sample (16) must correspond to the stream's channel count (19).
2025-11-13 15:08:54,377 - lsl_manager - ERROR - Error pushing sample: length of the sample (16) must correspond to the stream's channel count (19).
2025-11-13 15:08:54,378 - lsl_manager - ERROR - Error pushing sample: length of the sample (16) must correspond to the stream's channel count (19).
2025-11-13 15:08:54,380 - lsl_manager - ERROR - Error pushing sample: length of the sample (16) must correspond to the stream's channel count (19).
2025-11-13 15:08:54,388 - lsl_manager - ERROR - Error pushing sample: length of the sample (16) must correspond to the stream's channel count (19).
2025-11-13 15:08:54,413 - lsl_manager - ERROR - Error pushing sample: length of the sample (16) must correspond to the stream's channel count (19).
2025-11-13 15:08:54,414 - lsl_manager - ERROR - Error pushing sample: length of the sample (16) must correspond to the stream's channel count (19).
2025-11-13 15:08:54,421 - lsl_manager - ERROR - Error pushing sample: length of the sample (16) must correspond to the stream's channel count (19).
2025-11-13 15:08:54,422 - lsl_manager - ERROR - Error pushing sample: length of the sample (16) must correspond to the stream's channel count (19).
2025-11-13 15:08:54,436 - lsl_manager - ERROR - Error pushing sample: length of the sample (16) must correspond to the stream's channel count (19).
2025-11-13 15:08:54,437 - lsl_manager - ERROR - Error pushing sample: length of the sample (16) must correspond to the stream's channel count (19).
2025-11-13 15:08:54,460 - lsl_manager - ERROR - Error pushing sample: length of the sample (16) must correspond to the stream's channel count (19).
2025-11-13 15:08:54,462 - lsl_manager - ERROR - Error pushing sample: length of the sample (16) must correspond to the stream's channel count (19).
2025-11-13 15:08:54,463 - lsl_manager - ERROR - Error pushing sample: length of the sample (16) must correspond to the stream's channel count (19).
2025-11-13 15:08:54,475 - lsl_manager - ERROR - Error pushing sample: length of the sample (16) must correspond to the stream's channel count (19).
2025-11-13 15:08:54,477 - lsl_manager - ERROR - Error pushing sample: length of the sample (16) must correspond to the stream's channel count (19).
2025-11-13 15:08:54,493 - lsl_manager - ERROR - Error pushing sample: length of the sample (16) must correspond to the stream's channel count (19).
2025-11-13 15:08:54,494 - lsl_manager - ERROR - Error pushing sample: length of the sample (16) must correspond to the stream's channel count (19).
2025-11-13 15:08:54,517 - lsl_manager - ERROR - Error pushing sample: length of the sample (16) must correspond to the stream's channel count (19).
2025-11-13 15:08:54,518 - lsl_manager - ERROR - Error pushing sample: length of the sample (16) must correspond to the stream's channel count (19).
2025-11-13 15:08:54,520 - lsl_manager - ERROR - Error pushing sample: length of the sample (16) must correspond to the stream's channel count (19).
2025-11-13 15:08:54,531 - lsl_manager - ERROR - Error pushing sample: length of the sample (16) must correspond to the stream's channel count (19).
2025-11-13 15:08:54,532 - lsl_manager - ERROR - Error pushing sample: length of the sample (16) must correspond to the stream's channel count (19).
2025-11-13 15:08:54,557 - lsl_manager - ERROR - Error pushing sample: length of the sample (16) must correspond to the stream's channel count (19).
2025-11-13 15:08:54,558 - lsl_manager - ERROR - Error pushing sample: length of the sample (16) must correspond to the stream's channel count (19).
2025-11-13 15:08:54,561 - lsl_manager - ERROR - Error pushing sample: length of the sample (16) must correspond to the stream's channel count (19).
2025-11-13 15:08:54,587 - lsl_manager - ERROR - Error pushing sample: length of the sample (16) must correspond to the stream's channel count (19).
2025-11-13 15:08:54,588 - lsl_manager - ERROR - Error pushing sample: length of the sample (16) must correspond to the stream's channel count (19).
2025-11-13 15:08:54,590 - lsl_manager - ERROR - Error pushing sample: length of the sample (16) must correspond to the stream's channel count (19).
2025-11-13 15:08:54,591 - lsl_manager - ERROR - Error pushing sample: length of the sample (16) must correspond to the stream's channel count (19).
2025-11-13 15:08:54,602 - lsl_manager - ERROR - Error pushing sample: length of the sample (16) must correspond to the stream's channel count (19).
2025-11-13 15:08:54,603 - lsl_manager - ERROR - Error pushing sample: length of the sample (16) must correspond to the stream's channel count (19).
2025-11-13 15:08:54,616 - lsl_manager - ERROR - Error pushing sample: length of the sample (16) must correspond to the stream's channel count (19).
2025-11-13 15:08:54,618 - lsl_manager - ERROR - Error pushing sample: length of the sample (16) must correspond to the stream's channel count (19).
2025-11-13 15:08:54,628 - lsl_manager - ERROR - Error pushing sample: length of the sample (16) must correspond to the stream's channel count (19).
2025-11-13 15:08:54,630 - lsl_manager - ERROR - Error pushing sample: length of the sample (16) must correspond to the stream's channel count (19).
2025-11-13 15:08:54,637 - lsl_manager - ERROR - Error pushing sample: length of the sample (16) must correspond to the stream's channel count (19).
2025-11-13 15:08:54,661 - lsl_manager - ERROR - Error pushing sample: length of the sample (16) must correspond to the stream's channel count (19).
2025-11-13 15:08:54,662 - lsl_manager - ERROR - Error pushing sample: length of the sample (16) must correspond to the stream's channel count (19).
2025-11-13 15:08:54,670 - lsl_manager - ERROR - Error pushing sample: length of the sample (16) must correspond to the stream's channel count (19).
2025-11-13 15:08:54,671 - lsl_manager - ERROR - Error pushing sample: length of the sample (16) must correspond to the stream's channel count (19).
2025-11-13 15:08:54,684 - lsl_manager - ERROR - Error pushing sample: length of the sample (16) must correspond to the stream's channel count (19).
2025-11-13 15:08:54,685 - lsl_manager - ERROR - Error pushing sample: length of the sample (16) must correspond to the stream's channel count (19).
2025-11-13 15:08:54,710 - lsl_manager - ERROR - Error pushing sample: length of the sample (16) must correspond to the stream's channel count (19).
2025-11-13 15:08:54,712 - lsl_manager - ERROR - Error pushing sample: length of the sample (16) must correspond to the stream's channel count (19).
2025-11-13 15:08:54,713 - lsl_manager - ERROR - Error pushing sample: length of the sample (16) must correspond to the stream's channel count (19).
2025-11-13 15:08:54,725 - lsl_manager - ERROR - Error pushing sample: length of the sample (16) must correspond to the stream's channel count (19).
2025-11-13 15:08:54,726 - lsl_manager - ERROR - Error pushing sample: length of the sample (16) must correspond to the stream's channel count (19).
2025-11-13 15:08:54,740 - lsl_manager - ERROR - Error pushing sample: length of the sample (16) must correspond to the stream's channel count (19).
2025-11-13 15:08:54,741 - lsl_manager - ERROR - Error pushing sample: length of the sample (16) must correspond to the stream's channel count (19).
2025-11-13 15:08:54,770 - lsl_manager - ERROR - Error pushing sample: length of the sample (16) must correspond to the stream's channel count (19).
2025-11-13 15:08:54,780 - lsl_manager - ERROR - Error pushing sample: length of the sample (16) must correspond to the stream's channel count (19).
2025-11-13 15:08:54,781 - lsl_manager - ERROR - Error pushing sample: length of the sample (16) must correspond to the stream's channel count (19).
2025-11-13 15:08:54,782 - lsl_manager - ERROR - Error pushing sample: length of the sample (16) must correspond to the stream's channel count (19).
2025-11-13 15:08:54,783 - lsl_manager - ERROR - Error pushing sample: length of the sample (16) must correspond to the stream's channel count (19).
2025-11-13 15:08:54,795 - lsl_manager - ERROR - Error pushing sample: length of the sample (16) must correspond to the stream's channel count (19).
2025-11-13 15:08:54,796 - lsl_manager - ERROR - Error pushing sample: length of the sample (16) must correspond to the stream's channel count (19).
2025-11-13 15:08:54,810 - lsl_manager - ERROR - Error pushing sample: length of the sample (16) must correspond to the stream's channel count (19).
2025-11-13 15:08:54,811 - lsl_manager - ERROR - Error pushing sample: length of the sample (16) must correspond to the stream's channel count (19).
2025-11-13 15:08:54,836 - lsl_manager - ERROR - Error pushing sample: length of the sample (16) must correspond to the stream's channel count (19).
2025-11-13 15:08:54,837 - lsl_manager - ERROR - Error pushing sample: length of the sample (16) must correspond to the stream's channel count (19).
2025-11-13 15:08:54,838 - lsl_manager - ERROR - Error pushing sample: length of the sample (16) must correspond to the stream's channel count (19).
2025-11-13 15:08:54,871 - lsl_manager - ERROR - Error pushing sample: length of the sample (16) must correspond to the stream's channel count (19).
2025-11-13 15:08:54,872 - lsl_manager - ERROR - Error pushing sample: length of the sample (16) must correspond to the stream's channel count (19).
2025-11-13 15:08:54,877 - lsl_manager - ERROR - Error pushing sample: length of the sample (16) must correspond to the stream's channel count (19).
2025-11-13 15:08:54,879 - lsl_manager - ERROR - Error pushing sample: length of the sample (16) must correspond to the stream's channel count (19).
2025-11-13 15:08:54,888 - lsl_manager - ERROR - Error pushing sample: length of the sample (16) must correspond to the stream's channel count (19).
2025-11-13 15:08:54,889 - lsl_manager - ERROR - Error pushing sample: length of the sample (16) must correspond to the stream's channel count (19).
2025-11-13 15:08:54,890 - lsl_manager - ERROR - Error pushing sample: length of the sample (16) must correspond to the stream's channel count (19).
2025-11-13 15:08:54,903 - lsl_manager - ERROR - Error pushing sample: length of the sample (16) must correspond to the stream's channel count (19).
2025-11-13 15:08:54,904 - lsl_manager - ERROR - Error pushing sample: length of the sample (16) must correspond to the stream's channel count (19).
2025-11-13 15:08:54,918 - lsl_manager - ERROR - Error pushing sample: length of the sample (16) must correspond to the stream's channel count (19).
2025-11-13 15:08:54,920 - lsl_manager - ERROR - Error pushing sample: length of the sample (16) must correspond to the stream's channel count (19).
2025-11-13 15:08:54,935 - lsl_manager - ERROR - Error pushing sample: length of the sample (16) must correspond to the stream's channel count (19).
2025-11-13 15:08:54,936 - lsl_manager - ERROR - Error pushing sample: length of the sample (16) must correspond to the stream's channel count (19).
2025-11-13 15:08:54,959 - lsl_manager - ERROR - Error pushing sample: length of the sample (16) must correspond to the stream's channel count (19).
2025-11-13 15:08:54,978 - lsl_manager - ERROR - Error pushing sample: length of the sample (16) must correspond to the stream's channel count (19).
2025-11-13 15:08:54,979 - lsl_manager - ERROR - Error pushing sample: length of the sample (16) must correspond to the stream's channel count (19).
2025-11-13 15:08:54,981 - lsl_manager - ERROR - Error pushing sample: length of the sample (16) must correspond to the stream's channel count (19).
2025-11-13 15:08:54,982 - lsl_manager - ERROR - Error pushing sample: length of the sample (16) must correspond to the stream's channel count (19).
2025-11-13 15:08:54,987 - lsl_manager - ERROR - Error pushing sample: length of the sample (16) must correspond to the stream's channel count (19).
2025-11-13 15:08:54,989 - lsl_manager - ERROR - Error pushing sample: length of the sample (16) must correspond to the stream's channel count (19).
2025-11-13 15:08:55,012 - lsl_manager - ERROR - Error pushing sample: length of the sample (16) must correspond to the stream's channel count (19).
2025-11-13 15:08:55,013 - lsl_manager - ERROR - Error pushing sample: length of the sample (16) must correspond to the stream's channel count (19).
2025-11-13 15:08:55,015 - lsl_manager - ERROR - Error pushing sample: length of the sample (16) must correspond to the stream's channel count (19).
2025-11-13 15:08:55,028 - lsl_manager - ERROR - Error pushing sample: length of the sample (16) must correspond to the stream's channel count (19).
2025-11-13 15:08:55,029 - lsl_manager - ERROR - Error pushing sample: length of the sample (16) must correspond to the stream's channel count (19).
2025-11-13 15:08:55,043 - lsl_manager - ERROR - Error pushing sample: length of the sample (16) must correspond to the stream's channel count (19).
2025-11-13 15:08:55,044 - lsl_manager - ERROR - Error pushing sample: length of the sample (16) must correspond to the stream's channel count (19).
2025-11-13 15:08:55,059 - lsl_manager - ERROR - Error pushing sample: length of the sample (16) must correspond to the stream's channel count (19).
2025-11-13 15:08:55,060 - lsl_manager - ERROR - Error pushing sample: length of the sample (16) must correspond to the stream's channel count (19).
2025-11-13 15:08:55,085 - lsl_manager - ERROR - Error pushing sample: length of the sample (16) must correspond to the stream's channel count (19).
2025-11-13 15:08:55,087 - lsl_manager - ERROR - Error pushing sample: length of the sample (16) must correspond to the stream's channel count (19).
2025-11-13 15:08:55,088 - lsl_manager - ERROR - Error pushing sample: length of the sample (16) must correspond to the stream's channel count (19).
2025-11-13 15:08:55,100 - lsl_manager - ERROR - Error pushing sample: length of the sample (16) must correspond to the stream's channel count (19).
2025-11-13 15:08:55,101 - lsl_manager - ERROR - Error pushing sample: length of the sample (16) must correspond to the stream's channel count (19).
2025-11-13 15:08:55,115 - lsl_manager - ERROR - Error pushing sample: length of the sample (16) must correspond to the stream's channel count (19).
2025-11-13 15:08:55,116 - lsl_manager - ERROR - Error pushing sample: length of the sample (16) must correspond to the stream's channel count (19).
2025-11-13 15:08:55,127 - __main__ - INFO - 
============================================================
2025-11-13 15:08:55,127 - __main__ - INFO - Total samples: 245
2025-11-13 15:08:55,127 - __main__ - INFO - LSL pushed: 0
2025-11-13 15:08:55,127 - __main__ - INFO - LSL rate: 0.00 Hz (0.0% of nominal)
2025-11-13 15:08:55,127 - __main__ - INFO - Saved: 0
2025-11-13 15:08:55,127 - __main__ - INFO - Buffer: 245
2025-11-13 15:08:55,127 - __main__ - INFO - ============================================================
2025-11-13 15:08:55,140 - lsl_manager - ERROR - Error pushing sample: length of the sample (16) must correspond to the stream's channel count (19).
2025-11-13 15:08:55,141 - lsl_manager - ERROR - Error pushing sample: length of the sample (16) must correspond to the stream's channel count (19).
2025-11-13 15:08:55,142 - lsl_manager - ERROR - Error pushing sample: length of the sample (16) must correspond to the stream's channel count (19).
2025-11-13 15:08:55,168 - lsl_manager - ERROR - Error pushing sample: length of the sample (16) must correspond to the stream's channel count (19).
2025-11-13 15:08:55,169 - lsl_manager - ERROR - Error pushing sample: length of the sample (16) must correspond to the stream's channel count (19).
2025-11-13 15:08:55,171 - lsl_manager - ERROR - Error pushing sample: length of the sample (16) must correspond to the stream's channel count (19).
2025-11-13 15:08:55,172 - lsl_manager - ERROR - Error pushing sample: length of the sample (16) must correspond to the stream's channel count (19).
2025-11-13 15:08:55,202 - lsl_manager - ERROR - Error pushing sample: length of the sample (16) must correspond to the stream's channel count (19).
2025-11-13 15:08:55,203 - lsl_manager - ERROR - Error pushing sample: length of the sample (16) must correspond to the stream's channel count (19).
2025-11-13 15:08:55,209 - lsl_manager - ERROR - Error pushing sample: length of the sample (16) must correspond to the stream's channel count (19).
2025-11-13 15:08:55,211 - lsl_manager - ERROR - Error pushing sample: length of the sample (16) must correspond to the stream's channel count (19).
2025-11-13 15:08:55,212 - lsl_manager - ERROR - Error pushing sample: length of the sample (16) must correspond to the stream's channel count (19).
2025-11-13 15:08:55,224 - lsl_manager - ERROR - Error pushing sample: length of the sample (16) must correspond to the stream's channel count (19).
2025-11-13 15:08:55,226 - lsl_manager - ERROR - Error pushing sample: length of the sample (16) must correspond to the stream's channel count (19).
2025-11-13 15:08:55,240 - lsl_manager - ERROR - Error pushing sample: length of the sample (16) must correspond to the stream's channel count (19).
2025-11-13 15:08:55,241 - lsl_manager - ERROR - Error pushing sample: length of the sample (16) must correspond to the stream's channel count (19).
2025-11-13 15:08:55,266 - lsl_manager - ERROR - Error pushing sample: length of the sample (16) must correspond to the stream's channel count (19).
2025-11-13 15:08:55,268 - lsl_manager - ERROR - Error pushing sample: length of the sample (16) must correspond to the stream's channel count (19).
2025-11-13 15:08:55,269 - lsl_manager - ERROR - Error pushing sample: length of the sample (16) must correspond to the stream's channel count (19).
2025-11-13 15:08:55,283 - lsl_manager - ERROR - Error pushing sample: length of the sample (16) must correspond to the stream's channel count (19).
2025-11-13 15:08:55,284 - lsl_manager - ERROR - Error pushing sample: length of the sample (16) must correspond to the stream's channel count (19).
2025-11-13 15:08:55,295 - lsl_manager - ERROR - Error pushing sample: length of the sample (16) must correspond to the stream's channel count (19).
2025-11-13 15:08:55,296 - lsl_manager - ERROR - Error pushing sample: length of the sample (16) must correspond to the stream's channel count (19).
2025-11-13 15:08:55,310 - lsl_manager - ERROR - Error pushing sample: length of the sample (16) must correspond to the stream's channel count (19).
2025-11-13 15:08:55,311 - lsl_manager - ERROR - Error pushing sample: length of the sample (16) must correspond to the stream's channel count (19).
2025-11-13 15:08:55,336 - lsl_manager - ERROR - Error pushing sample: length of the sample (16) must correspond to the stream's channel count (19).
2025-11-13 15:08:55,337 - lsl_manager - ERROR - Error pushing sample: length of the sample (16) must correspond to the stream's channel count (19).
2025-11-13 15:08:55,339 - lsl_manager - ERROR - Error pushing sample: length of the sample (16) must correspond to the stream's channel count (19).
2025-11-13 15:08:55,364 - lsl_manager - ERROR - Error pushing sample: length of the sample (16) must correspond to the stream's channel count (19).
2025-11-13 15:08:55,366 - lsl_manager - ERROR - Error pushing sample: length of the sample (16) must correspond to the stream's channel count (19).
2025-11-13 15:08:55,367 - lsl_manager - ERROR - Error pushing sample: length of the sample (16) must correspond to the stream's channel count (19).
2025-11-13 15:08:55,368 - lsl_manager - ERROR - Error pushing sample: length of the sample (16) must correspond to the stream's channel count (19).
2025-11-13 15:08:55,393 - lsl_manager - ERROR - Error pushing sample: length of the sample (16) must correspond to the stream's channel count (19).
2025-11-13 15:08:55,394 - lsl_manager - ERROR - Error pushing sample: length of the sample (16) must correspond to the stream's channel count (19).
2025-11-13 15:08:55,396 - lsl_manager - ERROR - Error pushing sample: length of the sample (16) must correspond to the stream's channel count (19).
2025-11-13 15:08:55,403 - lsl_manager - ERROR - Error pushing sample: length of the sample (16) must correspond to the stream's channel count (19).
2025-11-13 15:08:55,404 - lsl_manager - ERROR - Error pushing sample: length of the sample (16) must correspond to the stream's channel count (19).
2025-11-13 15:08:55,417 - lsl_manager - ERROR - Error pushing sample: length of the sample (16) must correspond to the stream's channel count (19).
2025-11-13 15:08:55,418 - lsl_manager - ERROR - Error pushing sample: length of the sample (16) must correspond to the stream's channel count (19).
2025-11-13 15:08:55,432 - lsl_manager - ERROR - Error pushing sample: length of the sample (16) must correspond to the stream's channel count (19).
2025-11-13 15:08:55,433 - lsl_manager - ERROR - Error pushing sample: length of the sample (16) must correspond to the stream's channel count (19).
2025-11-13 15:08:55,458 - lsl_manager - ERROR - Error pushing sample: length of the sample (16) must correspond to the stream's channel count (19).
2025-11-13 15:08:55,459 - lsl_manager - ERROR - Error pushing sample: length of the sample (16) must correspond to the stream's channel count (19).
2025-11-13 15:08:55,461 - lsl_manager - ERROR - Error pushing sample: length of the sample (16) must correspond to the stream's channel count (19).
2025-11-13 15:08:55,474 - lsl_manager - ERROR - Error pushing sample: length of the sample (16) must correspond to the stream's channel count (19).
2025-11-13 15:08:55,475 - lsl_manager - ERROR - Error pushing sample: length of the sample (16) must correspond to the stream's channel count (19).
2025-11-13 15:08:55,515 - lsl_manager - ERROR - Error pushing sample: length of the sample (16) must correspond to the stream's channel count (19).
2025-11-13 15:08:55,516 - lsl_manager - ERROR - Error pushing sample: length of the sample (16) must correspond to the stream's channel count (19).
2025-11-13 15:08:55,517 - lsl_manager - ERROR - Error pushing sample: length of the sample (16) must correspond to the stream's channel count (19).
2025-11-13 15:08:55,518 - lsl_manager - ERROR - Error pushing sample: length of the sample (16) must correspond to the stream's channel count (19).
2025-11-13 15:08:55,519 - lsl_manager - ERROR - Error pushing sample: length of the sample (16) must correspond to the stream's channel count (19).
2025-11-13 15:08:55,527 - lsl_manager - ERROR - Error pushing sample: length of the sample (16) must correspond to the stream's channel count (19).
2025-11-13 15:08:55,528 - lsl_manager - ERROR - Error pushing sample: length of the sample (16) must correspond to the stream's channel count (19).
2025-11-13 15:08:55,557 - lsl_manager - ERROR - Error pushing sample: length of the sample (16) must correspond to the stream's channel count (19).
2025-11-13 15:08:55,559 - lsl_manager - ERROR - Error pushing sample: length of the sample (16) must correspond to the stream's channel count (19).
2025-11-13 15:08:55,560 - lsl_manager - ERROR - Error pushing sample: length of the sample (16) must correspond to the stream's channel count (19).
2025-11-13 15:08:55,561 - lsl_manager - ERROR - Error pushing sample: length of the sample (16) must correspond to the stream's channel count (19).
2025-11-13 15:08:55,583 - lsl_manager - ERROR - Error pushing sample: length of the sample (16) must correspond to the stream's channel count (19).
2025-11-13 15:08:55,584 - lsl_manager - ERROR - Error pushing sample: length of the sample (16) must correspond to the stream's channel count (19).
2025-11-13 15:08:55,586 - lsl_manager - ERROR - Error pushing sample: length of the sample (16) must correspond to the stream's channel count (19).
2025-11-13 15:08:55,601 - lsl_manager - ERROR - Error pushing sample: length of the sample (16) must correspond to the stream's channel count (19).
2025-11-13 15:08:55,602 - lsl_manager - ERROR - Error pushing sample: length of the sample (16) must correspond to the stream's channel count (19).
2025-11-13 15:08:55,616 - lsl_manager - ERROR - Error pushing sample: length of the sample (16) must correspond to the stream's channel count (19).
2025-11-13 15:08:55,618 - lsl_manager - ERROR - Error pushing sample: length of the sample (16) must correspond to the stream's channel count (19).
2025-11-13 15:08:55,641 - lsl_manager - ERROR - Error pushing sample: length of the sample (16) must correspond to the stream's channel count (19).
2025-11-13 15:08:55,643 - lsl_manager - ERROR - Error pushing sample: length of the sample (16) must correspond to the stream's channel count (19).
2025-11-13 15:08:55,645 - lsl_manager - ERROR - Error pushing sample: length of the sample (16) must correspond to the stream's channel count (19).
2025-11-13 15:08:55,656 - lsl_manager - ERROR - Error pushing sample: length of the sample (16) must correspond to the stream's channel count (19).
2025-11-13 15:08:55,658 - lsl_manager - ERROR - Error pushing sample: length of the sample (16) must correspond to the stream's channel count (19).
2025-11-13 15:08:55,671 - lsl_manager - ERROR - Error pushing sample: length of the sample (16) must correspond to the stream's channel count (19).
2025-11-13 15:08:55,672 - lsl_manager - ERROR - Error pushing sample: length of the sample (16) must correspond to the stream's channel count (19).
2025-11-13 15:08:55,682 - lsl_manager - ERROR - Error pushing sample: length of the sample (16) must correspond to the stream's channel count (19).
2025-11-13 15:08:55,683 - lsl_manager - ERROR - Error pushing sample: length of the sample (16) must correspond to the stream's channel count (19).
2025-11-13 15:08:55,707 - lsl_manager - ERROR - Error pushing sample: length of the sample (16) must correspond to the stream's channel count (19).
2025-11-13 15:08:55,708 - lsl_manager - ERROR - Error pushing sample: length of the sample (16) must correspond to the stream's channel count (19).
2025-11-13 15:08:55,710 - lsl_manager - ERROR - Error pushing sample: length of the sample (16) must correspond to the stream's channel count (19).
2025-11-13 15:08:55,722 - lsl_manager - ERROR - Error pushing sample: length of the sample (16) must correspond to the stream's channel count (19).
2025-11-13 15:08:55,724 - lsl_manager - ERROR - Error pushing sample: length of the sample (16) must correspond to the stream's channel count (19).
2025-11-13 15:08:55,764 - lsl_manager - ERROR - Error pushing sample: length of the sample (16) must correspond to the stream's channel count (19).
2025-11-13 15:08:55,765 - lsl_manager - ERROR - Error pushing sample: length of the sample (16) must correspond to the stream's channel count (19).
2025-11-13 15:08:55,767 - lsl_manager - ERROR - Error pushing sample: length of the sample (16) must correspond to the stream's channel count (19).
2025-11-13 15:08:55,769 - lsl_manager - ERROR - Error pushing sample: length of the sample (16) must correspond to the stream's channel count (19).
2025-11-13 15:08:55,770 - lsl_manager - ERROR - Error pushing sample: length of the sample (16) must correspond to the stream's channel count (19).
2025-11-13 15:08:55,779 - lsl_manager - ERROR - Error pushing sample: length of the sample (16) must correspond to the stream's channel count (19).
2025-11-13 15:08:55,780 - lsl_manager - ERROR - Error pushing sample: length of the sample (16) must correspond to the stream's channel count (19).
2025-11-13 15:08:55,793 - lsl_manager - ERROR - Error pushing sample: length of the sample (16) must correspond to the stream's channel count (19).
2025-11-13 15:08:55,795 - lsl_manager - ERROR - Error pushing sample: length of the sample (16) must correspond to the stream's channel count (19).
2025-11-13 15:08:55,808 - lsl_manager - ERROR - Error pushing sample: length of the sample (16) must correspond to the stream's channel count (19).
2025-11-13 15:08:55,809 - lsl_manager - ERROR - Error pushing sample: length of the sample (16) must correspond to the stream's channel count (19).
2025-11-13 15:08:55,836 - lsl_manager - ERROR - Error pushing sample: length of the sample (16) must correspond to the stream's channel count (19).
2025-11-13 15:08:55,838 - lsl_manager - ERROR - Error pushing sample: length of the sample (16) must correspond to the stream's channel count (19).
2025-11-13 15:08:55,840 - lsl_manager - ERROR - Error pushing sample: length of the sample (16) must correspond to the stream's channel count (19).
2025-11-13 15:08:55,848 - lsl_manager - ERROR - Error pushing sample: length of the sample (16) must correspond to the stream's channel count (19).
2025-11-13 15:08:55,850 - lsl_manager - ERROR - Error pushing sample: length of the sample (16) must correspond to the stream's channel count (19).
2025-11-13 15:08:55,864 - lsl_manager - ERROR - Error pushing sample: length of the sample (16) must correspond to the stream's channel count (19).
2025-11-13 15:08:55,865 - lsl_manager - ERROR - Error pushing sample: length of the sample (16) must correspond to the stream's channel count (19).
2025-11-13 15:08:55,889 - lsl_manager - ERROR - Error pushing sample: length of the sample (16) must correspond to the stream's channel count (19).
2025-11-13 15:08:55,890 - lsl_manager - ERROR - Error pushing sample: length of the sample (16) must correspond to the stream's channel count (19).
2025-11-13 15:08:55,892 - lsl_manager - ERROR - Error pushing sample: length of the sample (16) must correspond to the stream's channel count (19).
2025-11-13 15:08:55,906 - lsl_manager - ERROR - Error pushing sample: length of the sample (16) must correspond to the stream's channel count (19).
2025-11-13 15:08:55,907 - lsl_manager - ERROR - Error pushing sample: length of the sample (16) must correspond to the stream's channel count (19).
2025-11-13 15:08:55,921 - lsl_manager - ERROR - Error pushing sample: length of the sample (16) must correspond to the stream's channel count (19).
2025-11-13 15:08:55,922 - lsl_manager - ERROR - Error pushing sample: length of the sample (16) must correspond to the stream's channel count (19).
2025-11-13 15:08:55,960 - lsl_manager - ERROR - Error pushing sample: length of the sample (16) must correspond to the stream's channel count (19).
2025-11-13 15:08:55,962 - lsl_manager - ERROR - Error pushing sample: length of the sample (16) must correspond to the stream's channel count (19).
2025-11-13 15:08:55,963 - lsl_manager - ERROR - Error pushing sample: length of the sample (16) must correspond to the stream's channel count (19).
2025-11-13 15:08:55,965 - lsl_manager - ERROR - Error pushing sample: length of the sample (16) must correspond to the stream's channel count (19).
2025-11-13 15:08:55,967 - lsl_manager - ERROR - Error pushing sample: length of the sample (16) must correspond to the stream's channel count (19).
2025-11-13 15:08:55,976 - lsl_manager - ERROR - Error pushing sample: length of the sample (16) must correspond to the stream's channel count (19).
2025-11-13 15:08:55,977 - lsl_manager - ERROR - Error pushing sample: length of the sample (16) must correspond to the stream's channel count (19).
2025-11-13 15:08:55,991 - lsl_manager - ERROR - Error pushing sample: length of the sample (16) must correspond to the stream's channel count (19).
2025-11-13 15:08:55,992 - lsl_manager - ERROR - Error pushing sample: length of the sample (16) must correspond to the stream's channel count (19).
2025-11-13 15:08:56,017 - lsl_manager - ERROR - Error pushing sample: length of the sample (16) must correspond to the stream's channel count (19).
2025-11-13 15:08:56,018 - lsl_manager - ERROR - Error pushing sample: length of the sample (16) must correspond to the stream's channel count (19).
2025-11-13 15:08:56,019 - lsl_manager - ERROR - Error pushing sample: length of the sample (16) must correspond to the stream's channel count (19).
2025-11-13 15:08:56,031 - lsl_manager - ERROR - Error pushing sample: length of the sample (16) must correspond to the stream's channel count (19).
2025-11-13 15:08:56,033 - lsl_manager - ERROR - Error pushing sample: length of the sample (16) must correspond to the stream's channel count (19).
2025-11-13 15:08:56,042 - lsl_manager - ERROR - Error pushing sample: length of the sample (16) must correspond to the stream's channel count (19).
2025-11-13 15:08:56,043 - lsl_manager - ERROR - Error pushing sample: length of the sample (16) must correspond to the stream's channel count (19).
2025-11-13 15:08:56,057 - lsl_manager - ERROR - Error pushing sample: length of the sample (16) must correspond to the stream's channel count (19).
2025-11-13 15:08:56,059 - lsl_manager - ERROR - Error pushing sample: length of the sample (16) must correspond to the stream's channel count (19).
2025-11-13 15:08:56,082 - lsl_manager - ERROR - Error pushing sample: length of the sample (16) must correspond to the stream's channel count (19).
2025-11-13 15:08:56,084 - lsl_manager - ERROR - Error pushing sample: length of the sample (16) must correspond to the stream's channel count (19).
2025-11-13 15:08:56,086 - lsl_manager - ERROR - Error pushing sample: length of the sample (16) must correspond to the stream's channel count (19).
2025-11-13 15:08:56,097 - lsl_manager - ERROR - Error pushing sample: length of the sample (16) must correspond to the stream's channel count (19).
2025-11-13 15:08:56,098 - lsl_manager - ERROR - Error pushing sample: length of the sample (16) must correspond to the stream's channel count (19).
2025-11-13 15:08:56,114 - lsl_manager - ERROR - Error pushing sample: length of the sample (16) must correspond to the stream's channel count (19).
2025-11-13 15:08:56,116 - lsl_manager - ERROR - Error pushing sample: length of the sample (16) must correspond to the stream's channel count (19).
2025-11-13 15:08:56,128 - __main__ - INFO - 
============================================================
2025-11-13 15:08:56,128 - __main__ - INFO - Total samples: 373
2025-11-13 15:08:56,128 - __main__ - INFO - LSL pushed: 0
2025-11-13 15:08:56,128 - __main__ - INFO - LSL rate: 0.00 Hz (0.0% of nominal)
2025-11-13 15:08:56,128 - __main__ - INFO - Saved: 0
2025-11-13 15:08:56,128 - __main__ - INFO - Buffer: 373
2025-11-13 15:08:56,128 - __main__ - INFO - ============================================================
2025-11-13 15:08:56,153 - lsl_manager - ERROR - Error pushing sample: length of the sample (16) must correspond to the stream's channel count (19).
2025-11-13 15:08:56,155 - lsl_manager - ERROR - Error pushing sample: length of the sample (16) must correspond to the stream's channel count (19).
2025-11-13 15:08:56,156 - lsl_manager - ERROR - Error pushing sample: length of the sample (16) must correspond to the stream's channel count (19).
2025-11-13 15:08:56,158 - lsl_manager - ERROR - Error pushing sample: length of the sample (16) must correspond to the stream's channel count (19).
2025-11-13 15:08:56,159 - lsl_manager - ERROR - Error pushing sample: length of the sample (16) must correspond to the stream's channel count (19).
2025-11-13 15:08:56,170 - lsl_manager - ERROR - Error pushing sample: length of the sample (16) must correspond to the stream's channel count (19).
2025-11-13 15:08:56,172 - lsl_manager - ERROR - Error pushing sample: length of the sample (16) must correspond to the stream's channel count (19).
2025-11-13 15:08:56,185 - lsl_manager - ERROR - Error pushing sample: length of the sample (16) must correspond to the stream's channel count (19).
2025-11-13 15:08:56,187 - lsl_manager - ERROR - Error pushing sample: length of the sample (16) must correspond to the stream's channel count (19).
2025-11-13 15:08:56,210 - lsl_manager - ERROR - Error pushing sample: length of the sample (16) must correspond to the stream's channel count (19).
2025-11-13 15:08:56,211 - lsl_manager - ERROR - Error pushing sample: length of the sample (16) must correspond to the stream's channel count (19).
2025-11-13 15:08:56,213 - lsl_manager - ERROR - Error pushing sample: length of the sample (16) must correspond to the stream's channel count (19).
2025-11-13 15:08:56,226 - lsl_manager - ERROR - Error pushing sample: length of the sample (16) must correspond to the stream's channel count (19).
2025-11-13 15:08:56,227 - lsl_manager - ERROR - Error pushing sample: length of the sample (16) must correspond to the stream's channel count (19).
2025-11-13 15:08:56,241 - lsl_manager - ERROR - Error pushing sample: length of the sample (16) must correspond to the stream's channel count (19).
2025-11-13 15:08:56,242 - lsl_manager - ERROR - Error pushing sample: length of the sample (16) must correspond to the stream's channel count (19).
2025-11-13 15:08:56,267 - lsl_manager - ERROR - Error pushing sample: length of the sample (16) must correspond to the stream's channel count (19).
2025-11-13 15:08:56,268 - lsl_manager - ERROR - Error pushing sample: length of the sample (16) must correspond to the stream's channel count (19).
2025-11-13 15:08:56,269 - lsl_manager - ERROR - Error pushing sample: length of the sample (16) must correspond to the stream's channel count (19).
2025-11-13 15:08:56,279 - lsl_manager - ERROR - Error pushing sample: length of the sample (16) must correspond to the stream's channel count (19).
2025-11-13 15:08:56,280 - lsl_manager - ERROR - Error pushing sample: length of the sample (16) must correspond to the stream's channel count (19).
2025-11-13 15:08:56,294 - lsl_manager - ERROR - Error pushing sample: length of the sample (16) must correspond to the stream's channel count (19).
2025-11-13 15:08:56,296 - lsl_manager - ERROR - Error pushing sample: length of the sample (16) must correspond to the stream's channel count (19).
2025-11-13 15:08:56,308 - lsl_manager - ERROR - Error pushing sample: length of the sample (16) must correspond to the stream's channel count (19).
2025-11-13 15:08:56,309 - lsl_manager - ERROR - Error pushing sample: length of the sample (16) must correspond to the stream's channel count (19).
2025-11-13 15:08:56,349 - lsl_manager - ERROR - Error pushing sample: length of the sample (16) must correspond to the stream's channel count (19).
2025-11-13 15:08:56,350 - lsl_manager - ERROR - Error pushing sample: length of the sample (16) must correspond to the stream's channel count (19).
2025-11-13 15:08:56,351 - lsl_manager - ERROR - Error pushing sample: length of the sample (16) must correspond to the stream's channel count (19).
2025-11-13 15:08:56,352 - lsl_manager - ERROR - Error pushing sample: length of the sample (16) must correspond to the stream's channel count (19).
2025-11-13 15:08:56,353 - lsl_manager - ERROR - Error pushing sample: length of the sample (16) must correspond to the stream's channel count (19).
2025-11-13 15:08:56,365 - lsl_manager - ERROR - Error pushing sample: length of the sample (16) must correspond to the stream's channel count (19).
2025-11-13 15:08:56,366 - lsl_manager - ERROR - Error pushing sample: length of the sample (16) must correspond to the stream's channel count (19).
2025-11-13 15:08:56,379 - lsl_manager - ERROR - Error pushing sample: length of the sample (16) must correspond to the stream's channel count (19).
2025-11-13 15:08:56,380 - lsl_manager - ERROR - Error pushing sample: length of the sample (16) must correspond to the stream's channel count (19).
2025-11-13 15:08:56,391 - lsl_manager - ERROR - Error pushing sample: length of the sample (16) must correspond to the stream's channel count (19).
2025-11-13 15:08:56,403 - lsl_manager - ERROR - Error pushing sample: length of the sample (16) must correspond to the stream's channel count (19).
2025-11-13 15:08:56,404 - lsl_manager - ERROR - Error pushing sample: length of the sample (16) must correspond to the stream's channel count (19).
2025-11-13 15:08:56,418 - lsl_manager - ERROR - Error pushing sample: length of the sample (16) must correspond to the stream's channel count (19).
2025-11-13 15:08:56,419 - lsl_manager - ERROR - Error pushing sample: length of the sample (16) must correspond to the stream's channel count (19).
2025-11-13 15:08:56,438 - lsl_manager - ERROR - Error pushing sample: length of the sample (16) must correspond to the stream's channel count (19).
2025-11-13 15:08:56,440 - lsl_manager - ERROR - Error pushing sample: length of the sample (16) must correspond to the stream's channel count (19).
2025-11-13 15:08:56,450 - lsl_manager - ERROR - Error pushing sample: length of the sample (16) must correspond to the stream's channel count (19).
2025-11-13 15:08:56,451 - lsl_manager - ERROR - Error pushing sample: length of the sample (16) must correspond to the stream's channel count (19).
2025-11-13 15:08:56,475 - lsl_manager - ERROR - Error pushing sample: length of the sample (16) must correspond to the stream's channel count (19).
2025-11-13 15:08:56,476 - lsl_manager - ERROR - Error pushing sample: length of the sample (16) must correspond to the stream's channel count (19).
2025-11-13 15:08:56,477 - lsl_manager - ERROR - Error pushing sample: length of the sample (16) must correspond to the stream's channel count (19).
2025-11-13 15:08:56,489 - lsl_manager - ERROR - Error pushing sample: length of the sample (16) must correspond to the stream's channel count (19).
2025-11-13 15:08:56,491 - lsl_manager - ERROR - Error pushing sample: length of the sample (16) must correspond to the stream's channel count (19).
2025-11-13 15:08:56,517 - lsl_manager - ERROR - Error pushing sample: length of the sample (16) must correspond to the stream's channel count (19).
2025-11-13 15:08:56,518 - lsl_manager - ERROR - Error pushing sample: length of the sample (16) must correspond to the stream's channel count (19).
2025-11-13 15:08:56,527 - lsl_manager - ERROR - Error pushing sample: length of the sample (16) must correspond to the stream's channel count (19).
2025-11-13 15:08:56,528 - lsl_manager - ERROR - Error pushing sample: length of the sample (16) must correspond to the stream's channel count (19).
2025-11-13 15:08:56,529 - lsl_manager - ERROR - Error pushing sample: length of the sample (16) must correspond to the stream's channel count (19).
2025-11-13 15:08:56,547 - lsl_manager - ERROR - Error pushing sample: length of the sample (16) must correspond to the stream's channel count (19).
2025-11-13 15:08:56,548 - lsl_manager - ERROR - Error pushing sample: length of the sample (16) must correspond to the stream's channel count (19).
2025-11-13 15:08:56,561 - lsl_manager - ERROR - Error pushing sample: length of the sample (16) must correspond to the stream's channel count (19).
2025-11-13 15:08:56,563 - lsl_manager - ERROR - Error pushing sample: length of the sample (16) must correspond to the stream's channel count (19).
2025-11-13 15:08:56,589 - lsl_manager - ERROR - Error pushing sample: length of the sample (16) must correspond to the stream's channel count (19).
2025-11-13 15:08:56,591 - lsl_manager - ERROR - Error pushing sample: length of the sample (16) must correspond to the stream's channel count (19).
2025-11-13 15:08:56,592 - lsl_manager - ERROR - Error pushing sample: length of the sample (16) must correspond to the stream's channel count (19).
2025-11-13 15:08:56,599 - lsl_manager - ERROR - Error pushing sample: length of the sample (16) must correspond to the stream's channel count (19).
2025-11-13 15:08:56,600 - lsl_manager - ERROR - Error pushing sample: length of the sample (16) must correspond to the stream's channel count (19).
2025-11-13 15:08:56,614 - lsl_manager - ERROR - Error pushing sample: length of the sample (16) must correspond to the stream's channel count (19).
2025-11-13 15:08:56,615 - lsl_manager - ERROR - Error pushing sample: length of the sample (16) must correspond to the stream's channel count (19).
2025-11-13 15:08:56,627 - lsl_manager - ERROR - Error pushing sample: length of the sample (16) must correspond to the stream's channel count (19).
2025-11-13 15:08:56,628 - lsl_manager - ERROR - Error pushing sample: length of the sample (16) must correspond to the stream's channel count (19).
2025-11-13 15:08:56,638 - lsl_manager - ERROR - Error pushing sample: length of the sample (16) must correspond to the stream's channel count (19).
2025-11-13 15:08:56,653 - lsl_manager - ERROR - Error pushing sample: length of the sample (16) must correspond to the stream's channel count (19).
2025-11-13 15:08:56,655 - lsl_manager - ERROR - Error pushing sample: length of the sample (16) must correspond to the stream's channel count (19).
2025-11-13 15:08:56,669 - lsl_manager - ERROR - Error pushing sample: length of the sample (16) must correspond to the stream's channel count (19).
2025-11-13 15:08:56,670 - lsl_manager - ERROR - Error pushing sample: length of the sample (16) must correspond to the stream's channel count (19).
2025-11-13 15:08:56,684 - lsl_manager - ERROR - Error pushing sample: length of the sample (16) must correspond to the stream's channel count (19).
2025-11-13 15:08:56,685 - lsl_manager - ERROR - Error pushing sample: length of the sample (16) must correspond to the stream's channel count (19).
2025-11-13 15:08:56,710 - lsl_manager - ERROR - Error pushing sample: length of the sample (16) must correspond to the stream's channel count (19).
2025-11-13 15:08:56,711 - lsl_manager - ERROR - Error pushing sample: length of the sample (16) must correspond to the stream's channel count (19).
2025-11-13 15:08:56,724 - lsl_manager - ERROR - Error pushing sample: length of the sample (16) must correspond to the stream's channel count (19).
2025-11-13 15:08:56,725 - lsl_manager - ERROR - Error pushing sample: length of the sample (16) must correspond to the stream's channel count (19).
2025-11-13 15:08:56,727 - lsl_manager - ERROR - Error pushing sample: length of the sample (16) must correspond to the stream's channel count (19).
2025-11-13 15:08:56,740 - lsl_manager - ERROR - Error pushing sample: length of the sample (16) must correspond to the stream's channel count (19).
2025-11-13 15:08:56,741 - lsl_manager - ERROR - Error pushing sample: length of the sample (16) must correspond to the stream's channel count (19).
2025-11-13 15:08:56,766 - lsl_manager - ERROR - Error pushing sample: length of the sample (16) must correspond to the stream's channel count (19).
2025-11-13 15:08:56,767 - lsl_manager - ERROR - Error pushing sample: length of the sample (16) must correspond to the stream's channel count (19).
2025-11-13 15:08:56,768 - lsl_manager - ERROR - Error pushing sample: length of the sample (16) must correspond to the stream's channel count (19).
2025-11-13 15:08:56,791 - lsl_manager - ERROR - Error pushing sample: length of the sample (16) must correspond to the stream's channel count (19).
2025-11-13 15:08:56,792 - lsl_manager - ERROR - Error pushing sample: length of the sample (16) must correspond to the stream's channel count (19).
2025-11-13 15:08:56,798 - lsl_manager - ERROR - Error pushing sample: length of the sample (16) must correspond to the stream's channel count (19).
2025-11-13 15:08:56,799 - lsl_manager - ERROR - Error pushing sample: length of the sample (16) must correspond to the stream's channel count (19).
2025-11-13 15:08:56,807 - lsl_manager - ERROR - Error pushing sample: length of the sample (16) must correspond to the stream's channel count (19).
2025-11-13 15:08:56,809 - lsl_manager - ERROR - Error pushing sample: length of the sample (16) must correspond to the stream's channel count (19).
2025-11-13 15:08:56,832 - lsl_manager - ERROR - Error pushing sample: length of the sample (16) must correspond to the stream's channel count (19).
2025-11-13 15:08:56,834 - lsl_manager - ERROR - Error pushing sample: length of the sample (16) must correspond to the stream's channel count (19).
2025-11-13 15:08:56,835 - lsl_manager - ERROR - Error pushing sample: length of the sample (16) must correspond to the stream's channel count (19).
2025-11-13 15:08:56,848 - lsl_manager - ERROR - Error pushing sample: length of the sample (16) must correspond to the stream's channel count (19).
2025-11-13 15:08:56,850 - lsl_manager - ERROR - Error pushing sample: length of the sample (16) must correspond to the stream's channel count (19).
2025-11-13 15:08:56,866 - lsl_manager - ERROR - Error pushing sample: length of the sample (16) must correspond to the stream's channel count (19).
2025-11-13 15:08:56,867 - lsl_manager - ERROR - Error pushing sample: length of the sample (16) must correspond to the stream's channel count (19).
2025-11-13 15:08:56,891 - lsl_manager - ERROR - Error pushing sample: length of the sample (16) must correspond to the stream's channel count (19).
2025-11-13 15:08:56,893 - lsl_manager - ERROR - Error pushing sample: length of the sample (16) must correspond to the stream's channel count (19).
2025-11-13 15:08:56,894 - lsl_manager - ERROR - Error pushing sample: length of the sample (16) must correspond to the stream's channel count (19).
2025-11-13 15:08:56,907 - lsl_manager - ERROR - Error pushing sample: length of the sample (16) must correspond to the stream's channel count (19).
2025-11-13 15:08:56,922 - lsl_manager - ERROR - Error pushing sample: length of the sample (16) must correspond to the stream's channel count (19).
2025-11-13 15:08:56,923 - lsl_manager - ERROR - Error pushing sample: length of the sample (16) must correspond to the stream's channel count (19).
2025-11-13 15:08:56,924 - lsl_manager - ERROR - Error pushing sample: length of the sample (16) must correspond to the stream's channel count (19).
2025-11-13 15:08:56,939 - lsl_manager - ERROR - Error pushing sample: length of the sample (16) must correspond to the stream's channel count (19).
2025-11-13 15:08:56,940 - lsl_manager - ERROR - Error pushing sample: length of the sample (16) must correspond to the stream's channel count (19).
2025-11-13 15:08:56,962 - lsl_manager - ERROR - Error pushing sample: length of the sample (16) must correspond to the stream's channel count (19).
2025-11-13 15:08:56,963 - lsl_manager - ERROR - Error pushing sample: length of the sample (16) must correspond to the stream's channel count (19).
2025-11-13 15:08:56,964 - lsl_manager - ERROR - Error pushing sample: length of the sample (16) must correspond to the stream's channel count (19).
2025-11-13 15:08:56,973 - lsl_manager - ERROR - Error pushing sample: length of the sample (16) must correspond to the stream's channel count (19).
2025-11-13 15:08:56,975 - lsl_manager - ERROR - Error pushing sample: length of the sample (16) must correspond to the stream's channel count (19).
2025-11-13 15:08:56,990 - lsl_manager - ERROR - Error pushing sample: length of the sample (16) must correspond to the stream's channel count (19).
2025-11-13 15:08:56,992 - lsl_manager - ERROR - Error pushing sample: length of the sample (16) must correspond to the stream's channel count (19).
2025-11-13 15:08:57,016 - lsl_manager - ERROR - Error pushing sample: length of the sample (16) must correspond to the stream's channel count (19).
2025-11-13 15:08:57,017 - lsl_manager - ERROR - Error pushing sample: length of the sample (16) must correspond to the stream's channel count (19).
2025-11-13 15:08:57,018 - lsl_manager - ERROR - Error pushing sample: length of the sample (16) must correspond to the stream's channel count (19).
2025-11-13 15:08:57,030 - lsl_manager - ERROR - Error pushing sample: length of the sample (16) must correspond to the stream's channel count (19).
2025-11-13 15:08:57,031 - lsl_manager - ERROR - Error pushing sample: length of the sample (16) must correspond to the stream's channel count (19).
2025-11-13 15:08:57,045 - lsl_manager - ERROR - Error pushing sample: length of the sample (16) must correspond to the stream's channel count (19).
2025-11-13 15:08:57,046 - lsl_manager - ERROR - Error pushing sample: length of the sample (16) must correspond to the stream's channel count (19).
2025-11-13 15:08:57,061 - lsl_manager - ERROR - Error pushing sample: length of the sample (16) must correspond to the stream's channel count (19).
2025-11-13 15:08:57,063 - lsl_manager - ERROR - Error pushing sample: length of the sample (16) must correspond to the stream's channel count (19).
2025-11-13 15:08:57,086 - lsl_manager - ERROR - Error pushing sample: length of the sample (16) must correspond to the stream's channel count (19).
2025-11-13 15:08:57,087 - lsl_manager - ERROR - Error pushing sample: length of the sample (16) must correspond to the stream's channel count (19).
2025-11-13 15:08:57,089 - lsl_manager - ERROR - Error pushing sample: length of the sample (16) must correspond to the stream's channel count (19).
2025-11-13 15:08:57,115 - lsl_manager - ERROR - Error pushing sample: length of the sample (16) must correspond to the stream's channel count (19).
2025-11-13 15:08:57,118 - lsl_manager - ERROR - Error pushing sample: length of the sample (16) must correspond to the stream's channel count (19).
2025-11-13 15:08:57,120 - lsl_manager - ERROR - Error pushing sample: length of the sample (16) must correspond to the stream's channel count (19).
2025-11-13 15:08:57,122 - lsl_manager - ERROR - Error pushing sample: length of the sample (16) must correspond to the stream's channel count (19).
2025-11-13 15:08:57,129 - __main__ - INFO - 
============================================================
2025-11-13 15:08:57,129 - __main__ - INFO - Total samples: 501
2025-11-13 15:08:57,129 - __main__ - INFO - LSL pushed: 0
2025-11-13 15:08:57,129 - __main__ - INFO - LSL rate: 0.00 Hz (0.0% of nominal)
2025-11-13 15:08:57,129 - __main__ - INFO - Saved: 0
2025-11-13 15:08:57,129 - __main__ - INFO - Buffer: 501
2025-11-13 15:08:57,129 - __main__ - INFO - ============================================================
2025-11-13 15:08:57,145 - lsl_manager - ERROR - Error pushing sample: length of the sample (16) must correspond to the stream's channel count (19).
2025-11-13 15:08:57,146 - lsl_manager - ERROR - Error pushing sample: length of the sample (16) must correspond to the stream's channel count (19).
2025-11-13 15:08:57,148 - lsl_manager - ERROR - Error pushing sample: length of the sample (16) must correspond to the stream's channel count (19).
2025-11-13 15:08:57,154 - lsl_manager - ERROR - Error pushing sample: length of the sample (16) must correspond to the stream's channel count (19).
2025-11-13 15:08:57,155 - lsl_manager - ERROR - Error pushing sample: length of the sample (16) must correspond to the stream's channel count (19).
2025-11-13 15:08:57,170 - lsl_manager - ERROR - Error pushing sample: length of the sample (16) must correspond to the stream's channel count (19).
2025-11-13 15:08:57,172 - lsl_manager - ERROR - Error pushing sample: length of the sample (16) must correspond to the stream's channel count (19).
2025-11-13 15:08:57,182 - lsl_manager - ERROR - Error pushing sample: length of the sample (16) must correspond to the stream's channel count (19).
2025-11-13 15:08:57,184 - lsl_manager - ERROR - Error pushing sample: length of the sample (16) must correspond to the stream's channel count (19).
2025-11-13 15:08:57,209 - lsl_manager - ERROR - Error pushing sample: length of the sample (16) must correspond to the stream's channel count (19).
2025-11-13 15:08:57,210 - lsl_manager - ERROR - Error pushing sample: length of the sample (16) must correspond to the stream's channel count (19).
2025-11-13 15:08:57,212 - lsl_manager - ERROR - Error pushing sample: length of the sample (16) must correspond to the stream's channel count (19).
2025-11-13 15:08:57,225 - lsl_manager - ERROR - Error pushing sample: length of the sample (16) must correspond to the stream's channel count (19).
2025-11-13 15:08:57,226 - lsl_manager - ERROR - Error pushing sample: length of the sample (16) must correspond to the stream's channel count (19).
2025-11-13 15:08:57,240 - lsl_manager - ERROR - Error pushing sample: length of the sample (16) must correspond to the stream's channel count (19).
2025-11-13 15:08:57,241 - lsl_manager - ERROR - Error pushing sample: length of the sample (16) must correspond to the stream's channel count (19).
2025-11-13 15:08:57,264 - lsl_manager - ERROR - Error pushing sample: length of the sample (16) must correspond to the stream's channel count (19).
2025-11-13 15:08:57,266 - lsl_manager - ERROR - Error pushing sample: length of the sample (16) must correspond to the stream's channel count (19).
2025-11-13 15:08:57,267 - lsl_manager - ERROR - Error pushing sample: length of the sample (16) must correspond to the stream's channel count (19).
2025-11-13 15:08:57,282 - lsl_manager - ERROR - Error pushing sample: length of the sample (16) must correspond to the stream's channel count (19).
2025-11-13 15:08:57,283 - lsl_manager - ERROR - Error pushing sample: length of the sample (16) must correspond to the stream's channel count (19).
2025-11-13 15:08:57,296 - lsl_manager - ERROR - Error pushing sample: length of the sample (16) must correspond to the stream's channel count (19).
2025-11-13 15:08:57,311 - lsl_manager - ERROR - Error pushing sample: length of the sample (16) must correspond to the stream's channel count (19).
2025-11-13 15:08:57,313 - lsl_manager - ERROR - Error pushing sample: length of the sample (16) must correspond to the stream's channel count (19).
2025-11-13 15:08:57,314 - lsl_manager - ERROR - Error pushing sample: length of the sample (16) must correspond to the stream's channel count (19).
2025-11-13 15:08:57,336 - lsl_manager - ERROR - Error pushing sample: length of the sample (16) must correspond to the stream's channel count (19).
2025-11-13 15:08:57,338 - lsl_manager - ERROR - Error pushing sample: length of the sample (16) must correspond to the stream's channel count (19).
2025-11-13 15:08:57,339 - lsl_manager - ERROR - Error pushing sample: length of the sample (16) must correspond to the stream's channel count (19).
2025-11-13 15:08:57,347 - lsl_manager - ERROR - Error pushing sample: length of the sample (16) must correspond to the stream's channel count (19).
2025-11-13 15:08:57,349 - lsl_manager - ERROR - Error pushing sample: length of the sample (16) must correspond to the stream's channel count (19).
2025-11-13 15:08:57,363 - lsl_manager - ERROR - Error pushing sample: length of the sample (16) must correspond to the stream's channel count (19).
2025-11-13 15:08:57,364 - lsl_manager - ERROR - Error pushing sample: length of the sample (16) must correspond to the stream's channel count (19).
2025-11-13 15:08:57,387 - lsl_manager - ERROR - Error pushing sample: length of the sample (16) must correspond to the stream's channel count (19).
2025-11-13 15:08:57,389 - lsl_manager - ERROR - Error pushing sample: length of the sample (16) must correspond to the stream's channel count (19).
2025-11-13 15:08:57,390 - lsl_manager - ERROR - Error pushing sample: length of the sample (16) must correspond to the stream's channel count (19).
2025-11-13 15:08:57,413 - lsl_manager - ERROR - Error pushing sample: length of the sample (16) must correspond to the stream's channel count (19).
2025-11-13 15:08:57,414 - lsl_manager - ERROR - Error pushing sample: length of the sample (16) must correspond to the stream's channel count (19).
2025-11-13 15:08:57,435 - lsl_manager - ERROR - Error pushing sample: length of the sample (16) must correspond to the stream's channel count (19).
2025-11-13 15:08:57,436 - lsl_manager - ERROR - Error pushing sample: length of the sample (16) must correspond to the stream's channel count (19).
2025-11-13 15:08:57,439 - lsl_manager - ERROR - Error pushing sample: length of the sample (16) must correspond to the stream's channel count (19).
2025-11-13 15:08:57,442 - lsl_manager - ERROR - Error pushing sample: length of the sample (16) must correspond to the stream's channel count (19).
2025-11-13 15:08:57,465 - lsl_manager - ERROR - Error pushing sample: length of the sample (16) must correspond to the stream's channel count (19).
2025-11-13 15:08:57,467 - lsl_manager - ERROR - Error pushing sample: length of the sample (16) must correspond to the stream's channel count (19).
2025-11-13 15:08:57,468 - lsl_manager - ERROR - Error pushing sample: length of the sample (16) must correspond to the stream's channel count (19).
2025-11-13 15:08:57,474 - lsl_manager - ERROR - Error pushing sample: length of the sample (16) must correspond to the stream's channel count (19).
2025-11-13 15:08:57,475 - lsl_manager - ERROR - Error pushing sample: length of the sample (16) must correspond to the stream's channel count (19).
2025-11-13 15:08:57,488 - lsl_manager - ERROR - Error pushing sample: length of the sample (16) must correspond to the stream's channel count (19).
2025-11-13 15:08:57,502 - lsl_manager - ERROR - Error pushing sample: length of the sample (16) must correspond to the stream's channel count (19).
2025-11-13 15:08:57,504 - lsl_manager - ERROR - Error pushing sample: length of the sample (16) must correspond to the stream's channel count (19).
2025-11-13 15:08:57,506 - lsl_manager - ERROR - Error pushing sample: length of the sample (16) must correspond to the stream's channel count (19).
2025-11-13 15:08:57,512 - lsl_manager - ERROR - Error pushing sample: length of the sample (16) must correspond to the stream's channel count (19).
2025-11-13 15:08:57,536 - lsl_manager - ERROR - Error pushing sample: length of the sample (16) must correspond to the stream's channel count (19).
2025-11-13 15:08:57,537 - lsl_manager - ERROR - Error pushing sample: length of the sample (16) must correspond to the stream's channel count (19).
2025-11-13 15:08:57,543 - lsl_manager - ERROR - Error pushing sample: length of the sample (16) must correspond to the stream's channel count (19).
2025-11-13 15:08:57,544 - lsl_manager - ERROR - Error pushing sample: length of the sample (16) must correspond to the stream's channel count (19).
2025-11-13 15:08:57,558 - lsl_manager - ERROR - Error pushing sample: length of the sample (16) must correspond to the stream's channel count (19).
2025-11-13 15:08:57,559 - lsl_manager - ERROR - Error pushing sample: length of the sample (16) must correspond to the stream's channel count (19).
2025-11-13 15:08:57,585 - lsl_manager - ERROR - Error pushing sample: length of the sample (16) must correspond to the stream's channel count (19).
2025-11-13 15:08:57,587 - lsl_manager - ERROR - Error pushing sample: length of the sample (16) must correspond to the stream's channel count (19).
2025-11-13 15:08:57,588 - lsl_manager - ERROR - Error pushing sample: length of the sample (16) must correspond to the stream's channel count (19).
2025-11-13 15:08:57,599 - lsl_manager - ERROR - Error pushing sample: length of the sample (16) must correspond to the stream's channel count (19).
2025-11-13 15:08:57,600 - lsl_manager - ERROR - Error pushing sample: length of the sample (16) must correspond to the stream's channel count (19).
2025-11-13 15:08:57,614 - lsl_manager - ERROR - Error pushing sample: length of the sample (16) must correspond to the stream's channel count (19).
2025-11-13 15:08:57,616 - lsl_manager - ERROR - Error pushing sample: length of the sample (16) must correspond to the stream's channel count (19).
2025-11-13 15:08:57,640 - lsl_manager - ERROR - Error pushing sample: length of the sample (16) must correspond to the stream's channel count (19).
2025-11-13 15:08:57,642 - lsl_manager - ERROR - Error pushing sample: length of the sample (16) must correspond to the stream's channel count (19).
2025-11-13 15:08:57,643 - lsl_manager - ERROR - Error pushing sample: length of the sample (16) must correspond to the stream's channel count (19).
2025-11-13 15:08:57,656 - lsl_manager - ERROR - Error pushing sample: length of the sample (16) must correspond to the stream's channel count (19).
2025-11-13 15:08:57,658 - lsl_manager - ERROR - Error pushing sample: length of the sample (16) must correspond to the stream's channel count (19).
2025-11-13 15:08:57,670 - lsl_manager - ERROR - Error pushing sample: length of the sample (16) must correspond to the stream's channel count (19).
2025-11-13 15:08:57,671 - lsl_manager - ERROR - Error pushing sample: length of the sample (16) must correspond to the stream's channel count (19).
2025-11-13 15:08:57,689 - lsl_manager - ERROR - Error pushing sample: length of the sample (16) must correspond to the stream's channel count (19).
2025-11-13 15:08:57,692 - lsl_manager - ERROR - Error pushing sample: length of the sample (16) must correspond to the stream's channel count (19).
2025-11-13 15:08:57,694 - lsl_manager - ERROR - Error pushing sample: length of the sample (16) must correspond to the stream's channel count (19).
2025-11-13 15:08:57,708 - lsl_manager - ERROR - Error pushing sample: length of the sample (16) must correspond to the stream's channel count (19).
2025-11-13 15:08:57,709 - lsl_manager - ERROR - Error pushing sample: length of the sample (16) must correspond to the stream's channel count (19).
2025-11-13 15:08:57,723 - lsl_manager - ERROR - Error pushing sample: length of the sample (16) must correspond to the stream's channel count (19).
2025-11-13 15:08:57,724 - lsl_manager - ERROR - Error pushing sample: length of the sample (16) must correspond to the stream's channel count (19).
2025-11-13 15:08:57,751 - lsl_manager - ERROR - Error pushing sample: length of the sample (16) must correspond to the stream's channel count (19).
2025-11-13 15:08:57,753 - lsl_manager - ERROR - Error pushing sample: length of the sample (16) must correspond to the stream's channel count (19).
2025-11-13 15:08:57,767 - lsl_manager - ERROR - Error pushing sample: length of the sample (16) must correspond to the stream's channel count (19).
2025-11-13 15:08:57,768 - lsl_manager - ERROR - Error pushing sample: length of the sample (16) must correspond to the stream's channel count (19).
2025-11-13 15:08:57,769 - lsl_manager - ERROR - Error pushing sample: length of the sample (16) must correspond to the stream's channel count (19).
2025-11-13 15:08:57,781 - lsl_manager - ERROR - Error pushing sample: length of the sample (16) must correspond to the stream's channel count (19).
2025-11-13 15:08:57,782 - lsl_manager - ERROR - Error pushing sample: length of the sample (16) must correspond to the stream's channel count (19).
2025-11-13 15:08:57,795 - lsl_manager - ERROR - Error pushing sample: length of the sample (16) must correspond to the stream's channel count (19).
2025-11-13 15:08:57,797 - lsl_manager - ERROR - Error pushing sample: length of the sample (16) must correspond to the stream's channel count (19).
2025-11-13 15:08:57,810 - lsl_manager - ERROR - Error pushing sample: length of the sample (16) must correspond to the stream's channel count (19).
2025-11-13 15:08:57,812 - lsl_manager - ERROR - Error pushing sample: length of the sample (16) must correspond to the stream's channel count (19).
2025-11-13 15:08:57,836 - lsl_manager - ERROR - Error pushing sample: length of the sample (16) must correspond to the stream's channel count (19).
2025-11-13 15:08:57,838 - lsl_manager - ERROR - Error pushing sample: length of the sample (16) must correspond to the stream's channel count (19).
2025-11-13 15:08:57,840 - lsl_manager - ERROR - Error pushing sample: length of the sample (16) must correspond to the stream's channel count (19).
2025-11-13 15:08:57,850 - lsl_manager - ERROR - Error pushing sample: length of the sample (16) must correspond to the stream's channel count (19).
2025-11-13 15:08:57,851 - lsl_manager - ERROR - Error pushing sample: length of the sample (16) must correspond to the stream's channel count (19).
2025-11-13 15:08:57,865 - lsl_manager - ERROR - Error pushing sample: length of the sample (16) must correspond to the stream's channel count (19).
2025-11-13 15:08:57,867 - lsl_manager - ERROR - Error pushing sample: length of the sample (16) must correspond to the stream's channel count (19).
2025-11-13 15:08:57,891 - lsl_manager - ERROR - Error pushing sample: length of the sample (16) must correspond to the stream's channel count (19).
2025-11-13 15:08:57,905 - lsl_manager - ERROR - Error pushing sample: length of the sample (16) must correspond to the stream's channel count (19).
2025-11-13 15:08:57,906 - lsl_manager - ERROR - Error pushing sample: length of the sample (16) must correspond to the stream's channel count (19).
2025-11-13 15:08:57,908 - lsl_manager - ERROR - Error pushing sample: length of the sample (16) must correspond to the stream's channel count (19).
2025-11-13 15:08:57,909 - lsl_manager - ERROR - Error pushing sample: length of the sample (16) must correspond to the stream's channel count (19).
2025-11-13 15:08:57,920 - lsl_manager - ERROR - Error pushing sample: length of the sample (16) must correspond to the stream's channel count (19).
2025-11-13 15:08:57,922 - lsl_manager - ERROR - Error pushing sample: length of the sample (16) must correspond to the stream's channel count (19).
2025-11-13 15:08:57,935 - lsl_manager - ERROR - Error pushing sample: length of the sample (16) must correspond to the stream's channel count (19).
2025-11-13 15:08:57,936 - lsl_manager - ERROR - Error pushing sample: length of the sample (16) must correspond to the stream's channel count (19).
2025-11-13 15:08:57,942 - lsl_manager - ERROR - Error pushing sample: length of the sample (16) must correspond to the stream's channel count (19).
2025-11-13 15:08:57,966 - lsl_manager - ERROR - Error pushing sample: length of the sample (16) must correspond to the stream's channel count (19).
2025-11-13 15:08:57,967 - lsl_manager - ERROR - Error pushing sample: length of the sample (16) must correspond to the stream's channel count (19).
2025-11-13 15:08:57,973 - lsl_manager - ERROR - Error pushing sample: length of the sample (16) must correspond to the stream's channel count (19).
2025-11-13 15:08:57,974 - lsl_manager - ERROR - Error pushing sample: length of the sample (16) must correspond to the stream's channel count (19).
2025-11-13 15:08:57,988 - lsl_manager - ERROR - Error pushing sample: length of the sample (16) must correspond to the stream's channel count (19).
2025-11-13 15:08:57,989 - lsl_manager - ERROR - Error pushing sample: length of the sample (16) must correspond to the stream's channel count (19).
2025-11-13 15:08:58,014 - __main__ - INFO - 
Received interrupt signal. Shutting down...
2025-11-13 15:08:58,015 - __main__ - INFO - 
Stopping components...
2025-11-13 15:08:58,036 - shimmer_device - INFO - Stopped data streaming
2025-11-13 15:08:58,036 - shimmer_device - INFO - Shimmer device shutdown
2025-11-13 15:08:58,036 - shimmer_device - INFO - Disconnected from Shimmer device
2025-11-13 15:08:58,036 - __main__ - INFO - Device disconnected
2025-11-13 15:08:58,043 - data_saver - INFO - Stopped saving. Total samples saved: 613
2025-11-13 15:08:58,043 - __main__ - INFO - Data saving stopped
2025-11-13 15:08:58,043 - __main__ - INFO - Final LSL statistics: {'samples_pushed': 0, 'elapsed_time': 5.968793153762817, 'effective_rate': 0.0, 'nominal_rate': 128.0, 'rate_accuracy': 0.0}
2025-11-13 15:08:58,043 - lsl_manager - INFO - Destroying LSL outlet. Statistics: {'samples_pushed': 0, 'elapsed_time': 5.968793153762817, 'effective_rate': 0.0, 'nominal_rate': 128.0, 'rate_accuracy': 0.0}
2025-11-13 15:08:58,069 - __main__ - INFO - LSL outlet destroyed
2025-11-13 15:08:58,069 - __main__ - INFO - 
============================================================
2025-11-13 15:08:58,069 - __main__ - INFO - Session ended. Total samples processed: 613
2025-11-13 15:08:58,069 - __main__ - INFO - ============================================================
2025-11-13 15:08:58,069 - __main__ - INFO - 
Stopping components...
2025-11-13 15:08:58,069 - shimmer_device - ERROR - Error during disconnect: byref() argument must be a ctypes instance, not 'NoneType'
2025-11-13 15:08:58,069 - __main__ - INFO - Device disconnected
2025-11-13 15:08:58,071 - data_saver - INFO - Stopped saving. Total samples saved: 613
2025-11-13 15:08:58,071 - __main__ - INFO - Data saving stopped
2025-11-13 15:08:58,071 - __main__ - INFO - Final LSL statistics: {}
2025-11-13 15:08:58,071 - __main__ - INFO - LSL outlet destroyed
2025-11-13 15:08:58,071 - __main__ - INFO - 
============================================================
2025-11-13 15:08:58,071 - __main__ - INFO - Session ended. Total samples processed: 613
2025-11-13 15:08:58,071 - __main__ - INFO - ============================================================
2025-11-13 15:08:58,072 - shimmer_device - ERROR - Error during disconnect: byref() argument must be a ctypes instance, not 'NoneType'
