2025-11-13 11:20:24,738 - __main__ - INFO - ============================================================
2025-11-13 11:20:24,738 - __main__ - INFO - Shimmer GSR+ LSL Integration
2025-11-13 11:20:24,738 - __main__ - INFO - ============================================================
2025-11-13 11:20:24,738 - __main__ - INFO - 
[1/4] Initializing Shimmer GSR+ device...
2025-11-13 11:20:24,739 - shimmer_device - INFO - Attempting to connect to Shimmer on COM6...
2025-11-13 11:20:26,591 - shimmer_device - INFO - Initializing Shimmer device...
2025-11-13 11:20:26,646 - shimmer_device - INFO - Successfully connected and initialized Shimmer on COM6
2025-11-13 11:20:26,646 - shimmer_device - INFO - Channel names: ['GSR_Skin_Conductance', 'GSR_Skin_Resistance', 'Battery_Voltage']
2025-11-13 11:20:26,646 - __main__ - INFO - Device info: {'sampling_rate': 128.0, 'enabled_sensors': ['gsr', 'battery'], 'channel_names': ['GSR_Skin_Conductance', 'GSR_Skin_Resistance', 'Battery_Voltage'], 'com_port': 'COM6'}
2025-11-13 11:20:26,646 - __main__ - INFO - Channels: ['GSR_Skin_Conductance', 'GSR_Skin_Resistance', 'Battery_Voltage']
2025-11-13 11:20:26,646 - __main__ - INFO - Sampling rate: 128.0 Hz
2025-11-13 11:20:26,646 - __main__ - INFO - 
[2/4] Initializing LSL stream...
2025-11-13 11:20:26,646 - lsl_manager - INFO - Creating LSL stream: ShimmerGSR
2025-11-13 11:20:26,646 - lsl_manager - INFO - Channels: 3, Sampling rate: 128.0 Hz
2025-11-13 11:20:26,661 - lsl_manager - INFO - Added metadata to LSL stream
2025-11-13 11:20:26,675 - lsl_manager - INFO - LSL outlet created successfully: ShimmerGSR
2025-11-13 11:20:26,675 - __main__ - INFO - 
[3/4] Initializing data saver...
2025-11-13 11:20:26,676 - data_saver - INFO - Created CSV file: ./data\shimmer_gsr_20251113_112026.csv
2025-11-13 11:20:26,676 - data_saver - INFO - Saved metadata to: ./data\shimmer_gsr_20251113_112026_metadata.json
2025-11-13 11:20:26,677 - data_saver - INFO - Started saving data to: ./data\shimmer_gsr_20251113_112026.csv
2025-11-13 11:20:26,677 - __main__ - INFO - 
[4/4] Starting data streaming...
2025-11-13 11:20:26,677 - shimmer_device - INFO - Starting data streaming...
2025-11-13 11:20:26,733 - shimmer_device - INFO - Data streaming started successfully
2025-11-13 11:20:26,733 - __main__ - INFO - 
============================================================
2025-11-13 11:20:26,733 - __main__ - INFO - Initialization complete! Ready to stream data.
2025-11-13 11:20:26,733 - __main__ - INFO - ============================================================

2025-11-13 11:20:26,733 - __main__ - INFO - Starting data acquisition loop...
2025-11-13 11:20:26,733 - __main__ - INFO - Press Ctrl+C to stop

2025-11-13 11:20:27,734 - __main__ - INFO - 
============================================================
2025-11-13 11:20:27,734 - __main__ - INFO - Total samples: 128
2025-11-13 11:20:27,734 - __main__ - INFO - LSL pushed: 128
2025-11-13 11:20:27,734 - __main__ - INFO - LSL rate: 120.82 Hz (94.4% of nominal)
2025-11-13 11:20:27,734 - __main__ - INFO - Saved: 0
2025-11-13 11:20:27,734 - __main__ - INFO - Buffer: 128
2025-11-13 11:20:27,734 - __main__ - INFO - ============================================================
2025-11-13 11:20:28,735 - __main__ - INFO - 
============================================================
2025-11-13 11:20:28,735 - __main__ - INFO - Total samples: 255
2025-11-13 11:20:28,735 - __main__ - INFO - LSL pushed: 255
2025-11-13 11:20:28,735 - __main__ - INFO - LSL rate: 123.81 Hz (96.7% of nominal)
2025-11-13 11:20:28,735 - __main__ - INFO - Saved: 0
2025-11-13 11:20:28,735 - __main__ - INFO - Buffer: 255
2025-11-13 11:20:28,735 - __main__ - INFO - ============================================================
2025-11-13 11:20:29,736 - __main__ - INFO - 
============================================================
2025-11-13 11:20:29,736 - __main__ - INFO - Total samples: 383
2025-11-13 11:20:29,736 - __main__ - INFO - LSL pushed: 383
2025-11-13 11:20:29,736 - __main__ - INFO - LSL rate: 125.14 Hz (97.8% of nominal)
2025-11-13 11:20:29,736 - __main__ - INFO - Saved: 0
2025-11-13 11:20:29,736 - __main__ - INFO - Buffer: 383
2025-11-13 11:20:29,736 - __main__ - INFO - ============================================================
2025-11-13 11:20:30,736 - __main__ - INFO - 
============================================================
2025-11-13 11:20:30,736 - __main__ - INFO - Total samples: 510
2025-11-13 11:20:30,736 - __main__ - INFO - LSL pushed: 510
2025-11-13 11:20:30,736 - __main__ - INFO - LSL rate: 125.60 Hz (98.1% of nominal)
2025-11-13 11:20:30,736 - __main__ - INFO - Saved: 0
2025-11-13 11:20:30,736 - __main__ - INFO - Buffer: 510
2025-11-13 11:20:30,736 - __main__ - INFO - ============================================================
2025-11-13 11:20:31,736 - __main__ - INFO - 
============================================================
2025-11-13 11:20:31,736 - __main__ - INFO - Total samples: 640
2025-11-13 11:20:31,736 - __main__ - INFO - LSL pushed: 640
2025-11-13 11:20:31,736 - __main__ - INFO - LSL rate: 126.45 Hz (98.8% of nominal)
2025-11-13 11:20:31,736 - __main__ - INFO - Saved: 0
2025-11-13 11:20:31,736 - __main__ - INFO - Buffer: 640
2025-11-13 11:20:31,736 - __main__ - INFO - ============================================================
2025-11-13 11:20:32,737 - __main__ - INFO - 
============================================================
2025-11-13 11:20:32,737 - __main__ - INFO - Total samples: 768
2025-11-13 11:20:32,737 - __main__ - INFO - LSL pushed: 768
2025-11-13 11:20:32,737 - __main__ - INFO - LSL rate: 126.70 Hz (99.0% of nominal)
2025-11-13 11:20:32,737 - __main__ - INFO - Saved: 0
2025-11-13 11:20:32,737 - __main__ - INFO - Buffer: 768
2025-11-13 11:20:32,737 - __main__ - INFO - ============================================================
2025-11-13 11:20:33,737 - __main__ - INFO - 
============================================================
2025-11-13 11:20:33,737 - __main__ - INFO - Total samples: 895
2025-11-13 11:20:33,737 - __main__ - INFO - LSL pushed: 895
2025-11-13 11:20:33,737 - __main__ - INFO - LSL rate: 126.74 Hz (99.0% of nominal)
2025-11-13 11:20:33,737 - __main__ - INFO - Saved: 0
2025-11-13 11:20:33,737 - __main__ - INFO - Buffer: 895
2025-11-13 11:20:33,737 - __main__ - INFO - ============================================================
2025-11-13 11:20:34,737 - __main__ - INFO - 
============================================================
2025-11-13 11:20:34,737 - __main__ - INFO - Total samples: 1023
2025-11-13 11:20:34,737 - __main__ - INFO - LSL pushed: 1023
2025-11-13 11:20:34,737 - __main__ - INFO - LSL rate: 126.89 Hz (99.1% of nominal)
2025-11-13 11:20:34,737 - __main__ - INFO - Saved: 1000
2025-11-13 11:20:34,737 - __main__ - INFO - Buffer: 23
2025-11-13 11:20:34,737 - __main__ - INFO - ============================================================
2025-11-13 11:20:35,738 - __main__ - INFO - 
============================================================
2025-11-13 11:20:35,738 - __main__ - INFO - Total samples: 1147
2025-11-13 11:20:35,738 - __main__ - INFO - LSL pushed: 1147
2025-11-13 11:20:35,738 - __main__ - INFO - LSL rate: 126.56 Hz (98.9% of nominal)
2025-11-13 11:20:35,738 - __main__ - INFO - Saved: 1000
2025-11-13 11:20:35,738 - __main__ - INFO - Buffer: 147
2025-11-13 11:20:35,738 - __main__ - INFO - ============================================================
2025-11-13 11:20:36,739 - __main__ - INFO - 
============================================================
2025-11-13 11:20:36,739 - __main__ - INFO - Total samples: 1280
2025-11-13 11:20:36,739 - __main__ - INFO - LSL pushed: 1280
2025-11-13 11:20:36,739 - __main__ - INFO - LSL rate: 127.19 Hz (99.4% of nominal)
2025-11-13 11:20:36,739 - __main__ - INFO - Saved: 1000
2025-11-13 11:20:36,739 - __main__ - INFO - Buffer: 280
2025-11-13 11:20:36,739 - __main__ - INFO - ============================================================
2025-11-13 11:20:37,739 - __main__ - INFO - 
============================================================
2025-11-13 11:20:37,739 - __main__ - INFO - Total samples: 1408
2025-11-13 11:20:37,739 - __main__ - INFO - LSL pushed: 1408
2025-11-13 11:20:37,739 - __main__ - INFO - LSL rate: 127.26 Hz (99.4% of nominal)
2025-11-13 11:20:37,739 - __main__ - INFO - Saved: 1000
2025-11-13 11:20:37,739 - __main__ - INFO - Buffer: 408
2025-11-13 11:20:37,739 - __main__ - INFO - ============================================================
2025-11-13 11:20:38,739 - __main__ - INFO - 
============================================================
2025-11-13 11:20:38,739 - __main__ - INFO - Total samples: 1536
2025-11-13 11:20:38,739 - __main__ - INFO - LSL pushed: 1536
2025-11-13 11:20:38,739 - __main__ - INFO - LSL rate: 127.32 Hz (99.5% of nominal)
2025-11-13 11:20:38,739 - __main__ - INFO - Saved: 1000
2025-11-13 11:20:38,739 - __main__ - INFO - Buffer: 536
2025-11-13 11:20:38,739 - __main__ - INFO - ============================================================
2025-11-13 11:20:39,740 - __main__ - INFO - 
============================================================
2025-11-13 11:20:39,740 - __main__ - INFO - Total samples: 1662
2025-11-13 11:20:39,740 - __main__ - INFO - LSL pushed: 1662
2025-11-13 11:20:39,740 - __main__ - INFO - LSL rate: 127.21 Hz (99.4% of nominal)
2025-11-13 11:20:39,740 - __main__ - INFO - Saved: 1000
2025-11-13 11:20:39,740 - __main__ - INFO - Buffer: 662
2025-11-13 11:20:39,740 - __main__ - INFO - ============================================================
2025-11-13 11:20:40,741 - __main__ - INFO - 
============================================================
2025-11-13 11:20:40,741 - __main__ - INFO - Total samples: 1792
2025-11-13 11:20:40,741 - __main__ - INFO - LSL pushed: 1792
2025-11-13 11:20:40,741 - __main__ - INFO - LSL rate: 127.40 Hz (99.5% of nominal)
2025-11-13 11:20:40,741 - __main__ - INFO - Saved: 1000
2025-11-13 11:20:40,741 - __main__ - INFO - Buffer: 792
2025-11-13 11:20:40,741 - __main__ - INFO - ============================================================
2025-11-13 11:20:41,743 - __main__ - INFO - 
============================================================
2025-11-13 11:20:41,743 - __main__ - INFO - Total samples: 1920
2025-11-13 11:20:41,743 - __main__ - INFO - LSL pushed: 1920
2025-11-13 11:20:41,743 - __main__ - INFO - LSL rate: 127.43 Hz (99.6% of nominal)
2025-11-13 11:20:41,743 - __main__ - INFO - Saved: 1000
2025-11-13 11:20:41,743 - __main__ - INFO - Buffer: 920
2025-11-13 11:20:41,743 - __main__ - INFO - ============================================================
2025-11-13 11:20:42,743 - __main__ - INFO - 
============================================================
2025-11-13 11:20:42,743 - __main__ - INFO - Total samples: 2047
2025-11-13 11:20:42,743 - __main__ - INFO - LSL pushed: 2047
2025-11-13 11:20:42,743 - __main__ - INFO - LSL rate: 127.39 Hz (99.5% of nominal)
2025-11-13 11:20:42,743 - __main__ - INFO - Saved: 2000
2025-11-13 11:20:42,743 - __main__ - INFO - Buffer: 47
2025-11-13 11:20:42,743 - __main__ - INFO - ============================================================
2025-11-13 11:20:43,745 - __main__ - INFO - 
============================================================
2025-11-13 11:20:43,745 - __main__ - INFO - Total samples: 2176
2025-11-13 11:20:43,745 - __main__ - INFO - LSL pushed: 2176
2025-11-13 11:20:43,745 - __main__ - INFO - LSL rate: 127.47 Hz (99.6% of nominal)
2025-11-13 11:20:43,745 - __main__ - INFO - Saved: 2000
2025-11-13 11:20:43,745 - __main__ - INFO - Buffer: 176
2025-11-13 11:20:43,745 - __main__ - INFO - ============================================================
2025-11-13 11:20:44,745 - __main__ - INFO - 
============================================================
2025-11-13 11:20:44,745 - __main__ - INFO - Total samples: 2304
2025-11-13 11:20:44,745 - __main__ - INFO - LSL pushed: 2304
2025-11-13 11:20:44,745 - __main__ - INFO - LSL rate: 127.50 Hz (99.6% of nominal)
2025-11-13 11:20:44,745 - __main__ - INFO - Saved: 2000
2025-11-13 11:20:44,745 - __main__ - INFO - Buffer: 304
2025-11-13 11:20:44,745 - __main__ - INFO - ============================================================
2025-11-13 11:20:45,747 - __main__ - INFO - 
============================================================
2025-11-13 11:20:45,747 - __main__ - INFO - Total samples: 2432
2025-11-13 11:20:45,747 - __main__ - INFO - LSL pushed: 2432
2025-11-13 11:20:45,747 - __main__ - INFO - LSL rate: 127.52 Hz (99.6% of nominal)
2025-11-13 11:20:45,747 - __main__ - INFO - Saved: 2000
2025-11-13 11:20:45,747 - __main__ - INFO - Buffer: 432
2025-11-13 11:20:45,747 - __main__ - INFO - ============================================================
2025-11-13 11:20:46,747 - __main__ - INFO - 
============================================================
2025-11-13 11:20:46,747 - __main__ - INFO - Total samples: 2560
2025-11-13 11:20:46,747 - __main__ - INFO - LSL pushed: 2560
2025-11-13 11:20:46,747 - __main__ - INFO - LSL rate: 127.54 Hz (99.6% of nominal)
2025-11-13 11:20:46,747 - __main__ - INFO - Saved: 2000
2025-11-13 11:20:46,747 - __main__ - INFO - Buffer: 560
2025-11-13 11:20:46,747 - __main__ - INFO - ============================================================
2025-11-13 11:20:47,748 - __main__ - INFO - 
============================================================
2025-11-13 11:20:47,748 - __main__ - INFO - Total samples: 2688
2025-11-13 11:20:47,748 - __main__ - INFO - LSL pushed: 2688
2025-11-13 11:20:47,748 - __main__ - INFO - LSL rate: 127.56 Hz (99.7% of nominal)
2025-11-13 11:20:47,748 - __main__ - INFO - Saved: 2000
2025-11-13 11:20:47,748 - __main__ - INFO - Buffer: 688
2025-11-13 11:20:47,748 - __main__ - INFO - ============================================================
2025-11-13 11:20:48,749 - __main__ - INFO - 
============================================================
2025-11-13 11:20:48,749 - __main__ - INFO - Total samples: 2818
2025-11-13 11:20:48,749 - __main__ - INFO - LSL pushed: 2818
2025-11-13 11:20:48,749 - __main__ - INFO - LSL rate: 127.66 Hz (99.7% of nominal)
2025-11-13 11:20:48,749 - __main__ - INFO - Saved: 2000
2025-11-13 11:20:48,749 - __main__ - INFO - Buffer: 818
2025-11-13 11:20:48,749 - __main__ - INFO - ============================================================
2025-11-13 11:20:49,750 - __main__ - INFO - 
============================================================
2025-11-13 11:20:49,750 - __main__ - INFO - Total samples: 2946
2025-11-13 11:20:49,750 - __main__ - INFO - LSL pushed: 2946
2025-11-13 11:20:49,750 - __main__ - INFO - LSL rate: 127.67 Hz (99.7% of nominal)
2025-11-13 11:20:49,750 - __main__ - INFO - Saved: 2000
2025-11-13 11:20:49,750 - __main__ - INFO - Buffer: 946
2025-11-13 11:20:49,750 - __main__ - INFO - ============================================================
2025-11-13 11:20:50,751 - __main__ - INFO - 
============================================================
2025-11-13 11:20:50,751 - __main__ - INFO - Total samples: 3073
2025-11-13 11:20:50,751 - __main__ - INFO - LSL pushed: 3073
2025-11-13 11:20:50,751 - __main__ - INFO - LSL rate: 127.64 Hz (99.7% of nominal)
2025-11-13 11:20:50,751 - __main__ - INFO - Saved: 3000
2025-11-13 11:20:50,751 - __main__ - INFO - Buffer: 73
2025-11-13 11:20:50,751 - __main__ - INFO - ============================================================
2025-11-13 11:20:51,752 - __main__ - INFO - 
============================================================
2025-11-13 11:20:51,752 - __main__ - INFO - Total samples: 3202
2025-11-13 11:20:51,752 - __main__ - INFO - LSL pushed: 3202
2025-11-13 11:20:51,752 - __main__ - INFO - LSL rate: 127.69 Hz (99.8% of nominal)
2025-11-13 11:20:51,752 - __main__ - INFO - Saved: 3000
2025-11-13 11:20:51,752 - __main__ - INFO - Buffer: 202
2025-11-13 11:20:51,752 - __main__ - INFO - ============================================================
2025-11-13 11:20:52,753 - __main__ - INFO - 
============================================================
2025-11-13 11:20:52,753 - __main__ - INFO - Total samples: 3330
2025-11-13 11:20:52,753 - __main__ - INFO - LSL pushed: 3330
2025-11-13 11:20:52,753 - __main__ - INFO - LSL rate: 127.70 Hz (99.8% of nominal)
2025-11-13 11:20:52,753 - __main__ - INFO - Saved: 3000
2025-11-13 11:20:52,753 - __main__ - INFO - Buffer: 330
2025-11-13 11:20:52,753 - __main__ - INFO - ============================================================
2025-11-13 11:20:53,753 - __main__ - INFO - 
============================================================
2025-11-13 11:20:53,753 - __main__ - INFO - Total samples: 3458
2025-11-13 11:20:53,753 - __main__ - INFO - LSL pushed: 3458
2025-11-13 11:20:53,753 - __main__ - INFO - LSL rate: 127.71 Hz (99.8% of nominal)
2025-11-13 11:20:53,753 - __main__ - INFO - Saved: 3000
2025-11-13 11:20:53,753 - __main__ - INFO - Buffer: 458
2025-11-13 11:20:53,753 - __main__ - INFO - ============================================================
2025-11-13 11:20:54,754 - __main__ - INFO - 
============================================================
2025-11-13 11:20:54,754 - __main__ - INFO - Total samples: 3586
2025-11-13 11:20:54,754 - __main__ - INFO - LSL pushed: 3586
2025-11-13 11:20:54,754 - __main__ - INFO - LSL rate: 127.71 Hz (99.8% of nominal)
2025-11-13 11:20:54,755 - __main__ - INFO - Saved: 3000
2025-11-13 11:20:54,755 - __main__ - INFO - Buffer: 586
2025-11-13 11:20:54,755 - __main__ - INFO - ============================================================
2025-11-13 11:20:55,755 - __main__ - INFO - 
============================================================
2025-11-13 11:20:55,755 - __main__ - INFO - Total samples: 3714
2025-11-13 11:20:55,755 - __main__ - INFO - LSL pushed: 3714
2025-11-13 11:20:55,755 - __main__ - INFO - LSL rate: 127.72 Hz (99.8% of nominal)
2025-11-13 11:20:55,755 - __main__ - INFO - Saved: 3000
2025-11-13 11:20:55,755 - __main__ - INFO - Buffer: 714
2025-11-13 11:20:55,755 - __main__ - INFO - ============================================================
2025-11-13 11:20:56,756 - __main__ - INFO - 
============================================================
2025-11-13 11:20:56,756 - __main__ - INFO - Total samples: 3842
2025-11-13 11:20:56,756 - __main__ - INFO - LSL pushed: 3842
2025-11-13 11:20:56,756 - __main__ - INFO - LSL rate: 127.72 Hz (99.8% of nominal)
2025-11-13 11:20:56,756 - __main__ - INFO - Saved: 3000
2025-11-13 11:20:56,756 - __main__ - INFO - Buffer: 842
2025-11-13 11:20:56,756 - __main__ - INFO - ============================================================
2025-11-13 11:20:57,756 - __main__ - INFO - 
============================================================
2025-11-13 11:20:57,756 - __main__ - INFO - Total samples: 3970
2025-11-13 11:20:57,756 - __main__ - INFO - LSL pushed: 3970
2025-11-13 11:20:57,756 - __main__ - INFO - LSL rate: 127.73 Hz (99.8% of nominal)
2025-11-13 11:20:57,756 - __main__ - INFO - Saved: 3000
2025-11-13 11:20:57,756 - __main__ - INFO - Buffer: 970
2025-11-13 11:20:57,756 - __main__ - INFO - ============================================================
2025-11-13 11:20:58,757 - __main__ - INFO - 
============================================================
2025-11-13 11:20:58,757 - __main__ - INFO - Total samples: 4098
2025-11-13 11:20:58,757 - __main__ - INFO - LSL pushed: 4098
2025-11-13 11:20:58,757 - __main__ - INFO - LSL rate: 127.74 Hz (99.8% of nominal)
2025-11-13 11:20:58,757 - __main__ - INFO - Saved: 4000
2025-11-13 11:20:58,757 - __main__ - INFO - Buffer: 98
2025-11-13 11:20:58,757 - __main__ - INFO - ============================================================
2025-11-13 11:20:59,223 - __main__ - INFO - 
Received interrupt signal. Shutting down...
2025-11-13 11:20:59,224 - __main__ - INFO - 
Stopping components...
2025-11-13 11:20:59,246 - shimmer_device - INFO - Stopped data streaming
2025-11-13 11:20:59,247 - shimmer_device - INFO - Shimmer device shutdown
2025-11-13 11:20:59,247 - shimmer_device - INFO - Disconnected from Shimmer device
2025-11-13 11:20:59,247 - __main__ - INFO - Device disconnected
2025-11-13 11:20:59,250 - data_saver - INFO - Stopped saving. Total samples saved: 4156
2025-11-13 11:20:59,250 - __main__ - INFO - Data saving stopped
2025-11-13 11:20:59,250 - __main__ - INFO - Final LSL statistics: {'samples_pushed': 4156, 'elapsed_time': 32.57533645629883, 'effective_rate': 127.58118417519485, 'nominal_rate': 128.0, 'rate_accuracy': 99.67280013687098}
2025-11-13 11:20:59,250 - lsl_manager - INFO - Destroying LSL outlet. Statistics: {'samples_pushed': 4156, 'elapsed_time': 32.57533645629883, 'effective_rate': 127.58118417519485, 'nominal_rate': 128.0, 'rate_accuracy': 99.67280013687098}
2025-11-13 11:20:59,276 - __main__ - INFO - LSL outlet destroyed
2025-11-13 11:20:59,276 - __main__ - INFO - 
============================================================
2025-11-13 11:20:59,276 - __main__ - INFO - Session ended. Total samples processed: 4156
2025-11-13 11:20:59,276 - __main__ - INFO - ============================================================
2025-11-13 11:20:59,276 - __main__ - INFO - 
Stopping components...
2025-11-13 11:20:59,276 - shimmer_device - ERROR - Error during disconnect: byref() argument must be a ctypes instance, not 'NoneType'
2025-11-13 11:20:59,276 - __main__ - INFO - Device disconnected
2025-11-13 11:20:59,278 - data_saver - INFO - Stopped saving. Total samples saved: 4156
2025-11-13 11:20:59,279 - __main__ - INFO - Data saving stopped
2025-11-13 11:20:59,279 - __main__ - INFO - Final LSL statistics: {}
2025-11-13 11:20:59,279 - __main__ - INFO - LSL outlet destroyed
2025-11-13 11:20:59,279 - __main__ - INFO - 
============================================================
2025-11-13 11:20:59,279 - __main__ - INFO - Session ended. Total samples processed: 4156
2025-11-13 11:20:59,279 - __main__ - INFO - ============================================================
2025-11-13 11:20:59,279 - shimmer_device - ERROR - Error during disconnect: byref() argument must be a ctypes instance, not 'NoneType'
