2025-11-13 15:29:14,590 - __main__ - INFO - ============================================================
2025-11-13 15:29:14,590 - __main__ - INFO - Shimmer GSR+ LSL Integration
2025-11-13 15:29:14,590 - __main__ - INFO - ============================================================
2025-11-13 15:29:14,591 - __main__ - INFO - 
[1/4] Initializing Shimmer GSR+ device...
2025-11-13 15:29:14,591 - shimmer_device - INFO - Attempting to connect to Shimmer on COM6...
2025-11-13 15:29:15,574 - shimmer_device - INFO - Initializing Shimmer device...
2025-11-13 15:29:15,637 - shimmer_device - INFO - Successfully connected and initialized Shimmer on COM6
2025-11-13 15:29:15,638 - shimmer_device - INFO - Channel names: ['GSR_Skin_Conductance', 'GSR_Skin_Resistance', 'PPG_A13', 'Accel_LN_X', 'Accel_LN_Y', 'Accel_LN_Z', 'Accel_WR_X', 'Accel_WR_Y', 'Accel_WR_Z', 'Gyro_X', 'Gyro_Y', 'Gyro_Z', 'Mag_X', 'Mag_Y', 'Mag_Z', 'Temperature_BMP280', 'Pressure_BMP280', 'Ext_Exp_A7', 'VSenseBatt', 'PPGtoHR']
2025-11-13 15:29:15,638 - __main__ - INFO - Device info: {'sampling_rate': 128.0, 'enabled_sensors': ['gsr', 'ppg', 'accelerometer_ln', 'accelerometer_wr', 'gyroscope', 'magnetometer', 'temperature', 'pressure', 'external_adc', 'battery', 'heart_rate'], 'channel_names': ['GSR_Skin_Conductance', 'GSR_Skin_Resistance', 'PPG_A13', 'Accel_LN_X', 'Accel_LN_Y', 'Accel_LN_Z', 'Accel_WR_X', 'Accel_WR_Y', 'Accel_WR_Z', 'Gyro_X', 'Gyro_Y', 'Gyro_Z', 'Mag_X', 'Mag_Y', 'Mag_Z', 'Temperature_BMP280', 'Pressure_BMP280', 'Ext_Exp_A7', 'VSenseBatt', 'PPGtoHR'], 'com_port': 'COM6'}
2025-11-13 15:29:15,638 - __main__ - INFO - Channels: ['GSR_Skin_Conductance', 'GSR_Skin_Resistance', 'PPG_A13', 'Accel_LN_X', 'Accel_LN_Y', 'Accel_LN_Z', 'Accel_WR_X', 'Accel_WR_Y', 'Accel_WR_Z', 'Gyro_X', 'Gyro_Y', 'Gyro_Z', 'Mag_X', 'Mag_Y', 'Mag_Z', 'Temperature_BMP280', 'Pressure_BMP280', 'Ext_Exp_A7', 'VSenseBatt', 'PPGtoHR']
2025-11-13 15:29:15,638 - __main__ - INFO - Sampling rate: 128.0 Hz
2025-11-13 15:29:15,638 - __main__ - INFO - 
[2/4] Initializing LSL stream...
2025-11-13 15:29:15,638 - lsl_manager - INFO - Creating LSL stream: ShimmerGSR
2025-11-13 15:29:15,638 - lsl_manager - INFO - Channels: 20, Sampling rate: 128.0 Hz
2025-11-13 15:29:15,650 - lsl_manager - INFO - Added metadata to LSL stream
2025-11-13 15:29:15,661 - lsl_manager - INFO - LSL outlet created successfully: ShimmerGSR
2025-11-13 15:29:15,661 - __main__ - INFO - 
[3/4] Initializing data saver...
2025-11-13 15:29:15,662 - data_saver - INFO - Created CSV file with units: ./data\shimmer_gsr_20251113_152915.csv
2025-11-13 15:29:15,662 - data_saver - INFO - Saved metadata to: ./data\shimmer_gsr_20251113_152915_metadata.json
2025-11-13 15:29:15,662 - data_saver - INFO - Started saving data to: ./data\shimmer_gsr_20251113_152915.csv
2025-11-13 15:29:15,662 - __main__ - INFO - 
[4/4] Starting data streaming...
2025-11-13 15:29:15,662 - shimmer_device - INFO - Starting data streaming...
2025-11-13 15:29:15,712 - shimmer_device - INFO - Data streaming started successfully
2025-11-13 15:29:15,713 - __main__ - INFO - 
============================================================
2025-11-13 15:29:15,713 - __main__ - INFO - Initialization complete! Ready to stream data.
2025-11-13 15:29:15,713 - __main__ - INFO - ============================================================

2025-11-13 15:29:15,713 - __main__ - INFO - Starting data acquisition loop...
2025-11-13 15:29:15,713 - __main__ - INFO - Press Ctrl+C to stop

2025-11-13 15:29:16,713 - __main__ - INFO - 
============================================================
2025-11-13 15:29:16,713 - __main__ - INFO - Total samples: 0
2025-11-13 15:29:16,713 - __main__ - INFO - LSL pushed: 0
2025-11-13 15:29:16,713 - __main__ - INFO - LSL rate: 0.00 Hz (0.0% of nominal)
2025-11-13 15:29:16,713 - __main__ - INFO - Saved: 0
2025-11-13 15:29:16,713 - __main__ - INFO - Buffer: 0
2025-11-13 15:29:16,713 - __main__ - INFO - ============================================================
2025-11-13 15:29:17,713 - __main__ - INFO - 
============================================================
2025-11-13 15:29:17,713 - __main__ - INFO - Total samples: 118
2025-11-13 15:29:17,713 - __main__ - INFO - LSL pushed: 118
2025-11-13 15:29:17,713 - __main__ - INFO - LSL rate: 57.48 Hz (44.9% of nominal)
2025-11-13 15:29:17,713 - __main__ - INFO - Saved: 0
2025-11-13 15:29:17,713 - __main__ - INFO - Buffer: 118
2025-11-13 15:29:17,713 - __main__ - INFO - ============================================================
2025-11-13 15:29:18,714 - __main__ - INFO - 
============================================================
2025-11-13 15:29:18,714 - __main__ - INFO - Total samples: 246
2025-11-13 15:29:18,714 - __main__ - INFO - LSL pushed: 246
2025-11-13 15:29:18,714 - __main__ - INFO - LSL rate: 80.57 Hz (62.9% of nominal)
2025-11-13 15:29:18,714 - __main__ - INFO - Saved: 0
2025-11-13 15:29:18,714 - __main__ - INFO - Buffer: 246
2025-11-13 15:29:18,714 - __main__ - INFO - ============================================================
2025-11-13 15:29:19,714 - __main__ - INFO - 
============================================================
2025-11-13 15:29:19,714 - __main__ - INFO - Total samples: 373
2025-11-13 15:29:19,714 - __main__ - INFO - LSL pushed: 373
2025-11-13 15:29:19,714 - __main__ - INFO - LSL rate: 92.02 Hz (71.9% of nominal)
2025-11-13 15:29:19,714 - __main__ - INFO - Saved: 0
2025-11-13 15:29:19,714 - __main__ - INFO - Buffer: 373
2025-11-13 15:29:19,714 - __main__ - INFO - ============================================================
2025-11-13 15:29:20,715 - __main__ - INFO - 
============================================================
2025-11-13 15:29:20,715 - __main__ - INFO - Total samples: 502
2025-11-13 15:29:20,715 - __main__ - INFO - LSL pushed: 502
2025-11-13 15:29:20,715 - __main__ - INFO - LSL rate: 99.33 Hz (77.6% of nominal)
2025-11-13 15:29:20,715 - __main__ - INFO - Saved: 0
2025-11-13 15:29:20,715 - __main__ - INFO - Buffer: 502
2025-11-13 15:29:20,715 - __main__ - INFO - ============================================================
2025-11-13 15:29:21,715 - __main__ - INFO - 
============================================================
2025-11-13 15:29:21,715 - __main__ - INFO - Total samples: 630
2025-11-13 15:29:21,715 - __main__ - INFO - LSL pushed: 630
2025-11-13 15:29:21,715 - __main__ - INFO - LSL rate: 104.06 Hz (81.3% of nominal)
2025-11-13 15:29:21,715 - __main__ - INFO - Saved: 0
2025-11-13 15:29:21,715 - __main__ - INFO - Buffer: 630
2025-11-13 15:29:21,715 - __main__ - INFO - ============================================================
2025-11-13 15:29:22,716 - __main__ - INFO - 
============================================================
2025-11-13 15:29:22,716 - __main__ - INFO - Total samples: 758
2025-11-13 15:29:22,716 - __main__ - INFO - LSL pushed: 758
2025-11-13 15:29:22,716 - __main__ - INFO - LSL rate: 107.44 Hz (83.9% of nominal)
2025-11-13 15:29:22,716 - __main__ - INFO - Saved: 0
2025-11-13 15:29:22,716 - __main__ - INFO - Buffer: 758
2025-11-13 15:29:22,716 - __main__ - INFO - ============================================================
2025-11-13 15:29:23,717 - __main__ - INFO - 
============================================================
2025-11-13 15:29:23,717 - __main__ - INFO - Total samples: 886
2025-11-13 15:29:23,717 - __main__ - INFO - LSL pushed: 886
2025-11-13 15:29:23,717 - __main__ - INFO - LSL rate: 109.98 Hz (85.9% of nominal)
2025-11-13 15:29:23,717 - __main__ - INFO - Saved: 0
2025-11-13 15:29:23,717 - __main__ - INFO - Buffer: 886
2025-11-13 15:29:23,717 - __main__ - INFO - ============================================================
2025-11-13 15:29:24,717 - __main__ - INFO - 
============================================================
2025-11-13 15:29:24,717 - __main__ - INFO - Total samples: 1014
2025-11-13 15:29:24,717 - __main__ - INFO - LSL pushed: 1014
2025-11-13 15:29:24,717 - __main__ - INFO - LSL rate: 111.96 Hz (87.5% of nominal)
2025-11-13 15:29:24,717 - __main__ - INFO - Saved: 1000
2025-11-13 15:29:24,717 - __main__ - INFO - Buffer: 14
2025-11-13 15:29:24,718 - __main__ - INFO - ============================================================
2025-11-13 15:29:25,717 - __main__ - INFO - 
============================================================
2025-11-13 15:29:25,717 - __main__ - INFO - Total samples: 1142
2025-11-13 15:29:25,717 - __main__ - INFO - LSL pushed: 1142
2025-11-13 15:29:25,717 - __main__ - INFO - LSL rate: 113.56 Hz (88.7% of nominal)
2025-11-13 15:29:25,717 - __main__ - INFO - Saved: 1000
2025-11-13 15:29:25,717 - __main__ - INFO - Buffer: 142
2025-11-13 15:29:25,717 - __main__ - INFO - ============================================================
2025-11-13 15:29:26,719 - __main__ - INFO - 
============================================================
2025-11-13 15:29:26,719 - __main__ - INFO - Total samples: 1270
2025-11-13 15:29:26,719 - __main__ - INFO - LSL pushed: 1270
2025-11-13 15:29:26,719 - __main__ - INFO - LSL rate: 114.85 Hz (89.7% of nominal)
2025-11-13 15:29:26,719 - __main__ - INFO - Saved: 1000
2025-11-13 15:29:26,719 - __main__ - INFO - Buffer: 270
2025-11-13 15:29:26,719 - __main__ - INFO - ============================================================
2025-11-13 15:29:27,719 - __main__ - INFO - 
============================================================
2025-11-13 15:29:27,719 - __main__ - INFO - Total samples: 1397
2025-11-13 15:29:27,719 - __main__ - INFO - LSL pushed: 1397
2025-11-13 15:29:27,719 - __main__ - INFO - LSL rate: 115.85 Hz (90.5% of nominal)
2025-11-13 15:29:27,719 - __main__ - INFO - Saved: 1000
2025-11-13 15:29:27,719 - __main__ - INFO - Buffer: 397
2025-11-13 15:29:27,719 - __main__ - INFO - ============================================================
2025-11-13 15:29:28,719 - __main__ - INFO - 
============================================================
2025-11-13 15:29:28,719 - __main__ - INFO - Total samples: 1526
2025-11-13 15:29:28,719 - __main__ - INFO - LSL pushed: 1526
2025-11-13 15:29:28,719 - __main__ - INFO - LSL rate: 116.86 Hz (91.3% of nominal)
2025-11-13 15:29:28,719 - __main__ - INFO - Saved: 1000
2025-11-13 15:29:28,719 - __main__ - INFO - Buffer: 526
2025-11-13 15:29:28,719 - __main__ - INFO - ============================================================
2025-11-13 15:29:29,720 - __main__ - INFO - 
============================================================
2025-11-13 15:29:29,720 - __main__ - INFO - Total samples: 1654
2025-11-13 15:29:29,720 - __main__ - INFO - LSL pushed: 1654
2025-11-13 15:29:29,720 - __main__ - INFO - LSL rate: 117.64 Hz (91.9% of nominal)
2025-11-13 15:29:29,720 - __main__ - INFO - Saved: 1000
2025-11-13 15:29:29,720 - __main__ - INFO - Buffer: 654
2025-11-13 15:29:29,720 - __main__ - INFO - ============================================================
2025-11-13 15:29:30,720 - __main__ - INFO - 
============================================================
2025-11-13 15:29:30,720 - __main__ - INFO - Total samples: 1782
2025-11-13 15:29:30,720 - __main__ - INFO - LSL pushed: 1782
2025-11-13 15:29:30,720 - __main__ - INFO - LSL rate: 118.33 Hz (92.4% of nominal)
2025-11-13 15:29:30,720 - __main__ - INFO - Saved: 1000
2025-11-13 15:29:30,720 - __main__ - INFO - Buffer: 782
2025-11-13 15:29:30,720 - __main__ - INFO - ============================================================
2025-11-13 15:29:31,721 - __main__ - INFO - 
============================================================
2025-11-13 15:29:31,721 - __main__ - INFO - Total samples: 1910
2025-11-13 15:29:31,721 - __main__ - INFO - LSL pushed: 1910
2025-11-13 15:29:31,721 - __main__ - INFO - LSL rate: 118.93 Hz (92.9% of nominal)
2025-11-13 15:29:31,721 - __main__ - INFO - Saved: 1000
2025-11-13 15:29:31,721 - __main__ - INFO - Buffer: 910
2025-11-13 15:29:31,721 - __main__ - INFO - ============================================================
2025-11-13 15:29:32,722 - __main__ - INFO - 
============================================================
2025-11-13 15:29:32,722 - __main__ - INFO - Total samples: 2038
2025-11-13 15:29:32,722 - __main__ - INFO - LSL pushed: 2038
2025-11-13 15:29:32,722 - __main__ - INFO - LSL rate: 119.45 Hz (93.3% of nominal)
2025-11-13 15:29:32,722 - __main__ - INFO - Saved: 2000
2025-11-13 15:29:32,722 - __main__ - INFO - Buffer: 38
2025-11-13 15:29:32,722 - __main__ - INFO - ============================================================
2025-11-13 15:29:33,722 - __main__ - INFO - 
============================================================
2025-11-13 15:29:33,722 - __main__ - INFO - Total samples: 2167
2025-11-13 15:29:33,722 - __main__ - INFO - LSL pushed: 2167
2025-11-13 15:29:33,722 - __main__ - INFO - LSL rate: 119.98 Hz (93.7% of nominal)
2025-11-13 15:29:33,723 - __main__ - INFO - Saved: 2000
2025-11-13 15:29:33,723 - __main__ - INFO - Buffer: 167
2025-11-13 15:29:33,723 - __main__ - INFO - ============================================================
2025-11-13 15:29:34,722 - __main__ - INFO - 
============================================================
2025-11-13 15:29:34,722 - __main__ - INFO - Total samples: 2294
2025-11-13 15:29:34,722 - __main__ - INFO - LSL pushed: 2294
2025-11-13 15:29:34,722 - __main__ - INFO - LSL rate: 120.35 Hz (94.0% of nominal)
2025-11-13 15:29:34,722 - __main__ - INFO - Saved: 2000
2025-11-13 15:29:34,722 - __main__ - INFO - Buffer: 294
2025-11-13 15:29:34,722 - __main__ - INFO - ============================================================
2025-11-13 15:29:35,723 - __main__ - INFO - 
============================================================
2025-11-13 15:29:35,723 - __main__ - INFO - Total samples: 2421
2025-11-13 15:29:35,723 - __main__ - INFO - LSL pushed: 2421
2025-11-13 15:29:35,723 - __main__ - INFO - LSL rate: 120.68 Hz (94.3% of nominal)
2025-11-13 15:29:35,723 - __main__ - INFO - Saved: 2000
2025-11-13 15:29:35,723 - __main__ - INFO - Buffer: 421
2025-11-13 15:29:35,723 - __main__ - INFO - ============================================================
2025-11-13 15:29:36,724 - __main__ - INFO - 
============================================================
2025-11-13 15:29:36,724 - __main__ - INFO - Total samples: 2550
2025-11-13 15:29:36,724 - __main__ - INFO - LSL pushed: 2550
2025-11-13 15:29:36,724 - __main__ - INFO - LSL rate: 121.06 Hz (94.6% of nominal)
2025-11-13 15:29:36,724 - __main__ - INFO - Saved: 2000
2025-11-13 15:29:36,724 - __main__ - INFO - Buffer: 550
2025-11-13 15:29:36,724 - __main__ - INFO - ============================================================
2025-11-13 15:29:37,726 - __main__ - INFO - 
============================================================
2025-11-13 15:29:37,726 - __main__ - INFO - Total samples: 2679
2025-11-13 15:29:37,726 - __main__ - INFO - LSL pushed: 2679
2025-11-13 15:29:37,727 - __main__ - INFO - LSL rate: 121.41 Hz (94.9% of nominal)
2025-11-13 15:29:37,727 - __main__ - INFO - Saved: 2000
2025-11-13 15:29:37,727 - __main__ - INFO - Buffer: 679
2025-11-13 15:29:37,727 - __main__ - INFO - ============================================================
2025-11-13 15:29:38,727 - __main__ - INFO - 
============================================================
2025-11-13 15:29:38,727 - __main__ - INFO - Total samples: 2807
2025-11-13 15:29:38,727 - __main__ - INFO - LSL pushed: 2807
2025-11-13 15:29:38,727 - __main__ - INFO - LSL rate: 121.69 Hz (95.1% of nominal)
2025-11-13 15:29:38,727 - __main__ - INFO - Saved: 2000
2025-11-13 15:29:38,727 - __main__ - INFO - Buffer: 807
2025-11-13 15:29:38,727 - __main__ - INFO - ============================================================
2025-11-13 15:29:39,727 - __main__ - INFO - 
============================================================
2025-11-13 15:29:39,727 - __main__ - INFO - Total samples: 2935
2025-11-13 15:29:39,727 - __main__ - INFO - LSL pushed: 2935
2025-11-13 15:29:39,727 - __main__ - INFO - LSL rate: 121.95 Hz (95.3% of nominal)
2025-11-13 15:29:39,727 - __main__ - INFO - Saved: 2000
2025-11-13 15:29:39,727 - __main__ - INFO - Buffer: 935
2025-11-13 15:29:39,727 - __main__ - INFO - ============================================================
2025-11-13 15:29:40,728 - __main__ - INFO - 
============================================================
2025-11-13 15:29:40,728 - __main__ - INFO - Total samples: 3062
2025-11-13 15:29:40,728 - __main__ - INFO - LSL pushed: 3062
2025-11-13 15:29:40,728 - __main__ - INFO - LSL rate: 122.15 Hz (95.4% of nominal)
2025-11-13 15:29:40,728 - __main__ - INFO - Saved: 3000
2025-11-13 15:29:40,728 - __main__ - INFO - Buffer: 62
2025-11-13 15:29:40,728 - __main__ - INFO - ============================================================
2025-11-13 15:29:41,728 - __main__ - INFO - 
============================================================
2025-11-13 15:29:41,728 - __main__ - INFO - Total samples: 3190
2025-11-13 15:29:41,728 - __main__ - INFO - LSL pushed: 3190
2025-11-13 15:29:41,728 - __main__ - INFO - LSL rate: 122.37 Hz (95.6% of nominal)
2025-11-13 15:29:41,728 - __main__ - INFO - Saved: 3000
2025-11-13 15:29:41,728 - __main__ - INFO - Buffer: 190
2025-11-13 15:29:41,728 - __main__ - INFO - ============================================================
2025-11-13 15:29:42,729 - __main__ - INFO - 
============================================================
2025-11-13 15:29:42,729 - __main__ - INFO - Total samples: 3317
2025-11-13 15:29:42,729 - __main__ - INFO - LSL pushed: 3317
2025-11-13 15:29:42,729 - __main__ - INFO - LSL rate: 122.54 Hz (95.7% of nominal)
2025-11-13 15:29:42,729 - __main__ - INFO - Saved: 3000
2025-11-13 15:29:42,729 - __main__ - INFO - Buffer: 317
2025-11-13 15:29:42,729 - __main__ - INFO - ============================================================
2025-11-13 15:29:43,730 - __main__ - INFO - 
============================================================
2025-11-13 15:29:43,730 - __main__ - INFO - Total samples: 3445
2025-11-13 15:29:43,730 - __main__ - INFO - LSL pushed: 3445
2025-11-13 15:29:43,730 - __main__ - INFO - LSL rate: 122.73 Hz (95.9% of nominal)
2025-11-13 15:29:43,730 - __main__ - INFO - Saved: 3000
2025-11-13 15:29:43,730 - __main__ - INFO - Buffer: 445
2025-11-13 15:29:43,730 - __main__ - INFO - ============================================================
2025-11-13 15:29:44,732 - __main__ - INFO - 
============================================================
2025-11-13 15:29:44,732 - __main__ - INFO - Total samples: 3570
2025-11-13 15:29:44,732 - __main__ - INFO - LSL pushed: 3570
2025-11-13 15:29:44,732 - __main__ - INFO - LSL rate: 122.80 Hz (95.9% of nominal)
2025-11-13 15:29:44,732 - __main__ - INFO - Saved: 3000
2025-11-13 15:29:44,732 - __main__ - INFO - Buffer: 570
2025-11-13 15:29:44,732 - __main__ - INFO - ============================================================
2025-11-13 15:29:45,732 - __main__ - INFO - 
============================================================
2025-11-13 15:29:45,732 - __main__ - INFO - Total samples: 3700
2025-11-13 15:29:45,732 - __main__ - INFO - LSL pushed: 3700
2025-11-13 15:29:45,732 - __main__ - INFO - LSL rate: 123.04 Hz (96.1% of nominal)
2025-11-13 15:29:45,732 - __main__ - INFO - Saved: 3000
2025-11-13 15:29:45,732 - __main__ - INFO - Buffer: 700
2025-11-13 15:29:45,732 - __main__ - INFO - ============================================================
2025-11-13 15:29:46,733 - __main__ - INFO - 
============================================================
2025-11-13 15:29:46,733 - __main__ - INFO - Total samples: 3828
2025-11-13 15:29:46,733 - __main__ - INFO - LSL pushed: 3828
2025-11-13 15:29:46,733 - __main__ - INFO - LSL rate: 123.20 Hz (96.2% of nominal)
2025-11-13 15:29:46,733 - __main__ - INFO - Saved: 3000
2025-11-13 15:29:46,733 - __main__ - INFO - Buffer: 828
2025-11-13 15:29:46,733 - __main__ - INFO - ============================================================
2025-11-13 15:29:47,733 - __main__ - INFO - 
============================================================
2025-11-13 15:29:47,733 - __main__ - INFO - Total samples: 3956
2025-11-13 15:29:47,733 - __main__ - INFO - LSL pushed: 3956
2025-11-13 15:29:47,733 - __main__ - INFO - LSL rate: 123.34 Hz (96.4% of nominal)
2025-11-13 15:29:47,733 - __main__ - INFO - Saved: 3000
2025-11-13 15:29:47,733 - __main__ - INFO - Buffer: 956
2025-11-13 15:29:47,733 - __main__ - INFO - ============================================================
2025-11-13 15:29:48,734 - __main__ - INFO - 
============================================================
2025-11-13 15:29:48,734 - __main__ - INFO - Total samples: 4084
2025-11-13 15:29:48,734 - __main__ - INFO - LSL pushed: 4084
2025-11-13 15:29:48,734 - __main__ - INFO - LSL rate: 123.48 Hz (96.5% of nominal)
2025-11-13 15:29:48,734 - __main__ - INFO - Saved: 4000
2025-11-13 15:29:48,734 - __main__ - INFO - Buffer: 84
2025-11-13 15:29:48,734 - __main__ - INFO - ============================================================
2025-11-13 15:29:49,735 - __main__ - INFO - 
============================================================
2025-11-13 15:29:49,735 - __main__ - INFO - Total samples: 4212
2025-11-13 15:29:49,735 - __main__ - INFO - LSL pushed: 4212
2025-11-13 15:29:49,735 - __main__ - INFO - LSL rate: 123.61 Hz (96.6% of nominal)
2025-11-13 15:29:49,735 - __main__ - INFO - Saved: 4000
2025-11-13 15:29:49,735 - __main__ - INFO - Buffer: 212
2025-11-13 15:29:49,735 - __main__ - INFO - ============================================================
2025-11-13 15:29:50,736 - __main__ - INFO - 
============================================================
2025-11-13 15:29:50,736 - __main__ - INFO - Total samples: 4340
2025-11-13 15:29:50,736 - __main__ - INFO - LSL pushed: 4340
2025-11-13 15:29:50,736 - __main__ - INFO - LSL rate: 123.73 Hz (96.7% of nominal)
2025-11-13 15:29:50,736 - __main__ - INFO - Saved: 4000
2025-11-13 15:29:50,736 - __main__ - INFO - Buffer: 340
2025-11-13 15:29:50,736 - __main__ - INFO - ============================================================
2025-11-13 15:29:51,737 - __main__ - INFO - 
============================================================
2025-11-13 15:29:51,737 - __main__ - INFO - Total samples: 4468
2025-11-13 15:29:51,737 - __main__ - INFO - LSL pushed: 4468
2025-11-13 15:29:51,737 - __main__ - INFO - LSL rate: 123.85 Hz (96.8% of nominal)
2025-11-13 15:29:51,737 - __main__ - INFO - Saved: 4000
2025-11-13 15:29:51,737 - __main__ - INFO - Buffer: 468
2025-11-13 15:29:51,737 - __main__ - INFO - ============================================================
2025-11-13 15:29:52,516 - __main__ - INFO - 
Received interrupt signal. Shutting down...
2025-11-13 15:29:52,516 - __main__ - INFO - 
Stopping components...
2025-11-13 15:29:52,542 - shimmer_device - INFO - Stopped data streaming
2025-11-13 15:29:52,542 - shimmer_device - INFO - Shimmer device shutdown
2025-11-13 15:29:52,542 - shimmer_device - INFO - Disconnected from Shimmer device
2025-11-13 15:29:52,542 - __main__ - INFO - Device disconnected
2025-11-13 15:29:52,548 - data_saver - INFO - Stopped saving. Total samples saved: 4568
2025-11-13 15:29:52,548 - __main__ - INFO - Data saving stopped
2025-11-13 15:29:52,548 - __main__ - INFO - Final LSL statistics: {'samples_pushed': 4568, 'elapsed_time': 36.8877739906311, 'effective_rate': 123.83506798648783, 'nominal_rate': 128.0, 'rate_accuracy': 96.74614686444362}
2025-11-13 15:29:52,548 - lsl_manager - INFO - Destroying LSL outlet. Statistics: {'samples_pushed': 4568, 'elapsed_time': 36.8877739906311, 'effective_rate': 123.83506798648783, 'nominal_rate': 128.0, 'rate_accuracy': 96.74614686444362}
2025-11-13 15:29:52,575 - __main__ - INFO - LSL outlet destroyed
2025-11-13 15:29:52,575 - __main__ - INFO - 
============================================================
2025-11-13 15:29:52,575 - __main__ - INFO - Session ended. Total samples processed: 4568
2025-11-13 15:29:52,575 - __main__ - INFO - ============================================================
2025-11-13 15:29:52,575 - __main__ - INFO - 
Stopping components...
2025-11-13 15:29:52,575 - shimmer_device - ERROR - Error during disconnect: byref() argument must be a ctypes instance, not 'NoneType'
2025-11-13 15:29:52,575 - __main__ - INFO - Device disconnected
2025-11-13 15:29:52,577 - data_saver - INFO - Stopped saving. Total samples saved: 4568
2025-11-13 15:29:52,577 - __main__ - INFO - Data saving stopped
2025-11-13 15:29:52,577 - __main__ - INFO - Final LSL statistics: {}
2025-11-13 15:29:52,577 - __main__ - INFO - LSL outlet destroyed
2025-11-13 15:29:52,577 - __main__ - INFO - 
============================================================
2025-11-13 15:29:52,577 - __main__ - INFO - Session ended. Total samples processed: 4568
2025-11-13 15:29:52,577 - __main__ - INFO - ============================================================
2025-11-13 15:29:52,577 - shimmer_device - ERROR - Error during disconnect: byref() argument must be a ctypes instance, not 'NoneType'
