2025-11-13 14:46:00,069 - __main__ - INFO - ============================================================
2025-11-13 14:46:00,069 - __main__ - INFO - Shimmer GSR+ LSL Integration
2025-11-13 14:46:00,069 - __main__ - INFO - ============================================================
2025-11-13 14:46:00,070 - __main__ - INFO - 
[1/4] Initializing Shimmer GSR+ device...
2025-11-13 14:46:00,070 - shimmer_device - INFO - Attempting to connect to Shimmer on COM6...
2025-11-13 14:46:00,966 - shimmer_device - INFO - Initializing Shimmer device...
2025-11-13 14:46:01,022 - shimmer_device - INFO - Successfully connected and initialized Shimmer on COM6
2025-11-13 14:46:01,022 - shimmer_device - INFO - Channel names: ['GSR_Skin_Conductance', 'GSR_Skin_Resistance', 'PPG_A13', 'Accel_LN_X', 'Accel_LN_Y', 'Accel_LN_Z']
2025-11-13 14:46:01,030 - __main__ - INFO - Device info: {'sampling_rate': 128.0, 'enabled_sensors': ['gsr', 'ppg', 'accelerometer'], 'channel_names': ['GSR_Skin_Conductance', 'GSR_Skin_Resistance', 'PPG_A13', 'Accel_LN_X', 'Accel_LN_Y', 'Accel_LN_Z'], 'com_port': 'COM6'}
2025-11-13 14:46:01,030 - __main__ - INFO - Channels: ['GSR_Skin_Conductance', 'GSR_Skin_Resistance', 'PPG_A13', 'Accel_LN_X', 'Accel_LN_Y', 'Accel_LN_Z']
2025-11-13 14:46:01,030 - __main__ - INFO - Sampling rate: 128.0 Hz
2025-11-13 14:46:01,030 - __main__ - INFO - 
[2/4] Initializing LSL stream...
2025-11-13 14:46:01,030 - lsl_manager - INFO - Creating LSL stream: ShimmerGSR
2025-11-13 14:46:01,030 - lsl_manager - INFO - Channels: 6, Sampling rate: 128.0 Hz
2025-11-13 14:46:01,044 - lsl_manager - INFO - Added metadata to LSL stream
2025-11-13 14:46:01,054 - lsl_manager - INFO - LSL outlet created successfully: ShimmerGSR
2025-11-13 14:46:01,054 - __main__ - INFO - 
[3/4] Initializing data saver...
2025-11-13 14:46:01,055 - data_saver - INFO - Created CSV file: ./data\shimmer_gsr_20251113_144601.csv
2025-11-13 14:46:01,055 - data_saver - INFO - Saved metadata to: ./data\shimmer_gsr_20251113_144601_metadata.json
2025-11-13 14:46:01,055 - data_saver - INFO - Started saving data to: ./data\shimmer_gsr_20251113_144601.csv
2025-11-13 14:46:01,056 - __main__ - INFO - 
[4/4] Starting data streaming...
2025-11-13 14:46:01,056 - shimmer_device - INFO - Starting data streaming...
2025-11-13 14:46:01,127 - shimmer_device - INFO - Data streaming started successfully
2025-11-13 14:46:01,127 - __main__ - INFO - 
============================================================
2025-11-13 14:46:01,129 - __main__ - INFO - Initialization complete! Ready to stream data.
2025-11-13 14:46:01,129 - __main__ - INFO - ============================================================

2025-11-13 14:46:01,129 - __main__ - INFO - Starting data acquisition loop...
2025-11-13 14:46:01,129 - __main__ - INFO - Press Ctrl+C to stop

2025-11-13 14:46:02,129 - __main__ - INFO - 
============================================================
2025-11-13 14:46:02,129 - __main__ - INFO - Total samples: 130
2025-11-13 14:46:02,129 - __main__ - INFO - LSL pushed: 130
2025-11-13 14:46:02,129 - __main__ - INFO - LSL rate: 120.94 Hz (94.5% of nominal)
2025-11-13 14:46:02,129 - __main__ - INFO - Saved: 0
2025-11-13 14:46:02,129 - __main__ - INFO - Buffer: 130
2025-11-13 14:46:02,129 - __main__ - INFO - ============================================================
2025-11-13 14:46:03,131 - __main__ - INFO - 
============================================================
2025-11-13 14:46:03,131 - __main__ - INFO - Total samples: 256
2025-11-13 14:46:03,131 - __main__ - INFO - LSL pushed: 256
2025-11-13 14:46:03,131 - __main__ - INFO - LSL rate: 123.28 Hz (96.3% of nominal)
2025-11-13 14:46:03,131 - __main__ - INFO - Saved: 0
2025-11-13 14:46:03,131 - __main__ - INFO - Buffer: 256
2025-11-13 14:46:03,131 - __main__ - INFO - ============================================================
2025-11-13 14:46:04,132 - __main__ - INFO - 
============================================================
2025-11-13 14:46:04,132 - __main__ - INFO - Total samples: 386
2025-11-13 14:46:04,132 - __main__ - INFO - LSL pushed: 386
2025-11-13 14:46:04,132 - __main__ - INFO - LSL rate: 125.43 Hz (98.0% of nominal)
2025-11-13 14:46:04,132 - __main__ - INFO - Saved: 0
2025-11-13 14:46:04,132 - __main__ - INFO - Buffer: 386
2025-11-13 14:46:04,132 - __main__ - INFO - ============================================================
2025-11-13 14:46:05,132 - __main__ - INFO - 
============================================================
2025-11-13 14:46:05,132 - __main__ - INFO - Total samples: 514
2025-11-13 14:46:05,132 - __main__ - INFO - LSL pushed: 514
2025-11-13 14:46:05,132 - __main__ - INFO - LSL rate: 126.05 Hz (98.5% of nominal)
2025-11-13 14:46:05,132 - __main__ - INFO - Saved: 0
2025-11-13 14:46:05,132 - __main__ - INFO - Buffer: 514
2025-11-13 14:46:05,132 - __main__ - INFO - ============================================================
2025-11-13 14:46:06,133 - __main__ - INFO - 
============================================================
2025-11-13 14:46:06,133 - __main__ - INFO - Total samples: 643
2025-11-13 14:46:06,133 - __main__ - INFO - LSL pushed: 643
2025-11-13 14:46:06,133 - __main__ - INFO - LSL rate: 126.61 Hz (98.9% of nominal)
2025-11-13 14:46:06,133 - __main__ - INFO - Saved: 0
2025-11-13 14:46:06,133 - __main__ - INFO - Buffer: 643
2025-11-13 14:46:06,133 - __main__ - INFO - ============================================================
2025-11-13 14:46:07,134 - __main__ - INFO - 
============================================================
2025-11-13 14:46:07,134 - __main__ - INFO - Total samples: 771
2025-11-13 14:46:07,134 - __main__ - INFO - LSL pushed: 771
2025-11-13 14:46:07,134 - __main__ - INFO - LSL rate: 126.81 Hz (99.1% of nominal)
2025-11-13 14:46:07,134 - __main__ - INFO - Saved: 0
2025-11-13 14:46:07,134 - __main__ - INFO - Buffer: 771
2025-11-13 14:46:07,134 - __main__ - INFO - ============================================================
2025-11-13 14:46:08,135 - __main__ - INFO - 
============================================================
2025-11-13 14:46:08,135 - __main__ - INFO - Total samples: 898
2025-11-13 14:46:08,135 - __main__ - INFO - LSL pushed: 898
2025-11-13 14:46:08,135 - __main__ - INFO - LSL rate: 126.82 Hz (99.1% of nominal)
2025-11-13 14:46:08,135 - __main__ - INFO - Saved: 0
2025-11-13 14:46:08,135 - __main__ - INFO - Buffer: 898
2025-11-13 14:46:08,135 - __main__ - INFO - ============================================================
2025-11-13 14:46:09,135 - __main__ - INFO - 
============================================================
2025-11-13 14:46:09,135 - __main__ - INFO - Total samples: 1027
2025-11-13 14:46:09,135 - __main__ - INFO - LSL pushed: 1027
2025-11-13 14:46:09,135 - __main__ - INFO - LSL rate: 127.08 Hz (99.3% of nominal)
2025-11-13 14:46:09,135 - __main__ - INFO - Saved: 1000
2025-11-13 14:46:09,135 - __main__ - INFO - Buffer: 27
2025-11-13 14:46:09,135 - __main__ - INFO - ============================================================
2025-11-13 14:46:10,137 - __main__ - INFO - 
============================================================
2025-11-13 14:46:10,137 - __main__ - INFO - Total samples: 1154
2025-11-13 14:46:10,137 - __main__ - INFO - LSL pushed: 1154
2025-11-13 14:46:10,137 - __main__ - INFO - LSL rate: 127.05 Hz (99.3% of nominal)
2025-11-13 14:46:10,137 - __main__ - INFO - Saved: 1000
2025-11-13 14:46:10,137 - __main__ - INFO - Buffer: 154
2025-11-13 14:46:10,137 - __main__ - INFO - ============================================================
2025-11-13 14:46:11,137 - __main__ - INFO - 
============================================================
2025-11-13 14:46:11,137 - __main__ - INFO - Total samples: 1282
2025-11-13 14:46:11,137 - __main__ - INFO - LSL pushed: 1282
2025-11-13 14:46:11,137 - __main__ - INFO - LSL rate: 127.14 Hz (99.3% of nominal)
2025-11-13 14:46:11,137 - __main__ - INFO - Saved: 1000
2025-11-13 14:46:11,137 - __main__ - INFO - Buffer: 282
2025-11-13 14:46:11,137 - __main__ - INFO - ============================================================
2025-11-13 14:46:12,137 - __main__ - INFO - 
============================================================
2025-11-13 14:46:12,137 - __main__ - INFO - Total samples: 1412
2025-11-13 14:46:12,137 - __main__ - INFO - LSL pushed: 1412
2025-11-13 14:46:12,137 - __main__ - INFO - LSL rate: 127.40 Hz (99.5% of nominal)
2025-11-13 14:46:12,137 - __main__ - INFO - Saved: 1000
2025-11-13 14:46:12,137 - __main__ - INFO - Buffer: 412
2025-11-13 14:46:12,137 - __main__ - INFO - ============================================================
2025-11-13 14:46:13,138 - __main__ - INFO - 
============================================================
2025-11-13 14:46:13,138 - __main__ - INFO - Total samples: 1538
2025-11-13 14:46:13,138 - __main__ - INFO - LSL pushed: 1538
2025-11-13 14:46:13,138 - __main__ - INFO - LSL rate: 127.27 Hz (99.4% of nominal)
2025-11-13 14:46:13,138 - __main__ - INFO - Saved: 1000
2025-11-13 14:46:13,138 - __main__ - INFO - Buffer: 538
2025-11-13 14:46:13,138 - __main__ - INFO - ============================================================
2025-11-13 14:46:14,140 - __main__ - INFO - 
============================================================
2025-11-13 14:46:14,140 - __main__ - INFO - Total samples: 1668
2025-11-13 14:46:14,140 - __main__ - INFO - LSL pushed: 1668
2025-11-13 14:46:14,140 - __main__ - INFO - LSL rate: 127.47 Hz (99.6% of nominal)
2025-11-13 14:46:14,140 - __main__ - INFO - Saved: 1000
2025-11-13 14:46:14,140 - __main__ - INFO - Buffer: 668
2025-11-13 14:46:14,140 - __main__ - INFO - ============================================================
2025-11-13 14:46:15,141 - __main__ - INFO - 
============================================================
2025-11-13 14:46:15,141 - __main__ - INFO - Total samples: 1794
2025-11-13 14:46:15,141 - __main__ - INFO - LSL pushed: 1794
2025-11-13 14:46:15,141 - __main__ - INFO - LSL rate: 127.35 Hz (99.5% of nominal)
2025-11-13 14:46:15,141 - __main__ - INFO - Saved: 1000
2025-11-13 14:46:15,141 - __main__ - INFO - Buffer: 794
2025-11-13 14:46:15,141 - __main__ - INFO - ============================================================
2025-11-13 14:46:16,143 - __main__ - INFO - 
============================================================
2025-11-13 14:46:16,143 - __main__ - INFO - Total samples: 1922
2025-11-13 14:46:16,143 - __main__ - INFO - LSL pushed: 1922
2025-11-13 14:46:16,143 - __main__ - INFO - LSL rate: 127.38 Hz (99.5% of nominal)
2025-11-13 14:46:16,143 - __main__ - INFO - Saved: 1000
2025-11-13 14:46:16,143 - __main__ - INFO - Buffer: 922
2025-11-13 14:46:16,143 - __main__ - INFO - ============================================================
2025-11-13 14:46:17,144 - __main__ - INFO - 
============================================================
2025-11-13 14:46:17,144 - __main__ - INFO - Total samples: 2050
2025-11-13 14:46:17,144 - __main__ - INFO - LSL pushed: 2050
2025-11-13 14:46:17,144 - __main__ - INFO - LSL rate: 127.41 Hz (99.5% of nominal)
2025-11-13 14:46:17,144 - __main__ - INFO - Saved: 2000
2025-11-13 14:46:17,144 - __main__ - INFO - Buffer: 50
2025-11-13 14:46:17,144 - __main__ - INFO - ============================================================
2025-11-13 14:46:18,145 - __main__ - INFO - 
============================================================
2025-11-13 14:46:18,145 - __main__ - INFO - Total samples: 2181
2025-11-13 14:46:18,145 - __main__ - INFO - LSL pushed: 2181
2025-11-13 14:46:18,145 - __main__ - INFO - LSL rate: 127.61 Hz (99.7% of nominal)
2025-11-13 14:46:18,145 - __main__ - INFO - Saved: 2000
2025-11-13 14:46:18,145 - __main__ - INFO - Buffer: 181
2025-11-13 14:46:18,145 - __main__ - INFO - ============================================================
2025-11-13 14:46:19,146 - __main__ - INFO - 
============================================================
2025-11-13 14:46:19,146 - __main__ - INFO - Total samples: 2309
2025-11-13 14:46:19,146 - __main__ - INFO - LSL pushed: 2309
2025-11-13 14:46:19,146 - __main__ - INFO - LSL rate: 127.62 Hz (99.7% of nominal)
2025-11-13 14:46:19,146 - __main__ - INFO - Saved: 2000
2025-11-13 14:46:19,146 - __main__ - INFO - Buffer: 309
2025-11-13 14:46:19,146 - __main__ - INFO - ============================================================
2025-11-13 14:46:20,148 - __main__ - INFO - 
============================================================
2025-11-13 14:46:20,148 - __main__ - INFO - Total samples: 2437
2025-11-13 14:46:20,148 - __main__ - INFO - LSL pushed: 2437
2025-11-13 14:46:20,148 - __main__ - INFO - LSL rate: 127.64 Hz (99.7% of nominal)
2025-11-13 14:46:20,148 - __main__ - INFO - Saved: 2000
2025-11-13 14:46:20,148 - __main__ - INFO - Buffer: 437
2025-11-13 14:46:20,148 - __main__ - INFO - ============================================================
2025-11-13 14:46:21,148 - __main__ - INFO - 
============================================================
2025-11-13 14:46:21,148 - __main__ - INFO - Total samples: 2565
2025-11-13 14:46:21,148 - __main__ - INFO - LSL pushed: 2565
2025-11-13 14:46:21,148 - __main__ - INFO - LSL rate: 127.65 Hz (99.7% of nominal)
2025-11-13 14:46:21,148 - __main__ - INFO - Saved: 2000
2025-11-13 14:46:21,148 - __main__ - INFO - Buffer: 565
2025-11-13 14:46:21,148 - __main__ - INFO - ============================================================
2025-11-13 14:46:22,149 - __main__ - INFO - 
============================================================
2025-11-13 14:46:22,149 - __main__ - INFO - Total samples: 2693
2025-11-13 14:46:22,149 - __main__ - INFO - LSL pushed: 2693
2025-11-13 14:46:22,149 - __main__ - INFO - LSL rate: 127.66 Hz (99.7% of nominal)
2025-11-13 14:46:22,149 - __main__ - INFO - Saved: 2000
2025-11-13 14:46:22,149 - __main__ - INFO - Buffer: 693
2025-11-13 14:46:22,149 - __main__ - INFO - ============================================================
2025-11-13 14:46:23,150 - __main__ - INFO - 
============================================================
2025-11-13 14:46:23,150 - __main__ - INFO - Total samples: 2820
2025-11-13 14:46:23,150 - __main__ - INFO - LSL pushed: 2820
2025-11-13 14:46:23,150 - __main__ - INFO - LSL rate: 127.62 Hz (99.7% of nominal)
2025-11-13 14:46:23,150 - __main__ - INFO - Saved: 2000
2025-11-13 14:46:23,150 - __main__ - INFO - Buffer: 820
2025-11-13 14:46:23,150 - __main__ - INFO - ============================================================
2025-11-13 14:46:24,151 - __main__ - INFO - 
============================================================
2025-11-13 14:46:24,151 - __main__ - INFO - Total samples: 2946
2025-11-13 14:46:24,151 - __main__ - INFO - LSL pushed: 2946
2025-11-13 14:46:24,151 - __main__ - INFO - LSL rate: 127.55 Hz (99.6% of nominal)
2025-11-13 14:46:24,151 - __main__ - INFO - Saved: 2000
2025-11-13 14:46:24,151 - __main__ - INFO - Buffer: 946
2025-11-13 14:46:24,151 - __main__ - INFO - ============================================================
2025-11-13 14:46:25,152 - __main__ - INFO - 
============================================================
2025-11-13 14:46:25,152 - __main__ - INFO - Total samples: 3077
2025-11-13 14:46:25,152 - __main__ - INFO - LSL pushed: 3077
2025-11-13 14:46:25,152 - __main__ - INFO - LSL rate: 127.68 Hz (99.8% of nominal)
2025-11-13 14:46:25,152 - __main__ - INFO - Saved: 3000
2025-11-13 14:46:25,152 - __main__ - INFO - Buffer: 77
2025-11-13 14:46:25,152 - __main__ - INFO - ============================================================
2025-11-13 14:46:26,154 - __main__ - INFO - 
============================================================
2025-11-13 14:46:26,154 - __main__ - INFO - Total samples: 3206
2025-11-13 14:46:26,154 - __main__ - INFO - LSL pushed: 3206
2025-11-13 14:46:26,154 - __main__ - INFO - LSL rate: 127.73 Hz (99.8% of nominal)
2025-11-13 14:46:26,154 - __main__ - INFO - Saved: 3000
2025-11-13 14:46:26,154 - __main__ - INFO - Buffer: 206
2025-11-13 14:46:26,154 - __main__ - INFO - ============================================================
2025-11-13 14:46:27,154 - __main__ - INFO - 
============================================================
2025-11-13 14:46:27,154 - __main__ - INFO - Total samples: 3333
2025-11-13 14:46:27,154 - __main__ - INFO - LSL pushed: 3333
2025-11-13 14:46:27,154 - __main__ - INFO - LSL rate: 127.70 Hz (99.8% of nominal)
2025-11-13 14:46:27,154 - __main__ - INFO - Saved: 3000
2025-11-13 14:46:27,154 - __main__ - INFO - Buffer: 333
2025-11-13 14:46:27,154 - __main__ - INFO - ============================================================
2025-11-13 14:46:28,155 - __main__ - INFO - 
============================================================
2025-11-13 14:46:28,155 - __main__ - INFO - Total samples: 3462
2025-11-13 14:46:28,155 - __main__ - INFO - LSL pushed: 3462
2025-11-13 14:46:28,155 - __main__ - INFO - LSL rate: 127.75 Hz (99.8% of nominal)
2025-11-13 14:46:28,155 - __main__ - INFO - Saved: 3000
2025-11-13 14:46:28,155 - __main__ - INFO - Buffer: 462
2025-11-13 14:46:28,155 - __main__ - INFO - ============================================================
2025-11-13 14:46:29,155 - __main__ - INFO - 
============================================================
2025-11-13 14:46:29,155 - __main__ - INFO - Total samples: 3589
2025-11-13 14:46:29,155 - __main__ - INFO - LSL pushed: 3589
2025-11-13 14:46:29,155 - __main__ - INFO - LSL rate: 127.72 Hz (99.8% of nominal)
2025-11-13 14:46:29,155 - __main__ - INFO - Saved: 3000
2025-11-13 14:46:29,155 - __main__ - INFO - Buffer: 589
2025-11-13 14:46:29,155 - __main__ - INFO - ============================================================
2025-11-13 14:46:30,156 - __main__ - INFO - 
============================================================
2025-11-13 14:46:30,156 - __main__ - INFO - Total samples: 3718
2025-11-13 14:46:30,156 - __main__ - INFO - LSL pushed: 3718
2025-11-13 14:46:30,156 - __main__ - INFO - LSL rate: 127.76 Hz (99.8% of nominal)
2025-11-13 14:46:30,156 - __main__ - INFO - Saved: 3000
2025-11-13 14:46:30,156 - __main__ - INFO - Buffer: 718
2025-11-13 14:46:30,156 - __main__ - INFO - ============================================================
2025-11-13 14:46:31,157 - __main__ - INFO - 
============================================================
2025-11-13 14:46:31,157 - __main__ - INFO - Total samples: 3845
2025-11-13 14:46:31,157 - __main__ - INFO - LSL pushed: 3845
2025-11-13 14:46:31,157 - __main__ - INFO - LSL rate: 127.73 Hz (99.8% of nominal)
2025-11-13 14:46:31,157 - __main__ - INFO - Saved: 3000
2025-11-13 14:46:31,157 - __main__ - INFO - Buffer: 845
2025-11-13 14:46:31,157 - __main__ - INFO - ============================================================
2025-11-13 14:46:32,157 - __main__ - INFO - 
============================================================
2025-11-13 14:46:32,158 - __main__ - INFO - Total samples: 3973
2025-11-13 14:46:32,158 - __main__ - INFO - LSL pushed: 3973
2025-11-13 14:46:32,158 - __main__ - INFO - LSL rate: 127.74 Hz (99.8% of nominal)
2025-11-13 14:46:32,158 - __main__ - INFO - Saved: 3000
2025-11-13 14:46:32,158 - __main__ - INFO - Buffer: 973
2025-11-13 14:46:32,158 - __main__ - INFO - ============================================================
2025-11-13 14:46:33,158 - __main__ - INFO - 
============================================================
2025-11-13 14:46:33,158 - __main__ - INFO - Total samples: 4099
2025-11-13 14:46:33,158 - __main__ - INFO - LSL pushed: 4099
2025-11-13 14:46:33,158 - __main__ - INFO - LSL rate: 127.68 Hz (99.7% of nominal)
2025-11-13 14:46:33,158 - __main__ - INFO - Saved: 4000
2025-11-13 14:46:33,158 - __main__ - INFO - Buffer: 99
2025-11-13 14:46:33,158 - __main__ - INFO - ============================================================
2025-11-13 14:46:33,627 - __main__ - INFO - 
Received interrupt signal. Shutting down...
2025-11-13 14:46:33,627 - __main__ - INFO - 
Stopping components...
2025-11-13 14:46:33,660 - shimmer_device - INFO - Stopped data streaming
2025-11-13 14:46:33,660 - shimmer_device - INFO - Shimmer device shutdown
2025-11-13 14:46:33,660 - shimmer_device - INFO - Disconnected from Shimmer device
2025-11-13 14:46:33,660 - __main__ - INFO - Device disconnected
2025-11-13 14:46:33,663 - data_saver - INFO - Stopped saving. Total samples saved: 4161
2025-11-13 14:46:33,663 - __main__ - INFO - Data saving stopped
2025-11-13 14:46:33,663 - __main__ - INFO - Final LSL statistics: {'samples_pushed': 4161, 'elapsed_time': 32.60844302177429, 'effective_rate': 127.60498859824408, 'nominal_rate': 128.0, 'rate_accuracy': 99.69139734237818}
2025-11-13 14:46:33,663 - lsl_manager - INFO - Destroying LSL outlet. Statistics: {'samples_pushed': 4161, 'elapsed_time': 32.60844302177429, 'effective_rate': 127.60498859824408, 'nominal_rate': 128.0, 'rate_accuracy': 99.69139734237818}
2025-11-13 14:46:33,689 - __main__ - INFO - LSL outlet destroyed
2025-11-13 14:46:33,689 - __main__ - INFO - 
============================================================
2025-11-13 14:46:33,689 - __main__ - INFO - Session ended. Total samples processed: 4161
2025-11-13 14:46:33,689 - __main__ - INFO - ============================================================
2025-11-13 14:46:33,689 - __main__ - INFO - 
Stopping components...
2025-11-13 14:46:33,689 - shimmer_device - ERROR - Error during disconnect: byref() argument must be a ctypes instance, not 'NoneType'
2025-11-13 14:46:33,689 - __main__ - INFO - Device disconnected
2025-11-13 14:46:33,690 - data_saver - INFO - Stopped saving. Total samples saved: 4161
2025-11-13 14:46:33,690 - __main__ - INFO - Data saving stopped
2025-11-13 14:46:33,690 - __main__ - INFO - Final LSL statistics: {}
2025-11-13 14:46:33,690 - __main__ - INFO - LSL outlet destroyed
2025-11-13 14:46:33,691 - __main__ - INFO - 
============================================================
2025-11-13 14:46:33,691 - __main__ - INFO - Session ended. Total samples processed: 4161
2025-11-13 14:46:33,691 - __main__ - INFO - ============================================================
2025-11-13 14:46:33,691 - shimmer_device - ERROR - Error during disconnect: byref() argument must be a ctypes instance, not 'NoneType'
