2025-11-13 15:49:53,599 - __main__ - INFO - ============================================================
2025-11-13 15:49:53,599 - __main__ - INFO - Shimmer GSR+ LSL Integration
2025-11-13 15:49:53,600 - __main__ - INFO - ============================================================
2025-11-13 15:49:53,600 - __main__ - INFO - 
[1/4] Initializing Shimmer GSR+ device...
2025-11-13 15:49:53,600 - shimmer_device - INFO - Attempting to connect to Shimmer on COM6...
2025-11-13 15:49:54,572 - shimmer_device - INFO - Initializing Shimmer device...
2025-11-13 15:49:54,620 - shimmer_device - INFO - Successfully connected and initialized Shimmer on COM6
2025-11-13 15:49:54,620 - shimmer_device - INFO - Channel names: ['GSR_Skin_Conductance', 'GSR_Skin_Resistance', 'PPG_A13', 'Accel_LN_X', 'Accel_LN_Y', 'Accel_LN_Z', 'Accel_WR_X', 'Accel_WR_Y', 'Accel_WR_Z', 'Gyro_X', 'Gyro_Y', 'Gyro_Z', 'Mag_X', 'Mag_Y', 'Mag_Z', 'Temperature_BMP280', 'Pressure_BMP280', 'Ext_Exp_A7', 'VSenseBatt', 'PPGtoHR']
2025-11-13 15:49:54,621 - __main__ - INFO - Device info: {'sampling_rate': 128.0, 'enabled_sensors': ['gsr', 'ppg', 'accelerometer_ln', 'accelerometer_wr', 'gyroscope', 'magnetometer', 'temperature', 'pressure', 'external_adc', 'battery', 'heart_rate'], 'channel_names': ['GSR_Skin_Conductance', 'GSR_Skin_Resistance', 'PPG_A13', 'Accel_LN_X', 'Accel_LN_Y', 'Accel_LN_Z', 'Accel_WR_X', 'Accel_WR_Y', 'Accel_WR_Z', 'Gyro_X', 'Gyro_Y', 'Gyro_Z', 'Mag_X', 'Mag_Y', 'Mag_Z', 'Temperature_BMP280', 'Pressure_BMP280', 'Ext_Exp_A7', 'VSenseBatt', 'PPGtoHR'], 'com_port': 'COM6'}
2025-11-13 15:49:54,621 - __main__ - INFO - Channels: ['GSR_Skin_Conductance', 'GSR_Skin_Resistance', 'PPG_A13', 'Accel_LN_X', 'Accel_LN_Y', 'Accel_LN_Z', 'Accel_WR_X', 'Accel_WR_Y', 'Accel_WR_Z', 'Gyro_X', 'Gyro_Y', 'Gyro_Z', 'Mag_X', 'Mag_Y', 'Mag_Z', 'Temperature_BMP280', 'Pressure_BMP280', 'Ext_Exp_A7', 'VSenseBatt', 'PPGtoHR']
2025-11-13 15:49:54,621 - __main__ - INFO - Sampling rate: 128.0 Hz
2025-11-13 15:49:54,621 - __main__ - INFO - 
[2/4] Initializing LSL stream...
2025-11-13 15:49:54,621 - lsl_manager - INFO - Creating LSL stream: ShimmerGSR
2025-11-13 15:49:54,621 - lsl_manager - INFO - Channels: 20, Sampling rate: 128.0 Hz
2025-11-13 15:49:54,633 - lsl_manager - INFO - Added metadata to LSL stream
2025-11-13 15:49:54,642 - lsl_manager - INFO - LSL outlet created successfully: ShimmerGSR
2025-11-13 15:49:54,642 - __main__ - INFO - 
[3/4] Initializing data saver...
2025-11-13 15:49:54,644 - data_saver - INFO - Created CSV file: ./data\shimmer_gsr_20251113_154954.csv
2025-11-13 15:49:54,645 - data_saver - INFO - Saved metadata to: ./data\shimmer_gsr_20251113_154954_metadata.json
2025-11-13 15:49:54,645 - data_saver - INFO - Started saving data to: ./data\shimmer_gsr_20251113_154954.csv
2025-11-13 15:49:54,645 - __main__ - INFO - 
[4/4] Starting data streaming...
2025-11-13 15:49:54,645 - shimmer_device - INFO - Starting data streaming...
2025-11-13 15:49:54,698 - shimmer_device - INFO - Data streaming started successfully
2025-11-13 15:49:54,698 - __main__ - INFO - 
============================================================
2025-11-13 15:49:54,698 - __main__ - INFO - Initialization complete! Ready to stream data.
2025-11-13 15:49:54,698 - __main__ - INFO - ============================================================

2025-11-13 15:49:54,698 - __main__ - INFO - Starting data acquisition loop...
2025-11-13 15:49:54,698 - __main__ - INFO - Press Ctrl+C to stop

2025-11-13 15:49:55,698 - __main__ - INFO - 
============================================================
2025-11-13 15:49:55,698 - __main__ - INFO - Total samples: 0
2025-11-13 15:49:55,698 - __main__ - INFO - LSL pushed: 0
2025-11-13 15:49:55,698 - __main__ - INFO - LSL rate: 0.00 Hz (0.0% of nominal)
2025-11-13 15:49:55,698 - __main__ - INFO - Saved: 0
2025-11-13 15:49:55,698 - __main__ - INFO - Buffer: 0
2025-11-13 15:49:55,698 - __main__ - INFO - ============================================================
2025-11-13 15:49:56,699 - __main__ - INFO - 
============================================================
2025-11-13 15:49:56,699 - __main__ - INFO - Total samples: 117
2025-11-13 15:49:56,699 - __main__ - INFO - LSL pushed: 117
2025-11-13 15:49:56,699 - __main__ - INFO - LSL rate: 56.90 Hz (44.5% of nominal)
2025-11-13 15:49:56,699 - __main__ - INFO - Saved: 0
2025-11-13 15:49:56,699 - __main__ - INFO - Buffer: 117
2025-11-13 15:49:56,699 - __main__ - INFO - ============================================================
2025-11-13 15:49:57,700 - __main__ - INFO - 
============================================================
2025-11-13 15:49:57,700 - __main__ - INFO - Total samples: 245
2025-11-13 15:49:57,700 - __main__ - INFO - LSL pushed: 245
2025-11-13 15:49:57,700 - __main__ - INFO - LSL rate: 80.14 Hz (62.6% of nominal)
2025-11-13 15:49:57,700 - __main__ - INFO - Saved: 0
2025-11-13 15:49:57,700 - __main__ - INFO - Buffer: 245
2025-11-13 15:49:57,700 - __main__ - INFO - ============================================================
2025-11-13 15:49:58,702 - __main__ - INFO - 
============================================================
2025-11-13 15:49:58,702 - __main__ - INFO - Total samples: 373
2025-11-13 15:49:58,702 - __main__ - INFO - LSL pushed: 373
2025-11-13 15:49:58,702 - __main__ - INFO - LSL rate: 91.89 Hz (71.8% of nominal)
2025-11-13 15:49:58,702 - __main__ - INFO - Saved: 0
2025-11-13 15:49:58,702 - __main__ - INFO - Buffer: 373
2025-11-13 15:49:58,702 - __main__ - INFO - ============================================================
2025-11-13 15:49:59,703 - __main__ - INFO - 
============================================================
2025-11-13 15:49:59,703 - __main__ - INFO - Total samples: 503
2025-11-13 15:49:59,703 - __main__ - INFO - LSL pushed: 503
2025-11-13 15:49:59,703 - __main__ - INFO - LSL rate: 99.40 Hz (77.7% of nominal)
2025-11-13 15:49:59,703 - __main__ - INFO - Saved: 0
2025-11-13 15:49:59,703 - __main__ - INFO - Buffer: 503
2025-11-13 15:49:59,703 - __main__ - INFO - ============================================================
2025-11-13 15:50:00,703 - __main__ - INFO - 
============================================================
2025-11-13 15:50:00,703 - __main__ - INFO - Total samples: 629
2025-11-13 15:50:00,703 - __main__ - INFO - LSL pushed: 629
2025-11-13 15:50:00,703 - __main__ - INFO - LSL rate: 103.79 Hz (81.1% of nominal)
2025-11-13 15:50:00,703 - __main__ - INFO - Saved: 0
2025-11-13 15:50:00,703 - __main__ - INFO - Buffer: 629
2025-11-13 15:50:00,703 - __main__ - INFO - ============================================================
2025-11-13 15:50:01,705 - __main__ - INFO - 
============================================================
2025-11-13 15:50:01,705 - __main__ - INFO - Total samples: 759
2025-11-13 15:50:01,705 - __main__ - INFO - LSL pushed: 759
2025-11-13 15:50:01,705 - __main__ - INFO - LSL rate: 107.47 Hz (84.0% of nominal)
2025-11-13 15:50:01,705 - __main__ - INFO - Saved: 0
2025-11-13 15:50:01,705 - __main__ - INFO - Buffer: 759
2025-11-13 15:50:01,705 - __main__ - INFO - ============================================================
2025-11-13 15:50:02,706 - __main__ - INFO - 
============================================================
2025-11-13 15:50:02,706 - __main__ - INFO - Total samples: 885
2025-11-13 15:50:02,706 - __main__ - INFO - LSL pushed: 885
2025-11-13 15:50:02,706 - __main__ - INFO - LSL rate: 109.76 Hz (85.7% of nominal)
2025-11-13 15:50:02,706 - __main__ - INFO - Saved: 0
2025-11-13 15:50:02,706 - __main__ - INFO - Buffer: 885
2025-11-13 15:50:02,706 - __main__ - INFO - ============================================================
2025-11-13 15:50:03,707 - __main__ - INFO - 
============================================================
2025-11-13 15:50:03,707 - __main__ - INFO - Total samples: 1013
2025-11-13 15:50:03,707 - __main__ - INFO - LSL pushed: 1013
2025-11-13 15:50:03,707 - __main__ - INFO - LSL rate: 111.75 Hz (87.3% of nominal)
2025-11-13 15:50:03,707 - __main__ - INFO - Saved: 1000
2025-11-13 15:50:03,707 - __main__ - INFO - Buffer: 13
2025-11-13 15:50:03,707 - __main__ - INFO - ============================================================
2025-11-13 15:50:04,708 - __main__ - INFO - 
============================================================
2025-11-13 15:50:04,708 - __main__ - INFO - Total samples: 1141
2025-11-13 15:50:04,708 - __main__ - INFO - LSL pushed: 1141
2025-11-13 15:50:04,708 - __main__ - INFO - LSL rate: 113.36 Hz (88.6% of nominal)
2025-11-13 15:50:04,708 - __main__ - INFO - Saved: 1000
2025-11-13 15:50:04,708 - __main__ - INFO - Buffer: 141
2025-11-13 15:50:04,708 - __main__ - INFO - ============================================================
2025-11-13 15:50:05,709 - __main__ - INFO - 
============================================================
2025-11-13 15:50:05,709 - __main__ - INFO - Total samples: 1269
2025-11-13 15:50:05,709 - __main__ - INFO - LSL pushed: 1269
2025-11-13 15:50:05,709 - __main__ - INFO - LSL rate: 114.66 Hz (89.6% of nominal)
2025-11-13 15:50:05,709 - __main__ - INFO - Saved: 1000
2025-11-13 15:50:05,709 - __main__ - INFO - Buffer: 269
2025-11-13 15:50:05,709 - __main__ - INFO - ============================================================
2025-11-13 15:50:06,710 - __main__ - INFO - 
============================================================
2025-11-13 15:50:06,710 - __main__ - INFO - Total samples: 1397
2025-11-13 15:50:06,710 - __main__ - INFO - LSL pushed: 1397
2025-11-13 15:50:06,710 - __main__ - INFO - LSL rate: 115.77 Hz (90.4% of nominal)
2025-11-13 15:50:06,710 - __main__ - INFO - Saved: 1000
2025-11-13 15:50:06,710 - __main__ - INFO - Buffer: 397
2025-11-13 15:50:06,710 - __main__ - INFO - ============================================================
2025-11-13 15:50:07,710 - __main__ - INFO - 
============================================================
2025-11-13 15:50:07,710 - __main__ - INFO - Total samples: 1525
2025-11-13 15:50:07,710 - __main__ - INFO - LSL pushed: 1525
2025-11-13 15:50:07,710 - __main__ - INFO - LSL rate: 116.70 Hz (91.2% of nominal)
2025-11-13 15:50:07,710 - __main__ - INFO - Saved: 1000
2025-11-13 15:50:07,710 - __main__ - INFO - Buffer: 525
2025-11-13 15:50:07,710 - __main__ - INFO - ============================================================
2025-11-13 15:50:08,710 - __main__ - INFO - 
============================================================
2025-11-13 15:50:08,710 - __main__ - INFO - Total samples: 1653
2025-11-13 15:50:08,710 - __main__ - INFO - LSL pushed: 1653
2025-11-13 15:50:08,710 - __main__ - INFO - LSL rate: 117.50 Hz (91.8% of nominal)
2025-11-13 15:50:08,710 - __main__ - INFO - Saved: 1000
2025-11-13 15:50:08,711 - __main__ - INFO - Buffer: 653
2025-11-13 15:50:08,711 - __main__ - INFO - ============================================================
2025-11-13 15:50:09,710 - __main__ - INFO - 
============================================================
2025-11-13 15:50:09,710 - __main__ - INFO - Total samples: 1781
2025-11-13 15:50:09,710 - __main__ - INFO - LSL pushed: 1781
2025-11-13 15:50:09,710 - __main__ - INFO - LSL rate: 118.20 Hz (92.3% of nominal)
2025-11-13 15:50:09,710 - __main__ - INFO - Saved: 1000
2025-11-13 15:50:09,710 - __main__ - INFO - Buffer: 781
2025-11-13 15:50:09,710 - __main__ - INFO - ============================================================
2025-11-13 15:50:10,710 - __main__ - INFO - 
============================================================
2025-11-13 15:50:10,710 - __main__ - INFO - Total samples: 1910
2025-11-13 15:50:10,710 - __main__ - INFO - LSL pushed: 1910
2025-11-13 15:50:10,710 - __main__ - INFO - LSL rate: 118.87 Hz (92.9% of nominal)
2025-11-13 15:50:10,710 - __main__ - INFO - Saved: 1000
2025-11-13 15:50:10,710 - __main__ - INFO - Buffer: 910
2025-11-13 15:50:10,711 - __main__ - INFO - ============================================================
2025-11-13 15:50:11,711 - __main__ - INFO - 
============================================================
2025-11-13 15:50:11,711 - __main__ - INFO - Total samples: 2038
2025-11-13 15:50:11,711 - __main__ - INFO - LSL pushed: 2038
2025-11-13 15:50:11,711 - __main__ - INFO - LSL rate: 119.40 Hz (93.3% of nominal)
2025-11-13 15:50:11,711 - __main__ - INFO - Saved: 2000
2025-11-13 15:50:11,711 - __main__ - INFO - Buffer: 38
2025-11-13 15:50:11,711 - __main__ - INFO - ============================================================
2025-11-13 15:50:12,711 - __main__ - INFO - 
============================================================
2025-11-13 15:50:12,711 - __main__ - INFO - Total samples: 2168
2025-11-13 15:50:12,711 - __main__ - INFO - LSL pushed: 2168
2025-11-13 15:50:12,711 - __main__ - INFO - LSL rate: 119.98 Hz (93.7% of nominal)
2025-11-13 15:50:12,711 - __main__ - INFO - Saved: 2000
2025-11-13 15:50:12,711 - __main__ - INFO - Buffer: 168
2025-11-13 15:50:12,711 - __main__ - INFO - ============================================================
2025-11-13 15:50:13,712 - __main__ - INFO - 
============================================================
2025-11-13 15:50:13,712 - __main__ - INFO - Total samples: 2294
2025-11-13 15:50:13,712 - __main__ - INFO - LSL pushed: 2294
2025-11-13 15:50:13,712 - __main__ - INFO - LSL rate: 120.29 Hz (94.0% of nominal)
2025-11-13 15:50:13,712 - __main__ - INFO - Saved: 2000
2025-11-13 15:50:13,712 - __main__ - INFO - Buffer: 294
2025-11-13 15:50:13,712 - __main__ - INFO - ============================================================
2025-11-13 15:50:14,713 - __main__ - INFO - 
============================================================
2025-11-13 15:50:14,713 - __main__ - INFO - Total samples: 2421
2025-11-13 15:50:14,713 - __main__ - INFO - LSL pushed: 2421
2025-11-13 15:50:14,713 - __main__ - INFO - LSL rate: 120.63 Hz (94.2% of nominal)
2025-11-13 15:50:14,713 - __main__ - INFO - Saved: 2000
2025-11-13 15:50:14,713 - __main__ - INFO - Buffer: 421
2025-11-13 15:50:14,713 - __main__ - INFO - ============================================================
2025-11-13 15:50:15,714 - __main__ - INFO - 
============================================================
2025-11-13 15:50:15,714 - __main__ - INFO - Total samples: 2552
2025-11-13 15:50:15,714 - __main__ - INFO - LSL pushed: 2552
2025-11-13 15:50:15,714 - __main__ - INFO - LSL rate: 121.11 Hz (94.6% of nominal)
2025-11-13 15:50:15,714 - __main__ - INFO - Saved: 2000
2025-11-13 15:50:15,714 - __main__ - INFO - Buffer: 552
2025-11-13 15:50:15,714 - __main__ - INFO - ============================================================
2025-11-13 15:50:16,715 - __main__ - INFO - 
============================================================
2025-11-13 15:50:16,715 - __main__ - INFO - Total samples: 2680
2025-11-13 15:50:16,715 - __main__ - INFO - LSL pushed: 2680
2025-11-13 15:50:16,715 - __main__ - INFO - LSL rate: 121.42 Hz (94.9% of nominal)
2025-11-13 15:50:16,715 - __main__ - INFO - Saved: 2000
2025-11-13 15:50:16,715 - __main__ - INFO - Buffer: 680
2025-11-13 15:50:16,715 - __main__ - INFO - ============================================================
2025-11-13 15:50:17,716 - __main__ - INFO - 
============================================================
2025-11-13 15:50:17,716 - __main__ - INFO - Total samples: 2808
2025-11-13 15:50:17,716 - __main__ - INFO - LSL pushed: 2808
2025-11-13 15:50:17,716 - __main__ - INFO - LSL rate: 121.70 Hz (95.1% of nominal)
2025-11-13 15:50:17,716 - __main__ - INFO - Saved: 2000
2025-11-13 15:50:17,716 - __main__ - INFO - Buffer: 808
2025-11-13 15:50:17,716 - __main__ - INFO - ============================================================
2025-11-13 15:50:18,718 - __main__ - INFO - 
============================================================
2025-11-13 15:50:18,718 - __main__ - INFO - Total samples: 2936
2025-11-13 15:50:18,718 - __main__ - INFO - LSL pushed: 2936
2025-11-13 15:50:18,718 - __main__ - INFO - LSL rate: 121.95 Hz (95.3% of nominal)
2025-11-13 15:50:18,718 - __main__ - INFO - Saved: 2000
2025-11-13 15:50:18,718 - __main__ - INFO - Buffer: 936
2025-11-13 15:50:18,718 - __main__ - INFO - ============================================================
2025-11-13 15:50:19,719 - __main__ - INFO - 
============================================================
2025-11-13 15:50:19,719 - __main__ - INFO - Total samples: 3064
2025-11-13 15:50:19,719 - __main__ - INFO - LSL pushed: 3064
2025-11-13 15:50:19,719 - __main__ - INFO - LSL rate: 122.19 Hz (95.5% of nominal)
2025-11-13 15:50:19,719 - __main__ - INFO - Saved: 3000
2025-11-13 15:50:19,719 - __main__ - INFO - Buffer: 64
2025-11-13 15:50:19,719 - __main__ - INFO - ============================================================
2025-11-13 15:50:20,719 - __main__ - INFO - 
============================================================
2025-11-13 15:50:20,719 - __main__ - INFO - Total samples: 3192
2025-11-13 15:50:20,719 - __main__ - INFO - LSL pushed: 3192
2025-11-13 15:50:20,719 - __main__ - INFO - LSL rate: 122.41 Hz (95.6% of nominal)
2025-11-13 15:50:20,719 - __main__ - INFO - Saved: 3000
2025-11-13 15:50:20,720 - __main__ - INFO - Buffer: 192
2025-11-13 15:50:20,720 - __main__ - INFO - ============================================================
2025-11-13 15:50:21,720 - __main__ - INFO - 
============================================================
2025-11-13 15:50:21,720 - __main__ - INFO - Total samples: 3320
2025-11-13 15:50:21,720 - __main__ - INFO - LSL pushed: 3320
2025-11-13 15:50:21,720 - __main__ - INFO - LSL rate: 122.61 Hz (95.8% of nominal)
2025-11-13 15:50:21,720 - __main__ - INFO - Saved: 3000
2025-11-13 15:50:21,720 - __main__ - INFO - Buffer: 320
2025-11-13 15:50:21,720 - __main__ - INFO - ============================================================
2025-11-13 15:50:22,720 - __main__ - INFO - 
============================================================
2025-11-13 15:50:22,720 - __main__ - INFO - Total samples: 3448
2025-11-13 15:50:22,720 - __main__ - INFO - LSL pushed: 3448
2025-11-13 15:50:22,720 - __main__ - INFO - LSL rate: 122.80 Hz (95.9% of nominal)
2025-11-13 15:50:22,720 - __main__ - INFO - Saved: 3000
2025-11-13 15:50:22,720 - __main__ - INFO - Buffer: 448
2025-11-13 15:50:22,720 - __main__ - INFO - ============================================================
2025-11-13 15:50:23,720 - __main__ - INFO - 
============================================================
2025-11-13 15:50:23,720 - __main__ - INFO - Total samples: 3576
2025-11-13 15:50:23,720 - __main__ - INFO - LSL pushed: 3576
2025-11-13 15:50:23,720 - __main__ - INFO - LSL rate: 122.98 Hz (96.1% of nominal)
2025-11-13 15:50:23,720 - __main__ - INFO - Saved: 3000
2025-11-13 15:50:23,720 - __main__ - INFO - Buffer: 576
2025-11-13 15:50:23,720 - __main__ - INFO - ============================================================
2025-11-13 15:50:24,720 - __main__ - INFO - 
============================================================
2025-11-13 15:50:24,720 - __main__ - INFO - Total samples: 3702
2025-11-13 15:50:24,720 - __main__ - INFO - LSL pushed: 3702
2025-11-13 15:50:24,720 - __main__ - INFO - LSL rate: 123.08 Hz (96.2% of nominal)
2025-11-13 15:50:24,720 - __main__ - INFO - Saved: 3000
2025-11-13 15:50:24,720 - __main__ - INFO - Buffer: 702
2025-11-13 15:50:24,720 - __main__ - INFO - ============================================================
2025-11-13 15:50:25,721 - __main__ - INFO - 
============================================================
2025-11-13 15:50:25,721 - __main__ - INFO - Total samples: 3832
2025-11-13 15:50:25,721 - __main__ - INFO - LSL pushed: 3832
2025-11-13 15:50:25,721 - __main__ - INFO - LSL rate: 123.30 Hz (96.3% of nominal)
2025-11-13 15:50:25,721 - __main__ - INFO - Saved: 3000
2025-11-13 15:50:25,721 - __main__ - INFO - Buffer: 832
2025-11-13 15:50:25,721 - __main__ - INFO - ============================================================
2025-11-13 15:50:26,721 - __main__ - INFO - 
============================================================
2025-11-13 15:50:26,721 - __main__ - INFO - Total samples: 3960
2025-11-13 15:50:26,721 - __main__ - INFO - LSL pushed: 3960
2025-11-13 15:50:26,721 - __main__ - INFO - LSL rate: 123.45 Hz (96.4% of nominal)
2025-11-13 15:50:26,721 - __main__ - INFO - Saved: 3000
2025-11-13 15:50:26,721 - __main__ - INFO - Buffer: 960
2025-11-13 15:50:26,721 - __main__ - INFO - ============================================================
2025-11-13 15:50:26,925 - __main__ - INFO - 
Received interrupt signal. Shutting down...
2025-11-13 15:50:26,926 - __main__ - INFO - 
Stopping components...
2025-11-13 15:50:26,950 - shimmer_device - INFO - Stopped data streaming
2025-11-13 15:50:26,950 - shimmer_device - INFO - Shimmer device shutdown
2025-11-13 15:50:26,950 - shimmer_device - INFO - Disconnected from Shimmer device
2025-11-13 15:50:26,950 - __main__ - INFO - Device disconnected
2025-11-13 15:50:26,959 - data_saver - INFO - Stopped saving. Total samples saved: 3987
2025-11-13 15:50:26,959 - __main__ - INFO - Data saving stopped
2025-11-13 15:50:26,959 - __main__ - INFO - Final LSL statistics: {'samples_pushed': 3987, 'elapsed_time': 32.317028522491455, 'effective_rate': 123.37149120084464, 'nominal_rate': 128.0, 'rate_accuracy': 96.38397750065988}
2025-11-13 15:50:26,959 - lsl_manager - INFO - Destroying LSL outlet. Statistics: {'samples_pushed': 3987, 'elapsed_time': 32.317028522491455, 'effective_rate': 123.37149120084464, 'nominal_rate': 128.0, 'rate_accuracy': 96.38397750065988}
2025-11-13 15:50:26,986 - __main__ - INFO - LSL outlet destroyed
2025-11-13 15:50:26,986 - __main__ - INFO - 
============================================================
2025-11-13 15:50:26,986 - __main__ - INFO - Session ended. Total samples processed: 3987
2025-11-13 15:50:26,986 - __main__ - INFO - ============================================================
2025-11-13 15:50:26,986 - __main__ - INFO - 
Stopping components...
2025-11-13 15:50:26,987 - shimmer_device - ERROR - Error during disconnect: byref() argument must be a ctypes instance, not 'NoneType'
2025-11-13 15:50:26,987 - __main__ - INFO - Device disconnected
2025-11-13 15:50:26,989 - data_saver - INFO - Stopped saving. Total samples saved: 3987
2025-11-13 15:50:26,989 - __main__ - INFO - Data saving stopped
2025-11-13 15:50:26,989 - __main__ - INFO - Final LSL statistics: {}
2025-11-13 15:50:26,989 - __main__ - INFO - LSL outlet destroyed
2025-11-13 15:50:26,989 - __main__ - INFO - 
============================================================
2025-11-13 15:50:26,989 - __main__ - INFO - Session ended. Total samples processed: 3987
2025-11-13 15:50:26,989 - __main__ - INFO - ============================================================
2025-11-13 15:50:26,989 - shimmer_device - ERROR - Error during disconnect: byref() argument must be a ctypes instance, not 'NoneType'
