2025-11-13 14:55:19,030 - __main__ - INFO - ============================================================
2025-11-13 14:55:19,031 - __main__ - INFO - Shimmer GSR+ LSL Integration
2025-11-13 14:55:19,031 - __main__ - INFO - ============================================================
2025-11-13 14:55:19,031 - __main__ - INFO - 
[1/4] Initializing Shimmer GSR+ device...
2025-11-13 14:55:19,031 - shimmer_device - INFO - Attempting to connect to Shimmer on COM6...
2025-11-13 14:55:20,157 - shimmer_device - INFO - Initializing Shimmer device...
2025-11-13 14:55:20,208 - shimmer_device - INFO - Successfully connected and initialized Shimmer on COM6
2025-11-13 14:55:20,208 - shimmer_device - INFO - Channel names: ['GSR_Skin_Conductance', 'GSR_Skin_Resistance', 'PPG_A13', 'Accel_LN_X', 'Accel_LN_Y', 'Accel_LN_Z']
2025-11-13 14:55:20,209 - __main__ - INFO - Device info: {'sampling_rate': 128.0, 'enabled_sensors': ['gsr', 'ppg', 'accelerometer'], 'channel_names': ['GSR_Skin_Conductance', 'GSR_Skin_Resistance', 'PPG_A13', 'Accel_LN_X', 'Accel_LN_Y', 'Accel_LN_Z'], 'com_port': 'COM6'}
2025-11-13 14:55:20,209 - __main__ - INFO - Channels: ['GSR_Skin_Conductance', 'GSR_Skin_Resistance', 'PPG_A13', 'Accel_LN_X', 'Accel_LN_Y', 'Accel_LN_Z']
2025-11-13 14:55:20,209 - __main__ - INFO - Sampling rate: 128.0 Hz
2025-11-13 14:55:20,209 - __main__ - INFO - 
[2/4] Initializing LSL stream...
2025-11-13 14:55:20,210 - lsl_manager - INFO - Creating LSL stream: ShimmerGSR
2025-11-13 14:55:20,210 - lsl_manager - INFO - Channels: 6, Sampling rate: 128.0 Hz
2025-11-13 14:55:20,224 - lsl_manager - INFO - Added metadata to LSL stream
2025-11-13 14:55:20,233 - lsl_manager - INFO - LSL outlet created successfully: ShimmerGSR
2025-11-13 14:55:20,233 - __main__ - INFO - 
[3/4] Initializing data saver...
2025-11-13 14:55:20,234 - data_saver - INFO - Created CSV file: ./data\shimmer_gsr_20251113_145520.csv
2025-11-13 14:55:20,235 - data_saver - INFO - Saved metadata to: ./data\shimmer_gsr_20251113_145520_metadata.json
2025-11-13 14:55:20,235 - data_saver - INFO - Started saving data to: ./data\shimmer_gsr_20251113_145520.csv
2025-11-13 14:55:20,235 - __main__ - INFO - 
[4/4] Starting data streaming...
2025-11-13 14:55:20,235 - shimmer_device - INFO - Starting data streaming...
2025-11-13 14:55:20,297 - shimmer_device - INFO - Data streaming started successfully
2025-11-13 14:55:20,299 - __main__ - INFO - 
============================================================
2025-11-13 14:55:20,299 - __main__ - INFO - Initialization complete! Ready to stream data.
2025-11-13 14:55:20,299 - __main__ - INFO - ============================================================

2025-11-13 14:55:20,299 - __main__ - INFO - Starting data acquisition loop...
2025-11-13 14:55:20,300 - __main__ - INFO - Press Ctrl+C to stop

2025-11-13 14:55:21,300 - __main__ - INFO - 
============================================================
2025-11-13 14:55:21,301 - __main__ - INFO - Total samples: 130
2025-11-13 14:55:21,301 - __main__ - INFO - LSL pushed: 130
2025-11-13 14:55:21,301 - __main__ - INFO - LSL rate: 121.81 Hz (95.2% of nominal)
2025-11-13 14:55:21,301 - __main__ - INFO - Saved: 0
2025-11-13 14:55:21,301 - __main__ - INFO - Buffer: 130
2025-11-13 14:55:21,301 - __main__ - INFO - ============================================================
2025-11-13 14:55:22,301 - __main__ - INFO - 
============================================================
2025-11-13 14:55:22,301 - __main__ - INFO - Total samples: 256
2025-11-13 14:55:22,301 - __main__ - INFO - LSL pushed: 256
2025-11-13 14:55:22,301 - __main__ - INFO - LSL rate: 123.82 Hz (96.7% of nominal)
2025-11-13 14:55:22,301 - __main__ - INFO - Saved: 0
2025-11-13 14:55:22,302 - __main__ - INFO - Buffer: 256
2025-11-13 14:55:22,302 - __main__ - INFO - ============================================================
2025-11-13 14:55:23,301 - __main__ - INFO - 
============================================================
2025-11-13 14:55:23,301 - __main__ - INFO - Total samples: 386
2025-11-13 14:55:23,301 - __main__ - INFO - LSL pushed: 386
2025-11-13 14:55:23,301 - __main__ - INFO - LSL rate: 125.83 Hz (98.3% of nominal)
2025-11-13 14:55:23,302 - __main__ - INFO - Saved: 0
2025-11-13 14:55:23,302 - __main__ - INFO - Buffer: 386
2025-11-13 14:55:23,302 - __main__ - INFO - ============================================================
2025-11-13 14:55:24,302 - __main__ - INFO - 
============================================================
2025-11-13 14:55:24,302 - __main__ - INFO - Total samples: 514
2025-11-13 14:55:24,302 - __main__ - INFO - LSL pushed: 514
2025-11-13 14:55:24,303 - __main__ - INFO - LSL rate: 126.32 Hz (98.7% of nominal)
2025-11-13 14:55:24,303 - __main__ - INFO - Saved: 0
2025-11-13 14:55:24,303 - __main__ - INFO - Buffer: 514
2025-11-13 14:55:24,303 - __main__ - INFO - ============================================================
2025-11-13 14:55:25,304 - __main__ - INFO - 
============================================================
2025-11-13 14:55:25,304 - __main__ - INFO - Total samples: 642
2025-11-13 14:55:25,304 - __main__ - INFO - LSL pushed: 642
2025-11-13 14:55:25,305 - __main__ - INFO - LSL rate: 126.61 Hz (98.9% of nominal)
2025-11-13 14:55:25,305 - __main__ - INFO - Saved: 0
2025-11-13 14:55:25,305 - __main__ - INFO - Buffer: 642
2025-11-13 14:55:25,305 - __main__ - INFO - ============================================================
2025-11-13 14:55:26,304 - __main__ - INFO - 
============================================================
2025-11-13 14:55:26,304 - __main__ - INFO - Total samples: 770
2025-11-13 14:55:26,304 - __main__ - INFO - LSL pushed: 770
2025-11-13 14:55:26,305 - __main__ - INFO - LSL rate: 126.83 Hz (99.1% of nominal)
2025-11-13 14:55:26,305 - __main__ - INFO - Saved: 0
2025-11-13 14:55:26,305 - __main__ - INFO - Buffer: 770
2025-11-13 14:55:26,305 - __main__ - INFO - ============================================================
2025-11-13 14:55:27,305 - __main__ - INFO - 
============================================================
2025-11-13 14:55:27,305 - __main__ - INFO - Total samples: 898
2025-11-13 14:55:27,305 - __main__ - INFO - LSL pushed: 898
2025-11-13 14:55:27,305 - __main__ - INFO - LSL rate: 126.98 Hz (99.2% of nominal)
2025-11-13 14:55:27,305 - __main__ - INFO - Saved: 0
2025-11-13 14:55:27,306 - __main__ - INFO - Buffer: 898
2025-11-13 14:55:27,306 - __main__ - INFO - ============================================================
2025-11-13 14:55:28,307 - __main__ - INFO - 
============================================================
2025-11-13 14:55:28,307 - __main__ - INFO - Total samples: 1026
2025-11-13 14:55:28,307 - __main__ - INFO - LSL pushed: 1026
2025-11-13 14:55:28,307 - __main__ - INFO - LSL rate: 127.08 Hz (99.3% of nominal)
2025-11-13 14:55:28,308 - __main__ - INFO - Saved: 1000
2025-11-13 14:55:28,308 - __main__ - INFO - Buffer: 26
2025-11-13 14:55:28,308 - __main__ - INFO - ============================================================
2025-11-13 14:55:29,309 - __main__ - INFO - 
============================================================
2025-11-13 14:55:29,309 - __main__ - INFO - Total samples: 1153
2025-11-13 14:55:29,309 - __main__ - INFO - LSL pushed: 1153
2025-11-13 14:55:29,310 - __main__ - INFO - LSL rate: 127.04 Hz (99.2% of nominal)
2025-11-13 14:55:29,310 - __main__ - INFO - Saved: 1000
2025-11-13 14:55:29,310 - __main__ - INFO - Buffer: 153
2025-11-13 14:55:29,311 - __main__ - INFO - ============================================================
2025-11-13 14:55:30,309 - __main__ - INFO - 
============================================================
2025-11-13 14:55:30,310 - __main__ - INFO - Total samples: 1282
2025-11-13 14:55:30,310 - __main__ - INFO - LSL pushed: 1282
2025-11-13 14:55:30,310 - __main__ - INFO - LSL rate: 127.23 Hz (99.4% of nominal)
2025-11-13 14:55:30,310 - __main__ - INFO - Saved: 1000
2025-11-13 14:55:30,310 - __main__ - INFO - Buffer: 282
2025-11-13 14:55:30,310 - __main__ - INFO - ============================================================
2025-11-13 14:55:31,310 - __main__ - INFO - 
============================================================
2025-11-13 14:55:31,310 - __main__ - INFO - Total samples: 1410
2025-11-13 14:55:31,310 - __main__ - INFO - LSL pushed: 1410
2025-11-13 14:55:31,311 - __main__ - INFO - LSL rate: 127.30 Hz (99.4% of nominal)
2025-11-13 14:55:31,311 - __main__ - INFO - Saved: 1000
2025-11-13 14:55:31,312 - __main__ - INFO - Buffer: 410
2025-11-13 14:55:31,312 - __main__ - INFO - ============================================================
2025-11-13 14:55:32,310 - __main__ - INFO - 
============================================================
2025-11-13 14:55:32,310 - __main__ - INFO - Total samples: 1537
2025-11-13 14:55:32,310 - __main__ - INFO - LSL pushed: 1537
2025-11-13 14:55:32,310 - __main__ - INFO - LSL rate: 127.27 Hz (99.4% of nominal)
2025-11-13 14:55:32,310 - __main__ - INFO - Saved: 1000
2025-11-13 14:55:32,310 - __main__ - INFO - Buffer: 537
2025-11-13 14:55:32,310 - __main__ - INFO - ============================================================
2025-11-13 14:55:33,311 - __main__ - INFO - 
============================================================
2025-11-13 14:55:33,311 - __main__ - INFO - Total samples: 1666
2025-11-13 14:55:33,311 - __main__ - INFO - LSL pushed: 1666
2025-11-13 14:55:33,311 - __main__ - INFO - LSL rate: 127.39 Hz (99.5% of nominal)
2025-11-13 14:55:33,311 - __main__ - INFO - Saved: 1000
2025-11-13 14:55:33,312 - __main__ - INFO - Buffer: 666
2025-11-13 14:55:33,312 - __main__ - INFO - ============================================================
2025-11-13 14:55:34,312 - __main__ - INFO - 
============================================================
2025-11-13 14:55:34,312 - __main__ - INFO - Total samples: 1795
2025-11-13 14:55:34,312 - __main__ - INFO - LSL pushed: 1795
2025-11-13 14:55:34,312 - __main__ - INFO - LSL rate: 127.50 Hz (99.6% of nominal)
2025-11-13 14:55:34,313 - __main__ - INFO - Saved: 1000
2025-11-13 14:55:34,313 - __main__ - INFO - Buffer: 795
2025-11-13 14:55:34,313 - __main__ - INFO - ============================================================
2025-11-13 14:55:35,313 - __main__ - INFO - 
============================================================
2025-11-13 14:55:35,313 - __main__ - INFO - Total samples: 1922
2025-11-13 14:55:35,313 - __main__ - INFO - LSL pushed: 1922
2025-11-13 14:55:35,313 - __main__ - INFO - LSL rate: 127.46 Hz (99.6% of nominal)
2025-11-13 14:55:35,313 - __main__ - INFO - Saved: 1000
2025-11-13 14:55:35,314 - __main__ - INFO - Buffer: 922
2025-11-13 14:55:35,314 - __main__ - INFO - ============================================================
2025-11-13 14:55:36,313 - __main__ - INFO - 
============================================================
2025-11-13 14:55:36,313 - __main__ - INFO - Total samples: 2050
2025-11-13 14:55:36,313 - __main__ - INFO - LSL pushed: 2050
2025-11-13 14:55:36,313 - __main__ - INFO - LSL rate: 127.49 Hz (99.6% of nominal)
2025-11-13 14:55:36,314 - __main__ - INFO - Saved: 2000
2025-11-13 14:55:36,314 - __main__ - INFO - Buffer: 50
2025-11-13 14:55:36,314 - __main__ - INFO - ============================================================
2025-11-13 14:55:37,314 - __main__ - INFO - 
============================================================
2025-11-13 14:55:37,314 - __main__ - INFO - Total samples: 2179
2025-11-13 14:55:37,314 - __main__ - INFO - LSL pushed: 2179
2025-11-13 14:55:37,314 - __main__ - INFO - LSL rate: 127.57 Hz (99.7% of nominal)
2025-11-13 14:55:37,314 - __main__ - INFO - Saved: 2000
2025-11-13 14:55:37,315 - __main__ - INFO - Buffer: 179
2025-11-13 14:55:37,315 - __main__ - INFO - ============================================================
2025-11-13 14:55:38,315 - __main__ - INFO - 
============================================================
2025-11-13 14:55:38,315 - __main__ - INFO - Total samples: 2307
2025-11-13 14:55:38,315 - __main__ - INFO - LSL pushed: 2307
2025-11-13 14:55:38,315 - __main__ - INFO - LSL rate: 127.59 Hz (99.7% of nominal)
2025-11-13 14:55:38,315 - __main__ - INFO - Saved: 2000
2025-11-13 14:55:38,315 - __main__ - INFO - Buffer: 307
2025-11-13 14:55:38,316 - __main__ - INFO - ============================================================
2025-11-13 14:55:39,315 - __main__ - INFO - 
============================================================
2025-11-13 14:55:39,315 - __main__ - INFO - Total samples: 2435
2025-11-13 14:55:39,316 - __main__ - INFO - LSL pushed: 2435
2025-11-13 14:55:39,316 - __main__ - INFO - LSL rate: 127.61 Hz (99.7% of nominal)
2025-11-13 14:55:39,316 - __main__ - INFO - Saved: 2000
2025-11-13 14:55:39,316 - __main__ - INFO - Buffer: 435
2025-11-13 14:55:39,316 - __main__ - INFO - ============================================================
2025-11-13 14:55:40,316 - __main__ - INFO - 
============================================================
2025-11-13 14:55:40,316 - __main__ - INFO - Total samples: 2563
2025-11-13 14:55:40,316 - __main__ - INFO - LSL pushed: 2563
2025-11-13 14:55:40,316 - __main__ - INFO - LSL rate: 127.62 Hz (99.7% of nominal)
2025-11-13 14:55:40,317 - __main__ - INFO - Saved: 2000
2025-11-13 14:55:40,317 - __main__ - INFO - Buffer: 563
2025-11-13 14:55:40,317 - __main__ - INFO - ============================================================
2025-11-13 14:55:41,318 - __main__ - INFO - 
============================================================
2025-11-13 14:55:41,318 - __main__ - INFO - Total samples: 2691
2025-11-13 14:55:41,318 - __main__ - INFO - LSL pushed: 2691
2025-11-13 14:55:41,318 - __main__ - INFO - LSL rate: 127.63 Hz (99.7% of nominal)
2025-11-13 14:55:41,319 - __main__ - INFO - Saved: 2000
2025-11-13 14:55:41,319 - __main__ - INFO - Buffer: 691
2025-11-13 14:55:41,320 - __main__ - INFO - ============================================================
2025-11-13 14:55:42,318 - __main__ - INFO - 
============================================================
2025-11-13 14:55:42,318 - __main__ - INFO - Total samples: 2819
2025-11-13 14:55:42,318 - __main__ - INFO - LSL pushed: 2819
2025-11-13 14:55:42,318 - __main__ - INFO - LSL rate: 127.64 Hz (99.7% of nominal)
2025-11-13 14:55:42,318 - __main__ - INFO - Saved: 2000
2025-11-13 14:55:42,318 - __main__ - INFO - Buffer: 819
2025-11-13 14:55:42,320 - __main__ - INFO - ============================================================
2025-11-13 14:55:43,320 - __main__ - INFO - 
============================================================
2025-11-13 14:55:43,320 - __main__ - INFO - Total samples: 2946
2025-11-13 14:55:43,320 - __main__ - INFO - LSL pushed: 2946
2025-11-13 14:55:43,320 - __main__ - INFO - LSL rate: 127.60 Hz (99.7% of nominal)
2025-11-13 14:55:43,321 - __main__ - INFO - Saved: 2000
2025-11-13 14:55:43,321 - __main__ - INFO - Buffer: 946
2025-11-13 14:55:43,321 - __main__ - INFO - ============================================================
2025-11-13 14:55:44,321 - __main__ - INFO - 
============================================================
2025-11-13 14:55:44,321 - __main__ - INFO - Total samples: 3075
2025-11-13 14:55:44,321 - __main__ - INFO - LSL pushed: 3075
2025-11-13 14:55:44,321 - __main__ - INFO - LSL rate: 127.66 Hz (99.7% of nominal)
2025-11-13 14:55:44,321 - __main__ - INFO - Saved: 3000
2025-11-13 14:55:44,321 - __main__ - INFO - Buffer: 75
2025-11-13 14:55:44,321 - __main__ - INFO - ============================================================
2025-11-13 14:55:45,321 - __main__ - INFO - 
============================================================
2025-11-13 14:55:45,321 - __main__ - INFO - Total samples: 3203
2025-11-13 14:55:45,321 - __main__ - INFO - LSL pushed: 3203
2025-11-13 14:55:45,321 - __main__ - INFO - LSL rate: 127.67 Hz (99.7% of nominal)
2025-11-13 14:55:45,321 - __main__ - INFO - Saved: 3000
2025-11-13 14:55:45,321 - __main__ - INFO - Buffer: 203
2025-11-13 14:55:45,322 - __main__ - INFO - ============================================================
2025-11-13 14:55:46,321 - __main__ - INFO - 
============================================================
2025-11-13 14:55:46,321 - __main__ - INFO - Total samples: 3331
2025-11-13 14:55:46,321 - __main__ - INFO - LSL pushed: 3331
2025-11-13 14:55:46,321 - __main__ - INFO - LSL rate: 127.68 Hz (99.8% of nominal)
2025-11-13 14:55:46,322 - __main__ - INFO - Saved: 3000
2025-11-13 14:55:46,322 - __main__ - INFO - Buffer: 331
2025-11-13 14:55:46,322 - __main__ - INFO - ============================================================
2025-11-13 14:55:47,322 - __main__ - INFO - 
============================================================
2025-11-13 14:55:47,322 - __main__ - INFO - Total samples: 3459
2025-11-13 14:55:47,322 - __main__ - INFO - LSL pushed: 3459
2025-11-13 14:55:47,322 - __main__ - INFO - LSL rate: 127.69 Hz (99.8% of nominal)
2025-11-13 14:55:47,323 - __main__ - INFO - Saved: 3000
2025-11-13 14:55:47,323 - __main__ - INFO - Buffer: 459
2025-11-13 14:55:47,323 - __main__ - INFO - ============================================================
2025-11-13 14:55:48,322 - __main__ - INFO - 
============================================================
2025-11-13 14:55:48,328 - __main__ - INFO - Total samples: 3587
2025-11-13 14:55:48,328 - __main__ - INFO - LSL pushed: 3587
2025-11-13 14:55:48,328 - __main__ - INFO - LSL rate: 127.70 Hz (99.8% of nominal)
2025-11-13 14:55:48,328 - __main__ - INFO - Saved: 3000
2025-11-13 14:55:48,328 - __main__ - INFO - Buffer: 587
2025-11-13 14:55:48,329 - __main__ - INFO - ============================================================
2025-11-13 14:55:49,323 - __main__ - INFO - 
============================================================
2025-11-13 14:55:49,323 - __main__ - INFO - Total samples: 3715
2025-11-13 14:55:49,323 - __main__ - INFO - LSL pushed: 3715
2025-11-13 14:55:49,323 - __main__ - INFO - LSL rate: 127.71 Hz (99.8% of nominal)
2025-11-13 14:55:49,323 - __main__ - INFO - Saved: 3000
2025-11-13 14:55:49,323 - __main__ - INFO - Buffer: 715
2025-11-13 14:55:49,324 - __main__ - INFO - ============================================================
2025-11-13 14:55:50,324 - __main__ - INFO - 
============================================================
2025-11-13 14:55:50,324 - __main__ - INFO - Total samples: 3843
2025-11-13 14:55:50,324 - __main__ - INFO - LSL pushed: 3843
2025-11-13 14:55:50,324 - __main__ - INFO - LSL rate: 127.71 Hz (99.8% of nominal)
2025-11-13 14:55:50,324 - __main__ - INFO - Saved: 3000
2025-11-13 14:55:50,325 - __main__ - INFO - Buffer: 843
2025-11-13 14:55:50,325 - __main__ - INFO - ============================================================
2025-11-13 14:55:51,324 - __main__ - INFO - 
============================================================
2025-11-13 14:55:51,325 - __main__ - INFO - Total samples: 3970
2025-11-13 14:55:51,325 - __main__ - INFO - LSL pushed: 3970
2025-11-13 14:55:51,325 - __main__ - INFO - LSL rate: 127.69 Hz (99.8% of nominal)
2025-11-13 14:55:51,326 - __main__ - INFO - Saved: 3000
2025-11-13 14:55:51,326 - __main__ - INFO - Buffer: 970
2025-11-13 14:55:51,326 - __main__ - INFO - ============================================================
2025-11-13 14:55:52,324 - __main__ - INFO - 
============================================================
2025-11-13 14:55:52,324 - __main__ - INFO - Total samples: 4099
2025-11-13 14:55:52,324 - __main__ - INFO - LSL pushed: 4099
2025-11-13 14:55:52,324 - __main__ - INFO - LSL rate: 127.73 Hz (99.8% of nominal)
2025-11-13 14:55:52,325 - __main__ - INFO - Saved: 4000
2025-11-13 14:55:52,325 - __main__ - INFO - Buffer: 99
2025-11-13 14:55:52,325 - __main__ - INFO - ============================================================
2025-11-13 14:55:53,327 - __main__ - INFO - 
============================================================
2025-11-13 14:55:53,327 - __main__ - INFO - Total samples: 4229
2025-11-13 14:55:53,327 - __main__ - INFO - LSL pushed: 4229
2025-11-13 14:55:53,327 - __main__ - INFO - LSL rate: 127.79 Hz (99.8% of nominal)
2025-11-13 14:55:53,327 - __main__ - INFO - Saved: 4000
2025-11-13 14:55:53,327 - __main__ - INFO - Buffer: 229
2025-11-13 14:55:53,328 - __main__ - INFO - ============================================================
2025-11-13 14:55:54,327 - __main__ - INFO - 
============================================================
2025-11-13 14:55:54,327 - __main__ - INFO - Total samples: 4355
2025-11-13 14:55:54,327 - __main__ - INFO - LSL pushed: 4355
2025-11-13 14:55:54,328 - __main__ - INFO - LSL rate: 127.74 Hz (99.8% of nominal)
2025-11-13 14:55:54,328 - __main__ - INFO - Saved: 4000
2025-11-13 14:55:54,328 - __main__ - INFO - Buffer: 355
2025-11-13 14:55:54,328 - __main__ - INFO - ============================================================
2025-11-13 14:55:55,328 - __main__ - INFO - 
============================================================
2025-11-13 14:55:55,328 - __main__ - INFO - Total samples: 4483
2025-11-13 14:55:55,328 - __main__ - INFO - LSL pushed: 4483
2025-11-13 14:55:55,328 - __main__ - INFO - LSL rate: 127.74 Hz (99.8% of nominal)
2025-11-13 14:55:55,328 - __main__ - INFO - Saved: 4000
2025-11-13 14:55:55,329 - __main__ - INFO - Buffer: 483
2025-11-13 14:55:55,329 - __main__ - INFO - ============================================================
2025-11-13 14:55:56,328 - __main__ - INFO - 
============================================================
2025-11-13 14:55:56,328 - __main__ - INFO - Total samples: 4613
2025-11-13 14:55:56,328 - __main__ - INFO - LSL pushed: 4613
2025-11-13 14:55:56,329 - __main__ - INFO - LSL rate: 127.80 Hz (99.8% of nominal)
2025-11-13 14:55:56,329 - __main__ - INFO - Saved: 4000
2025-11-13 14:55:56,329 - __main__ - INFO - Buffer: 613
2025-11-13 14:55:56,329 - __main__ - INFO - ============================================================
2025-11-13 14:55:57,328 - __main__ - INFO - 
============================================================
2025-11-13 14:55:57,328 - __main__ - INFO - Total samples: 4741
2025-11-13 14:55:57,329 - __main__ - INFO - LSL pushed: 4741
2025-11-13 14:55:57,329 - __main__ - INFO - LSL rate: 127.81 Hz (99.8% of nominal)
2025-11-13 14:55:57,329 - __main__ - INFO - Saved: 4000
2025-11-13 14:55:57,329 - __main__ - INFO - Buffer: 741
2025-11-13 14:55:57,329 - __main__ - INFO - ============================================================
2025-11-13 14:55:58,328 - __main__ - INFO - 
============================================================
2025-11-13 14:55:58,328 - __main__ - INFO - Total samples: 4867
2025-11-13 14:55:58,328 - __main__ - INFO - LSL pushed: 4867
2025-11-13 14:55:58,328 - __main__ - INFO - LSL rate: 127.76 Hz (99.8% of nominal)
2025-11-13 14:55:58,328 - __main__ - INFO - Saved: 4000
2025-11-13 14:55:58,328 - __main__ - INFO - Buffer: 867
2025-11-13 14:55:58,328 - __main__ - INFO - ============================================================
2025-11-13 14:55:59,329 - __main__ - INFO - 
============================================================
2025-11-13 14:55:59,329 - __main__ - INFO - Total samples: 4994
2025-11-13 14:55:59,329 - __main__ - INFO - LSL pushed: 4994
2025-11-13 14:55:59,329 - __main__ - INFO - LSL rate: 127.74 Hz (99.8% of nominal)
2025-11-13 14:55:59,329 - __main__ - INFO - Saved: 4000
2025-11-13 14:55:59,329 - __main__ - INFO - Buffer: 994
2025-11-13 14:55:59,329 - __main__ - INFO - ============================================================
2025-11-13 14:56:00,330 - __main__ - INFO - 
============================================================
2025-11-13 14:56:00,330 - __main__ - INFO - Total samples: 5123
2025-11-13 14:56:00,330 - __main__ - INFO - LSL pushed: 5123
2025-11-13 14:56:00,330 - __main__ - INFO - LSL rate: 127.77 Hz (99.8% of nominal)
2025-11-13 14:56:00,331 - __main__ - INFO - Saved: 5000
2025-11-13 14:56:00,331 - __main__ - INFO - Buffer: 123
2025-11-13 14:56:00,331 - __main__ - INFO - ============================================================
2025-11-13 14:56:01,330 - __main__ - INFO - 
============================================================
2025-11-13 14:56:01,330 - __main__ - INFO - Total samples: 5251
2025-11-13 14:56:01,330 - __main__ - INFO - LSL pushed: 5251
2025-11-13 14:56:01,330 - __main__ - INFO - LSL rate: 127.77 Hz (99.8% of nominal)
2025-11-13 14:56:01,331 - __main__ - INFO - Saved: 5000
2025-11-13 14:56:01,331 - __main__ - INFO - Buffer: 251
2025-11-13 14:56:01,331 - __main__ - INFO - ============================================================
2025-11-13 14:56:02,330 - __main__ - INFO - 
============================================================
2025-11-13 14:56:02,330 - __main__ - INFO - Total samples: 5381
2025-11-13 14:56:02,330 - __main__ - INFO - LSL pushed: 5381
2025-11-13 14:56:02,330 - __main__ - INFO - LSL rate: 127.82 Hz (99.9% of nominal)
2025-11-13 14:56:02,330 - __main__ - INFO - Saved: 5000
2025-11-13 14:56:02,332 - __main__ - INFO - Buffer: 381
2025-11-13 14:56:02,332 - __main__ - INFO - ============================================================
2025-11-13 14:56:03,331 - __main__ - INFO - 
============================================================
2025-11-13 14:56:03,334 - __main__ - INFO - Total samples: 5507
2025-11-13 14:56:03,334 - __main__ - INFO - LSL pushed: 5507
2025-11-13 14:56:03,334 - __main__ - INFO - LSL rate: 127.78 Hz (99.8% of nominal)
2025-11-13 14:56:03,334 - __main__ - INFO - Saved: 5000
2025-11-13 14:56:03,334 - __main__ - INFO - Buffer: 507
2025-11-13 14:56:03,334 - __main__ - INFO - ============================================================
2025-11-13 14:56:04,331 - __main__ - INFO - 
============================================================
2025-11-13 14:56:04,331 - __main__ - INFO - Total samples: 5635
2025-11-13 14:56:04,331 - __main__ - INFO - LSL pushed: 5635
2025-11-13 14:56:04,331 - __main__ - INFO - LSL rate: 127.78 Hz (99.8% of nominal)
2025-11-13 14:56:04,331 - __main__ - INFO - Saved: 5000
2025-11-13 14:56:04,331 - __main__ - INFO - Buffer: 635
2025-11-13 14:56:04,332 - __main__ - INFO - ============================================================
2025-11-13 14:56:05,332 - __main__ - INFO - 
============================================================
2025-11-13 14:56:05,332 - __main__ - INFO - Total samples: 5763
2025-11-13 14:56:05,332 - __main__ - INFO - LSL pushed: 5763
2025-11-13 14:56:05,333 - __main__ - INFO - LSL rate: 127.79 Hz (99.8% of nominal)
2025-11-13 14:56:05,333 - __main__ - INFO - Saved: 5000
2025-11-13 14:56:05,333 - __main__ - INFO - Buffer: 763
2025-11-13 14:56:05,333 - __main__ - INFO - ============================================================
2025-11-13 14:56:06,332 - __main__ - INFO - 
============================================================
2025-11-13 14:56:06,332 - __main__ - INFO - Total samples: 5891
2025-11-13 14:56:06,332 - __main__ - INFO - LSL pushed: 5891
2025-11-13 14:56:06,332 - __main__ - INFO - LSL rate: 127.79 Hz (99.8% of nominal)
2025-11-13 14:56:06,332 - __main__ - INFO - Saved: 5000
2025-11-13 14:56:06,332 - __main__ - INFO - Buffer: 891
2025-11-13 14:56:06,332 - __main__ - INFO - ============================================================
2025-11-13 14:56:07,333 - __main__ - INFO - 
============================================================
2025-11-13 14:56:07,333 - __main__ - INFO - Total samples: 6018
2025-11-13 14:56:07,333 - __main__ - INFO - LSL pushed: 6018
2025-11-13 14:56:07,333 - __main__ - INFO - LSL rate: 127.77 Hz (99.8% of nominal)
2025-11-13 14:56:07,334 - __main__ - INFO - Saved: 6000
2025-11-13 14:56:07,334 - __main__ - INFO - Buffer: 18
2025-11-13 14:56:07,335 - __main__ - INFO - ============================================================
2025-11-13 14:56:08,333 - __main__ - INFO - 
============================================================
2025-11-13 14:56:08,333 - __main__ - INFO - Total samples: 6147
2025-11-13 14:56:08,333 - __main__ - INFO - LSL pushed: 6147
2025-11-13 14:56:08,333 - __main__ - INFO - LSL rate: 127.80 Hz (99.8% of nominal)
2025-11-13 14:56:08,333 - __main__ - INFO - Saved: 6000
2025-11-13 14:56:08,333 - __main__ - INFO - Buffer: 147
2025-11-13 14:56:08,333 - __main__ - INFO - ============================================================
2025-11-13 14:56:09,334 - __main__ - INFO - 
============================================================
2025-11-13 14:56:09,334 - __main__ - INFO - Total samples: 6275
2025-11-13 14:56:09,334 - __main__ - INFO - LSL pushed: 6275
2025-11-13 14:56:09,334 - __main__ - INFO - LSL rate: 127.80 Hz (99.8% of nominal)
2025-11-13 14:56:09,334 - __main__ - INFO - Saved: 6000
2025-11-13 14:56:09,334 - __main__ - INFO - Buffer: 275
2025-11-13 14:56:09,334 - __main__ - INFO - ============================================================
2025-11-13 14:56:10,335 - __main__ - INFO - 
============================================================
2025-11-13 14:56:10,335 - __main__ - INFO - Total samples: 6406
2025-11-13 14:56:10,335 - __main__ - INFO - LSL pushed: 6406
2025-11-13 14:56:10,335 - __main__ - INFO - LSL rate: 127.86 Hz (99.9% of nominal)
2025-11-13 14:56:10,335 - __main__ - INFO - Saved: 6000
2025-11-13 14:56:10,336 - __main__ - INFO - Buffer: 406
2025-11-13 14:56:10,336 - __main__ - INFO - ============================================================
2025-11-13 14:56:11,335 - __main__ - INFO - 
============================================================
2025-11-13 14:56:11,335 - __main__ - INFO - Total samples: 6531
2025-11-13 14:56:11,335 - __main__ - INFO - LSL pushed: 6531
2025-11-13 14:56:11,335 - __main__ - INFO - LSL rate: 127.80 Hz (99.8% of nominal)
2025-11-13 14:56:11,335 - __main__ - INFO - Saved: 6000
2025-11-13 14:56:11,335 - __main__ - INFO - Buffer: 531
2025-11-13 14:56:11,335 - __main__ - INFO - ============================================================
2025-11-13 14:56:12,335 - __main__ - INFO - 
============================================================
2025-11-13 14:56:12,335 - __main__ - INFO - Total samples: 6659
2025-11-13 14:56:12,335 - __main__ - INFO - LSL pushed: 6659
2025-11-13 14:56:12,335 - __main__ - INFO - LSL rate: 127.81 Hz (99.8% of nominal)
2025-11-13 14:56:12,337 - __main__ - INFO - Saved: 6000
2025-11-13 14:56:12,337 - __main__ - INFO - Buffer: 659
2025-11-13 14:56:12,337 - __main__ - INFO - ============================================================
2025-11-13 14:56:13,336 - __main__ - INFO - 
============================================================
2025-11-13 14:56:13,336 - __main__ - INFO - Total samples: 6787
2025-11-13 14:56:13,336 - __main__ - INFO - LSL pushed: 6787
2025-11-13 14:56:13,336 - __main__ - INFO - LSL rate: 127.81 Hz (99.8% of nominal)
2025-11-13 14:56:13,336 - __main__ - INFO - Saved: 6000
2025-11-13 14:56:13,337 - __main__ - INFO - Buffer: 787
2025-11-13 14:56:13,337 - __main__ - INFO - ============================================================
2025-11-13 14:56:14,338 - __main__ - INFO - 
============================================================
2025-11-13 14:56:14,339 - __main__ - INFO - Total samples: 6916
2025-11-13 14:56:14,339 - __main__ - INFO - LSL pushed: 6916
2025-11-13 14:56:14,339 - __main__ - INFO - LSL rate: 127.82 Hz (99.9% of nominal)
2025-11-13 14:56:14,339 - __main__ - INFO - Saved: 6000
2025-11-13 14:56:14,339 - __main__ - INFO - Buffer: 916
2025-11-13 14:56:14,339 - __main__ - INFO - ============================================================
2025-11-13 14:56:15,339 - __main__ - INFO - 
============================================================
2025-11-13 14:56:15,339 - __main__ - INFO - Total samples: 7044
2025-11-13 14:56:15,339 - __main__ - INFO - LSL pushed: 7044
2025-11-13 14:56:15,339 - __main__ - INFO - LSL rate: 127.83 Hz (99.9% of nominal)
2025-11-13 14:56:15,340 - __main__ - INFO - Saved: 7000
2025-11-13 14:56:15,340 - __main__ - INFO - Buffer: 44
2025-11-13 14:56:15,340 - __main__ - INFO - ============================================================
2025-11-13 14:56:16,340 - __main__ - INFO - 
============================================================
2025-11-13 14:56:16,340 - __main__ - INFO - Total samples: 7171
2025-11-13 14:56:16,341 - __main__ - INFO - LSL pushed: 7171
2025-11-13 14:56:16,341 - __main__ - INFO - LSL rate: 127.81 Hz (99.9% of nominal)
2025-11-13 14:56:16,341 - __main__ - INFO - Saved: 7000
2025-11-13 14:56:16,341 - __main__ - INFO - Buffer: 171
2025-11-13 14:56:16,341 - __main__ - INFO - ============================================================
2025-11-13 14:56:17,341 - __main__ - INFO - 
============================================================
2025-11-13 14:56:17,341 - __main__ - INFO - Total samples: 7302
2025-11-13 14:56:17,342 - __main__ - INFO - LSL pushed: 7302
2025-11-13 14:56:17,342 - __main__ - INFO - LSL rate: 127.86 Hz (99.9% of nominal)
2025-11-13 14:56:17,342 - __main__ - INFO - Saved: 7000
2025-11-13 14:56:17,342 - __main__ - INFO - Buffer: 302
2025-11-13 14:56:17,342 - __main__ - INFO - ============================================================
2025-11-13 14:56:18,341 - __main__ - INFO - 
============================================================
2025-11-13 14:56:18,341 - __main__ - INFO - Total samples: 7429
2025-11-13 14:56:18,341 - __main__ - INFO - LSL pushed: 7429
2025-11-13 14:56:18,341 - __main__ - INFO - LSL rate: 127.85 Hz (99.9% of nominal)
2025-11-13 14:56:18,341 - __main__ - INFO - Saved: 7000
2025-11-13 14:56:18,341 - __main__ - INFO - Buffer: 429
2025-11-13 14:56:18,341 - __main__ - INFO - ============================================================
2025-11-13 14:56:19,342 - __main__ - INFO - 
============================================================
2025-11-13 14:56:19,342 - __main__ - INFO - Total samples: 7558
2025-11-13 14:56:19,342 - __main__ - INFO - LSL pushed: 7558
2025-11-13 14:56:19,342 - __main__ - INFO - LSL rate: 127.87 Hz (99.9% of nominal)
2025-11-13 14:56:19,343 - __main__ - INFO - Saved: 7000
2025-11-13 14:56:19,343 - __main__ - INFO - Buffer: 558
2025-11-13 14:56:19,343 - __main__ - INFO - ============================================================
2025-11-13 14:56:20,343 - __main__ - INFO - 
============================================================
2025-11-13 14:56:20,343 - __main__ - INFO - Total samples: 7686
2025-11-13 14:56:20,343 - __main__ - INFO - LSL pushed: 7686
2025-11-13 14:56:20,344 - __main__ - INFO - LSL rate: 127.87 Hz (99.9% of nominal)
2025-11-13 14:56:20,344 - __main__ - INFO - Saved: 7000
2025-11-13 14:56:20,344 - __main__ - INFO - Buffer: 686
2025-11-13 14:56:20,344 - __main__ - INFO - ============================================================
2025-11-13 14:56:21,343 - __main__ - INFO - 
============================================================
2025-11-13 14:56:21,343 - __main__ - INFO - Total samples: 7815
2025-11-13 14:56:21,343 - __main__ - INFO - LSL pushed: 7815
2025-11-13 14:56:21,343 - __main__ - INFO - LSL rate: 127.88 Hz (99.9% of nominal)
2025-11-13 14:56:21,343 - __main__ - INFO - Saved: 7000
2025-11-13 14:56:21,344 - __main__ - INFO - Buffer: 815
2025-11-13 14:56:21,344 - __main__ - INFO - ============================================================
2025-11-13 14:56:21,498 - __main__ - INFO - 
Received interrupt signal. Shutting down...
2025-11-13 14:56:21,498 - __main__ - INFO - 
Stopping components...
2025-11-13 14:56:21,526 - shimmer_device - INFO - Stopped data streaming
2025-11-13 14:56:21,528 - shimmer_device - INFO - Shimmer device shutdown
2025-11-13 14:56:21,528 - shimmer_device - INFO - Disconnected from Shimmer device
2025-11-13 14:56:21,528 - __main__ - INFO - Device disconnected
2025-11-13 14:56:21,532 - data_saver - INFO - Stopped saving. Total samples saved: 7834
2025-11-13 14:56:21,532 - __main__ - INFO - Data saving stopped
2025-11-13 14:56:21,532 - __main__ - INFO - Final LSL statistics: {'samples_pushed': 7834, 'elapsed_time': 61.29872226715088, 'effective_rate': 127.80038001213167, 'nominal_rate': 128.0, 'rate_accuracy': 99.84404688447786}
2025-11-13 14:56:21,532 - lsl_manager - INFO - Destroying LSL outlet. Statistics: {'samples_pushed': 7834, 'elapsed_time': 61.29872226715088, 'effective_rate': 127.80038001213167, 'nominal_rate': 128.0, 'rate_accuracy': 99.84404688447786}
2025-11-13 14:56:21,559 - __main__ - INFO - LSL outlet destroyed
2025-11-13 14:56:21,559 - __main__ - INFO - 
============================================================
2025-11-13 14:56:21,559 - __main__ - INFO - Session ended. Total samples processed: 7834
2025-11-13 14:56:21,559 - __main__ - INFO - ============================================================
2025-11-13 14:56:21,560 - __main__ - INFO - 
Stopping components...
2025-11-13 14:56:21,560 - shimmer_device - ERROR - Error during disconnect: byref() argument must be a ctypes instance, not 'NoneType'
2025-11-13 14:56:21,560 - __main__ - INFO - Device disconnected
2025-11-13 14:56:21,561 - data_saver - INFO - Stopped saving. Total samples saved: 7834
2025-11-13 14:56:21,561 - __main__ - INFO - Data saving stopped
2025-11-13 14:56:21,562 - __main__ - INFO - Final LSL statistics: {}
2025-11-13 14:56:21,562 - __main__ - INFO - LSL outlet destroyed
2025-11-13 14:56:21,562 - __main__ - INFO - 
============================================================
2025-11-13 14:56:21,563 - __main__ - INFO - Session ended. Total samples processed: 7834
2025-11-13 14:56:21,563 - __main__ - INFO - ============================================================
2025-11-13 14:56:21,563 - shimmer_device - ERROR - Error during disconnect: byref() argument must be a ctypes instance, not 'NoneType'
