2025-11-13 16:01:31,372 - __main__ - INFO - ============================================================
2025-11-13 16:01:31,374 - __main__ - INFO - Shimmer GSR+ LSL Integration
2025-11-13 16:01:31,374 - __main__ - INFO - ============================================================
2025-11-13 16:01:31,374 - __main__ - INFO - 
[1/4] Initializing Shimmer GSR+ device...
2025-11-13 16:01:31,374 - shimmer_device - INFO - Attempting to connect to Shimmer on COM6...
2025-11-13 16:01:34,500 - shimmer_device - INFO - Initializing Shimmer device...
2025-11-13 16:01:34,551 - shimmer_device - INFO - Successfully connected and initialized Shimmer on COM6
2025-11-13 16:01:34,552 - shimmer_device - INFO - Channel names: ['GSR_Skin_Conductance', 'GSR_Skin_Resistance', 'PPG_A13', 'Accel_LN_X', 'Accel_LN_Y', 'Accel_LN_Z', 'Accel_WR_X', 'Accel_WR_Y', 'Accel_WR_Z', 'Gyro_X', 'Gyro_Y', 'Gyro_Z', 'Mag_X', 'Mag_Y', 'Mag_Z', 'Temperature_BMP280', 'Pressure_BMP280', 'Ext_Exp_A7', 'VSenseBatt', 'PPGtoHR']
2025-11-13 16:01:34,562 - __main__ - INFO - Device info: {'sampling_rate': 128.0, 'enabled_sensors': ['gsr', 'ppg', 'accelerometer_ln', 'accelerometer_wr', 'gyroscope', 'magnetometer', 'temperature', 'pressure', 'external_adc', 'battery', 'heart_rate'], 'channel_names': ['GSR_Skin_Conductance', 'GSR_Skin_Resistance', 'PPG_A13', 'Accel_LN_X', 'Accel_LN_Y', 'Accel_LN_Z', 'Accel_WR_X', 'Accel_WR_Y', 'Accel_WR_Z', 'Gyro_X', 'Gyro_Y', 'Gyro_Z', 'Mag_X', 'Mag_Y', 'Mag_Z', 'Temperature_BMP280', 'Pressure_BMP280', 'Ext_Exp_A7', 'VSenseBatt', 'PPGtoHR'], 'com_port': 'COM6'}
2025-11-13 16:01:34,562 - __main__ - INFO - Channels: ['GSR_Skin_Conductance', 'GSR_Skin_Resistance', 'PPG_A13', 'Accel_LN_X', 'Accel_LN_Y', 'Accel_LN_Z', 'Accel_WR_X', 'Accel_WR_Y', 'Accel_WR_Z', 'Gyro_X', 'Gyro_Y', 'Gyro_Z', 'Mag_X', 'Mag_Y', 'Mag_Z', 'Temperature_BMP280', 'Pressure_BMP280', 'Ext_Exp_A7', 'VSenseBatt', 'PPGtoHR']
2025-11-13 16:01:34,562 - __main__ - INFO - Sampling rate: 128.0 Hz
2025-11-13 16:01:34,563 - __main__ - INFO - 
[2/4] Initializing LSL stream...
2025-11-13 16:01:34,563 - lsl_manager - INFO - Creating LSL stream: ShimmerGSR
2025-11-13 16:01:34,563 - lsl_manager - INFO - Channels: 20, Sampling rate: 128.0 Hz
2025-11-13 16:01:34,575 - lsl_manager - INFO - Added metadata to LSL stream
2025-11-13 16:01:34,584 - lsl_manager - INFO - LSL outlet created successfully: ShimmerGSR
2025-11-13 16:01:34,584 - __main__ - INFO - 
[3/4] Initializing data saver...
2025-11-13 16:01:34,586 - data_saver - INFO - Created CSV file: ./data\shimmer_gsr_20251113_160134.csv
2025-11-13 16:01:34,586 - data_saver - INFO - Saved metadata to: ./data\shimmer_gsr_20251113_160134_metadata.json
2025-11-13 16:01:34,587 - data_saver - INFO - Started saving data to: ./data\shimmer_gsr_20251113_160134.csv
2025-11-13 16:01:34,587 - __main__ - INFO - 
[4/4] Starting data streaming...
2025-11-13 16:01:34,587 - shimmer_device - INFO - Starting data streaming...
2025-11-13 16:01:34,660 - shimmer_device - INFO - Data streaming started successfully
2025-11-13 16:01:34,661 - __main__ - INFO - 
============================================================
2025-11-13 16:01:34,661 - __main__ - INFO - Initialization complete! Ready to stream data.
2025-11-13 16:01:34,661 - __main__ - INFO - ============================================================

2025-11-13 16:01:34,662 - __main__ - INFO - Starting data acquisition loop...
2025-11-13 16:01:34,662 - __main__ - INFO - Press Ctrl+C to stop

2025-11-13 16:01:35,663 - __main__ - INFO - 
============================================================
2025-11-13 16:01:35,663 - __main__ - INFO - Total samples: 0
2025-11-13 16:01:35,663 - __main__ - INFO - LSL pushed: 0
2025-11-13 16:01:35,663 - __main__ - INFO - LSL rate: 0.00 Hz (0.0% of nominal)
2025-11-13 16:01:35,664 - __main__ - INFO - Saved: 0
2025-11-13 16:01:35,664 - __main__ - INFO - Buffer: 0
2025-11-13 16:01:35,664 - __main__ - INFO - ============================================================
2025-11-13 16:01:36,663 - __main__ - INFO - 
============================================================
2025-11-13 16:01:36,663 - __main__ - INFO - Total samples: 118
2025-11-13 16:01:36,663 - __main__ - INFO - LSL pushed: 118
2025-11-13 16:01:36,663 - __main__ - INFO - LSL rate: 56.76 Hz (44.3% of nominal)
2025-11-13 16:01:36,664 - __main__ - INFO - Saved: 0
2025-11-13 16:01:36,664 - __main__ - INFO - Buffer: 118
2025-11-13 16:01:36,664 - __main__ - INFO - ============================================================
2025-11-13 16:01:37,664 - __main__ - INFO - 
============================================================
2025-11-13 16:01:37,664 - __main__ - INFO - Total samples: 246
2025-11-13 16:01:37,664 - __main__ - INFO - LSL pushed: 246
2025-11-13 16:01:37,664 - __main__ - INFO - LSL rate: 79.89 Hz (62.4% of nominal)
2025-11-13 16:01:37,664 - __main__ - INFO - Saved: 0
2025-11-13 16:01:37,664 - __main__ - INFO - Buffer: 246
2025-11-13 16:01:37,664 - __main__ - INFO - ============================================================
2025-11-13 16:01:38,664 - __main__ - INFO - 
============================================================
2025-11-13 16:01:38,664 - __main__ - INFO - Total samples: 373
2025-11-13 16:01:38,664 - __main__ - INFO - LSL pushed: 373
2025-11-13 16:01:38,664 - __main__ - INFO - LSL rate: 91.42 Hz (71.4% of nominal)
2025-11-13 16:01:38,664 - __main__ - INFO - Saved: 0
2025-11-13 16:01:38,665 - __main__ - INFO - Buffer: 373
2025-11-13 16:01:38,665 - __main__ - INFO - ============================================================
2025-11-13 16:01:39,666 - __main__ - INFO - 
============================================================
2025-11-13 16:01:39,666 - __main__ - INFO - Total samples: 501
2025-11-13 16:01:39,666 - __main__ - INFO - LSL pushed: 501
2025-11-13 16:01:39,666 - __main__ - INFO - LSL rate: 98.59 Hz (77.0% of nominal)
2025-11-13 16:01:39,667 - __main__ - INFO - Saved: 0
2025-11-13 16:01:39,667 - __main__ - INFO - Buffer: 501
2025-11-13 16:01:39,667 - __main__ - INFO - ============================================================
2025-11-13 16:01:40,667 - __main__ - INFO - 
============================================================
2025-11-13 16:01:40,667 - __main__ - INFO - Total samples: 628
2025-11-13 16:01:40,667 - __main__ - INFO - LSL pushed: 628
2025-11-13 16:01:40,667 - __main__ - INFO - LSL rate: 103.25 Hz (80.7% of nominal)
2025-11-13 16:01:40,667 - __main__ - INFO - Saved: 0
2025-11-13 16:01:40,668 - __main__ - INFO - Buffer: 628
2025-11-13 16:01:40,668 - __main__ - INFO - ============================================================
2025-11-13 16:01:41,668 - __main__ - INFO - 
============================================================
2025-11-13 16:01:41,668 - __main__ - INFO - Total samples: 756
2025-11-13 16:01:41,668 - __main__ - INFO - LSL pushed: 756
2025-11-13 16:01:41,668 - __main__ - INFO - LSL rate: 106.73 Hz (83.4% of nominal)
2025-11-13 16:01:41,669 - __main__ - INFO - Saved: 0
2025-11-13 16:01:41,669 - __main__ - INFO - Buffer: 756
2025-11-13 16:01:41,669 - __main__ - INFO - ============================================================
2025-11-13 16:01:42,668 - __main__ - INFO - 
============================================================
2025-11-13 16:01:42,668 - __main__ - INFO - Total samples: 884
2025-11-13 16:01:42,668 - __main__ - INFO - LSL pushed: 884
2025-11-13 16:01:42,668 - __main__ - INFO - LSL rate: 109.36 Hz (85.4% of nominal)
2025-11-13 16:01:42,669 - __main__ - INFO - Saved: 0
2025-11-13 16:01:42,669 - __main__ - INFO - Buffer: 884
2025-11-13 16:01:42,669 - __main__ - INFO - ============================================================
2025-11-13 16:01:43,669 - __main__ - INFO - 
============================================================
2025-11-13 16:01:43,669 - __main__ - INFO - Total samples: 1012
2025-11-13 16:01:43,669 - __main__ - INFO - LSL pushed: 1012
2025-11-13 16:01:43,669 - __main__ - INFO - LSL rate: 111.40 Hz (87.0% of nominal)
2025-11-13 16:01:43,669 - __main__ - INFO - Saved: 1000
2025-11-13 16:01:43,669 - __main__ - INFO - Buffer: 12
2025-11-13 16:01:43,670 - __main__ - INFO - ============================================================
2025-11-13 16:01:44,670 - __main__ - INFO - 
============================================================
2025-11-13 16:01:44,670 - __main__ - INFO - Total samples: 1140
2025-11-13 16:01:44,670 - __main__ - INFO - LSL pushed: 1140
2025-11-13 16:01:44,670 - __main__ - INFO - LSL rate: 113.03 Hz (88.3% of nominal)
2025-11-13 16:01:44,670 - __main__ - INFO - Saved: 1000
2025-11-13 16:01:44,671 - __main__ - INFO - Buffer: 140
2025-11-13 16:01:44,671 - __main__ - INFO - ============================================================
2025-11-13 16:01:45,670 - __main__ - INFO - 
============================================================
2025-11-13 16:01:45,670 - __main__ - INFO - Total samples: 1268
2025-11-13 16:01:45,670 - __main__ - INFO - LSL pushed: 1268
2025-11-13 16:01:45,670 - __main__ - INFO - LSL rate: 114.38 Hz (89.4% of nominal)
2025-11-13 16:01:45,671 - __main__ - INFO - Saved: 1000
2025-11-13 16:01:45,671 - __main__ - INFO - Buffer: 268
2025-11-13 16:01:45,671 - __main__ - INFO - ============================================================
2025-11-13 16:01:46,672 - __main__ - INFO - 
============================================================
2025-11-13 16:01:46,672 - __main__ - INFO - Total samples: 1396
2025-11-13 16:01:46,672 - __main__ - INFO - LSL pushed: 1396
2025-11-13 16:01:46,672 - __main__ - INFO - LSL rate: 115.49 Hz (90.2% of nominal)
2025-11-13 16:01:46,672 - __main__ - INFO - Saved: 1000
2025-11-13 16:01:46,672 - __main__ - INFO - Buffer: 396
2025-11-13 16:01:46,672 - __main__ - INFO - ============================================================
2025-11-13 16:01:47,672 - __main__ - INFO - 
============================================================
2025-11-13 16:01:47,672 - __main__ - INFO - Total samples: 1522
2025-11-13 16:01:47,673 - __main__ - INFO - LSL pushed: 1522
2025-11-13 16:01:47,673 - __main__ - INFO - LSL rate: 116.29 Hz (90.9% of nominal)
2025-11-13 16:01:47,673 - __main__ - INFO - Saved: 1000
2025-11-13 16:01:47,673 - __main__ - INFO - Buffer: 522
2025-11-13 16:01:47,673 - __main__ - INFO - ============================================================
2025-11-13 16:01:48,672 - __main__ - INFO - 
============================================================
2025-11-13 16:01:48,672 - __main__ - INFO - Total samples: 1652
2025-11-13 16:01:48,672 - __main__ - INFO - LSL pushed: 1652
2025-11-13 16:01:48,672 - __main__ - INFO - LSL rate: 117.26 Hz (91.6% of nominal)
2025-11-13 16:01:48,672 - __main__ - INFO - Saved: 1000
2025-11-13 16:01:48,673 - __main__ - INFO - Buffer: 652
2025-11-13 16:01:48,673 - __main__ - INFO - ============================================================
2025-11-13 16:01:49,673 - __main__ - INFO - 
============================================================
2025-11-13 16:01:49,673 - __main__ - INFO - Total samples: 1782
2025-11-13 16:01:49,673 - __main__ - INFO - LSL pushed: 1782
2025-11-13 16:01:49,673 - __main__ - INFO - LSL rate: 118.10 Hz (92.3% of nominal)
2025-11-13 16:01:49,674 - __main__ - INFO - Saved: 1000
2025-11-13 16:01:49,674 - __main__ - INFO - Buffer: 782
2025-11-13 16:01:49,674 - __main__ - INFO - ============================================================
2025-11-13 16:01:50,674 - __main__ - INFO - 
============================================================
2025-11-13 16:01:50,674 - __main__ - INFO - Total samples: 1908
2025-11-13 16:01:50,674 - __main__ - INFO - LSL pushed: 1908
2025-11-13 16:01:50,674 - __main__ - INFO - LSL rate: 118.59 Hz (92.6% of nominal)
2025-11-13 16:01:50,675 - __main__ - INFO - Saved: 1000
2025-11-13 16:01:50,675 - __main__ - INFO - Buffer: 908
2025-11-13 16:01:50,675 - __main__ - INFO - ============================================================
2025-11-13 16:01:51,674 - __main__ - INFO - 
============================================================
2025-11-13 16:01:51,674 - __main__ - INFO - Total samples: 2036
2025-11-13 16:01:51,674 - __main__ - INFO - LSL pushed: 2036
2025-11-13 16:01:51,674 - __main__ - INFO - LSL rate: 119.14 Hz (93.1% of nominal)
2025-11-13 16:01:51,674 - __main__ - INFO - Saved: 2000
2025-11-13 16:01:51,675 - __main__ - INFO - Buffer: 36
2025-11-13 16:01:51,675 - __main__ - INFO - ============================================================
2025-11-13 16:01:52,674 - __main__ - INFO - 
============================================================
2025-11-13 16:01:52,674 - __main__ - INFO - Total samples: 2164
2025-11-13 16:01:52,674 - __main__ - INFO - LSL pushed: 2164
2025-11-13 16:01:52,675 - __main__ - INFO - LSL rate: 119.63 Hz (93.5% of nominal)
2025-11-13 16:01:52,675 - __main__ - INFO - Saved: 2000
2025-11-13 16:01:52,675 - __main__ - INFO - Buffer: 164
2025-11-13 16:01:52,675 - __main__ - INFO - ============================================================
2025-11-13 16:01:53,674 - __main__ - INFO - 
============================================================
2025-11-13 16:01:53,674 - __main__ - INFO - Total samples: 2292
2025-11-13 16:01:53,674 - __main__ - INFO - LSL pushed: 2292
2025-11-13 16:01:53,674 - __main__ - INFO - LSL rate: 120.06 Hz (93.8% of nominal)
2025-11-13 16:01:53,674 - __main__ - INFO - Saved: 2000
2025-11-13 16:01:53,674 - __main__ - INFO - Buffer: 292
2025-11-13 16:01:53,674 - __main__ - INFO - ============================================================
2025-11-13 16:01:54,676 - __main__ - INFO - 
============================================================
2025-11-13 16:01:54,676 - __main__ - INFO - Total samples: 2420
2025-11-13 16:01:54,676 - __main__ - INFO - LSL pushed: 2420
2025-11-13 16:01:54,676 - __main__ - INFO - LSL rate: 120.45 Hz (94.1% of nominal)
2025-11-13 16:01:54,676 - __main__ - INFO - Saved: 2000
2025-11-13 16:01:54,676 - __main__ - INFO - Buffer: 420
2025-11-13 16:01:54,676 - __main__ - INFO - ============================================================
2025-11-13 16:01:55,677 - __main__ - INFO - 
============================================================
2025-11-13 16:01:55,677 - __main__ - INFO - Total samples: 2546
2025-11-13 16:01:55,677 - __main__ - INFO - LSL pushed: 2546
2025-11-13 16:01:55,677 - __main__ - INFO - LSL rate: 120.71 Hz (94.3% of nominal)
2025-11-13 16:01:55,677 - __main__ - INFO - Saved: 2000
2025-11-13 16:01:55,677 - __main__ - INFO - Buffer: 546
2025-11-13 16:01:55,678 - __main__ - INFO - ============================================================
2025-11-13 16:01:56,678 - __main__ - INFO - 
============================================================
2025-11-13 16:01:56,678 - __main__ - INFO - Total samples: 2676
2025-11-13 16:01:56,678 - __main__ - INFO - LSL pushed: 2676
2025-11-13 16:01:56,678 - __main__ - INFO - LSL rate: 121.12 Hz (94.6% of nominal)
2025-11-13 16:01:56,678 - __main__ - INFO - Saved: 2000
2025-11-13 16:01:56,678 - __main__ - INFO - Buffer: 676
2025-11-13 16:01:56,678 - __main__ - INFO - ============================================================
2025-11-13 16:01:57,678 - __main__ - INFO - 
============================================================
2025-11-13 16:01:57,678 - __main__ - INFO - Total samples: 2804
2025-11-13 16:01:57,678 - __main__ - INFO - LSL pushed: 2804
2025-11-13 16:01:57,679 - __main__ - INFO - LSL rate: 121.42 Hz (94.9% of nominal)
2025-11-13 16:01:57,679 - __main__ - INFO - Saved: 2000
2025-11-13 16:01:57,679 - __main__ - INFO - Buffer: 804
2025-11-13 16:01:57,679 - __main__ - INFO - ============================================================
2025-11-13 16:01:58,678 - __main__ - INFO - 
============================================================
2025-11-13 16:01:58,678 - __main__ - INFO - Total samples: 2932
2025-11-13 16:01:58,678 - __main__ - INFO - LSL pushed: 2932
2025-11-13 16:01:58,678 - __main__ - INFO - LSL rate: 121.69 Hz (95.1% of nominal)
2025-11-13 16:01:58,678 - __main__ - INFO - Saved: 2000
2025-11-13 16:01:58,679 - __main__ - INFO - Buffer: 932
2025-11-13 16:01:58,679 - __main__ - INFO - ============================================================
2025-11-13 16:01:59,679 - __main__ - INFO - 
============================================================
2025-11-13 16:01:59,681 - __main__ - INFO - Total samples: 3061
2025-11-13 16:01:59,681 - __main__ - INFO - LSL pushed: 3061
2025-11-13 16:01:59,681 - __main__ - INFO - LSL rate: 121.98 Hz (95.3% of nominal)
2025-11-13 16:01:59,681 - __main__ - INFO - Saved: 3000
2025-11-13 16:01:59,681 - __main__ - INFO - Buffer: 61
2025-11-13 16:01:59,681 - __main__ - INFO - ============================================================
2025-11-13 16:02:00,679 - __main__ - INFO - 
============================================================
2025-11-13 16:02:00,679 - __main__ - INFO - Total samples: 3188
2025-11-13 16:02:00,679 - __main__ - INFO - LSL pushed: 3188
2025-11-13 16:02:00,679 - __main__ - INFO - LSL rate: 122.17 Hz (95.4% of nominal)
2025-11-13 16:02:00,679 - __main__ - INFO - Saved: 3000
2025-11-13 16:02:00,679 - __main__ - INFO - Buffer: 188
2025-11-13 16:02:00,681 - __main__ - INFO - ============================================================
2025-11-13 16:02:01,680 - __main__ - INFO - 
============================================================
2025-11-13 16:02:01,680 - __main__ - INFO - Total samples: 3316
2025-11-13 16:02:01,680 - __main__ - INFO - LSL pushed: 3316
2025-11-13 16:02:01,680 - __main__ - INFO - LSL rate: 122.38 Hz (95.6% of nominal)
2025-11-13 16:02:01,681 - __main__ - INFO - Saved: 3000
2025-11-13 16:02:01,681 - __main__ - INFO - Buffer: 316
2025-11-13 16:02:01,681 - __main__ - INFO - ============================================================
2025-11-13 16:02:02,681 - __main__ - INFO - 
============================================================
2025-11-13 16:02:02,681 - __main__ - INFO - Total samples: 3445
2025-11-13 16:02:02,681 - __main__ - INFO - LSL pushed: 3445
2025-11-13 16:02:02,681 - __main__ - INFO - LSL rate: 122.61 Hz (95.8% of nominal)
2025-11-13 16:02:02,681 - __main__ - INFO - Saved: 3000
2025-11-13 16:02:02,682 - __main__ - INFO - Buffer: 445
2025-11-13 16:02:02,682 - __main__ - INFO - ============================================================
2025-11-13 16:02:03,681 - __main__ - INFO - 
============================================================
2025-11-13 16:02:03,682 - __main__ - INFO - Total samples: 3572
2025-11-13 16:02:03,682 - __main__ - INFO - LSL pushed: 3572
2025-11-13 16:02:03,682 - __main__ - INFO - LSL rate: 122.76 Hz (95.9% of nominal)
2025-11-13 16:02:03,682 - __main__ - INFO - Saved: 3000
2025-11-13 16:02:03,682 - __main__ - INFO - Buffer: 572
2025-11-13 16:02:03,683 - __main__ - INFO - ============================================================
2025-11-13 16:02:04,681 - __main__ - INFO - 
============================================================
2025-11-13 16:02:04,681 - __main__ - INFO - Total samples: 3701
2025-11-13 16:02:04,681 - __main__ - INFO - LSL pushed: 3701
2025-11-13 16:02:04,681 - __main__ - INFO - LSL rate: 122.97 Hz (96.1% of nominal)
2025-11-13 16:02:04,681 - __main__ - INFO - Saved: 3000
2025-11-13 16:02:04,682 - __main__ - INFO - Buffer: 701
2025-11-13 16:02:04,682 - __main__ - INFO - ============================================================
2025-11-13 16:02:05,682 - __main__ - INFO - 
============================================================
2025-11-13 16:02:05,682 - __main__ - INFO - Total samples: 3831
2025-11-13 16:02:05,682 - __main__ - INFO - LSL pushed: 3831
2025-11-13 16:02:05,682 - __main__ - INFO - LSL rate: 123.19 Hz (96.2% of nominal)
2025-11-13 16:02:05,682 - __main__ - INFO - Saved: 3000
2025-11-13 16:02:05,682 - __main__ - INFO - Buffer: 831
2025-11-13 16:02:05,683 - __main__ - INFO - ============================================================
2025-11-13 16:02:06,683 - __main__ - INFO - 
============================================================
2025-11-13 16:02:06,683 - __main__ - INFO - Total samples: 3959
2025-11-13 16:02:06,684 - __main__ - INFO - LSL pushed: 3959
2025-11-13 16:02:06,684 - __main__ - INFO - LSL rate: 123.34 Hz (96.4% of nominal)
2025-11-13 16:02:06,684 - __main__ - INFO - Saved: 3000
2025-11-13 16:02:06,684 - __main__ - INFO - Buffer: 959
2025-11-13 16:02:06,684 - __main__ - INFO - ============================================================
2025-11-13 16:02:07,684 - __main__ - INFO - 
============================================================
2025-11-13 16:02:07,684 - __main__ - INFO - Total samples: 4087
2025-11-13 16:02:07,684 - __main__ - INFO - LSL pushed: 4087
2025-11-13 16:02:07,684 - __main__ - INFO - LSL rate: 123.48 Hz (96.5% of nominal)
2025-11-13 16:02:07,684 - __main__ - INFO - Saved: 4000
2025-11-13 16:02:07,685 - __main__ - INFO - Buffer: 87
2025-11-13 16:02:07,685 - __main__ - INFO - ============================================================
2025-11-13 16:02:08,684 - __main__ - INFO - 
============================================================
2025-11-13 16:02:08,685 - __main__ - INFO - Total samples: 4214
2025-11-13 16:02:08,685 - __main__ - INFO - LSL pushed: 4214
2025-11-13 16:02:08,685 - __main__ - INFO - LSL rate: 123.58 Hz (96.5% of nominal)
2025-11-13 16:02:08,685 - __main__ - INFO - Saved: 4000
2025-11-13 16:02:08,685 - __main__ - INFO - Buffer: 214
2025-11-13 16:02:08,685 - __main__ - INFO - ============================================================
2025-11-13 16:02:09,685 - __main__ - INFO - 
============================================================
2025-11-13 16:02:09,685 - __main__ - INFO - Total samples: 4343
2025-11-13 16:02:09,685 - __main__ - INFO - LSL pushed: 4343
2025-11-13 16:02:09,685 - __main__ - INFO - LSL rate: 123.73 Hz (96.7% of nominal)
2025-11-13 16:02:09,686 - __main__ - INFO - Saved: 4000
2025-11-13 16:02:09,686 - __main__ - INFO - Buffer: 343
2025-11-13 16:02:09,686 - __main__ - INFO - ============================================================
2025-11-13 16:02:10,686 - __main__ - INFO - 
============================================================
2025-11-13 16:02:10,686 - __main__ - INFO - Total samples: 4469
2025-11-13 16:02:10,687 - __main__ - INFO - LSL pushed: 4469
2025-11-13 16:02:10,687 - __main__ - INFO - LSL rate: 123.79 Hz (96.7% of nominal)
2025-11-13 16:02:10,687 - __main__ - INFO - Saved: 4000
2025-11-13 16:02:10,687 - __main__ - INFO - Buffer: 469
2025-11-13 16:02:10,687 - __main__ - INFO - ============================================================
2025-11-13 16:02:11,686 - __main__ - INFO - 
============================================================
2025-11-13 16:02:11,686 - __main__ - INFO - Total samples: 4599
2025-11-13 16:02:11,686 - __main__ - INFO - LSL pushed: 4599
2025-11-13 16:02:11,686 - __main__ - INFO - LSL rate: 123.96 Hz (96.8% of nominal)
2025-11-13 16:02:11,686 - __main__ - INFO - Saved: 4000
2025-11-13 16:02:11,686 - __main__ - INFO - Buffer: 599
2025-11-13 16:02:11,688 - __main__ - INFO - ============================================================
2025-11-13 16:02:12,687 - __main__ - INFO - 
============================================================
2025-11-13 16:02:12,687 - __main__ - INFO - Total samples: 4727
2025-11-13 16:02:12,687 - __main__ - INFO - LSL pushed: 4727
2025-11-13 16:02:12,687 - __main__ - INFO - LSL rate: 124.06 Hz (96.9% of nominal)
2025-11-13 16:02:12,688 - __main__ - INFO - Saved: 4000
2025-11-13 16:02:12,688 - __main__ - INFO - Buffer: 727
2025-11-13 16:02:12,688 - __main__ - INFO - ============================================================
2025-11-13 16:02:13,687 - __main__ - INFO - 
============================================================
2025-11-13 16:02:13,687 - __main__ - INFO - Total samples: 4850
2025-11-13 16:02:13,687 - __main__ - INFO - LSL pushed: 4850
2025-11-13 16:02:13,687 - __main__ - INFO - LSL rate: 124.03 Hz (96.9% of nominal)
2025-11-13 16:02:13,688 - __main__ - INFO - Saved: 4000
2025-11-13 16:02:13,688 - __main__ - INFO - Buffer: 850
2025-11-13 16:02:13,688 - __main__ - INFO - ============================================================
2025-11-13 16:02:14,688 - __main__ - INFO - 
============================================================
2025-11-13 16:02:14,688 - __main__ - INFO - Total samples: 4983
2025-11-13 16:02:14,688 - __main__ - INFO - LSL pushed: 4983
2025-11-13 16:02:14,688 - __main__ - INFO - LSL rate: 124.25 Hz (97.1% of nominal)
2025-11-13 16:02:14,689 - __main__ - INFO - Saved: 4000
2025-11-13 16:02:14,689 - __main__ - INFO - Buffer: 983
2025-11-13 16:02:14,689 - __main__ - INFO - ============================================================
2025-11-13 16:02:15,688 - __main__ - INFO - 
============================================================
2025-11-13 16:02:15,688 - __main__ - INFO - Total samples: 5111
2025-11-13 16:02:15,689 - __main__ - INFO - LSL pushed: 5111
2025-11-13 16:02:15,689 - __main__ - INFO - LSL rate: 124.34 Hz (97.1% of nominal)
2025-11-13 16:02:15,689 - __main__ - INFO - Saved: 5000
2025-11-13 16:02:15,689 - __main__ - INFO - Buffer: 111
2025-11-13 16:02:15,689 - __main__ - INFO - ============================================================
2025-11-13 16:02:16,689 - __main__ - INFO - 
============================================================
2025-11-13 16:02:16,689 - __main__ - INFO - Total samples: 5239
2025-11-13 16:02:16,689 - __main__ - INFO - LSL pushed: 5239
2025-11-13 16:02:16,689 - __main__ - INFO - LSL rate: 124.43 Hz (97.2% of nominal)
2025-11-13 16:02:16,689 - __main__ - INFO - Saved: 5000
2025-11-13 16:02:16,689 - __main__ - INFO - Buffer: 239
2025-11-13 16:02:16,690 - __main__ - INFO - ============================================================
2025-11-13 16:02:17,691 - __main__ - INFO - 
============================================================
2025-11-13 16:02:17,691 - __main__ - INFO - Total samples: 5367
2025-11-13 16:02:17,691 - __main__ - INFO - LSL pushed: 5367
2025-11-13 16:02:17,691 - __main__ - INFO - LSL rate: 124.51 Hz (97.3% of nominal)
2025-11-13 16:02:17,691 - __main__ - INFO - Saved: 5000
2025-11-13 16:02:17,692 - __main__ - INFO - Buffer: 367
2025-11-13 16:02:17,692 - __main__ - INFO - ============================================================
2025-11-13 16:02:18,691 - __main__ - INFO - 
============================================================
2025-11-13 16:02:18,691 - __main__ - INFO - Total samples: 5493
2025-11-13 16:02:18,692 - __main__ - INFO - LSL pushed: 5493
2025-11-13 16:02:18,692 - __main__ - INFO - LSL rate: 124.54 Hz (97.3% of nominal)
2025-11-13 16:02:18,692 - __main__ - INFO - Saved: 5000
2025-11-13 16:02:18,693 - __main__ - INFO - Buffer: 493
2025-11-13 16:02:18,693 - __main__ - INFO - ============================================================
2025-11-13 16:02:19,692 - __main__ - INFO - 
============================================================
2025-11-13 16:02:19,692 - __main__ - INFO - Total samples: 5623
2025-11-13 16:02:19,692 - __main__ - INFO - LSL pushed: 5623
2025-11-13 16:02:19,692 - __main__ - INFO - LSL rate: 124.66 Hz (97.4% of nominal)
2025-11-13 16:02:19,692 - __main__ - INFO - Saved: 5000
2025-11-13 16:02:19,692 - __main__ - INFO - Buffer: 623
2025-11-13 16:02:19,692 - __main__ - INFO - ============================================================
2025-11-13 16:02:20,693 - __main__ - INFO - 
============================================================
2025-11-13 16:02:20,694 - __main__ - INFO - Total samples: 5750
2025-11-13 16:02:20,694 - __main__ - INFO - LSL pushed: 5750
2025-11-13 16:02:20,694 - __main__ - INFO - LSL rate: 124.70 Hz (97.4% of nominal)
2025-11-13 16:02:20,694 - __main__ - INFO - Saved: 5000
2025-11-13 16:02:20,694 - __main__ - INFO - Buffer: 750
2025-11-13 16:02:20,694 - __main__ - INFO - ============================================================
2025-11-13 16:02:21,694 - __main__ - INFO - 
============================================================
2025-11-13 16:02:21,694 - __main__ - INFO - Total samples: 5880
2025-11-13 16:02:21,694 - __main__ - INFO - LSL pushed: 5880
2025-11-13 16:02:21,694 - __main__ - INFO - LSL rate: 124.81 Hz (97.5% of nominal)
2025-11-13 16:02:21,695 - __main__ - INFO - Saved: 5000
2025-11-13 16:02:21,695 - __main__ - INFO - Buffer: 880
2025-11-13 16:02:21,695 - __main__ - INFO - ============================================================
2025-11-13 16:02:22,695 - __main__ - INFO - 
============================================================
2025-11-13 16:02:22,695 - __main__ - INFO - Total samples: 6009
2025-11-13 16:02:22,695 - __main__ - INFO - LSL pushed: 6009
2025-11-13 16:02:22,695 - __main__ - INFO - LSL rate: 124.90 Hz (97.6% of nominal)
2025-11-13 16:02:22,696 - __main__ - INFO - Saved: 6000
2025-11-13 16:02:22,696 - __main__ - INFO - Buffer: 9
2025-11-13 16:02:22,696 - __main__ - INFO - ============================================================
2025-11-13 16:02:23,695 - __main__ - INFO - 
============================================================
2025-11-13 16:02:23,696 - __main__ - INFO - Total samples: 6136
2025-11-13 16:02:23,696 - __main__ - INFO - LSL pushed: 6136
2025-11-13 16:02:23,696 - __main__ - INFO - LSL rate: 124.94 Hz (97.6% of nominal)
2025-11-13 16:02:23,696 - __main__ - INFO - Saved: 6000
2025-11-13 16:02:23,697 - __main__ - INFO - Buffer: 136
2025-11-13 16:02:23,697 - __main__ - INFO - ============================================================
2025-11-13 16:02:24,696 - __main__ - INFO - 
============================================================
2025-11-13 16:02:24,696 - __main__ - INFO - Total samples: 6263
2025-11-13 16:02:24,696 - __main__ - INFO - LSL pushed: 6263
2025-11-13 16:02:24,696 - __main__ - INFO - LSL rate: 124.98 Hz (97.6% of nominal)
2025-11-13 16:02:24,696 - __main__ - INFO - Saved: 6000
2025-11-13 16:02:24,697 - __main__ - INFO - Buffer: 263
2025-11-13 16:02:24,697 - __main__ - INFO - ============================================================
2025-11-13 16:02:25,696 - __main__ - INFO - 
============================================================
2025-11-13 16:02:25,696 - __main__ - INFO - Total samples: 6392
2025-11-13 16:02:25,696 - __main__ - INFO - LSL pushed: 6392
2025-11-13 16:02:25,696 - __main__ - INFO - LSL rate: 125.06 Hz (97.7% of nominal)
2025-11-13 16:02:25,696 - __main__ - INFO - Saved: 6000
2025-11-13 16:02:25,696 - __main__ - INFO - Buffer: 392
2025-11-13 16:02:25,696 - __main__ - INFO - ============================================================
2025-11-13 16:02:26,697 - __main__ - INFO - 
============================================================
2025-11-13 16:02:26,697 - __main__ - INFO - Total samples: 6519
2025-11-13 16:02:26,697 - __main__ - INFO - LSL pushed: 6519
2025-11-13 16:02:26,698 - __main__ - INFO - LSL rate: 125.09 Hz (97.7% of nominal)
2025-11-13 16:02:26,699 - __main__ - INFO - Saved: 6000
2025-11-13 16:02:26,699 - __main__ - INFO - Buffer: 519
2025-11-13 16:02:26,699 - __main__ - INFO - ============================================================
2025-11-13 16:02:27,697 - __main__ - INFO - 
============================================================
2025-11-13 16:02:27,697 - __main__ - INFO - Total samples: 6649
2025-11-13 16:02:27,697 - __main__ - INFO - LSL pushed: 6649
2025-11-13 16:02:27,697 - __main__ - INFO - LSL rate: 125.19 Hz (97.8% of nominal)
2025-11-13 16:02:27,698 - __main__ - INFO - Saved: 6000
2025-11-13 16:02:27,698 - __main__ - INFO - Buffer: 649
2025-11-13 16:02:27,698 - __main__ - INFO - ============================================================
2025-11-13 16:02:28,697 - __main__ - INFO - 
============================================================
2025-11-13 16:02:28,697 - __main__ - INFO - Total samples: 6777
2025-11-13 16:02:28,697 - __main__ - INFO - LSL pushed: 6777
2025-11-13 16:02:28,698 - __main__ - INFO - LSL rate: 125.24 Hz (97.8% of nominal)
2025-11-13 16:02:28,698 - __main__ - INFO - Saved: 6000
2025-11-13 16:02:28,698 - __main__ - INFO - Buffer: 777
2025-11-13 16:02:28,698 - __main__ - INFO - ============================================================
2025-11-13 16:02:29,697 - __main__ - INFO - 
============================================================
2025-11-13 16:02:29,697 - __main__ - INFO - Total samples: 6903
2025-11-13 16:02:29,697 - __main__ - INFO - LSL pushed: 6903
2025-11-13 16:02:29,697 - __main__ - INFO - LSL rate: 125.25 Hz (97.9% of nominal)
2025-11-13 16:02:29,697 - __main__ - INFO - Saved: 6000
2025-11-13 16:02:29,697 - __main__ - INFO - Buffer: 903
2025-11-13 16:02:29,698 - __main__ - INFO - ============================================================
2025-11-13 16:02:30,698 - __main__ - INFO - 
============================================================
2025-11-13 16:02:30,698 - __main__ - INFO - Total samples: 7032
2025-11-13 16:02:30,698 - __main__ - INFO - LSL pushed: 7032
2025-11-13 16:02:30,698 - __main__ - INFO - LSL rate: 125.32 Hz (97.9% of nominal)
2025-11-13 16:02:30,698 - __main__ - INFO - Saved: 7000
2025-11-13 16:02:30,699 - __main__ - INFO - Buffer: 32
2025-11-13 16:02:30,699 - __main__ - INFO - ============================================================
2025-11-13 16:02:31,698 - __main__ - INFO - 
============================================================
2025-11-13 16:02:31,698 - __main__ - INFO - Total samples: 7160
2025-11-13 16:02:31,698 - __main__ - INFO - LSL pushed: 7160
2025-11-13 16:02:31,698 - __main__ - INFO - LSL rate: 125.36 Hz (97.9% of nominal)
2025-11-13 16:02:31,698 - __main__ - INFO - Saved: 7000
2025-11-13 16:02:31,699 - __main__ - INFO - Buffer: 160
2025-11-13 16:02:31,699 - __main__ - INFO - ============================================================
2025-11-13 16:02:32,698 - __main__ - INFO - 
============================================================
2025-11-13 16:02:32,698 - __main__ - INFO - Total samples: 7289
2025-11-13 16:02:32,698 - __main__ - INFO - LSL pushed: 7289
2025-11-13 16:02:32,698 - __main__ - INFO - LSL rate: 125.43 Hz (98.0% of nominal)
2025-11-13 16:02:32,699 - __main__ - INFO - Saved: 7000
2025-11-13 16:02:32,699 - __main__ - INFO - Buffer: 289
2025-11-13 16:02:32,699 - __main__ - INFO - ============================================================
2025-11-13 16:02:33,698 - __main__ - INFO - 
============================================================
2025-11-13 16:02:33,698 - __main__ - INFO - Total samples: 7416
2025-11-13 16:02:33,698 - __main__ - INFO - LSL pushed: 7416
2025-11-13 16:02:33,698 - __main__ - INFO - LSL rate: 125.45 Hz (98.0% of nominal)
2025-11-13 16:02:33,698 - __main__ - INFO - Saved: 7000
2025-11-13 16:02:33,698 - __main__ - INFO - Buffer: 416
2025-11-13 16:02:33,700 - __main__ - INFO - ============================================================
2025-11-13 16:02:34,700 - __main__ - INFO - 
============================================================
2025-11-13 16:02:34,700 - __main__ - INFO - Total samples: 7543
2025-11-13 16:02:34,700 - __main__ - INFO - LSL pushed: 7543
2025-11-13 16:02:34,700 - __main__ - INFO - LSL rate: 125.47 Hz (98.0% of nominal)
2025-11-13 16:02:34,700 - __main__ - INFO - Saved: 7000
2025-11-13 16:02:34,700 - __main__ - INFO - Buffer: 543
2025-11-13 16:02:34,702 - __main__ - INFO - ============================================================
2025-11-13 16:02:35,701 - __main__ - INFO - 
============================================================
2025-11-13 16:02:35,701 - __main__ - INFO - Total samples: 7673
2025-11-13 16:02:35,701 - __main__ - INFO - LSL pushed: 7673
2025-11-13 16:02:35,701 - __main__ - INFO - LSL rate: 125.55 Hz (98.1% of nominal)
2025-11-13 16:02:35,701 - __main__ - INFO - Saved: 7000
2025-11-13 16:02:35,701 - __main__ - INFO - Buffer: 673
2025-11-13 16:02:35,703 - __main__ - INFO - ============================================================
2025-11-13 16:02:36,702 - __main__ - INFO - 
============================================================
2025-11-13 16:02:36,702 - __main__ - INFO - Total samples: 7798
2025-11-13 16:02:36,702 - __main__ - INFO - LSL pushed: 7798
2025-11-13 16:02:36,702 - __main__ - INFO - LSL rate: 125.54 Hz (98.1% of nominal)
2025-11-13 16:02:36,702 - __main__ - INFO - Saved: 7000
2025-11-13 16:02:36,702 - __main__ - INFO - Buffer: 798
2025-11-13 16:02:36,702 - __main__ - INFO - ============================================================
2025-11-13 16:02:37,703 - __main__ - INFO - 
============================================================
2025-11-13 16:02:37,703 - __main__ - INFO - Total samples: 7929
2025-11-13 16:02:37,703 - __main__ - INFO - LSL pushed: 7929
2025-11-13 16:02:37,703 - __main__ - INFO - LSL rate: 125.62 Hz (98.1% of nominal)
2025-11-13 16:02:37,704 - __main__ - INFO - Saved: 7000
2025-11-13 16:02:37,704 - __main__ - INFO - Buffer: 929
2025-11-13 16:02:37,704 - __main__ - INFO - ============================================================
2025-11-13 16:02:38,704 - __main__ - INFO - 
============================================================
2025-11-13 16:02:38,704 - __main__ - INFO - Total samples: 8057
2025-11-13 16:02:38,704 - __main__ - INFO - LSL pushed: 8057
2025-11-13 16:02:38,704 - __main__ - INFO - LSL rate: 125.66 Hz (98.2% of nominal)
2025-11-13 16:02:38,704 - __main__ - INFO - Saved: 8000
2025-11-13 16:02:38,704 - __main__ - INFO - Buffer: 57
2025-11-13 16:02:38,705 - __main__ - INFO - ============================================================
2025-11-13 16:02:39,704 - __main__ - INFO - 
============================================================
2025-11-13 16:02:39,705 - __main__ - INFO - Total samples: 8186
2025-11-13 16:02:39,705 - __main__ - INFO - LSL pushed: 8186
2025-11-13 16:02:39,705 - __main__ - INFO - LSL rate: 125.71 Hz (98.2% of nominal)
2025-11-13 16:02:39,705 - __main__ - INFO - Saved: 8000
2025-11-13 16:02:39,705 - __main__ - INFO - Buffer: 186
2025-11-13 16:02:39,705 - __main__ - INFO - ============================================================
2025-11-13 16:02:40,705 - __main__ - INFO - 
============================================================
2025-11-13 16:02:40,705 - __main__ - INFO - Total samples: 8313
2025-11-13 16:02:40,705 - __main__ - INFO - LSL pushed: 8313
2025-11-13 16:02:40,705 - __main__ - INFO - LSL rate: 125.72 Hz (98.2% of nominal)
2025-11-13 16:02:40,705 - __main__ - INFO - Saved: 8000
2025-11-13 16:02:40,706 - __main__ - INFO - Buffer: 313
2025-11-13 16:02:40,706 - __main__ - INFO - ============================================================
2025-11-13 16:02:41,706 - __main__ - INFO - 
============================================================
2025-11-13 16:02:41,706 - __main__ - INFO - Total samples: 8442
2025-11-13 16:02:41,706 - __main__ - INFO - LSL pushed: 8442
2025-11-13 16:02:41,706 - __main__ - INFO - LSL rate: 125.77 Hz (98.3% of nominal)
2025-11-13 16:02:41,707 - __main__ - INFO - Saved: 8000
2025-11-13 16:02:41,707 - __main__ - INFO - Buffer: 442
2025-11-13 16:02:41,707 - __main__ - INFO - ============================================================
2025-11-13 16:02:42,706 - __main__ - INFO - 
============================================================
2025-11-13 16:02:42,707 - __main__ - INFO - Total samples: 8570
2025-11-13 16:02:42,707 - __main__ - INFO - LSL pushed: 8570
2025-11-13 16:02:42,707 - __main__ - INFO - LSL rate: 125.80 Hz (98.3% of nominal)
2025-11-13 16:02:42,708 - __main__ - INFO - Saved: 8000
2025-11-13 16:02:42,708 - __main__ - INFO - Buffer: 570
2025-11-13 16:02:42,708 - __main__ - INFO - ============================================================
2025-11-13 16:02:43,707 - __main__ - INFO - 
============================================================
2025-11-13 16:02:43,707 - __main__ - INFO - Total samples: 8698
2025-11-13 16:02:43,707 - __main__ - INFO - LSL pushed: 8698
2025-11-13 16:02:43,707 - __main__ - INFO - LSL rate: 125.83 Hz (98.3% of nominal)
2025-11-13 16:02:43,707 - __main__ - INFO - Saved: 8000
2025-11-13 16:02:43,707 - __main__ - INFO - Buffer: 698
2025-11-13 16:02:43,707 - __main__ - INFO - ============================================================
2025-11-13 16:02:44,707 - __main__ - INFO - 
============================================================
2025-11-13 16:02:44,707 - __main__ - INFO - Total samples: 8826
2025-11-13 16:02:44,707 - __main__ - INFO - LSL pushed: 8826
2025-11-13 16:02:44,707 - __main__ - INFO - LSL rate: 125.86 Hz (98.3% of nominal)
2025-11-13 16:02:44,707 - __main__ - INFO - Saved: 8000
2025-11-13 16:02:44,707 - __main__ - INFO - Buffer: 826
2025-11-13 16:02:44,707 - __main__ - INFO - ============================================================
2025-11-13 16:02:45,708 - __main__ - INFO - 
============================================================
2025-11-13 16:02:45,708 - __main__ - INFO - Total samples: 8953
2025-11-13 16:02:45,708 - __main__ - INFO - LSL pushed: 8953
2025-11-13 16:02:45,708 - __main__ - INFO - LSL rate: 125.88 Hz (98.3% of nominal)
2025-11-13 16:02:45,708 - __main__ - INFO - Saved: 8000
2025-11-13 16:02:45,709 - __main__ - INFO - Buffer: 953
2025-11-13 16:02:45,709 - __main__ - INFO - ============================================================
2025-11-13 16:02:46,708 - __main__ - INFO - 
============================================================
2025-11-13 16:02:46,708 - __main__ - INFO - Total samples: 9081
2025-11-13 16:02:46,708 - __main__ - INFO - LSL pushed: 9081
2025-11-13 16:02:46,708 - __main__ - INFO - LSL rate: 125.91 Hz (98.4% of nominal)
2025-11-13 16:02:46,708 - __main__ - INFO - Saved: 9000
2025-11-13 16:02:46,708 - __main__ - INFO - Buffer: 81
2025-11-13 16:02:46,708 - __main__ - INFO - ============================================================
2025-11-13 16:02:47,710 - __main__ - INFO - 
============================================================
2025-11-13 16:02:47,710 - __main__ - INFO - Total samples: 9210
2025-11-13 16:02:47,710 - __main__ - INFO - LSL pushed: 9210
2025-11-13 16:02:47,710 - __main__ - INFO - LSL rate: 125.95 Hz (98.4% of nominal)
2025-11-13 16:02:47,710 - __main__ - INFO - Saved: 9000
2025-11-13 16:02:47,711 - __main__ - INFO - Buffer: 210
2025-11-13 16:02:47,711 - __main__ - INFO - ============================================================
2025-11-13 16:02:48,710 - __main__ - INFO - 
============================================================
2025-11-13 16:02:48,710 - __main__ - INFO - Total samples: 9338
2025-11-13 16:02:48,710 - __main__ - INFO - LSL pushed: 9338
2025-11-13 16:02:48,710 - __main__ - INFO - LSL rate: 125.98 Hz (98.4% of nominal)
2025-11-13 16:02:48,710 - __main__ - INFO - Saved: 9000
2025-11-13 16:02:48,710 - __main__ - INFO - Buffer: 338
2025-11-13 16:02:48,711 - __main__ - INFO - ============================================================
2025-11-13 16:02:49,710 - __main__ - INFO - 
============================================================
2025-11-13 16:02:49,710 - __main__ - INFO - Total samples: 9466
2025-11-13 16:02:49,710 - __main__ - INFO - LSL pushed: 9466
2025-11-13 16:02:49,710 - __main__ - INFO - LSL rate: 126.00 Hz (98.4% of nominal)
2025-11-13 16:02:49,710 - __main__ - INFO - Saved: 9000
2025-11-13 16:02:49,711 - __main__ - INFO - Buffer: 466
2025-11-13 16:02:49,711 - __main__ - INFO - ============================================================
2025-11-13 16:02:50,710 - __main__ - INFO - 
============================================================
2025-11-13 16:02:50,710 - __main__ - INFO - Total samples: 9594
2025-11-13 16:02:50,710 - __main__ - INFO - LSL pushed: 9594
2025-11-13 16:02:50,710 - __main__ - INFO - LSL rate: 126.03 Hz (98.5% of nominal)
2025-11-13 16:02:50,710 - __main__ - INFO - Saved: 9000
2025-11-13 16:02:50,712 - __main__ - INFO - Buffer: 594
2025-11-13 16:02:50,712 - __main__ - INFO - ============================================================
2025-11-13 16:02:51,710 - __main__ - INFO - 
============================================================
2025-11-13 16:02:51,710 - __main__ - INFO - Total samples: 9721
2025-11-13 16:02:51,710 - __main__ - INFO - LSL pushed: 9721
2025-11-13 16:02:51,711 - __main__ - INFO - LSL rate: 126.04 Hz (98.5% of nominal)
2025-11-13 16:02:51,711 - __main__ - INFO - Saved: 9000
2025-11-13 16:02:51,711 - __main__ - INFO - Buffer: 721
2025-11-13 16:02:51,711 - __main__ - INFO - ============================================================
2025-11-13 16:02:52,711 - __main__ - INFO - 
============================================================
2025-11-13 16:02:52,711 - __main__ - INFO - Total samples: 9850
2025-11-13 16:02:52,711 - __main__ - INFO - LSL pushed: 9850
2025-11-13 16:02:52,711 - __main__ - INFO - LSL rate: 126.08 Hz (98.5% of nominal)
2025-11-13 16:02:52,711 - __main__ - INFO - Saved: 9000
2025-11-13 16:02:52,711 - __main__ - INFO - Buffer: 850
2025-11-13 16:02:52,713 - __main__ - INFO - ============================================================
2025-11-13 16:02:53,713 - __main__ - INFO - 
============================================================
2025-11-13 16:02:53,713 - __main__ - INFO - Total samples: 9978
2025-11-13 16:02:53,713 - __main__ - INFO - LSL pushed: 9978
2025-11-13 16:02:53,714 - __main__ - INFO - LSL rate: 126.10 Hz (98.5% of nominal)
2025-11-13 16:02:53,714 - __main__ - INFO - Saved: 9000
2025-11-13 16:02:53,714 - __main__ - INFO - Buffer: 978
2025-11-13 16:02:53,714 - __main__ - INFO - ============================================================
2025-11-13 16:02:54,713 - __main__ - INFO - 
============================================================
2025-11-13 16:02:54,713 - __main__ - INFO - Total samples: 10106
2025-11-13 16:02:54,713 - __main__ - INFO - LSL pushed: 10106
2025-11-13 16:02:54,713 - __main__ - INFO - LSL rate: 126.12 Hz (98.5% of nominal)
2025-11-13 16:02:54,713 - __main__ - INFO - Saved: 10000
2025-11-13 16:02:54,713 - __main__ - INFO - Buffer: 106
2025-11-13 16:02:54,713 - __main__ - INFO - ============================================================
2025-11-13 16:02:55,714 - __main__ - INFO - 
============================================================
2025-11-13 16:02:55,714 - __main__ - INFO - Total samples: 10234
2025-11-13 16:02:55,714 - __main__ - INFO - LSL pushed: 10234
2025-11-13 16:02:55,714 - __main__ - INFO - LSL rate: 126.14 Hz (98.5% of nominal)
2025-11-13 16:02:55,714 - __main__ - INFO - Saved: 10000
2025-11-13 16:02:55,715 - __main__ - INFO - Buffer: 234
2025-11-13 16:02:55,715 - __main__ - INFO - ============================================================
2025-11-13 16:02:56,715 - __main__ - INFO - 
============================================================
2025-11-13 16:02:56,715 - __main__ - INFO - Total samples: 10362
2025-11-13 16:02:56,715 - __main__ - INFO - LSL pushed: 10362
2025-11-13 16:02:56,715 - __main__ - INFO - LSL rate: 126.17 Hz (98.6% of nominal)
2025-11-13 16:02:56,715 - __main__ - INFO - Saved: 10000
2025-11-13 16:02:56,716 - __main__ - INFO - Buffer: 362
2025-11-13 16:02:56,716 - __main__ - INFO - ============================================================
2025-11-13 16:02:57,715 - __main__ - INFO - 
============================================================
2025-11-13 16:02:57,715 - __main__ - INFO - Total samples: 10488
2025-11-13 16:02:57,715 - __main__ - INFO - LSL pushed: 10488
2025-11-13 16:02:57,715 - __main__ - INFO - LSL rate: 126.16 Hz (98.6% of nominal)
2025-11-13 16:02:57,715 - __main__ - INFO - Saved: 10000
2025-11-13 16:02:57,715 - __main__ - INFO - Buffer: 488
2025-11-13 16:02:57,715 - __main__ - INFO - ============================================================
2025-11-13 16:02:58,715 - __main__ - INFO - 
============================================================
2025-11-13 16:02:58,715 - __main__ - INFO - Total samples: 10618
2025-11-13 16:02:58,715 - __main__ - INFO - LSL pushed: 10618
2025-11-13 16:02:58,715 - __main__ - INFO - LSL rate: 126.21 Hz (98.6% of nominal)
2025-11-13 16:02:58,716 - __main__ - INFO - Saved: 10000
2025-11-13 16:02:58,716 - __main__ - INFO - Buffer: 618
2025-11-13 16:02:58,716 - __main__ - INFO - ============================================================
2025-11-13 16:02:59,716 - __main__ - INFO - 
============================================================
2025-11-13 16:02:59,716 - __main__ - INFO - Total samples: 10746
2025-11-13 16:02:59,716 - __main__ - INFO - LSL pushed: 10746
2025-11-13 16:02:59,717 - __main__ - INFO - LSL rate: 126.23 Hz (98.6% of nominal)
2025-11-13 16:02:59,717 - __main__ - INFO - Saved: 10000
2025-11-13 16:02:59,717 - __main__ - INFO - Buffer: 746
2025-11-13 16:02:59,717 - __main__ - INFO - ============================================================
2025-11-13 16:03:00,717 - __main__ - INFO - 
============================================================
2025-11-13 16:03:00,717 - __main__ - INFO - Total samples: 10874
2025-11-13 16:03:00,717 - __main__ - INFO - LSL pushed: 10874
2025-11-13 16:03:00,717 - __main__ - INFO - LSL rate: 126.25 Hz (98.6% of nominal)
2025-11-13 16:03:00,717 - __main__ - INFO - Saved: 10000
2025-11-13 16:03:00,718 - __main__ - INFO - Buffer: 874
2025-11-13 16:03:00,718 - __main__ - INFO - ============================================================
2025-11-13 16:03:01,574 - __main__ - INFO - 
Received interrupt signal. Shutting down...
2025-11-13 16:03:01,576 - __main__ - INFO - 
Stopping components...
2025-11-13 16:03:01,600 - shimmer_device - INFO - Stopped data streaming
2025-11-13 16:03:01,600 - shimmer_device - INFO - Shimmer device shutdown
2025-11-13 16:03:01,600 - shimmer_device - INFO - Disconnected from Shimmer device
2025-11-13 16:03:01,601 - __main__ - INFO - Device disconnected
2025-11-13 16:03:01,610 - data_saver - INFO - Stopped saving. Total samples saved: 10983
2025-11-13 16:03:01,611 - __main__ - INFO - Data saving stopped
2025-11-13 16:03:01,611 - __main__ - INFO - Final LSL statistics: {'samples_pushed': 10983, 'elapsed_time': 87.02628922462463, 'effective_rate': 126.20324384568028, 'nominal_rate': 128.0, 'rate_accuracy': 98.59628425443772}
2025-11-13 16:03:01,611 - lsl_manager - INFO - Destroying LSL outlet. Statistics: {'samples_pushed': 10983, 'elapsed_time': 87.02628922462463, 'effective_rate': 126.20324384568028, 'nominal_rate': 128.0, 'rate_accuracy': 98.59628425443772}
2025-11-13 16:03:01,637 - __main__ - INFO - LSL outlet destroyed
2025-11-13 16:03:01,637 - __main__ - INFO - 
============================================================
2025-11-13 16:03:01,637 - __main__ - INFO - Session ended. Total samples processed: 10983
2025-11-13 16:03:01,637 - __main__ - INFO - ============================================================
2025-11-13 16:03:01,637 - __main__ - INFO - 
Stopping components...
2025-11-13 16:03:01,637 - shimmer_device - ERROR - Error during disconnect: byref() argument must be a ctypes instance, not 'NoneType'
2025-11-13 16:03:01,638 - __main__ - INFO - Device disconnected
2025-11-13 16:03:01,638 - data_saver - INFO - Stopped saving. Total samples saved: 10983
2025-11-13 16:03:01,640 - __main__ - INFO - Data saving stopped
2025-11-13 16:03:01,640 - __main__ - INFO - Final LSL statistics: {}
2025-11-13 16:03:01,640 - __main__ - INFO - LSL outlet destroyed
2025-11-13 16:03:01,640 - __main__ - INFO - 
============================================================
2025-11-13 16:03:01,640 - __main__ - INFO - Session ended. Total samples processed: 10983
2025-11-13 16:03:01,640 - __main__ - INFO - ============================================================
2025-11-13 16:03:01,640 - shimmer_device - ERROR - Error during disconnect: byref() argument must be a ctypes instance, not 'NoneType'
