2025-11-13 15:11:39,361 - __main__ - INFO - ============================================================
2025-11-13 15:11:39,361 - __main__ - INFO - Shimmer GSR+ LSL Integration
2025-11-13 15:11:39,361 - __main__ - INFO - ============================================================
2025-11-13 15:11:39,361 - __main__ - INFO - 
[1/4] Initializing Shimmer GSR+ device...
2025-11-13 15:11:39,361 - shimmer_device - INFO - Attempting to connect to Shimmer on COM6...
2025-11-13 15:11:40,738 - shimmer_device - INFO - Initializing Shimmer device...
2025-11-13 15:11:40,788 - shimmer_device - INFO - Successfully connected and initialized Shimmer on COM6
2025-11-13 15:11:40,789 - shimmer_device - INFO - Channel names: ['GSR_Skin_Conductance', 'GSR_Skin_Resistance', 'PPG_A13', 'Accel_LN_X', 'Accel_LN_Y', 'Accel_LN_Z', 'Accel_WR_X', 'Accel_WR_Y', 'Accel_WR_Z', 'Gyro_X', 'Gyro_Y', 'Gyro_Z', 'Mag_X', 'Mag_Y', 'Mag_Z', 'Temperature_BMP280', 'Pressure_BMP280', 'Ext_Exp_A7', 'VSenseBatt']
2025-11-13 15:11:40,789 - __main__ - INFO - Device info: {'sampling_rate': 128.0, 'enabled_sensors': ['gsr', 'ppg', 'accelerometer_ln', 'accelerometer_wr', 'gyroscope', 'magnetometer', 'temperature', 'pressure', 'external_adc', 'battery'], 'channel_names': ['GSR_Skin_Conductance', 'GSR_Skin_Resistance', 'PPG_A13', 'Accel_LN_X', 'Accel_LN_Y', 'Accel_LN_Z', 'Accel_WR_X', 'Accel_WR_Y', 'Accel_WR_Z', 'Gyro_X', 'Gyro_Y', 'Gyro_Z', 'Mag_X', 'Mag_Y', 'Mag_Z', 'Temperature_BMP280', 'Pressure_BMP280', 'Ext_Exp_A7', 'VSenseBatt'], 'com_port': 'COM6'}
2025-11-13 15:11:40,789 - __main__ - INFO - Channels: ['GSR_Skin_Conductance', 'GSR_Skin_Resistance', 'PPG_A13', 'Accel_LN_X', 'Accel_LN_Y', 'Accel_LN_Z', 'Accel_WR_X', 'Accel_WR_Y', 'Accel_WR_Z', 'Gyro_X', 'Gyro_Y', 'Gyro_Z', 'Mag_X', 'Mag_Y', 'Mag_Z', 'Temperature_BMP280', 'Pressure_BMP280', 'Ext_Exp_A7', 'VSenseBatt']
2025-11-13 15:11:40,789 - __main__ - INFO - Sampling rate: 128.0 Hz
2025-11-13 15:11:40,789 - __main__ - INFO - 
[2/4] Initializing LSL stream...
2025-11-13 15:11:40,789 - lsl_manager - INFO - Creating LSL stream: ShimmerGSR
2025-11-13 15:11:40,789 - lsl_manager - INFO - Channels: 19, Sampling rate: 128.0 Hz
2025-11-13 15:11:40,803 - lsl_manager - INFO - Added metadata to LSL stream
2025-11-13 15:11:40,812 - lsl_manager - INFO - LSL outlet created successfully: ShimmerGSR
2025-11-13 15:11:40,812 - __main__ - INFO - 
[3/4] Initializing data saver...
2025-11-13 15:11:40,813 - data_saver - INFO - Created CSV file: ./data\shimmer_gsr_20251113_151140.csv
2025-11-13 15:11:40,813 - data_saver - INFO - Saved metadata to: ./data\shimmer_gsr_20251113_151140_metadata.json
2025-11-13 15:11:40,813 - data_saver - INFO - Started saving data to: ./data\shimmer_gsr_20251113_151140.csv
2025-11-13 15:11:40,813 - __main__ - INFO - 
[4/4] Starting data streaming...
2025-11-13 15:11:40,813 - shimmer_device - INFO - Starting data streaming...
2025-11-13 15:11:40,864 - shimmer_device - INFO - Data streaming started successfully
2025-11-13 15:11:40,864 - __main__ - INFO - 
============================================================
2025-11-13 15:11:40,864 - __main__ - INFO - Initialization complete! Ready to stream data.
2025-11-13 15:11:40,864 - __main__ - INFO - ============================================================

2025-11-13 15:11:40,864 - __main__ - INFO - Starting data acquisition loop...
2025-11-13 15:11:40,864 - __main__ - INFO - Press Ctrl+C to stop

2025-11-13 15:11:41,864 - __main__ - INFO - 
============================================================
2025-11-13 15:11:41,864 - __main__ - INFO - Total samples: 0
2025-11-13 15:11:41,864 - __main__ - INFO - LSL pushed: 0
2025-11-13 15:11:41,864 - __main__ - INFO - LSL rate: 0.00 Hz (0.0% of nominal)
2025-11-13 15:11:41,864 - __main__ - INFO - Saved: 0
2025-11-13 15:11:41,864 - __main__ - INFO - Buffer: 0
2025-11-13 15:11:41,864 - __main__ - INFO - ============================================================
2025-11-13 15:11:42,865 - __main__ - INFO - 
============================================================
2025-11-13 15:11:42,865 - __main__ - INFO - Total samples: 116
2025-11-13 15:11:42,865 - __main__ - INFO - LSL pushed: 116
2025-11-13 15:11:42,865 - __main__ - INFO - LSL rate: 56.52 Hz (44.2% of nominal)
2025-11-13 15:11:42,865 - __main__ - INFO - Saved: 0
2025-11-13 15:11:42,865 - __main__ - INFO - Buffer: 116
2025-11-13 15:11:42,865 - __main__ - INFO - ============================================================
2025-11-13 15:11:43,865 - __main__ - INFO - 
============================================================
2025-11-13 15:11:43,865 - __main__ - INFO - Total samples: 245
2025-11-13 15:11:43,865 - __main__ - INFO - LSL pushed: 245
2025-11-13 15:11:43,865 - __main__ - INFO - LSL rate: 80.26 Hz (62.7% of nominal)
2025-11-13 15:11:43,865 - __main__ - INFO - Saved: 0
2025-11-13 15:11:43,865 - __main__ - INFO - Buffer: 245
2025-11-13 15:11:43,865 - __main__ - INFO - ============================================================
2025-11-13 15:11:44,866 - __main__ - INFO - 
============================================================
2025-11-13 15:11:44,866 - __main__ - INFO - Total samples: 372
2025-11-13 15:11:44,866 - __main__ - INFO - LSL pushed: 372
2025-11-13 15:11:44,866 - __main__ - INFO - LSL rate: 91.77 Hz (71.7% of nominal)
2025-11-13 15:11:44,866 - __main__ - INFO - Saved: 0
2025-11-13 15:11:44,866 - __main__ - INFO - Buffer: 372
2025-11-13 15:11:44,866 - __main__ - INFO - ============================================================
2025-11-13 15:11:45,867 - __main__ - INFO - 
============================================================
2025-11-13 15:11:45,867 - __main__ - INFO - Total samples: 502
2025-11-13 15:11:45,867 - __main__ - INFO - LSL pushed: 502
2025-11-13 15:11:45,867 - __main__ - INFO - LSL rate: 99.31 Hz (77.6% of nominal)
2025-11-13 15:11:45,867 - __main__ - INFO - Saved: 0
2025-11-13 15:11:45,867 - __main__ - INFO - Buffer: 502
2025-11-13 15:11:45,867 - __main__ - INFO - ============================================================
2025-11-13 15:11:46,868 - __main__ - INFO - 
============================================================
2025-11-13 15:11:46,868 - __main__ - INFO - Total samples: 629
2025-11-13 15:11:46,868 - __main__ - INFO - LSL pushed: 629
2025-11-13 15:11:46,868 - __main__ - INFO - LSL rate: 103.86 Hz (81.1% of nominal)
2025-11-13 15:11:46,868 - __main__ - INFO - Saved: 0
2025-11-13 15:11:46,868 - __main__ - INFO - Buffer: 629
2025-11-13 15:11:46,868 - __main__ - INFO - ============================================================
2025-11-13 15:11:47,869 - __main__ - INFO - 
============================================================
2025-11-13 15:11:47,869 - __main__ - INFO - Total samples: 758
2025-11-13 15:11:47,869 - __main__ - INFO - LSL pushed: 758
2025-11-13 15:11:47,869 - __main__ - INFO - LSL rate: 107.42 Hz (83.9% of nominal)
2025-11-13 15:11:47,869 - __main__ - INFO - Saved: 0
2025-11-13 15:11:47,869 - __main__ - INFO - Buffer: 758
2025-11-13 15:11:47,869 - __main__ - INFO - ============================================================
2025-11-13 15:11:48,869 - __main__ - INFO - 
============================================================
2025-11-13 15:11:48,869 - __main__ - INFO - Total samples: 887
2025-11-13 15:11:48,869 - __main__ - INFO - LSL pushed: 887
2025-11-13 15:11:48,869 - __main__ - INFO - LSL rate: 110.09 Hz (86.0% of nominal)
2025-11-13 15:11:48,869 - __main__ - INFO - Saved: 0
2025-11-13 15:11:48,869 - __main__ - INFO - Buffer: 887
2025-11-13 15:11:48,869 - __main__ - INFO - ============================================================
2025-11-13 15:11:49,869 - __main__ - INFO - 
============================================================
2025-11-13 15:11:49,869 - __main__ - INFO - Total samples: 1014
2025-11-13 15:11:49,869 - __main__ - INFO - LSL pushed: 1014
2025-11-13 15:11:49,869 - __main__ - INFO - LSL rate: 111.96 Hz (87.5% of nominal)
2025-11-13 15:11:49,869 - __main__ - INFO - Saved: 1000
2025-11-13 15:11:49,869 - __main__ - INFO - Buffer: 14
2025-11-13 15:11:49,869 - __main__ - INFO - ============================================================
2025-11-13 15:11:50,869 - __main__ - INFO - 
============================================================
2025-11-13 15:11:50,869 - __main__ - INFO - Total samples: 1142
2025-11-13 15:11:50,869 - __main__ - INFO - LSL pushed: 1142
2025-11-13 15:11:50,869 - __main__ - INFO - LSL rate: 113.55 Hz (88.7% of nominal)
2025-11-13 15:11:50,869 - __main__ - INFO - Saved: 1000
2025-11-13 15:11:50,869 - __main__ - INFO - Buffer: 142
2025-11-13 15:11:50,869 - __main__ - INFO - ============================================================
2025-11-13 15:11:51,870 - __main__ - INFO - 
============================================================
2025-11-13 15:11:51,870 - __main__ - INFO - Total samples: 1271
2025-11-13 15:11:51,870 - __main__ - INFO - LSL pushed: 1271
2025-11-13 15:11:51,870 - __main__ - INFO - LSL rate: 114.94 Hz (89.8% of nominal)
2025-11-13 15:11:51,870 - __main__ - INFO - Saved: 1000
2025-11-13 15:11:51,870 - __main__ - INFO - Buffer: 271
2025-11-13 15:11:51,870 - __main__ - INFO - ============================================================
2025-11-13 15:11:52,870 - __main__ - INFO - 
============================================================
2025-11-13 15:11:52,870 - __main__ - INFO - Total samples: 1397
2025-11-13 15:11:52,870 - __main__ - INFO - LSL pushed: 1397
2025-11-13 15:11:52,870 - __main__ - INFO - LSL rate: 115.86 Hz (90.5% of nominal)
2025-11-13 15:11:52,870 - __main__ - INFO - Saved: 1000
2025-11-13 15:11:52,870 - __main__ - INFO - Buffer: 397
2025-11-13 15:11:52,870 - __main__ - INFO - ============================================================
2025-11-13 15:11:53,871 - __main__ - INFO - 
============================================================
2025-11-13 15:11:53,871 - __main__ - INFO - Total samples: 1527
2025-11-13 15:11:53,871 - __main__ - INFO - LSL pushed: 1527
2025-11-13 15:11:53,871 - __main__ - INFO - LSL rate: 116.93 Hz (91.4% of nominal)
2025-11-13 15:11:53,871 - __main__ - INFO - Saved: 1000
2025-11-13 15:11:53,871 - __main__ - INFO - Buffer: 527
2025-11-13 15:11:53,871 - __main__ - INFO - ============================================================
2025-11-13 15:11:54,872 - __main__ - INFO - 
============================================================
2025-11-13 15:11:54,872 - __main__ - INFO - Total samples: 1655
2025-11-13 15:11:54,872 - __main__ - INFO - LSL pushed: 1655
2025-11-13 15:11:54,872 - __main__ - INFO - LSL rate: 117.71 Hz (92.0% of nominal)
2025-11-13 15:11:54,872 - __main__ - INFO - Saved: 1000
2025-11-13 15:11:54,872 - __main__ - INFO - Buffer: 655
2025-11-13 15:11:54,872 - __main__ - INFO - ============================================================
2025-11-13 15:11:55,873 - __main__ - INFO - 
============================================================
2025-11-13 15:11:55,874 - __main__ - INFO - Total samples: 1782
2025-11-13 15:11:55,874 - __main__ - INFO - LSL pushed: 1782
2025-11-13 15:11:55,874 - __main__ - INFO - LSL rate: 118.32 Hz (92.4% of nominal)
2025-11-13 15:11:55,874 - __main__ - INFO - Saved: 1000
2025-11-13 15:11:55,874 - __main__ - INFO - Buffer: 782
2025-11-13 15:11:55,874 - __main__ - INFO - ============================================================
2025-11-13 15:11:56,873 - __main__ - INFO - 
============================================================
2025-11-13 15:11:56,873 - __main__ - INFO - Total samples: 1911
2025-11-13 15:11:56,873 - __main__ - INFO - LSL pushed: 1911
2025-11-13 15:11:56,873 - __main__ - INFO - LSL rate: 118.98 Hz (93.0% of nominal)
2025-11-13 15:11:56,873 - __main__ - INFO - Saved: 1000
2025-11-13 15:11:56,873 - __main__ - INFO - Buffer: 911
2025-11-13 15:11:56,873 - __main__ - INFO - ============================================================
2025-11-13 15:11:57,106 - __main__ - INFO - 
Received interrupt signal. Shutting down...
2025-11-13 15:11:57,106 - __main__ - INFO - 
Stopping components...
2025-11-13 15:11:57,132 - shimmer_device - INFO - Stopped data streaming
2025-11-13 15:11:57,132 - shimmer_device - INFO - Shimmer device shutdown
2025-11-13 15:11:57,133 - shimmer_device - INFO - Disconnected from Shimmer device
2025-11-13 15:11:57,133 - __main__ - INFO - Device disconnected
2025-11-13 15:11:57,140 - data_saver - INFO - Stopped saving. Total samples saved: 1940
2025-11-13 15:11:57,140 - __main__ - INFO - Data saving stopped
2025-11-13 15:11:57,140 - __main__ - INFO - Final LSL statistics: {'samples_pushed': 1940, 'elapsed_time': 16.328184127807617, 'effective_rate': 118.81296688075035, 'nominal_rate': 128.0, 'rate_accuracy': 92.82263037558621}
2025-11-13 15:11:57,140 - lsl_manager - INFO - Destroying LSL outlet. Statistics: {'samples_pushed': 1940, 'elapsed_time': 16.328184127807617, 'effective_rate': 118.81296688075035, 'nominal_rate': 128.0, 'rate_accuracy': 92.82263037558621}
2025-11-13 15:11:57,166 - __main__ - INFO - LSL outlet destroyed
2025-11-13 15:11:57,166 - __main__ - INFO - 
============================================================
2025-11-13 15:11:57,166 - __main__ - INFO - Session ended. Total samples processed: 1940
2025-11-13 15:11:57,166 - __main__ - INFO - ============================================================
2025-11-13 15:11:57,166 - __main__ - INFO - 
Stopping components...
2025-11-13 15:11:57,166 - shimmer_device - ERROR - Error during disconnect: byref() argument must be a ctypes instance, not 'NoneType'
2025-11-13 15:11:57,166 - __main__ - INFO - Device disconnected
2025-11-13 15:11:57,167 - data_saver - INFO - Stopped saving. Total samples saved: 1940
2025-11-13 15:11:57,167 - __main__ - INFO - Data saving stopped
2025-11-13 15:11:57,167 - __main__ - INFO - Final LSL statistics: {}
2025-11-13 15:11:57,167 - __main__ - INFO - LSL outlet destroyed
2025-11-13 15:11:57,167 - __main__ - INFO - 
============================================================
2025-11-13 15:11:57,167 - __main__ - INFO - Session ended. Total samples processed: 1940
2025-11-13 15:11:57,167 - __main__ - INFO - ============================================================
2025-11-13 15:11:57,169 - shimmer_device - ERROR - Error during disconnect: byref() argument must be a ctypes instance, not 'NoneType'
