2025-11-13 13:15:43,025 - __main__ - INFO - ============================================================
2025-11-13 13:15:43,025 - __main__ - INFO - Shimmer GSR+ LSL Integration
2025-11-13 13:15:43,025 - __main__ - INFO - ============================================================
2025-11-13 13:15:43,025 - __main__ - INFO - 
[1/4] Initializing Shimmer GSR+ device...
2025-11-13 13:15:43,025 - shimmer_device - INFO - Attempting to connect to Shimmer on COM6...
2025-11-13 13:15:44,586 - shimmer_device - INFO - Initializing Shimmer device...
2025-11-13 13:15:44,631 - shimmer_device - INFO - Successfully connected and initialized Shimmer on COM6
2025-11-13 13:15:44,631 - shimmer_device - INFO - Channel names: ['GSR_Skin_Conductance', 'GSR_Skin_Resistance', 'PPG_A13', 'Accel_LN_X', 'Accel_LN_Y', 'Accel_LN_Z']
2025-11-13 13:15:44,631 - __main__ - INFO - Device info: {'sampling_rate': 128.0, 'enabled_sensors': ['gsr', 'ppg', 'accelerometer'], 'channel_names': ['GSR_Skin_Conductance', 'GSR_Skin_Resistance', 'PPG_A13', 'Accel_LN_X', 'Accel_LN_Y', 'Accel_LN_Z'], 'com_port': 'COM6'}
2025-11-13 13:15:44,631 - __main__ - INFO - Channels: ['GSR_Skin_Conductance', 'GSR_Skin_Resistance', 'PPG_A13', 'Accel_LN_X', 'Accel_LN_Y', 'Accel_LN_Z']
2025-11-13 13:15:44,631 - __main__ - INFO - Sampling rate: 128.0 Hz
2025-11-13 13:15:44,631 - __main__ - INFO - 
[2/4] Initializing LSL stream...
2025-11-13 13:15:44,633 - lsl_manager - INFO - Creating LSL stream: ShimmerGSR
2025-11-13 13:15:44,633 - lsl_manager - INFO - Channels: 6, Sampling rate: 128.0 Hz
2025-11-13 13:15:44,645 - lsl_manager - INFO - Added metadata to LSL stream
2025-11-13 13:15:44,654 - lsl_manager - INFO - LSL outlet created successfully: ShimmerGSR
2025-11-13 13:15:44,654 - __main__ - INFO - 
[3/4] Initializing data saver...
2025-11-13 13:15:44,656 - data_saver - INFO - Created CSV file: ./data\shimmer_gsr_20251113_131544.csv
2025-11-13 13:15:44,657 - data_saver - INFO - Saved metadata to: ./data\shimmer_gsr_20251113_131544_metadata.json
2025-11-13 13:15:44,657 - data_saver - INFO - Started saving data to: ./data\shimmer_gsr_20251113_131544.csv
2025-11-13 13:15:44,657 - __main__ - INFO - 
[4/4] Starting data streaming...
2025-11-13 13:15:44,657 - shimmer_device - INFO - Starting data streaming...
2025-11-13 13:15:44,708 - shimmer_device - INFO - Data streaming started successfully
2025-11-13 13:15:44,708 - __main__ - INFO - 
============================================================
2025-11-13 13:15:44,708 - __main__ - INFO - Initialization complete! Ready to stream data.
2025-11-13 13:15:44,708 - __main__ - INFO - ============================================================

2025-11-13 13:15:44,708 - __main__ - INFO - Starting data acquisition loop...
2025-11-13 13:15:44,708 - __main__ - INFO - Press Ctrl+C to stop

2025-11-13 13:15:44,711 - shimmer_device - ERROR - Error extracting sample: INTERNAL_ADC_A1
2025-11-13 13:15:44,732 - shimmer_device - ERROR - Error extracting sample: INTERNAL_ADC_A1
2025-11-13 13:15:44,733 - shimmer_device - ERROR - Error extracting sample: INTERNAL_ADC_A1
2025-11-13 13:15:44,734 - shimmer_device - ERROR - Error extracting sample: INTERNAL_ADC_A1
2025-11-13 13:15:44,757 - shimmer_device - ERROR - Error extracting sample: INTERNAL_ADC_A1
2025-11-13 13:15:44,759 - shimmer_device - ERROR - Error extracting sample: INTERNAL_ADC_A1
2025-11-13 13:15:44,766 - shimmer_device - ERROR - Error extracting sample: INTERNAL_ADC_A1
2025-11-13 13:15:44,767 - shimmer_device - ERROR - Error extracting sample: INTERNAL_ADC_A1
2025-11-13 13:15:44,781 - shimmer_device - ERROR - Error extracting sample: INTERNAL_ADC_A1
2025-11-13 13:15:44,782 - shimmer_device - ERROR - Error extracting sample: INTERNAL_ADC_A1
2025-11-13 13:15:44,805 - shimmer_device - ERROR - Error extracting sample: INTERNAL_ADC_A1
2025-11-13 13:15:44,808 - shimmer_device - ERROR - Error extracting sample: INTERNAL_ADC_A1
2025-11-13 13:15:44,809 - shimmer_device - ERROR - Error extracting sample: INTERNAL_ADC_A1
2025-11-13 13:15:44,820 - shimmer_device - ERROR - Error extracting sample: INTERNAL_ADC_A1
2025-11-13 13:15:44,823 - shimmer_device - ERROR - Error extracting sample: INTERNAL_ADC_A1
2025-11-13 13:15:44,837 - shimmer_device - ERROR - Error extracting sample: INTERNAL_ADC_A1
2025-11-13 13:15:44,838 - shimmer_device - ERROR - Error extracting sample: INTERNAL_ADC_A1
2025-11-13 13:15:44,852 - shimmer_device - ERROR - Error extracting sample: INTERNAL_ADC_A1
2025-11-13 13:15:44,853 - shimmer_device - ERROR - Error extracting sample: INTERNAL_ADC_A1
2025-11-13 13:15:44,857 - shimmer_device - ERROR - Error extracting sample: INTERNAL_ADC_A1
2025-11-13 13:15:44,883 - shimmer_device - ERROR - Error extracting sample: INTERNAL_ADC_A1
2025-11-13 13:15:44,884 - shimmer_device - ERROR - Error extracting sample: INTERNAL_ADC_A1
2025-11-13 13:15:44,891 - shimmer_device - ERROR - Error extracting sample: INTERNAL_ADC_A1
2025-11-13 13:15:44,892 - shimmer_device - ERROR - Error extracting sample: INTERNAL_ADC_A1
2025-11-13 13:15:44,929 - shimmer_device - ERROR - Error extracting sample: INTERNAL_ADC_A1
2025-11-13 13:15:44,930 - shimmer_device - ERROR - Error extracting sample: INTERNAL_ADC_A1
2025-11-13 13:15:44,932 - shimmer_device - ERROR - Error extracting sample: INTERNAL_ADC_A1
2025-11-13 13:15:44,934 - shimmer_device - ERROR - Error extracting sample: INTERNAL_ADC_A1
2025-11-13 13:15:44,935 - shimmer_device - ERROR - Error extracting sample: INTERNAL_ADC_A1
2025-11-13 13:15:44,943 - shimmer_device - ERROR - Error extracting sample: INTERNAL_ADC_A1
2025-11-13 13:15:44,945 - shimmer_device - ERROR - Error extracting sample: INTERNAL_ADC_A1
2025-11-13 13:15:44,985 - shimmer_device - ERROR - Error extracting sample: INTERNAL_ADC_A1
2025-11-13 13:15:44,987 - shimmer_device - ERROR - Error extracting sample: INTERNAL_ADC_A1
2025-11-13 13:15:44,989 - shimmer_device - ERROR - Error extracting sample: INTERNAL_ADC_A1
2025-11-13 13:15:44,991 - shimmer_device - ERROR - Error extracting sample: INTERNAL_ADC_A1
2025-11-13 13:15:44,992 - shimmer_device - ERROR - Error extracting sample: INTERNAL_ADC_A1
2025-11-13 13:15:45,003 - shimmer_device - ERROR - Error extracting sample: INTERNAL_ADC_A1
2025-11-13 13:15:45,004 - shimmer_device - ERROR - Error extracting sample: INTERNAL_ADC_A1
2025-11-13 13:15:45,014 - shimmer_device - ERROR - Error extracting sample: INTERNAL_ADC_A1
2025-11-13 13:15:45,015 - shimmer_device - ERROR - Error extracting sample: INTERNAL_ADC_A1
2025-11-13 13:15:45,031 - shimmer_device - ERROR - Error extracting sample: INTERNAL_ADC_A1
2025-11-13 13:15:45,033 - shimmer_device - ERROR - Error extracting sample: INTERNAL_ADC_A1
2025-11-13 13:15:45,048 - shimmer_device - ERROR - Error extracting sample: INTERNAL_ADC_A1
2025-11-13 13:15:45,049 - shimmer_device - ERROR - Error extracting sample: INTERNAL_ADC_A1
2025-11-13 13:15:45,053 - shimmer_device - ERROR - Error extracting sample: INTERNAL_ADC_A1
2025-11-13 13:15:45,076 - shimmer_device - ERROR - Error extracting sample: INTERNAL_ADC_A1
2025-11-13 13:15:45,078 - shimmer_device - ERROR - Error extracting sample: INTERNAL_ADC_A1
2025-11-13 13:15:45,085 - shimmer_device - ERROR - Error extracting sample: INTERNAL_ADC_A1
2025-11-13 13:15:45,086 - shimmer_device - ERROR - Error extracting sample: INTERNAL_ADC_A1
2025-11-13 13:15:45,125 - shimmer_device - ERROR - Error extracting sample: INTERNAL_ADC_A1
2025-11-13 13:15:45,126 - shimmer_device - ERROR - Error extracting sample: INTERNAL_ADC_A1
2025-11-13 13:15:45,127 - shimmer_device - ERROR - Error extracting sample: INTERNAL_ADC_A1
2025-11-13 13:15:45,129 - shimmer_device - ERROR - Error extracting sample: INTERNAL_ADC_A1
2025-11-13 13:15:45,130 - shimmer_device - ERROR - Error extracting sample: INTERNAL_ADC_A1
2025-11-13 13:15:45,139 - shimmer_device - ERROR - Error extracting sample: INTERNAL_ADC_A1
2025-11-13 13:15:45,140 - shimmer_device - ERROR - Error extracting sample: INTERNAL_ADC_A1
2025-11-13 13:15:45,156 - shimmer_device - ERROR - Error extracting sample: INTERNAL_ADC_A1
2025-11-13 13:15:45,157 - shimmer_device - ERROR - Error extracting sample: INTERNAL_ADC_A1
2025-11-13 13:15:45,180 - shimmer_device - ERROR - Error extracting sample: INTERNAL_ADC_A1
2025-11-13 13:15:45,181 - shimmer_device - ERROR - Error extracting sample: INTERNAL_ADC_A1
2025-11-13 13:15:45,182 - shimmer_device - ERROR - Error extracting sample: INTERNAL_ADC_A1
2025-11-13 13:15:45,196 - shimmer_device - ERROR - Error extracting sample: INTERNAL_ADC_A1
2025-11-13 13:15:45,197 - shimmer_device - ERROR - Error extracting sample: INTERNAL_ADC_A1
2025-11-13 13:15:45,212 - shimmer_device - ERROR - Error extracting sample: INTERNAL_ADC_A1
2025-11-13 13:15:45,213 - shimmer_device - ERROR - Error extracting sample: INTERNAL_ADC_A1
2025-11-13 13:15:45,222 - shimmer_device - ERROR - Error extracting sample: INTERNAL_ADC_A1
2025-11-13 13:15:45,225 - shimmer_device - ERROR - Error extracting sample: INTERNAL_ADC_A1
2025-11-13 13:15:45,233 - shimmer_device - ERROR - Error extracting sample: INTERNAL_ADC_A1
2025-11-13 13:15:45,258 - shimmer_device - ERROR - Error extracting sample: INTERNAL_ADC_A1
2025-11-13 13:15:45,259 - shimmer_device - ERROR - Error extracting sample: INTERNAL_ADC_A1
2025-11-13 13:15:45,265 - shimmer_device - ERROR - Error extracting sample: INTERNAL_ADC_A1
2025-11-13 13:15:45,266 - shimmer_device - ERROR - Error extracting sample: INTERNAL_ADC_A1
2025-11-13 13:15:45,281 - shimmer_device - ERROR - Error extracting sample: INTERNAL_ADC_A1
2025-11-13 13:15:45,282 - shimmer_device - ERROR - Error extracting sample: INTERNAL_ADC_A1
2025-11-13 13:15:45,306 - shimmer_device - ERROR - Error extracting sample: INTERNAL_ADC_A1
2025-11-13 13:15:45,307 - shimmer_device - ERROR - Error extracting sample: INTERNAL_ADC_A1
2025-11-13 13:15:45,309 - shimmer_device - ERROR - Error extracting sample: INTERNAL_ADC_A1
2025-11-13 13:15:45,321 - shimmer_device - ERROR - Error extracting sample: INTERNAL_ADC_A1
2025-11-13 13:15:45,322 - shimmer_device - ERROR - Error extracting sample: INTERNAL_ADC_A1
2025-11-13 13:15:45,335 - shimmer_device - ERROR - Error extracting sample: INTERNAL_ADC_A1
2025-11-13 13:15:45,336 - shimmer_device - ERROR - Error extracting sample: INTERNAL_ADC_A1
2025-11-13 13:15:45,350 - shimmer_device - ERROR - Error extracting sample: INTERNAL_ADC_A1
2025-11-13 13:15:45,351 - shimmer_device - ERROR - Error extracting sample: INTERNAL_ADC_A1
2025-11-13 13:15:45,357 - shimmer_device - ERROR - Error extracting sample: INTERNAL_ADC_A1
2025-11-13 13:15:45,382 - shimmer_device - ERROR - Error extracting sample: INTERNAL_ADC_A1
2025-11-13 13:15:45,383 - shimmer_device - ERROR - Error extracting sample: INTERNAL_ADC_A1
2025-11-13 13:15:45,390 - shimmer_device - ERROR - Error extracting sample: INTERNAL_ADC_A1
2025-11-13 13:15:45,391 - shimmer_device - ERROR - Error extracting sample: INTERNAL_ADC_A1
2025-11-13 13:15:45,406 - shimmer_device - ERROR - Error extracting sample: INTERNAL_ADC_A1
2025-11-13 13:15:45,407 - shimmer_device - ERROR - Error extracting sample: INTERNAL_ADC_A1
2025-11-13 13:15:45,431 - shimmer_device - ERROR - Error extracting sample: INTERNAL_ADC_A1
2025-11-13 13:15:45,433 - shimmer_device - ERROR - Error extracting sample: INTERNAL_ADC_A1
2025-11-13 13:15:45,434 - shimmer_device - ERROR - Error extracting sample: INTERNAL_ADC_A1
2025-11-13 13:15:45,443 - shimmer_device - ERROR - Error extracting sample: INTERNAL_ADC_A1
2025-11-13 13:15:45,445 - shimmer_device - ERROR - Error extracting sample: INTERNAL_ADC_A1
2025-11-13 13:15:45,458 - shimmer_device - ERROR - Error extracting sample: INTERNAL_ADC_A1
2025-11-13 13:15:45,460 - shimmer_device - ERROR - Error extracting sample: INTERNAL_ADC_A1
2025-11-13 13:15:45,475 - shimmer_device - ERROR - Error extracting sample: INTERNAL_ADC_A1
2025-11-13 13:15:45,483 - shimmer_device - ERROR - Error extracting sample: INTERNAL_ADC_A1
2025-11-13 13:15:45,485 - shimmer_device - ERROR - Error extracting sample: INTERNAL_ADC_A1
2025-11-13 13:15:45,498 - shimmer_device - ERROR - Error extracting sample: INTERNAL_ADC_A1
2025-11-13 13:15:45,500 - shimmer_device - ERROR - Error extracting sample: INTERNAL_ADC_A1
2025-11-13 13:15:45,515 - shimmer_device - ERROR - Error extracting sample: INTERNAL_ADC_A1
2025-11-13 13:15:45,517 - shimmer_device - ERROR - Error extracting sample: INTERNAL_ADC_A1
2025-11-13 13:15:45,530 - shimmer_device - ERROR - Error extracting sample: INTERNAL_ADC_A1
2025-11-13 13:15:45,531 - shimmer_device - ERROR - Error extracting sample: INTERNAL_ADC_A1
2025-11-13 13:15:45,555 - shimmer_device - ERROR - Error extracting sample: INTERNAL_ADC_A1
2025-11-13 13:15:45,556 - shimmer_device - ERROR - Error extracting sample: INTERNAL_ADC_A1
2025-11-13 13:15:45,558 - shimmer_device - ERROR - Error extracting sample: INTERNAL_ADC_A1
2025-11-13 13:15:45,569 - shimmer_device - ERROR - Error extracting sample: INTERNAL_ADC_A1
2025-11-13 13:15:45,571 - shimmer_device - ERROR - Error extracting sample: INTERNAL_ADC_A1
2025-11-13 13:15:45,584 - shimmer_device - ERROR - Error extracting sample: INTERNAL_ADC_A1
2025-11-13 13:15:45,586 - shimmer_device - ERROR - Error extracting sample: INTERNAL_ADC_A1
2025-11-13 13:15:45,627 - shimmer_device - ERROR - Error extracting sample: INTERNAL_ADC_A1
2025-11-13 13:15:45,628 - shimmer_device - ERROR - Error extracting sample: INTERNAL_ADC_A1
2025-11-13 13:15:45,629 - shimmer_device - ERROR - Error extracting sample: INTERNAL_ADC_A1
2025-11-13 13:15:45,633 - shimmer_device - ERROR - Error extracting sample: INTERNAL_ADC_A1
2025-11-13 13:15:45,634 - shimmer_device - ERROR - Error extracting sample: INTERNAL_ADC_A1
2025-11-13 13:15:45,637 - shimmer_device - ERROR - Error extracting sample: INTERNAL_ADC_A1
2025-11-13 13:15:45,640 - shimmer_device - ERROR - Error extracting sample: INTERNAL_ADC_A1
2025-11-13 13:15:45,654 - shimmer_device - ERROR - Error extracting sample: INTERNAL_ADC_A1
2025-11-13 13:15:45,655 - shimmer_device - ERROR - Error extracting sample: INTERNAL_ADC_A1
2025-11-13 13:15:45,669 - shimmer_device - ERROR - Error extracting sample: INTERNAL_ADC_A1
2025-11-13 13:15:45,691 - shimmer_device - ERROR - Error extracting sample: INTERNAL_ADC_A1
2025-11-13 13:15:45,692 - shimmer_device - ERROR - Error extracting sample: INTERNAL_ADC_A1
2025-11-13 13:15:45,695 - shimmer_device - ERROR - Error extracting sample: INTERNAL_ADC_A1
2025-11-13 13:15:45,696 - shimmer_device - ERROR - Error extracting sample: INTERNAL_ADC_A1
2025-11-13 13:15:45,708 - __main__ - INFO - 
============================================================
2025-11-13 13:15:45,708 - __main__ - INFO - Total samples: 0
2025-11-13 13:15:45,708 - __main__ - INFO - LSL pushed: 0
2025-11-13 13:15:45,708 - __main__ - INFO - LSL rate: 0.00 Hz (0.0% of nominal)
2025-11-13 13:15:45,708 - __main__ - INFO - Saved: 0
2025-11-13 13:15:45,708 - __main__ - INFO - Buffer: 0
2025-11-13 13:15:45,708 - __main__ - INFO - ============================================================
2025-11-13 13:15:45,711 - shimmer_device - ERROR - Error extracting sample: INTERNAL_ADC_A1
2025-11-13 13:15:45,712 - shimmer_device - ERROR - Error extracting sample: INTERNAL_ADC_A1
2025-11-13 13:15:45,727 - shimmer_device - ERROR - Error extracting sample: INTERNAL_ADC_A1
2025-11-13 13:15:45,728 - shimmer_device - ERROR - Error extracting sample: INTERNAL_ADC_A1
2025-11-13 13:15:45,750 - shimmer_device - ERROR - Error extracting sample: INTERNAL_ADC_A1
2025-11-13 13:15:45,751 - shimmer_device - ERROR - Error extracting sample: INTERNAL_ADC_A1
2025-11-13 13:15:45,752 - shimmer_device - ERROR - Error extracting sample: INTERNAL_ADC_A1
2025-11-13 13:15:45,765 - shimmer_device - ERROR - Error extracting sample: INTERNAL_ADC_A1
2025-11-13 13:15:45,766 - shimmer_device - ERROR - Error extracting sample: INTERNAL_ADC_A1
2025-11-13 13:15:45,781 - shimmer_device - ERROR - Error extracting sample: INTERNAL_ADC_A1
2025-11-13 13:15:45,783 - shimmer_device - ERROR - Error extracting sample: INTERNAL_ADC_A1
2025-11-13 13:15:45,805 - shimmer_device - ERROR - Error extracting sample: INTERNAL_ADC_A1
2025-11-13 13:15:45,806 - shimmer_device - ERROR - Error extracting sample: INTERNAL_ADC_A1
2025-11-13 13:15:45,807 - shimmer_device - ERROR - Error extracting sample: INTERNAL_ADC_A1
2025-11-13 13:15:45,822 - shimmer_device - ERROR - Error extracting sample: INTERNAL_ADC_A1
2025-11-13 13:15:45,823 - shimmer_device - ERROR - Error extracting sample: INTERNAL_ADC_A1
2025-11-13 13:15:45,836 - shimmer_device - ERROR - Error extracting sample: INTERNAL_ADC_A1
2025-11-13 13:15:45,837 - shimmer_device - ERROR - Error extracting sample: INTERNAL_ADC_A1
2025-11-13 13:15:45,852 - shimmer_device - ERROR - Error extracting sample: INTERNAL_ADC_A1
2025-11-13 13:15:45,853 - shimmer_device - ERROR - Error extracting sample: INTERNAL_ADC_A1
2025-11-13 13:15:45,857 - shimmer_device - ERROR - Error extracting sample: INTERNAL_ADC_A1
2025-11-13 13:15:45,887 - shimmer_device - ERROR - Error extracting sample: INTERNAL_ADC_A1
2025-11-13 13:15:45,890 - shimmer_device - ERROR - Error extracting sample: INTERNAL_ADC_A1
2025-11-13 13:15:45,891 - shimmer_device - ERROR - Error extracting sample: INTERNAL_ADC_A1
2025-11-13 13:15:45,892 - shimmer_device - ERROR - Error extracting sample: INTERNAL_ADC_A1
2025-11-13 13:15:45,904 - shimmer_device - ERROR - Error extracting sample: INTERNAL_ADC_A1
2025-11-13 13:15:45,905 - shimmer_device - ERROR - Error extracting sample: INTERNAL_ADC_A1
2025-11-13 13:15:45,929 - shimmer_device - ERROR - Error extracting sample: INTERNAL_ADC_A1
2025-11-13 13:15:45,931 - shimmer_device - ERROR - Error extracting sample: INTERNAL_ADC_A1
2025-11-13 13:15:45,932 - shimmer_device - ERROR - Error extracting sample: INTERNAL_ADC_A1
2025-11-13 13:15:45,945 - shimmer_device - ERROR - Error extracting sample: INTERNAL_ADC_A1
2025-11-13 13:15:45,946 - shimmer_device - ERROR - Error extracting sample: INTERNAL_ADC_A1
2025-11-13 13:15:45,959 - shimmer_device - ERROR - Error extracting sample: INTERNAL_ADC_A1
2025-11-13 13:15:45,960 - shimmer_device - ERROR - Error extracting sample: INTERNAL_ADC_A1
2025-11-13 13:15:45,976 - shimmer_device - ERROR - Error extracting sample: INTERNAL_ADC_A1
2025-11-13 13:15:45,977 - shimmer_device - ERROR - Error extracting sample: INTERNAL_ADC_A1
2025-11-13 13:15:45,982 - shimmer_device - ERROR - Error extracting sample: INTERNAL_ADC_A1
2025-11-13 13:15:46,008 - shimmer_device - ERROR - Error extracting sample: INTERNAL_ADC_A1
2025-11-13 13:15:46,009 - shimmer_device - ERROR - Error extracting sample: INTERNAL_ADC_A1
2025-11-13 13:15:46,015 - shimmer_device - ERROR - Error extracting sample: INTERNAL_ADC_A1
2025-11-13 13:15:46,017 - shimmer_device - ERROR - Error extracting sample: INTERNAL_ADC_A1
2025-11-13 13:15:46,032 - shimmer_device - ERROR - Error extracting sample: INTERNAL_ADC_A1
2025-11-13 13:15:46,034 - shimmer_device - ERROR - Error extracting sample: INTERNAL_ADC_A1
2025-11-13 13:15:46,057 - shimmer_device - ERROR - Error extracting sample: INTERNAL_ADC_A1
2025-11-13 13:15:46,058 - shimmer_device - ERROR - Error extracting sample: INTERNAL_ADC_A1
2025-11-13 13:15:46,059 - shimmer_device - ERROR - Error extracting sample: INTERNAL_ADC_A1
2025-11-13 13:15:46,086 - shimmer_device - ERROR - Error extracting sample: INTERNAL_ADC_A1
2025-11-13 13:15:46,088 - shimmer_device - ERROR - Error extracting sample: INTERNAL_ADC_A1
2025-11-13 13:15:46,089 - shimmer_device - ERROR - Error extracting sample: INTERNAL_ADC_A1
2025-11-13 13:15:46,090 - shimmer_device - ERROR - Error extracting sample: INTERNAL_ADC_A1
2025-11-13 13:15:46,098 - shimmer_device - ERROR - Error extracting sample: INTERNAL_ADC_A1
2025-11-13 13:15:46,099 - shimmer_device - ERROR - Error extracting sample: INTERNAL_ADC_A1
2025-11-13 13:15:46,108 - shimmer_device - ERROR - Error extracting sample: INTERNAL_ADC_A1
2025-11-13 13:15:46,132 - shimmer_device - ERROR - Error extracting sample: INTERNAL_ADC_A1
2025-11-13 13:15:46,133 - shimmer_device - ERROR - Error extracting sample: INTERNAL_ADC_A1
2025-11-13 13:15:46,138 - shimmer_device - ERROR - Error extracting sample: INTERNAL_ADC_A1
2025-11-13 13:15:46,139 - shimmer_device - ERROR - Error extracting sample: INTERNAL_ADC_A1
2025-11-13 13:15:46,155 - shimmer_device - ERROR - Error extracting sample: INTERNAL_ADC_A1
2025-11-13 13:15:46,156 - shimmer_device - ERROR - Error extracting sample: INTERNAL_ADC_A1
2025-11-13 13:15:46,183 - shimmer_device - ERROR - Error extracting sample: INTERNAL_ADC_A1
2025-11-13 13:15:46,185 - shimmer_device - ERROR - Error extracting sample: INTERNAL_ADC_A1
2025-11-13 13:15:46,186 - shimmer_device - ERROR - Error extracting sample: INTERNAL_ADC_A1
2025-11-13 13:15:46,193 - shimmer_device - ERROR - Error extracting sample: INTERNAL_ADC_A1
2025-11-13 13:15:46,194 - shimmer_device - ERROR - Error extracting sample: INTERNAL_ADC_A1
2025-11-13 13:15:46,208 - shimmer_device - ERROR - Error extracting sample: INTERNAL_ADC_A1
2025-11-13 13:15:46,209 - shimmer_device - ERROR - Error extracting sample: INTERNAL_ADC_A1
2025-11-13 13:15:46,225 - shimmer_device - ERROR - Error extracting sample: INTERNAL_ADC_A1
2025-11-13 13:15:46,226 - shimmer_device - ERROR - Error extracting sample: INTERNAL_ADC_A1
2025-11-13 13:15:46,233 - shimmer_device - ERROR - Error extracting sample: INTERNAL_ADC_A1
2025-11-13 13:15:46,260 - shimmer_device - ERROR - Error extracting sample: INTERNAL_ADC_A1
2025-11-13 13:15:46,261 - shimmer_device - ERROR - Error extracting sample: INTERNAL_ADC_A1
2025-11-13 13:15:46,277 - shimmer_device - ERROR - Error extracting sample: INTERNAL_ADC_A1
2025-11-13 13:15:46,279 - shimmer_device - ERROR - Error extracting sample: INTERNAL_ADC_A1
2025-11-13 13:15:46,280 - shimmer_device - ERROR - Error extracting sample: INTERNAL_ADC_A1
2025-11-13 13:15:46,281 - shimmer_device - ERROR - Error extracting sample: INTERNAL_ADC_A1
2025-11-13 13:15:46,297 - shimmer_device - ERROR - Error extracting sample: INTERNAL_ADC_A1
2025-11-13 13:15:46,298 - shimmer_device - ERROR - Error extracting sample: INTERNAL_ADC_A1
2025-11-13 13:15:46,304 - shimmer_device - ERROR - Error extracting sample: INTERNAL_ADC_A1
2025-11-13 13:15:46,330 - shimmer_device - ERROR - Error extracting sample: INTERNAL_ADC_A1
2025-11-13 13:15:46,331 - shimmer_device - ERROR - Error extracting sample: INTERNAL_ADC_A1
2025-11-13 13:15:46,334 - shimmer_device - ERROR - Error extracting sample: INTERNAL_ADC_A1
2025-11-13 13:15:46,335 - shimmer_device - ERROR - Error extracting sample: INTERNAL_ADC_A1
2025-11-13 13:15:46,349 - shimmer_device - ERROR - Error extracting sample: INTERNAL_ADC_A1
2025-11-13 13:15:46,351 - shimmer_device - ERROR - Error extracting sample: INTERNAL_ADC_A1
2025-11-13 13:15:46,375 - shimmer_device - ERROR - Error extracting sample: INTERNAL_ADC_A1
2025-11-13 13:15:46,376 - shimmer_device - ERROR - Error extracting sample: INTERNAL_ADC_A1
2025-11-13 13:15:46,377 - shimmer_device - ERROR - Error extracting sample: INTERNAL_ADC_A1
2025-11-13 13:15:46,388 - shimmer_device - ERROR - Error extracting sample: INTERNAL_ADC_A1
2025-11-13 13:15:46,389 - shimmer_device - ERROR - Error extracting sample: INTERNAL_ADC_A1
2025-11-13 13:15:46,405 - shimmer_device - ERROR - Error extracting sample: INTERNAL_ADC_A1
2025-11-13 13:15:46,407 - shimmer_device - ERROR - Error extracting sample: INTERNAL_ADC_A1
2025-11-13 13:15:46,430 - shimmer_device - ERROR - Error extracting sample: INTERNAL_ADC_A1
2025-11-13 13:15:46,431 - shimmer_device - ERROR - Error extracting sample: INTERNAL_ADC_A1
2025-11-13 13:15:46,432 - shimmer_device - ERROR - Error extracting sample: INTERNAL_ADC_A1
2025-11-13 13:15:46,445 - shimmer_device - ERROR - Error extracting sample: INTERNAL_ADC_A1
2025-11-13 13:15:46,446 - shimmer_device - ERROR - Error extracting sample: INTERNAL_ADC_A1
2025-11-13 13:15:46,476 - shimmer_device - ERROR - Error extracting sample: INTERNAL_ADC_A1
2025-11-13 13:15:46,477 - shimmer_device - ERROR - Error extracting sample: INTERNAL_ADC_A1
2025-11-13 13:15:46,478 - shimmer_device - ERROR - Error extracting sample: INTERNAL_ADC_A1
2025-11-13 13:15:46,480 - shimmer_device - ERROR - Error extracting sample: INTERNAL_ADC_A1
2025-11-13 13:15:46,483 - shimmer_device - ERROR - Error extracting sample: INTERNAL_ADC_A1
2025-11-13 13:15:46,500 - shimmer_device - ERROR - Error extracting sample: INTERNAL_ADC_A1
2025-11-13 13:15:46,501 - shimmer_device - ERROR - Error extracting sample: INTERNAL_ADC_A1
2025-11-13 13:15:46,516 - shimmer_device - ERROR - Error extracting sample: INTERNAL_ADC_A1
2025-11-13 13:15:46,517 - shimmer_device - ERROR - Error extracting sample: INTERNAL_ADC_A1
2025-11-13 13:15:46,534 - shimmer_device - ERROR - Error extracting sample: INTERNAL_ADC_A1
2025-11-13 13:15:46,535 - shimmer_device - ERROR - Error extracting sample: INTERNAL_ADC_A1
2025-11-13 13:15:46,559 - shimmer_device - ERROR - Error extracting sample: INTERNAL_ADC_A1
2025-11-13 13:15:46,560 - shimmer_device - ERROR - Error extracting sample: INTERNAL_ADC_A1
2025-11-13 13:15:46,562 - shimmer_device - ERROR - Error extracting sample: INTERNAL_ADC_A1
2025-11-13 13:15:46,569 - shimmer_device - ERROR - Error extracting sample: INTERNAL_ADC_A1
2025-11-13 13:15:46,571 - shimmer_device - ERROR - Error extracting sample: INTERNAL_ADC_A1
2025-11-13 13:15:46,585 - shimmer_device - ERROR - Error extracting sample: INTERNAL_ADC_A1
2025-11-13 13:15:46,586 - shimmer_device - ERROR - Error extracting sample: INTERNAL_ADC_A1
2025-11-13 13:15:46,597 - shimmer_device - ERROR - Error extracting sample: INTERNAL_ADC_A1
2025-11-13 13:15:46,599 - shimmer_device - ERROR - Error extracting sample: INTERNAL_ADC_A1
2025-11-13 13:15:46,608 - shimmer_device - ERROR - Error extracting sample: INTERNAL_ADC_A1
2025-11-13 13:15:46,632 - shimmer_device - ERROR - Error extracting sample: INTERNAL_ADC_A1
2025-11-13 13:15:46,633 - shimmer_device - ERROR - Error extracting sample: INTERNAL_ADC_A1
2025-11-13 13:15:46,639 - shimmer_device - ERROR - Error extracting sample: INTERNAL_ADC_A1
2025-11-13 13:15:46,640 - shimmer_device - ERROR - Error extracting sample: INTERNAL_ADC_A1
2025-11-13 13:15:46,679 - shimmer_device - ERROR - Error extracting sample: INTERNAL_ADC_A1
2025-11-13 13:15:46,680 - shimmer_device - ERROR - Error extracting sample: INTERNAL_ADC_A1
2025-11-13 13:15:46,681 - shimmer_device - ERROR - Error extracting sample: INTERNAL_ADC_A1
2025-11-13 13:15:46,683 - shimmer_device - ERROR - Error extracting sample: INTERNAL_ADC_A1
2025-11-13 13:15:46,684 - shimmer_device - ERROR - Error extracting sample: INTERNAL_ADC_A1
2025-11-13 13:15:46,692 - shimmer_device - ERROR - Error extracting sample: INTERNAL_ADC_A1
2025-11-13 13:15:46,694 - shimmer_device - ERROR - Error extracting sample: INTERNAL_ADC_A1
2025-11-13 13:15:46,710 - shimmer_device - ERROR - Error extracting sample: INTERNAL_ADC_A1
2025-11-13 13:15:46,711 - __main__ - INFO - 
============================================================
2025-11-13 13:15:46,711 - __main__ - INFO - Total samples: 0
2025-11-13 13:15:46,711 - __main__ - INFO - LSL pushed: 0
2025-11-13 13:15:46,711 - __main__ - INFO - LSL rate: 0.00 Hz (0.0% of nominal)
2025-11-13 13:15:46,711 - __main__ - INFO - Saved: 0
2025-11-13 13:15:46,711 - __main__ - INFO - Buffer: 0
2025-11-13 13:15:46,711 - __main__ - INFO - ============================================================
2025-11-13 13:15:46,713 - shimmer_device - ERROR - Error extracting sample: INTERNAL_ADC_A1
2025-11-13 13:15:46,737 - shimmer_device - ERROR - Error extracting sample: INTERNAL_ADC_A1
2025-11-13 13:15:46,738 - shimmer_device - ERROR - Error extracting sample: INTERNAL_ADC_A1
2025-11-13 13:15:46,739 - shimmer_device - ERROR - Error extracting sample: INTERNAL_ADC_A1
2025-11-13 13:15:46,752 - shimmer_device - ERROR - Error extracting sample: INTERNAL_ADC_A1
2025-11-13 13:15:46,753 - shimmer_device - ERROR - Error extracting sample: INTERNAL_ADC_A1
2025-11-13 13:15:46,767 - shimmer_device - ERROR - Error extracting sample: INTERNAL_ADC_A1
2025-11-13 13:15:46,768 - shimmer_device - ERROR - Error extracting sample: INTERNAL_ADC_A1
2025-11-13 13:15:46,781 - shimmer_device - ERROR - Error extracting sample: INTERNAL_ADC_A1
2025-11-13 13:15:46,782 - shimmer_device - ERROR - Error extracting sample: INTERNAL_ADC_A1
2025-11-13 13:15:46,793 - shimmer_device - ERROR - Error extracting sample: INTERNAL_ADC_A1
2025-11-13 13:15:46,794 - shimmer_device - ERROR - Error extracting sample: INTERNAL_ADC_A1
2025-11-13 13:15:46,804 - shimmer_device - ERROR - Error extracting sample: INTERNAL_ADC_A1
2025-11-13 13:15:46,821 - shimmer_device - ERROR - Error extracting sample: INTERNAL_ADC_A1
2025-11-13 13:15:46,822 - shimmer_device - ERROR - Error extracting sample: INTERNAL_ADC_A1
2025-11-13 13:15:46,835 - shimmer_device - ERROR - Error extracting sample: INTERNAL_ADC_A1
2025-11-13 13:15:46,836 - shimmer_device - ERROR - Error extracting sample: INTERNAL_ADC_A1
2025-11-13 13:15:46,876 - shimmer_device - ERROR - Error extracting sample: INTERNAL_ADC_A1
2025-11-13 13:15:46,878 - shimmer_device - ERROR - Error extracting sample: INTERNAL_ADC_A1
2025-11-13 13:15:46,879 - shimmer_device - ERROR - Error extracting sample: INTERNAL_ADC_A1
2025-11-13 13:15:46,881 - shimmer_device - ERROR - Error extracting sample: INTERNAL_ADC_A1
2025-11-13 13:15:46,883 - shimmer_device - ERROR - Error extracting sample: INTERNAL_ADC_A1
2025-11-13 13:15:46,901 - shimmer_device - ERROR - Error extracting sample: INTERNAL_ADC_A1
2025-11-13 13:15:46,903 - shimmer_device - ERROR - Error extracting sample: INTERNAL_ADC_A1
2025-11-13 13:15:46,912 - shimmer_device - ERROR - Error extracting sample: INTERNAL_ADC_A1
2025-11-13 13:15:46,914 - shimmer_device - ERROR - Error extracting sample: INTERNAL_ADC_A1
2025-11-13 13:15:46,921 - shimmer_device - ERROR - Error extracting sample: INTERNAL_ADC_A1
2025-11-13 13:15:46,922 - shimmer_device - ERROR - Error extracting sample: INTERNAL_ADC_A1
2025-11-13 13:15:46,927 - shimmer_device - ERROR - Error extracting sample: INTERNAL_ADC_A1
2025-11-13 13:15:46,952 - shimmer_device - ERROR - Error extracting sample: INTERNAL_ADC_A1
2025-11-13 13:15:46,954 - shimmer_device - ERROR - Error extracting sample: INTERNAL_ADC_A1
2025-11-13 13:15:46,973 - shimmer_device - ERROR - Error extracting sample: INTERNAL_ADC_A1
2025-11-13 13:15:46,975 - shimmer_device - ERROR - Error extracting sample: INTERNAL_ADC_A1
2025-11-13 13:15:46,999 - shimmer_device - ERROR - Error extracting sample: INTERNAL_ADC_A1
2025-11-13 13:15:47,000 - shimmer_device - ERROR - Error extracting sample: INTERNAL_ADC_A1
2025-11-13 13:15:47,001 - shimmer_device - ERROR - Error extracting sample: INTERNAL_ADC_A1
2025-11-13 13:15:47,003 - shimmer_device - ERROR - Error extracting sample: INTERNAL_ADC_A1
2025-11-13 13:15:47,004 - shimmer_device - ERROR - Error extracting sample: INTERNAL_ADC_A1
2025-11-13 13:15:47,016 - shimmer_device - ERROR - Error extracting sample: INTERNAL_ADC_A1
2025-11-13 13:15:47,017 - shimmer_device - ERROR - Error extracting sample: INTERNAL_ADC_A1
2025-11-13 13:15:47,030 - shimmer_device - ERROR - Error extracting sample: INTERNAL_ADC_A1
2025-11-13 13:15:47,032 - shimmer_device - ERROR - Error extracting sample: INTERNAL_ADC_A1
2025-11-13 13:15:47,073 - shimmer_device - ERROR - Error extracting sample: INTERNAL_ADC_A1
2025-11-13 13:15:47,074 - shimmer_device - ERROR - Error extracting sample: INTERNAL_ADC_A1
2025-11-13 13:15:47,075 - shimmer_device - ERROR - Error extracting sample: INTERNAL_ADC_A1
2025-11-13 13:15:47,076 - shimmer_device - ERROR - Error extracting sample: INTERNAL_ADC_A1
2025-11-13 13:15:47,078 - shimmer_device - ERROR - Error extracting sample: INTERNAL_ADC_A1
2025-11-13 13:15:47,083 - shimmer_device - ERROR - Error extracting sample: INTERNAL_ADC_A1
2025-11-13 13:15:47,085 - shimmer_device - ERROR - Error extracting sample: INTERNAL_ADC_A1
2025-11-13 13:15:47,098 - shimmer_device - ERROR - Error extracting sample: INTERNAL_ADC_A1
2025-11-13 13:15:47,100 - shimmer_device - ERROR - Error extracting sample: INTERNAL_ADC_A1
2025-11-13 13:15:47,108 - shimmer_device - ERROR - Error extracting sample: INTERNAL_ADC_A1
2025-11-13 13:15:47,122 - shimmer_device - ERROR - Error extracting sample: INTERNAL_ADC_A1
2025-11-13 13:15:47,123 - shimmer_device - ERROR - Error extracting sample: INTERNAL_ADC_A1
2025-11-13 13:15:47,138 - shimmer_device - ERROR - Error extracting sample: INTERNAL_ADC_A1
2025-11-13 13:15:47,140 - shimmer_device - ERROR - Error extracting sample: INTERNAL_ADC_A1
2025-11-13 13:15:47,153 - shimmer_device - ERROR - Error extracting sample: INTERNAL_ADC_A1
2025-11-13 13:15:47,154 - shimmer_device - ERROR - Error extracting sample: INTERNAL_ADC_A1
2025-11-13 13:15:47,179 - shimmer_device - ERROR - Error extracting sample: INTERNAL_ADC_A1
2025-11-13 13:15:47,181 - shimmer_device - ERROR - Error extracting sample: INTERNAL_ADC_A1
2025-11-13 13:15:47,182 - shimmer_device - ERROR - Error extracting sample: INTERNAL_ADC_A1
2025-11-13 13:15:47,195 - shimmer_device - ERROR - Error extracting sample: INTERNAL_ADC_A1
2025-11-13 13:15:47,196 - shimmer_device - ERROR - Error extracting sample: INTERNAL_ADC_A1
2025-11-13 13:15:47,209 - shimmer_device - ERROR - Error extracting sample: INTERNAL_ADC_A1
2025-11-13 13:15:47,210 - shimmer_device - ERROR - Error extracting sample: INTERNAL_ADC_A1
2025-11-13 13:15:47,226 - shimmer_device - ERROR - Error extracting sample: INTERNAL_ADC_A1
2025-11-13 13:15:47,227 - shimmer_device - ERROR - Error extracting sample: INTERNAL_ADC_A1
2025-11-13 13:15:47,250 - shimmer_device - ERROR - Error extracting sample: INTERNAL_ADC_A1
2025-11-13 13:15:47,251 - shimmer_device - ERROR - Error extracting sample: INTERNAL_ADC_A1
2025-11-13 13:15:47,252 - shimmer_device - ERROR - Error extracting sample: INTERNAL_ADC_A1
2025-11-13 13:15:47,264 - shimmer_device - ERROR - Error extracting sample: INTERNAL_ADC_A1
2025-11-13 13:15:47,265 - shimmer_device - ERROR - Error extracting sample: INTERNAL_ADC_A1
2025-11-13 13:15:47,280 - shimmer_device - ERROR - Error extracting sample: INTERNAL_ADC_A1
2025-11-13 13:15:47,281 - shimmer_device - ERROR - Error extracting sample: INTERNAL_ADC_A1
2025-11-13 13:15:47,305 - shimmer_device - ERROR - Error extracting sample: INTERNAL_ADC_A1
2025-11-13 13:15:47,307 - shimmer_device - ERROR - Error extracting sample: INTERNAL_ADC_A1
2025-11-13 13:15:47,309 - shimmer_device - ERROR - Error extracting sample: INTERNAL_ADC_A1
2025-11-13 13:15:47,324 - shimmer_device - ERROR - Error extracting sample: INTERNAL_ADC_A1
2025-11-13 13:15:47,325 - shimmer_device - ERROR - Error extracting sample: INTERNAL_ADC_A1
2025-11-13 13:15:47,334 - shimmer_device - ERROR - Error extracting sample: INTERNAL_ADC_A1
2025-11-13 13:15:47,335 - shimmer_device - ERROR - Error extracting sample: INTERNAL_ADC_A1
2025-11-13 13:15:47,348 - shimmer_device - ERROR - Error extracting sample: INTERNAL_ADC_A1
2025-11-13 13:15:47,349 - shimmer_device - ERROR - Error extracting sample: INTERNAL_ADC_A1
2025-11-13 13:15:47,358 - shimmer_device - ERROR - Error extracting sample: INTERNAL_ADC_A1
2025-11-13 13:15:47,375 - shimmer_device - ERROR - Error extracting sample: INTERNAL_ADC_A1
2025-11-13 13:15:47,376 - shimmer_device - ERROR - Error extracting sample: INTERNAL_ADC_A1
2025-11-13 13:15:47,389 - shimmer_device - ERROR - Error extracting sample: INTERNAL_ADC_A1
2025-11-13 13:15:47,390 - shimmer_device - ERROR - Error extracting sample: INTERNAL_ADC_A1
2025-11-13 13:15:47,405 - shimmer_device - ERROR - Error extracting sample: INTERNAL_ADC_A1
2025-11-13 13:15:47,406 - shimmer_device - ERROR - Error extracting sample: INTERNAL_ADC_A1
2025-11-13 13:15:47,433 - shimmer_device - ERROR - Error extracting sample: INTERNAL_ADC_A1
2025-11-13 13:15:47,434 - shimmer_device - ERROR - Error extracting sample: INTERNAL_ADC_A1
2025-11-13 13:15:47,443 - shimmer_device - ERROR - Error extracting sample: INTERNAL_ADC_A1
2025-11-13 13:15:47,444 - shimmer_device - ERROR - Error extracting sample: INTERNAL_ADC_A1
2025-11-13 13:15:47,445 - shimmer_device - ERROR - Error extracting sample: INTERNAL_ADC_A1
2025-11-13 13:15:47,458 - shimmer_device - ERROR - Error extracting sample: INTERNAL_ADC_A1
2025-11-13 13:15:47,459 - shimmer_device - ERROR - Error extracting sample: INTERNAL_ADC_A1
2025-11-13 13:15:47,473 - shimmer_device - ERROR - Error extracting sample: INTERNAL_ADC_A1
2025-11-13 13:15:47,475 - shimmer_device - ERROR - Error extracting sample: INTERNAL_ADC_A1
2025-11-13 13:15:47,483 - shimmer_device - ERROR - Error extracting sample: INTERNAL_ADC_A1
2025-11-13 13:15:47,499 - shimmer_device - ERROR - Error extracting sample: INTERNAL_ADC_A1
2025-11-13 13:15:47,501 - shimmer_device - ERROR - Error extracting sample: INTERNAL_ADC_A1
2025-11-13 13:15:47,514 - shimmer_device - ERROR - Error extracting sample: INTERNAL_ADC_A1
2025-11-13 13:15:47,515 - shimmer_device - ERROR - Error extracting sample: INTERNAL_ADC_A1
2025-11-13 13:15:47,539 - shimmer_device - ERROR - Error extracting sample: INTERNAL_ADC_A1
2025-11-13 13:15:47,540 - shimmer_device - ERROR - Error extracting sample: INTERNAL_ADC_A1
2025-11-13 13:15:47,598 - shimmer_device - ERROR - Error extracting sample: INTERNAL_ADC_A1
2025-11-13 13:15:47,600 - shimmer_device - ERROR - Error extracting sample: INTERNAL_ADC_A1
2025-11-13 13:15:47,601 - shimmer_device - ERROR - Error extracting sample: INTERNAL_ADC_A1
2025-11-13 13:15:47,603 - shimmer_device - ERROR - Error extracting sample: INTERNAL_ADC_A1
2025-11-13 13:15:47,604 - shimmer_device - ERROR - Error extracting sample: INTERNAL_ADC_A1
2025-11-13 13:15:47,605 - shimmer_device - ERROR - Error extracting sample: INTERNAL_ADC_A1
2025-11-13 13:15:47,606 - shimmer_device - ERROR - Error extracting sample: INTERNAL_ADC_A1
2025-11-13 13:15:47,611 - shimmer_device - ERROR - Error extracting sample: INTERNAL_ADC_A1
2025-11-13 13:15:47,612 - shimmer_device - ERROR - Error extracting sample: INTERNAL_ADC_A1
2025-11-13 13:15:47,614 - shimmer_device - ERROR - Error extracting sample: INTERNAL_ADC_A1
2025-11-13 13:15:47,628 - shimmer_device - ERROR - Error extracting sample: INTERNAL_ADC_A1
2025-11-13 13:15:47,638 - shimmer_device - ERROR - Error extracting sample: INTERNAL_ADC_A1
2025-11-13 13:15:47,641 - shimmer_device - ERROR - Error extracting sample: INTERNAL_ADC_A1
2025-11-13 13:15:47,642 - shimmer_device - ERROR - Error extracting sample: INTERNAL_ADC_A1
2025-11-13 13:15:47,652 - shimmer_device - ERROR - Error extracting sample: INTERNAL_ADC_A1
2025-11-13 13:15:47,653 - shimmer_device - ERROR - Error extracting sample: INTERNAL_ADC_A1
2025-11-13 13:15:47,679 - shimmer_device - ERROR - Error extracting sample: INTERNAL_ADC_A1
2025-11-13 13:15:47,680 - shimmer_device - ERROR - Error extracting sample: INTERNAL_ADC_A1
2025-11-13 13:15:47,681 - shimmer_device - ERROR - Error extracting sample: INTERNAL_ADC_A1
2025-11-13 13:15:47,694 - shimmer_device - ERROR - Error extracting sample: INTERNAL_ADC_A1
2025-11-13 13:15:47,695 - shimmer_device - ERROR - Error extracting sample: INTERNAL_ADC_A1
2025-11-13 13:15:47,709 - shimmer_device - ERROR - Error extracting sample: INTERNAL_ADC_A1
2025-11-13 13:15:47,710 - shimmer_device - ERROR - Error extracting sample: INTERNAL_ADC_A1
2025-11-13 13:15:47,713 - __main__ - INFO - 
============================================================
2025-11-13 13:15:47,713 - __main__ - INFO - Total samples: 0
2025-11-13 13:15:47,713 - __main__ - INFO - LSL pushed: 0
2025-11-13 13:15:47,713 - __main__ - INFO - LSL rate: 0.00 Hz (0.0% of nominal)
2025-11-13 13:15:47,713 - __main__ - INFO - Saved: 0
2025-11-13 13:15:47,713 - __main__ - INFO - Buffer: 0
2025-11-13 13:15:47,713 - __main__ - INFO - ============================================================
2025-11-13 13:15:47,724 - shimmer_device - ERROR - Error extracting sample: INTERNAL_ADC_A1
2025-11-13 13:15:47,726 - shimmer_device - ERROR - Error extracting sample: INTERNAL_ADC_A1
2025-11-13 13:15:47,732 - shimmer_device - ERROR - Error extracting sample: INTERNAL_ADC_A1
2025-11-13 13:15:47,751 - shimmer_device - ERROR - Error extracting sample: INTERNAL_ADC_A1
2025-11-13 13:15:47,752 - shimmer_device - ERROR - Error extracting sample: INTERNAL_ADC_A1
2025-11-13 13:15:47,765 - shimmer_device - ERROR - Error extracting sample: INTERNAL_ADC_A1
2025-11-13 13:15:47,766 - shimmer_device - ERROR - Error extracting sample: INTERNAL_ADC_A1
2025-11-13 13:15:47,780 - shimmer_device - ERROR - Error extracting sample: INTERNAL_ADC_A1
2025-11-13 13:15:47,782 - shimmer_device - ERROR - Error extracting sample: INTERNAL_ADC_A1
2025-11-13 13:15:47,807 - shimmer_device - ERROR - Error extracting sample: INTERNAL_ADC_A1
2025-11-13 13:15:47,808 - shimmer_device - ERROR - Error extracting sample: INTERNAL_ADC_A1
2025-11-13 13:15:47,809 - shimmer_device - ERROR - Error extracting sample: INTERNAL_ADC_A1
2025-11-13 13:15:47,823 - shimmer_device - ERROR - Error extracting sample: INTERNAL_ADC_A1
2025-11-13 13:15:47,836 - shimmer_device - ERROR - Error extracting sample: INTERNAL_ADC_A1
2025-11-13 13:15:47,838 - shimmer_device - ERROR - Error extracting sample: INTERNAL_ADC_A1
2025-11-13 13:15:47,839 - shimmer_device - ERROR - Error extracting sample: INTERNAL_ADC_A1
2025-11-13 13:15:47,848 - shimmer_device - ERROR - Error extracting sample: INTERNAL_ADC_A1
2025-11-13 13:15:47,849 - shimmer_device - ERROR - Error extracting sample: INTERNAL_ADC_A1
2025-11-13 13:15:47,859 - shimmer_device - ERROR - Error extracting sample: INTERNAL_ADC_A1
2025-11-13 13:15:47,875 - shimmer_device - ERROR - Error extracting sample: INTERNAL_ADC_A1
2025-11-13 13:15:47,877 - shimmer_device - ERROR - Error extracting sample: INTERNAL_ADC_A1
2025-11-13 13:15:47,890 - shimmer_device - ERROR - Error extracting sample: INTERNAL_ADC_A1
2025-11-13 13:15:47,892 - shimmer_device - ERROR - Error extracting sample: INTERNAL_ADC_A1
2025-11-13 13:15:47,905 - shimmer_device - ERROR - Error extracting sample: INTERNAL_ADC_A1
2025-11-13 13:15:47,907 - shimmer_device - ERROR - Error extracting sample: INTERNAL_ADC_A1
2025-11-13 13:15:47,932 - shimmer_device - ERROR - Error extracting sample: INTERNAL_ADC_A1
2025-11-13 13:15:47,933 - shimmer_device - ERROR - Error extracting sample: INTERNAL_ADC_A1
2025-11-13 13:15:47,935 - shimmer_device - ERROR - Error extracting sample: INTERNAL_ADC_A1
2025-11-13 13:15:47,947 - shimmer_device - ERROR - Error extracting sample: INTERNAL_ADC_A1
2025-11-13 13:15:47,948 - shimmer_device - ERROR - Error extracting sample: INTERNAL_ADC_A1
2025-11-13 13:15:47,960 - shimmer_device - ERROR - Error extracting sample: INTERNAL_ADC_A1
2025-11-13 13:15:47,962 - shimmer_device - ERROR - Error extracting sample: INTERNAL_ADC_A1
2025-11-13 13:15:47,975 - shimmer_device - ERROR - Error extracting sample: INTERNAL_ADC_A1
2025-11-13 13:15:47,977 - shimmer_device - ERROR - Error extracting sample: INTERNAL_ADC_A1
2025-11-13 13:15:47,983 - shimmer_device - ERROR - Error extracting sample: INTERNAL_ADC_A1
2025-11-13 13:15:48,008 - shimmer_device - ERROR - Error extracting sample: INTERNAL_ADC_A1
2025-11-13 13:15:48,009 - shimmer_device - ERROR - Error extracting sample: INTERNAL_ADC_A1
2025-11-13 13:15:48,015 - shimmer_device - ERROR - Error extracting sample: INTERNAL_ADC_A1
2025-11-13 13:15:48,030 - shimmer_device - ERROR - Error extracting sample: INTERNAL_ADC_A1
2025-11-13 13:15:48,032 - shimmer_device - ERROR - Error extracting sample: INTERNAL_ADC_A1
2025-11-13 13:15:48,033 - shimmer_device - ERROR - Error extracting sample: INTERNAL_ADC_A1
2025-11-13 13:15:48,058 - shimmer_device - ERROR - Error extracting sample: INTERNAL_ADC_A1
2025-11-13 13:15:48,059 - shimmer_device - ERROR - Error extracting sample: INTERNAL_ADC_A1
2025-11-13 13:15:48,061 - shimmer_device - ERROR - Error extracting sample: INTERNAL_ADC_A1
2025-11-13 13:15:48,072 - shimmer_device - ERROR - Error extracting sample: INTERNAL_ADC_A1
2025-11-13 13:15:48,073 - shimmer_device - ERROR - Error extracting sample: INTERNAL_ADC_A1
2025-11-13 13:15:48,087 - shimmer_device - ERROR - Error extracting sample: INTERNAL_ADC_A1
2025-11-13 13:15:48,088 - shimmer_device - ERROR - Error extracting sample: INTERNAL_ADC_A1
2025-11-13 13:15:48,103 - shimmer_device - ERROR - Error extracting sample: INTERNAL_ADC_A1
2025-11-13 13:15:48,104 - shimmer_device - ERROR - Error extracting sample: INTERNAL_ADC_A1
2025-11-13 13:15:48,109 - shimmer_device - ERROR - Error extracting sample: INTERNAL_ADC_A1
2025-11-13 13:15:48,123 - shimmer_device - ERROR - Error extracting sample: INTERNAL_ADC_A1
2025-11-13 13:15:48,124 - shimmer_device - ERROR - Error extracting sample: INTERNAL_ADC_A1
2025-11-13 13:15:48,140 - shimmer_device - ERROR - Error extracting sample: INTERNAL_ADC_A1
2025-11-13 13:15:48,142 - shimmer_device - ERROR - Error extracting sample: INTERNAL_ADC_A1
2025-11-13 13:15:48,154 - shimmer_device - ERROR - Error extracting sample: INTERNAL_ADC_A1
2025-11-13 13:15:48,155 - shimmer_device - ERROR - Error extracting sample: INTERNAL_ADC_A1
2025-11-13 13:15:48,186 - shimmer_device - ERROR - Error extracting sample: INTERNAL_ADC_A1
2025-11-13 13:15:48,187 - shimmer_device - ERROR - Error extracting sample: INTERNAL_ADC_A1
2025-11-13 13:15:48,189 - shimmer_device - ERROR - Error extracting sample: INTERNAL_ADC_A1
2025-11-13 13:15:48,193 - shimmer_device - ERROR - Error extracting sample: INTERNAL_ADC_A1
2025-11-13 13:15:48,194 - shimmer_device - ERROR - Error extracting sample: INTERNAL_ADC_A1
2025-11-13 13:15:48,208 - shimmer_device - ERROR - Error extracting sample: INTERNAL_ADC_A1
2025-11-13 13:15:48,224 - shimmer_device - ERROR - Error extracting sample: INTERNAL_ADC_A1
2025-11-13 13:15:48,226 - shimmer_device - ERROR - Error extracting sample: INTERNAL_ADC_A1
2025-11-13 13:15:48,227 - shimmer_device - ERROR - Error extracting sample: INTERNAL_ADC_A1
2025-11-13 13:15:48,250 - shimmer_device - ERROR - Error extracting sample: INTERNAL_ADC_A1
2025-11-13 13:15:48,251 - shimmer_device - ERROR - Error extracting sample: INTERNAL_ADC_A1
2025-11-13 13:15:48,252 - shimmer_device - ERROR - Error extracting sample: INTERNAL_ADC_A1
2025-11-13 13:15:48,263 - shimmer_device - ERROR - Error extracting sample: INTERNAL_ADC_A1
2025-11-13 13:15:48,264 - shimmer_device - ERROR - Error extracting sample: INTERNAL_ADC_A1
2025-11-13 13:15:48,277 - shimmer_device - ERROR - Error extracting sample: INTERNAL_ADC_A1
2025-11-13 13:15:48,279 - shimmer_device - ERROR - Error extracting sample: INTERNAL_ADC_A1
2025-11-13 13:15:48,305 - shimmer_device - ERROR - Error extracting sample: INTERNAL_ADC_A1
2025-11-13 13:15:48,306 - shimmer_device - ERROR - Error extracting sample: INTERNAL_ADC_A1
2025-11-13 13:15:48,308 - shimmer_device - ERROR - Error extracting sample: INTERNAL_ADC_A1
2025-11-13 13:15:48,319 - shimmer_device - ERROR - Error extracting sample: INTERNAL_ADC_A1
2025-11-13 13:15:48,320 - shimmer_device - ERROR - Error extracting sample: INTERNAL_ADC_A1
2025-11-13 13:15:48,334 - shimmer_device - ERROR - Error extracting sample: INTERNAL_ADC_A1
2025-11-13 13:15:48,335 - shimmer_device - ERROR - Error extracting sample: INTERNAL_ADC_A1
2025-11-13 13:15:48,349 - shimmer_device - ERROR - Error extracting sample: INTERNAL_ADC_A1
2025-11-13 13:15:48,350 - shimmer_device - ERROR - Error extracting sample: INTERNAL_ADC_A1
2025-11-13 13:15:48,362 - shimmer_device - ERROR - Error extracting sample: INTERNAL_ADC_A1
2025-11-13 13:15:48,373 - shimmer_device - ERROR - Error extracting sample: INTERNAL_ADC_A1
2025-11-13 13:15:48,374 - shimmer_device - ERROR - Error extracting sample: INTERNAL_ADC_A1
2025-11-13 13:15:48,388 - shimmer_device - ERROR - Error extracting sample: INTERNAL_ADC_A1
2025-11-13 13:15:48,389 - shimmer_device - ERROR - Error extracting sample: INTERNAL_ADC_A1
2025-11-13 13:15:48,403 - shimmer_device - ERROR - Error extracting sample: INTERNAL_ADC_A1
2025-11-13 13:15:48,430 - shimmer_device - ERROR - Error extracting sample: INTERNAL_ADC_A1
2025-11-13 13:15:48,431 - shimmer_device - ERROR - Error extracting sample: INTERNAL_ADC_A1
2025-11-13 13:15:48,433 - shimmer_device - ERROR - Error extracting sample: INTERNAL_ADC_A1
2025-11-13 13:15:48,434 - shimmer_device - ERROR - Error extracting sample: INTERNAL_ADC_A1
2025-11-13 13:15:48,444 - shimmer_device - ERROR - Error extracting sample: INTERNAL_ADC_A1
2025-11-13 13:15:48,447 - shimmer_device - ERROR - Error extracting sample: INTERNAL_ADC_A1
2025-11-13 13:15:48,459 - shimmer_device - ERROR - Error extracting sample: INTERNAL_ADC_A1
2025-11-13 13:15:48,460 - shimmer_device - ERROR - Error extracting sample: INTERNAL_ADC_A1
2025-11-13 13:15:48,473 - shimmer_device - ERROR - Error extracting sample: INTERNAL_ADC_A1
2025-11-13 13:15:48,475 - shimmer_device - ERROR - Error extracting sample: INTERNAL_ADC_A1
2025-11-13 13:15:48,485 - shimmer_device - ERROR - Error extracting sample: INTERNAL_ADC_A1
2025-11-13 13:15:48,498 - shimmer_device - ERROR - Error extracting sample: INTERNAL_ADC_A1
2025-11-13 13:15:48,500 - shimmer_device - ERROR - Error extracting sample: INTERNAL_ADC_A1
2025-11-13 13:15:48,514 - shimmer_device - ERROR - Error extracting sample: INTERNAL_ADC_A1
2025-11-13 13:15:48,515 - shimmer_device - ERROR - Error extracting sample: INTERNAL_ADC_A1
2025-11-13 13:15:48,528 - shimmer_device - ERROR - Error extracting sample: INTERNAL_ADC_A1
2025-11-13 13:15:48,529 - shimmer_device - ERROR - Error extracting sample: INTERNAL_ADC_A1
2025-11-13 13:15:48,555 - shimmer_device - ERROR - Error extracting sample: INTERNAL_ADC_A1
2025-11-13 13:15:48,556 - shimmer_device - ERROR - Error extracting sample: INTERNAL_ADC_A1
2025-11-13 13:15:48,557 - shimmer_device - ERROR - Error extracting sample: INTERNAL_ADC_A1
2025-11-13 13:15:48,570 - shimmer_device - ERROR - Error extracting sample: INTERNAL_ADC_A1
2025-11-13 13:15:48,571 - shimmer_device - ERROR - Error extracting sample: INTERNAL_ADC_A1
2025-11-13 13:15:48,584 - shimmer_device - ERROR - Error extracting sample: INTERNAL_ADC_A1
2025-11-13 13:15:48,585 - shimmer_device - ERROR - Error extracting sample: INTERNAL_ADC_A1
2025-11-13 13:15:48,600 - shimmer_device - ERROR - Error extracting sample: INTERNAL_ADC_A1
2025-11-13 13:15:48,608 - shimmer_device - ERROR - Error extracting sample: INTERNAL_ADC_A1
2025-11-13 13:15:48,609 - shimmer_device - ERROR - Error extracting sample: INTERNAL_ADC_A1
2025-11-13 13:15:48,623 - shimmer_device - ERROR - Error extracting sample: INTERNAL_ADC_A1
2025-11-13 13:15:48,624 - shimmer_device - ERROR - Error extracting sample: INTERNAL_ADC_A1
2025-11-13 13:15:48,638 - shimmer_device - ERROR - Error extracting sample: INTERNAL_ADC_A1
2025-11-13 13:15:48,639 - shimmer_device - ERROR - Error extracting sample: INTERNAL_ADC_A1
2025-11-13 13:15:48,653 - shimmer_device - ERROR - Error extracting sample: INTERNAL_ADC_A1
2025-11-13 13:15:48,655 - shimmer_device - ERROR - Error extracting sample: INTERNAL_ADC_A1
2025-11-13 13:15:48,705 - shimmer_device - ERROR - Error extracting sample: INTERNAL_ADC_A1
2025-11-13 13:15:48,707 - shimmer_device - ERROR - Error extracting sample: INTERNAL_ADC_A1
2025-11-13 13:15:48,708 - shimmer_device - ERROR - Error extracting sample: INTERNAL_ADC_A1
2025-11-13 13:15:48,709 - shimmer_device - ERROR - Error extracting sample: INTERNAL_ADC_A1
2025-11-13 13:15:48,710 - shimmer_device - ERROR - Error extracting sample: INTERNAL_ADC_A1
2025-11-13 13:15:48,712 - shimmer_device - ERROR - Error extracting sample: INTERNAL_ADC_A1
2025-11-13 13:15:48,713 - shimmer_device - ERROR - Error extracting sample: INTERNAL_ADC_A1
2025-11-13 13:15:48,713 - __main__ - INFO - 
============================================================
2025-11-13 13:15:48,713 - __main__ - INFO - Total samples: 0
2025-11-13 13:15:48,713 - __main__ - INFO - LSL pushed: 0
2025-11-13 13:15:48,713 - __main__ - INFO - LSL rate: 0.00 Hz (0.0% of nominal)
2025-11-13 13:15:48,713 - __main__ - INFO - Saved: 0
2025-11-13 13:15:48,713 - __main__ - INFO - Buffer: 0
2025-11-13 13:15:48,713 - __main__ - INFO - ============================================================
2025-11-13 13:15:48,747 - shimmer_device - ERROR - Error extracting sample: INTERNAL_ADC_A1
2025-11-13 13:15:48,748 - shimmer_device - ERROR - Error extracting sample: INTERNAL_ADC_A1
2025-11-13 13:15:48,749 - shimmer_device - ERROR - Error extracting sample: INTERNAL_ADC_A1
2025-11-13 13:15:48,756 - shimmer_device - ERROR - Error extracting sample: INTERNAL_ADC_A1
2025-11-13 13:15:48,757 - shimmer_device - ERROR - Error extracting sample: INTERNAL_ADC_A1
2025-11-13 13:15:48,767 - shimmer_device - ERROR - Error extracting sample: INTERNAL_ADC_A1
2025-11-13 13:15:48,769 - shimmer_device - ERROR - Error extracting sample: INTERNAL_ADC_A1
2025-11-13 13:15:48,780 - shimmer_device - ERROR - Error extracting sample: INTERNAL_ADC_A1
2025-11-13 13:15:48,781 - shimmer_device - ERROR - Error extracting sample: INTERNAL_ADC_A1
2025-11-13 13:15:48,797 - shimmer_device - ERROR - Error extracting sample: INTERNAL_ADC_A1
2025-11-13 13:15:48,823 - shimmer_device - ERROR - Error extracting sample: INTERNAL_ADC_A1
2025-11-13 13:15:48,824 - shimmer_device - ERROR - Error extracting sample: INTERNAL_ADC_A1
2025-11-13 13:15:48,827 - shimmer_device - ERROR - Error extracting sample: INTERNAL_ADC_A1
2025-11-13 13:15:48,829 - shimmer_device - ERROR - Error extracting sample: INTERNAL_ADC_A1
2025-11-13 13:15:48,834 - shimmer_device - ERROR - Error extracting sample: INTERNAL_ADC_A1
2025-11-13 13:15:48,835 - shimmer_device - ERROR - Error extracting sample: INTERNAL_ADC_A1
2025-11-13 13:15:48,849 - shimmer_device - ERROR - Error extracting sample: INTERNAL_ADC_A1
2025-11-13 13:15:48,850 - shimmer_device - ERROR - Error extracting sample: INTERNAL_ADC_A1
2025-11-13 13:15:48,874 - shimmer_device - ERROR - Error extracting sample: INTERNAL_ADC_A1
2025-11-13 13:15:48,875 - shimmer_device - ERROR - Error extracting sample: INTERNAL_ADC_A1
2025-11-13 13:15:48,876 - shimmer_device - ERROR - Error extracting sample: INTERNAL_ADC_A1
2025-11-13 13:15:48,897 - shimmer_device - ERROR - Error extracting sample: INTERNAL_ADC_A1
2025-11-13 13:15:48,898 - shimmer_device - ERROR - Error extracting sample: INTERNAL_ADC_A1
2025-11-13 13:15:48,904 - shimmer_device - ERROR - Error extracting sample: INTERNAL_ADC_A1
2025-11-13 13:15:48,905 - shimmer_device - ERROR - Error extracting sample: INTERNAL_ADC_A1
2025-11-13 13:15:48,929 - shimmer_device - ERROR - Error extracting sample: INTERNAL_ADC_A1
2025-11-13 13:15:48,931 - shimmer_device - ERROR - Error extracting sample: INTERNAL_ADC_A1
2025-11-13 13:15:48,932 - shimmer_device - ERROR - Error extracting sample: INTERNAL_ADC_A1
2025-11-13 13:15:48,945 - shimmer_device - ERROR - Error extracting sample: INTERNAL_ADC_A1
2025-11-13 13:15:48,946 - shimmer_device - ERROR - Error extracting sample: INTERNAL_ADC_A1
2025-11-13 13:15:48,959 - shimmer_device - ERROR - Error extracting sample: INTERNAL_ADC_A1
2025-11-13 13:15:48,960 - shimmer_device - ERROR - Error extracting sample: INTERNAL_ADC_A1
2025-11-13 13:15:48,974 - shimmer_device - ERROR - Error extracting sample: INTERNAL_ADC_A1
2025-11-13 13:15:48,976 - shimmer_device - ERROR - Error extracting sample: INTERNAL_ADC_A1
2025-11-13 13:15:48,986 - shimmer_device - ERROR - Error extracting sample: INTERNAL_ADC_A1
2025-11-13 13:15:49,012 - shimmer_device - ERROR - Error extracting sample: INTERNAL_ADC_A1
2025-11-13 13:15:49,014 - shimmer_device - ERROR - Error extracting sample: INTERNAL_ADC_A1
2025-11-13 13:15:49,015 - shimmer_device - ERROR - Error extracting sample: INTERNAL_ADC_A1
2025-11-13 13:15:49,016 - shimmer_device - ERROR - Error extracting sample: INTERNAL_ADC_A1
2025-11-13 13:15:49,029 - shimmer_device - ERROR - Error extracting sample: INTERNAL_ADC_A1
2025-11-13 13:15:49,031 - shimmer_device - ERROR - Error extracting sample: INTERNAL_ADC_A1
2025-11-13 13:15:49,056 - shimmer_device - ERROR - Error extracting sample: INTERNAL_ADC_A1
2025-11-13 13:15:49,057 - shimmer_device - ERROR - Error extracting sample: INTERNAL_ADC_A1
2025-11-13 13:15:49,058 - shimmer_device - ERROR - Error extracting sample: INTERNAL_ADC_A1
2025-11-13 13:15:49,071 - shimmer_device - ERROR - Error extracting sample: INTERNAL_ADC_A1
2025-11-13 13:15:49,073 - shimmer_device - ERROR - Error extracting sample: INTERNAL_ADC_A1
2025-11-13 13:15:49,085 - shimmer_device - ERROR - Error extracting sample: INTERNAL_ADC_A1
2025-11-13 13:15:49,087 - shimmer_device - ERROR - Error extracting sample: INTERNAL_ADC_A1
2025-11-13 13:15:49,099 - shimmer_device - ERROR - Error extracting sample: INTERNAL_ADC_A1
2025-11-13 13:15:49,100 - shimmer_device - ERROR - Error extracting sample: INTERNAL_ADC_A1
2025-11-13 13:15:49,109 - shimmer_device - ERROR - Error extracting sample: INTERNAL_ADC_A1
2025-11-13 13:15:49,123 - shimmer_device - ERROR - Error extracting sample: INTERNAL_ADC_A1
2025-11-13 13:15:49,124 - shimmer_device - ERROR - Error extracting sample: INTERNAL_ADC_A1
2025-11-13 13:15:49,138 - shimmer_device - ERROR - Error extracting sample: INTERNAL_ADC_A1
2025-11-13 13:15:49,140 - shimmer_device - ERROR - Error extracting sample: INTERNAL_ADC_A1
2025-11-13 13:15:49,153 - shimmer_device - ERROR - Error extracting sample: INTERNAL_ADC_A1
2025-11-13 13:15:49,155 - shimmer_device - ERROR - Error extracting sample: INTERNAL_ADC_A1
2025-11-13 13:15:49,180 - shimmer_device - ERROR - Error extracting sample: INTERNAL_ADC_A1
2025-11-13 13:15:49,182 - shimmer_device - ERROR - Error extracting sample: INTERNAL_ADC_A1
2025-11-13 13:15:49,183 - shimmer_device - ERROR - Error extracting sample: INTERNAL_ADC_A1
2025-11-13 13:15:49,209 - shimmer_device - ERROR - Error extracting sample: INTERNAL_ADC_A1
2025-11-13 13:15:49,211 - shimmer_device - ERROR - Error extracting sample: INTERNAL_ADC_A1
2025-11-13 13:15:49,212 - shimmer_device - ERROR - Error extracting sample: INTERNAL_ADC_A1
2025-11-13 13:15:49,214 - shimmer_device - ERROR - Error extracting sample: INTERNAL_ADC_A1
2025-11-13 13:15:49,224 - shimmer_device - ERROR - Error extracting sample: INTERNAL_ADC_A1
2025-11-13 13:15:49,226 - shimmer_device - ERROR - Error extracting sample: INTERNAL_ADC_A1
2025-11-13 13:15:49,235 - shimmer_device - ERROR - Error extracting sample: INTERNAL_ADC_A1
2025-11-13 13:15:49,249 - shimmer_device - ERROR - Error extracting sample: INTERNAL_ADC_A1
2025-11-13 13:15:49,250 - shimmer_device - ERROR - Error extracting sample: INTERNAL_ADC_A1
2025-11-13 13:15:49,265 - shimmer_device - ERROR - Error extracting sample: INTERNAL_ADC_A1
2025-11-13 13:15:49,266 - shimmer_device - ERROR - Error extracting sample: INTERNAL_ADC_A1
2025-11-13 13:15:49,281 - shimmer_device - ERROR - Error extracting sample: INTERNAL_ADC_A1
2025-11-13 13:15:49,282 - shimmer_device - ERROR - Error extracting sample: INTERNAL_ADC_A1
2025-11-13 13:15:49,305 - shimmer_device - ERROR - Error extracting sample: INTERNAL_ADC_A1
2025-11-13 13:15:49,306 - shimmer_device - ERROR - Error extracting sample: INTERNAL_ADC_A1
2025-11-13 13:15:49,307 - shimmer_device - ERROR - Error extracting sample: INTERNAL_ADC_A1
2025-11-13 13:15:49,321 - shimmer_device - ERROR - Error extracting sample: INTERNAL_ADC_A1
2025-11-13 13:15:49,322 - shimmer_device - ERROR - Error extracting sample: INTERNAL_ADC_A1
2025-11-13 13:15:49,335 - shimmer_device - ERROR - Error extracting sample: INTERNAL_ADC_A1
2025-11-13 13:15:49,336 - shimmer_device - ERROR - Error extracting sample: INTERNAL_ADC_A1
2025-11-13 13:15:49,350 - shimmer_device - ERROR - Error extracting sample: INTERNAL_ADC_A1
2025-11-13 13:15:49,351 - shimmer_device - ERROR - Error extracting sample: INTERNAL_ADC_A1
2025-11-13 13:15:49,357 - shimmer_device - ERROR - Error extracting sample: INTERNAL_ADC_A1
2025-11-13 13:15:49,381 - shimmer_device - ERROR - Error extracting sample: INTERNAL_ADC_A1
2025-11-13 13:15:49,383 - shimmer_device - ERROR - Error extracting sample: INTERNAL_ADC_A1
2025-11-13 13:15:49,406 - shimmer_device - ERROR - Error extracting sample: INTERNAL_ADC_A1
2025-11-13 13:15:49,408 - shimmer_device - ERROR - Error extracting sample: INTERNAL_ADC_A1
2025-11-13 13:15:49,409 - shimmer_device - ERROR - Error extracting sample: INTERNAL_ADC_A1
2025-11-13 13:15:49,410 - shimmer_device - ERROR - Error extracting sample: INTERNAL_ADC_A1
2025-11-13 13:15:49,419 - shimmer_device - ERROR - Error extracting sample: INTERNAL_ADC_A1
2025-11-13 13:15:49,420 - shimmer_device - ERROR - Error extracting sample: INTERNAL_ADC_A1
2025-11-13 13:15:49,428 - shimmer_device - ERROR - Error extracting sample: INTERNAL_ADC_A1
2025-11-13 13:15:49,462 - shimmer_device - ERROR - Error extracting sample: INTERNAL_ADC_A1
2025-11-13 13:15:49,464 - shimmer_device - ERROR - Error extracting sample: INTERNAL_ADC_A1
2025-11-13 13:15:49,466 - shimmer_device - ERROR - Error extracting sample: INTERNAL_ADC_A1
2025-11-13 13:15:49,467 - shimmer_device - ERROR - Error extracting sample: INTERNAL_ADC_A1
2025-11-13 13:15:49,511 - shimmer_device - ERROR - Error extracting sample: INTERNAL_ADC_A1
2025-11-13 13:15:49,513 - shimmer_device - ERROR - Error extracting sample: INTERNAL_ADC_A1
2025-11-13 13:15:49,514 - shimmer_device - ERROR - Error extracting sample: INTERNAL_ADC_A1
2025-11-13 13:15:49,515 - shimmer_device - ERROR - Error extracting sample: INTERNAL_ADC_A1
2025-11-13 13:15:49,517 - shimmer_device - ERROR - Error extracting sample: INTERNAL_ADC_A1
2025-11-13 13:15:49,533 - shimmer_device - ERROR - Error extracting sample: INTERNAL_ADC_A1
2025-11-13 13:15:49,534 - shimmer_device - ERROR - Error extracting sample: INTERNAL_ADC_A1
2025-11-13 13:15:49,537 - shimmer_device - ERROR - Error extracting sample: INTERNAL_ADC_A1
2025-11-13 13:15:49,539 - shimmer_device - ERROR - Error extracting sample: INTERNAL_ADC_A1
2025-11-13 13:15:49,544 - shimmer_device - ERROR - Error extracting sample: INTERNAL_ADC_A1
2025-11-13 13:15:49,545 - shimmer_device - ERROR - Error extracting sample: INTERNAL_ADC_A1
2025-11-13 13:15:49,555 - shimmer_device - ERROR - Error extracting sample: INTERNAL_ADC_A1
2025-11-13 13:15:49,568 - shimmer_device - ERROR - Error extracting sample: INTERNAL_ADC_A1
2025-11-13 13:15:49,569 - shimmer_device - ERROR - Error extracting sample: INTERNAL_ADC_A1
2025-11-13 13:15:49,609 - shimmer_device - ERROR - Error extracting sample: INTERNAL_ADC_A1
2025-11-13 13:15:49,610 - shimmer_device - ERROR - Error extracting sample: INTERNAL_ADC_A1
2025-11-13 13:15:49,611 - shimmer_device - ERROR - Error extracting sample: INTERNAL_ADC_A1
2025-11-13 13:15:49,613 - shimmer_device - ERROR - Error extracting sample: INTERNAL_ADC_A1
2025-11-13 13:15:49,615 - shimmer_device - ERROR - Error extracting sample: INTERNAL_ADC_A1
2025-11-13 13:15:49,627 - shimmer_device - ERROR - Error extracting sample: INTERNAL_ADC_A1
2025-11-13 13:15:49,628 - shimmer_device - ERROR - Error extracting sample: INTERNAL_ADC_A1
2025-11-13 13:15:49,642 - shimmer_device - ERROR - Error extracting sample: INTERNAL_ADC_A1
2025-11-13 13:15:49,643 - shimmer_device - ERROR - Error extracting sample: INTERNAL_ADC_A1
2025-11-13 13:15:49,657 - shimmer_device - ERROR - Error extracting sample: INTERNAL_ADC_A1
2025-11-13 13:15:49,658 - shimmer_device - ERROR - Error extracting sample: INTERNAL_ADC_A1
2025-11-13 13:15:49,682 - shimmer_device - ERROR - Error extracting sample: INTERNAL_ADC_A1
2025-11-13 13:15:49,683 - shimmer_device - ERROR - Error extracting sample: INTERNAL_ADC_A1
2025-11-13 13:15:49,684 - shimmer_device - ERROR - Error extracting sample: INTERNAL_ADC_A1
2025-11-13 13:15:49,694 - shimmer_device - ERROR - Error extracting sample: INTERNAL_ADC_A1
2025-11-13 13:15:49,696 - shimmer_device - ERROR - Error extracting sample: INTERNAL_ADC_A1
2025-11-13 13:15:49,708 - shimmer_device - ERROR - Error extracting sample: INTERNAL_ADC_A1
2025-11-13 13:15:49,709 - shimmer_device - ERROR - Error extracting sample: INTERNAL_ADC_A1
2025-11-13 13:15:49,714 - __main__ - INFO - 
============================================================
2025-11-13 13:15:49,714 - __main__ - INFO - Total samples: 0
2025-11-13 13:15:49,714 - __main__ - INFO - LSL pushed: 0
2025-11-13 13:15:49,714 - __main__ - INFO - LSL rate: 0.00 Hz (0.0% of nominal)
2025-11-13 13:15:49,714 - __main__ - INFO - Saved: 0
2025-11-13 13:15:49,714 - __main__ - INFO - Buffer: 0
2025-11-13 13:15:49,714 - __main__ - INFO - ============================================================
2025-11-13 13:15:49,733 - shimmer_device - ERROR - Error extracting sample: INTERNAL_ADC_A1
2025-11-13 13:15:49,734 - shimmer_device - ERROR - Error extracting sample: INTERNAL_ADC_A1
2025-11-13 13:15:49,736 - shimmer_device - ERROR - Error extracting sample: INTERNAL_ADC_A1
2025-11-13 13:15:49,748 - shimmer_device - ERROR - Error extracting sample: INTERNAL_ADC_A1
2025-11-13 13:15:49,749 - shimmer_device - ERROR - Error extracting sample: INTERNAL_ADC_A1
2025-11-13 13:15:49,764 - shimmer_device - ERROR - Error extracting sample: INTERNAL_ADC_A1
2025-11-13 13:15:49,765 - shimmer_device - ERROR - Error extracting sample: INTERNAL_ADC_A1
2025-11-13 13:15:49,803 - shimmer_device - ERROR - Error extracting sample: INTERNAL_ADC_A1
2025-11-13 13:15:49,805 - shimmer_device - ERROR - Error extracting sample: INTERNAL_ADC_A1
2025-11-13 13:15:49,806 - shimmer_device - ERROR - Error extracting sample: INTERNAL_ADC_A1
2025-11-13 13:15:49,807 - shimmer_device - ERROR - Error extracting sample: INTERNAL_ADC_A1
2025-11-13 13:15:49,808 - shimmer_device - ERROR - Error extracting sample: INTERNAL_ADC_A1
2025-11-13 13:15:49,821 - shimmer_device - ERROR - Error extracting sample: INTERNAL_ADC_A1
2025-11-13 13:15:49,823 - shimmer_device - ERROR - Error extracting sample: INTERNAL_ADC_A1
2025-11-13 13:15:49,838 - shimmer_device - ERROR - Error extracting sample: INTERNAL_ADC_A1
2025-11-13 13:15:49,839 - shimmer_device - ERROR - Error extracting sample: INTERNAL_ADC_A1
2025-11-13 13:15:49,852 - shimmer_device - ERROR - Error extracting sample: INTERNAL_ADC_A1
2025-11-13 13:15:49,853 - shimmer_device - ERROR - Error extracting sample: INTERNAL_ADC_A1
2025-11-13 13:15:49,881 - shimmer_device - ERROR - Error extracting sample: INTERNAL_ADC_A1
2025-11-13 13:15:49,882 - shimmer_device - ERROR - Error extracting sample: INTERNAL_ADC_A1
2025-11-13 13:15:49,883 - shimmer_device - ERROR - Error extracting sample: INTERNAL_ADC_A1
2025-11-13 13:15:49,889 - shimmer_device - ERROR - Error extracting sample: INTERNAL_ADC_A1
2025-11-13 13:15:49,890 - shimmer_device - ERROR - Error extracting sample: INTERNAL_ADC_A1
2025-11-13 13:15:49,905 - shimmer_device - ERROR - Error extracting sample: INTERNAL_ADC_A1
2025-11-13 13:15:49,906 - shimmer_device - ERROR - Error extracting sample: INTERNAL_ADC_A1
2025-11-13 13:15:49,930 - shimmer_device - ERROR - Error extracting sample: INTERNAL_ADC_A1
2025-11-13 13:15:49,932 - shimmer_device - ERROR - Error extracting sample: INTERNAL_ADC_A1
2025-11-13 13:15:49,933 - shimmer_device - ERROR - Error extracting sample: INTERNAL_ADC_A1
2025-11-13 13:15:49,946 - shimmer_device - ERROR - Error extracting sample: INTERNAL_ADC_A1
2025-11-13 13:15:49,948 - shimmer_device - ERROR - Error extracting sample: INTERNAL_ADC_A1
2025-11-13 13:15:49,961 - shimmer_device - ERROR - Error extracting sample: INTERNAL_ADC_A1
2025-11-13 13:15:49,962 - shimmer_device - ERROR - Error extracting sample: INTERNAL_ADC_A1
2025-11-13 13:15:49,985 - shimmer_device - ERROR - Error extracting sample: INTERNAL_ADC_A1
2025-11-13 13:15:49,986 - shimmer_device - ERROR - Error extracting sample: INTERNAL_ADC_A1
2025-11-13 13:15:49,987 - shimmer_device - ERROR - Error extracting sample: INTERNAL_ADC_A1
2025-11-13 13:15:50,001 - shimmer_device - ERROR - Error extracting sample: INTERNAL_ADC_A1
2025-11-13 13:15:50,002 - shimmer_device - ERROR - Error extracting sample: INTERNAL_ADC_A1
2025-11-13 13:15:50,016 - shimmer_device - ERROR - Error extracting sample: INTERNAL_ADC_A1
2025-11-13 13:15:50,017 - shimmer_device - ERROR - Error extracting sample: INTERNAL_ADC_A1
2025-11-13 13:15:50,033 - shimmer_device - ERROR - Error extracting sample: INTERNAL_ADC_A1
2025-11-13 13:15:50,034 - shimmer_device - ERROR - Error extracting sample: INTERNAL_ADC_A1
2025-11-13 13:15:50,043 - shimmer_device - ERROR - Error extracting sample: INTERNAL_ADC_A1
2025-11-13 13:15:50,044 - shimmer_device - ERROR - Error extracting sample: INTERNAL_ADC_A1
2025-11-13 13:15:50,052 - shimmer_device - ERROR - Error extracting sample: INTERNAL_ADC_A1
2025-11-13 13:15:50,089 - shimmer_device - ERROR - Error extracting sample: INTERNAL_ADC_A1
2025-11-13 13:15:50,090 - shimmer_device - ERROR - Error extracting sample: INTERNAL_ADC_A1
2025-11-13 13:15:50,104 - shimmer_device - ERROR - Error extracting sample: INTERNAL_ADC_A1
2025-11-13 13:15:50,105 - shimmer_device - ERROR - Error extracting sample: INTERNAL_ADC_A1
2025-11-13 13:15:50,110 - shimmer_device - ERROR - Error extracting sample: INTERNAL_ADC_A1
2025-11-13 13:15:50,111 - shimmer_device - ERROR - Error extracting sample: INTERNAL_ADC_A1
2025-11-13 13:15:50,113 - shimmer_device - ERROR - Error extracting sample: INTERNAL_ADC_A1
2025-11-13 13:15:50,125 - shimmer_device - ERROR - Error extracting sample: INTERNAL_ADC_A1
2025-11-13 13:15:50,126 - shimmer_device - ERROR - Error extracting sample: INTERNAL_ADC_A1
2025-11-13 13:15:50,139 - shimmer_device - ERROR - Error extracting sample: INTERNAL_ADC_A1
2025-11-13 13:15:50,141 - shimmer_device - ERROR - Error extracting sample: INTERNAL_ADC_A1
2025-11-13 13:15:50,170 - shimmer_device - ERROR - Error extracting sample: INTERNAL_ADC_A1
2025-11-13 13:15:50,171 - shimmer_device - ERROR - Error extracting sample: INTERNAL_ADC_A1
2025-11-13 13:15:50,193 - shimmer_device - ERROR - Error extracting sample: INTERNAL_ADC_A1
2025-11-13 13:15:50,196 - shimmer_device - ERROR - Error extracting sample: INTERNAL_ADC_A1
2025-11-13 13:15:50,197 - shimmer_device - ERROR - Error extracting sample: INTERNAL_ADC_A1
2025-11-13 13:15:50,198 - shimmer_device - ERROR - Error extracting sample: INTERNAL_ADC_A1
2025-11-13 13:15:50,200 - shimmer_device - ERROR - Error extracting sample: INTERNAL_ADC_A1
2025-11-13 13:15:50,208 - shimmer_device - ERROR - Error extracting sample: INTERNAL_ADC_A1
2025-11-13 13:15:50,210 - shimmer_device - ERROR - Error extracting sample: INTERNAL_ADC_A1
2025-11-13 13:15:50,236 - shimmer_device - ERROR - Error extracting sample: INTERNAL_ADC_A1
2025-11-13 13:15:50,238 - shimmer_device - ERROR - Error extracting sample: INTERNAL_ADC_A1
2025-11-13 13:15:50,239 - shimmer_device - ERROR - Error extracting sample: INTERNAL_ADC_A1
2025-11-13 13:15:50,251 - shimmer_device - ERROR - Error extracting sample: INTERNAL_ADC_A1
2025-11-13 13:15:50,252 - shimmer_device - ERROR - Error extracting sample: INTERNAL_ADC_A1
2025-11-13 13:15:50,267 - shimmer_device - ERROR - Error extracting sample: INTERNAL_ADC_A1
2025-11-13 13:15:50,269 - shimmer_device - ERROR - Error extracting sample: INTERNAL_ADC_A1
2025-11-13 13:15:50,281 - shimmer_device - ERROR - Error extracting sample: INTERNAL_ADC_A1
2025-11-13 13:15:50,282 - shimmer_device - ERROR - Error extracting sample: INTERNAL_ADC_A1
2025-11-13 13:15:50,293 - shimmer_device - ERROR - Error extracting sample: INTERNAL_ADC_A1
2025-11-13 13:15:50,294 - shimmer_device - ERROR - Error extracting sample: INTERNAL_ADC_A1
2025-11-13 13:15:50,302 - shimmer_device - ERROR - Error extracting sample: INTERNAL_ADC_A1
2025-11-13 13:15:50,327 - shimmer_device - ERROR - Error extracting sample: INTERNAL_ADC_A1
2025-11-13 13:15:50,329 - shimmer_device - ERROR - Error extracting sample: INTERNAL_ADC_A1
2025-11-13 13:15:50,332 - shimmer_device - ERROR - Error extracting sample: INTERNAL_ADC_A1
2025-11-13 13:15:50,333 - shimmer_device - ERROR - Error extracting sample: INTERNAL_ADC_A1
2025-11-13 13:15:50,359 - shimmer_device - ERROR - Error extracting sample: INTERNAL_ADC_A1
2025-11-13 13:15:50,360 - shimmer_device - ERROR - Error extracting sample: INTERNAL_ADC_A1
2025-11-13 13:15:50,374 - shimmer_device - ERROR - Error extracting sample: INTERNAL_ADC_A1
2025-11-13 13:15:50,375 - shimmer_device - ERROR - Error extracting sample: INTERNAL_ADC_A1
2025-11-13 13:15:50,377 - shimmer_device - ERROR - Error extracting sample: INTERNAL_ADC_A1
2025-11-13 13:15:50,389 - shimmer_device - ERROR - Error extracting sample: INTERNAL_ADC_A1
2025-11-13 13:15:50,390 - shimmer_device - ERROR - Error extracting sample: INTERNAL_ADC_A1
2025-11-13 13:15:50,404 - shimmer_device - ERROR - Error extracting sample: INTERNAL_ADC_A1
2025-11-13 13:15:50,405 - shimmer_device - ERROR - Error extracting sample: INTERNAL_ADC_A1
2025-11-13 13:15:50,431 - shimmer_device - ERROR - Error extracting sample: INTERNAL_ADC_A1
2025-11-13 13:15:50,432 - shimmer_device - ERROR - Error extracting sample: INTERNAL_ADC_A1
2025-11-13 13:15:50,434 - shimmer_device - ERROR - Error extracting sample: INTERNAL_ADC_A1
2025-11-13 13:15:50,445 - shimmer_device - ERROR - Error extracting sample: INTERNAL_ADC_A1
2025-11-13 13:15:50,447 - shimmer_device - ERROR - Error extracting sample: INTERNAL_ADC_A1
2025-11-13 13:15:50,458 - shimmer_device - ERROR - Error extracting sample: INTERNAL_ADC_A1
2025-11-13 13:15:50,459 - shimmer_device - ERROR - Error extracting sample: INTERNAL_ADC_A1
2025-11-13 13:15:50,483 - shimmer_device - ERROR - Error extracting sample: INTERNAL_ADC_A1
2025-11-13 13:15:50,484 - shimmer_device - ERROR - Error extracting sample: INTERNAL_ADC_A1
2025-11-13 13:15:50,486 - shimmer_device - ERROR - Error extracting sample: INTERNAL_ADC_A1
2025-11-13 13:15:50,499 - shimmer_device - ERROR - Error extracting sample: INTERNAL_ADC_A1
2025-11-13 13:15:50,500 - shimmer_device - ERROR - Error extracting sample: INTERNAL_ADC_A1
2025-11-13 13:15:50,516 - shimmer_device - ERROR - Error extracting sample: INTERNAL_ADC_A1
2025-11-13 13:15:50,517 - shimmer_device - ERROR - Error extracting sample: INTERNAL_ADC_A1
2025-11-13 13:15:50,529 - shimmer_device - ERROR - Error extracting sample: INTERNAL_ADC_A1
2025-11-13 13:15:50,532 - shimmer_device - ERROR - Error extracting sample: INTERNAL_ADC_A1
2025-11-13 13:15:50,556 - shimmer_device - ERROR - Error extracting sample: INTERNAL_ADC_A1
2025-11-13 13:15:50,557 - shimmer_device - ERROR - Error extracting sample: INTERNAL_ADC_A1
2025-11-13 13:15:50,568 - shimmer_device - ERROR - Error extracting sample: INTERNAL_ADC_A1
2025-11-13 13:15:50,569 - shimmer_device - ERROR - Error extracting sample: INTERNAL_ADC_A1
2025-11-13 13:15:50,570 - shimmer_device - ERROR - Error extracting sample: INTERNAL_ADC_A1
2025-11-13 13:15:50,583 - shimmer_device - ERROR - Error extracting sample: INTERNAL_ADC_A1
2025-11-13 13:15:50,584 - shimmer_device - ERROR - Error extracting sample: INTERNAL_ADC_A1
2025-11-13 13:15:50,599 - shimmer_device - ERROR - Error extracting sample: INTERNAL_ADC_A1
2025-11-13 13:15:50,600 - shimmer_device - ERROR - Error extracting sample: INTERNAL_ADC_A1
2025-11-13 13:15:50,608 - shimmer_device - ERROR - Error extracting sample: INTERNAL_ADC_A1
2025-11-13 13:15:50,625 - shimmer_device - ERROR - Error extracting sample: INTERNAL_ADC_A1
2025-11-13 13:15:50,626 - shimmer_device - ERROR - Error extracting sample: INTERNAL_ADC_A1
2025-11-13 13:15:50,639 - shimmer_device - ERROR - Error extracting sample: INTERNAL_ADC_A1
2025-11-13 13:15:50,641 - shimmer_device - ERROR - Error extracting sample: INTERNAL_ADC_A1
2025-11-13 13:15:50,658 - shimmer_device - ERROR - Error extracting sample: INTERNAL_ADC_A1
2025-11-13 13:15:50,659 - shimmer_device - ERROR - Error extracting sample: INTERNAL_ADC_A1
2025-11-13 13:15:50,672 - shimmer_device - ERROR - Error extracting sample: INTERNAL_ADC_A1
2025-11-13 13:15:50,673 - shimmer_device - ERROR - Error extracting sample: INTERNAL_ADC_A1
2025-11-13 13:15:50,679 - shimmer_device - ERROR - Error extracting sample: INTERNAL_ADC_A1
2025-11-13 13:15:50,693 - shimmer_device - ERROR - Error extracting sample: INTERNAL_ADC_A1
2025-11-13 13:15:50,694 - shimmer_device - ERROR - Error extracting sample: INTERNAL_ADC_A1
2025-11-13 13:15:50,708 - shimmer_device - ERROR - Error extracting sample: INTERNAL_ADC_A1
2025-11-13 13:15:50,709 - shimmer_device - ERROR - Error extracting sample: INTERNAL_ADC_A1
2025-11-13 13:15:50,715 - __main__ - INFO - 
============================================================
2025-11-13 13:15:50,715 - __main__ - INFO - Total samples: 0
2025-11-13 13:15:50,715 - __main__ - INFO - LSL pushed: 0
2025-11-13 13:15:50,715 - __main__ - INFO - LSL rate: 0.00 Hz (0.0% of nominal)
2025-11-13 13:15:50,715 - __main__ - INFO - Saved: 0
2025-11-13 13:15:50,715 - __main__ - INFO - Buffer: 0
2025-11-13 13:15:50,715 - __main__ - INFO - ============================================================
2025-11-13 13:15:50,742 - shimmer_device - ERROR - Error extracting sample: INTERNAL_ADC_A1
2025-11-13 13:15:50,743 - shimmer_device - ERROR - Error extracting sample: INTERNAL_ADC_A1
2025-11-13 13:15:50,744 - shimmer_device - ERROR - Error extracting sample: INTERNAL_ADC_A1
2025-11-13 13:15:50,750 - shimmer_device - ERROR - Error extracting sample: INTERNAL_ADC_A1
2025-11-13 13:15:50,768 - shimmer_device - ERROR - Error extracting sample: INTERNAL_ADC_A1
2025-11-13 13:15:50,769 - shimmer_device - ERROR - Error extracting sample: INTERNAL_ADC_A1
2025-11-13 13:15:50,771 - shimmer_device - ERROR - Error extracting sample: INTERNAL_ADC_A1
2025-11-13 13:15:50,778 - shimmer_device - ERROR - Error extracting sample: INTERNAL_ADC_A1
2025-11-13 13:15:50,780 - shimmer_device - ERROR - Error extracting sample: INTERNAL_ADC_A1
2025-11-13 13:15:50,803 - shimmer_device - ERROR - Error extracting sample: INTERNAL_ADC_A1
2025-11-13 13:15:50,804 - shimmer_device - ERROR - Error extracting sample: INTERNAL_ADC_A1
2025-11-13 13:15:50,805 - shimmer_device - ERROR - Error extracting sample: INTERNAL_ADC_A1
2025-11-13 13:15:50,820 - shimmer_device - ERROR - Error extracting sample: INTERNAL_ADC_A1
2025-11-13 13:15:50,821 - shimmer_device - ERROR - Error extracting sample: INTERNAL_ADC_A1
2025-11-13 13:15:50,835 - shimmer_device - ERROR - Error extracting sample: INTERNAL_ADC_A1
2025-11-13 13:15:50,836 - shimmer_device - ERROR - Error extracting sample: INTERNAL_ADC_A1
2025-11-13 13:15:50,851 - shimmer_device - ERROR - Error extracting sample: INTERNAL_ADC_A1
2025-11-13 13:15:50,852 - shimmer_device - ERROR - Error extracting sample: INTERNAL_ADC_A1
2025-11-13 13:15:50,861 - shimmer_device - ERROR - Error extracting sample: INTERNAL_ADC_A1
2025-11-13 13:15:50,877 - shimmer_device - ERROR - Error extracting sample: INTERNAL_ADC_A1
2025-11-13 13:15:50,878 - shimmer_device - ERROR - Error extracting sample: INTERNAL_ADC_A1
2025-11-13 13:15:50,892 - shimmer_device - ERROR - Error extracting sample: INTERNAL_ADC_A1
2025-11-13 13:15:50,893 - shimmer_device - ERROR - Error extracting sample: INTERNAL_ADC_A1
2025-11-13 13:15:50,906 - shimmer_device - ERROR - Error extracting sample: INTERNAL_ADC_A1
2025-11-13 13:15:50,907 - shimmer_device - ERROR - Error extracting sample: INTERNAL_ADC_A1
2025-11-13 13:15:50,933 - shimmer_device - ERROR - Error extracting sample: INTERNAL_ADC_A1
2025-11-13 13:15:50,934 - shimmer_device - ERROR - Error extracting sample: INTERNAL_ADC_A1
2025-11-13 13:15:50,935 - shimmer_device - ERROR - Error extracting sample: INTERNAL_ADC_A1
2025-11-13 13:15:50,948 - shimmer_device - ERROR - Error extracting sample: INTERNAL_ADC_A1
2025-11-13 13:15:50,958 - shimmer_device - ERROR - Error extracting sample: INTERNAL_ADC_A1
2025-11-13 13:15:50,960 - shimmer_device - ERROR - Error extracting sample: INTERNAL_ADC_A1
2025-11-13 13:15:50,962 - shimmer_device - ERROR - Error extracting sample: INTERNAL_ADC_A1
2025-11-13 13:15:50,983 - shimmer_device - ERROR - Error extracting sample: INTERNAL_ADC_A1
2025-11-13 13:15:50,984 - shimmer_device - ERROR - Error extracting sample: INTERNAL_ADC_A1
2025-11-13 13:15:50,985 - shimmer_device - ERROR - Error extracting sample: INTERNAL_ADC_A1
2025-11-13 13:15:50,998 - shimmer_device - ERROR - Error extracting sample: INTERNAL_ADC_A1
2025-11-13 13:15:51,001 - shimmer_device - ERROR - Error extracting sample: INTERNAL_ADC_A1
2025-11-13 13:15:51,014 - shimmer_device - ERROR - Error extracting sample: INTERNAL_ADC_A1
2025-11-13 13:15:51,015 - shimmer_device - ERROR - Error extracting sample: INTERNAL_ADC_A1
2025-11-13 13:15:51,029 - shimmer_device - ERROR - Error extracting sample: INTERNAL_ADC_A1
2025-11-13 13:15:51,030 - shimmer_device - ERROR - Error extracting sample: INTERNAL_ADC_A1
2025-11-13 13:15:51,054 - shimmer_device - ERROR - Error extracting sample: INTERNAL_ADC_A1
2025-11-13 13:15:51,055 - shimmer_device - ERROR - Error extracting sample: INTERNAL_ADC_A1
2025-11-13 13:15:51,057 - shimmer_device - ERROR - Error extracting sample: INTERNAL_ADC_A1
2025-11-13 13:15:51,070 - shimmer_device - ERROR - Error extracting sample: INTERNAL_ADC_A1
2025-11-13 13:15:51,071 - shimmer_device - ERROR - Error extracting sample: INTERNAL_ADC_A1
2025-11-13 13:15:51,087 - shimmer_device - ERROR - Error extracting sample: INTERNAL_ADC_A1
2025-11-13 13:15:51,089 - shimmer_device - ERROR - Error extracting sample: INTERNAL_ADC_A1
2025-11-13 13:15:51,112 - shimmer_device - ERROR - Error extracting sample: INTERNAL_ADC_A1
2025-11-13 13:15:51,114 - shimmer_device - ERROR - Error extracting sample: INTERNAL_ADC_A1
2025-11-13 13:15:51,116 - shimmer_device - ERROR - Error extracting sample: INTERNAL_ADC_A1
2025-11-13 13:15:51,127 - shimmer_device - ERROR - Error extracting sample: INTERNAL_ADC_A1
2025-11-13 13:15:51,128 - shimmer_device - ERROR - Error extracting sample: INTERNAL_ADC_A1
2025-11-13 13:15:51,143 - shimmer_device - ERROR - Error extracting sample: INTERNAL_ADC_A1
2025-11-13 13:15:51,154 - shimmer_device - ERROR - Error extracting sample: INTERNAL_ADC_A1
2025-11-13 13:15:51,155 - shimmer_device - ERROR - Error extracting sample: INTERNAL_ADC_A1
2025-11-13 13:15:51,157 - shimmer_device - ERROR - Error extracting sample: INTERNAL_ADC_A1
2025-11-13 13:15:51,179 - shimmer_device - ERROR - Error extracting sample: INTERNAL_ADC_A1
2025-11-13 13:15:51,180 - shimmer_device - ERROR - Error extracting sample: INTERNAL_ADC_A1
2025-11-13 13:15:51,181 - shimmer_device - ERROR - Error extracting sample: INTERNAL_ADC_A1
2025-11-13 13:15:51,194 - shimmer_device - ERROR - Error extracting sample: INTERNAL_ADC_A1
2025-11-13 13:15:51,196 - shimmer_device - ERROR - Error extracting sample: INTERNAL_ADC_A1
2025-11-13 13:15:51,209 - shimmer_device - ERROR - Error extracting sample: INTERNAL_ADC_A1
2025-11-13 13:15:51,211 - shimmer_device - ERROR - Error extracting sample: INTERNAL_ADC_A1
2025-11-13 13:15:51,226 - shimmer_device - ERROR - Error extracting sample: INTERNAL_ADC_A1
2025-11-13 13:15:51,227 - shimmer_device - ERROR - Error extracting sample: INTERNAL_ADC_A1
2025-11-13 13:15:51,235 - shimmer_device - ERROR - Error extracting sample: INTERNAL_ADC_A1
2025-11-13 13:15:51,249 - shimmer_device - ERROR - Error extracting sample: INTERNAL_ADC_A1
2025-11-13 13:15:51,251 - shimmer_device - ERROR - Error extracting sample: INTERNAL_ADC_A1
2025-11-13 13:15:51,265 - shimmer_device - ERROR - Error extracting sample: INTERNAL_ADC_A1
2025-11-13 13:15:51,267 - shimmer_device - ERROR - Error extracting sample: INTERNAL_ADC_A1
2025-11-13 13:15:51,278 - shimmer_device - ERROR - Error extracting sample: INTERNAL_ADC_A1
2025-11-13 13:15:51,279 - shimmer_device - ERROR - Error extracting sample: INTERNAL_ADC_A1
2025-11-13 13:15:51,293 - shimmer_device - ERROR - Error extracting sample: INTERNAL_ADC_A1
2025-11-13 13:15:51,294 - shimmer_device - ERROR - Error extracting sample: INTERNAL_ADC_A1
2025-11-13 13:15:51,303 - shimmer_device - ERROR - Error extracting sample: INTERNAL_ADC_A1
2025-11-13 13:15:51,326 - shimmer_device - ERROR - Error extracting sample: INTERNAL_ADC_A1
2025-11-13 13:15:51,327 - shimmer_device - ERROR - Error extracting sample: INTERNAL_ADC_A1
2025-11-13 13:15:51,334 - shimmer_device - ERROR - Error extracting sample: INTERNAL_ADC_A1
2025-11-13 13:15:51,361 - shimmer_device - ERROR - Error extracting sample: INTERNAL_ADC_A1
2025-11-13 13:15:51,363 - shimmer_device - ERROR - Error extracting sample: INTERNAL_ADC_A1
2025-11-13 13:15:51,364 - shimmer_device - ERROR - Error extracting sample: INTERNAL_ADC_A1
2025-11-13 13:15:51,366 - shimmer_device - ERROR - Error extracting sample: INTERNAL_ADC_A1
2025-11-13 13:15:51,385 - shimmer_device - ERROR - Error extracting sample: INTERNAL_ADC_A1
2025-11-13 13:15:51,386 - shimmer_device - ERROR - Error extracting sample: INTERNAL_ADC_A1
2025-11-13 13:15:51,392 - shimmer_device - ERROR - Error extracting sample: INTERNAL_ADC_A1
2025-11-13 13:15:51,393 - shimmer_device - ERROR - Error extracting sample: INTERNAL_ADC_A1
2025-11-13 13:15:51,403 - shimmer_device - ERROR - Error extracting sample: INTERNAL_ADC_A1
2025-11-13 13:15:51,404 - shimmer_device - ERROR - Error extracting sample: INTERNAL_ADC_A1
2025-11-13 13:15:51,429 - shimmer_device - ERROR - Error extracting sample: INTERNAL_ADC_A1
2025-11-13 13:15:51,430 - shimmer_device - ERROR - Error extracting sample: INTERNAL_ADC_A1
2025-11-13 13:15:51,431 - shimmer_device - ERROR - Error extracting sample: INTERNAL_ADC_A1
2025-11-13 13:15:51,450 - shimmer_device - ERROR - Error extracting sample: INTERNAL_ADC_A1
2025-11-13 13:15:51,451 - shimmer_device - ERROR - Error extracting sample: INTERNAL_ADC_A1
2025-11-13 13:15:51,459 - shimmer_device - ERROR - Error extracting sample: INTERNAL_ADC_A1
2025-11-13 13:15:51,461 - shimmer_device - ERROR - Error extracting sample: INTERNAL_ADC_A1
2025-11-13 13:15:51,486 - shimmer_device - ERROR - Error extracting sample: INTERNAL_ADC_A1
2025-11-13 13:15:51,488 - shimmer_device - ERROR - Error extracting sample: INTERNAL_ADC_A1
2025-11-13 13:15:51,489 - shimmer_device - ERROR - Error extracting sample: INTERNAL_ADC_A1
2025-11-13 13:15:51,501 - shimmer_device - ERROR - Error extracting sample: INTERNAL_ADC_A1
2025-11-13 13:15:51,502 - shimmer_device - ERROR - Error extracting sample: INTERNAL_ADC_A1
2025-11-13 13:15:51,517 - shimmer_device - ERROR - Error extracting sample: INTERNAL_ADC_A1
2025-11-13 13:15:51,518 - shimmer_device - ERROR - Error extracting sample: INTERNAL_ADC_A1
2025-11-13 13:15:51,530 - shimmer_device - ERROR - Error extracting sample: INTERNAL_ADC_A1
2025-11-13 13:15:51,556 - shimmer_device - ERROR - Error extracting sample: INTERNAL_ADC_A1
2025-11-13 13:15:51,558 - shimmer_device - ERROR - Error extracting sample: INTERNAL_ADC_A1
2025-11-13 13:15:51,559 - shimmer_device - ERROR - Error extracting sample: INTERNAL_ADC_A1
2025-11-13 13:15:51,560 - shimmer_device - ERROR - Error extracting sample: INTERNAL_ADC_A1
2025-11-13 13:15:51,573 - shimmer_device - ERROR - Error extracting sample: INTERNAL_ADC_A1
2025-11-13 13:15:51,575 - shimmer_device - ERROR - Error extracting sample: INTERNAL_ADC_A1
2025-11-13 13:15:51,588 - shimmer_device - ERROR - Error extracting sample: INTERNAL_ADC_A1
2025-11-13 13:15:51,590 - shimmer_device - ERROR - Error extracting sample: INTERNAL_ADC_A1
2025-11-13 13:15:51,598 - shimmer_device - ERROR - Error extracting sample: INTERNAL_ADC_A1
2025-11-13 13:15:51,599 - shimmer_device - ERROR - Error extracting sample: INTERNAL_ADC_A1
2025-11-13 13:15:51,609 - shimmer_device - ERROR - Error extracting sample: INTERNAL_ADC_A1
2025-11-13 13:15:51,624 - shimmer_device - ERROR - Error extracting sample: INTERNAL_ADC_A1
2025-11-13 13:15:51,626 - shimmer_device - ERROR - Error extracting sample: INTERNAL_ADC_A1
2025-11-13 13:15:51,638 - shimmer_device - ERROR - Error extracting sample: INTERNAL_ADC_A1
2025-11-13 13:15:51,639 - shimmer_device - ERROR - Error extracting sample: INTERNAL_ADC_A1
2025-11-13 13:15:51,653 - shimmer_device - ERROR - Error extracting sample: INTERNAL_ADC_A1
2025-11-13 13:15:51,655 - shimmer_device - ERROR - Error extracting sample: INTERNAL_ADC_A1
2025-11-13 13:15:51,669 - __main__ - INFO - 
Received interrupt signal. Shutting down...
2025-11-13 13:15:51,669 - __main__ - INFO - 
Stopping components...
2025-11-13 13:15:51,694 - shimmer_device - INFO - Stopped data streaming
2025-11-13 13:15:51,695 - shimmer_device - INFO - Shimmer device shutdown
2025-11-13 13:15:51,695 - shimmer_device - INFO - Disconnected from Shimmer device
2025-11-13 13:15:51,695 - __main__ - INFO - Device disconnected
2025-11-13 13:15:51,697 - data_saver - INFO - Stopped saving. Total samples saved: 0
2025-11-13 13:15:51,697 - __main__ - INFO - Data saving stopped
2025-11-13 13:15:51,697 - __main__ - INFO - Final LSL statistics: {'samples_pushed': 0, 'elapsed_time': 7.042369604110718, 'effective_rate': 0.0, 'nominal_rate': 128.0, 'rate_accuracy': 0.0}
2025-11-13 13:15:51,697 - lsl_manager - INFO - Destroying LSL outlet. Statistics: {'samples_pushed': 0, 'elapsed_time': 7.042369604110718, 'effective_rate': 0.0, 'nominal_rate': 128.0, 'rate_accuracy': 0.0}
2025-11-13 13:15:51,723 - __main__ - INFO - LSL outlet destroyed
2025-11-13 13:15:51,723 - __main__ - INFO - 
============================================================
2025-11-13 13:15:51,723 - __main__ - INFO - Session ended. Total samples processed: 0
2025-11-13 13:15:51,723 - __main__ - INFO - ============================================================
2025-11-13 13:15:51,723 - __main__ - INFO - 
Stopping components...
2025-11-13 13:15:51,723 - shimmer_device - ERROR - Error during disconnect: byref() argument must be a ctypes instance, not 'NoneType'
2025-11-13 13:15:51,723 - __main__ - INFO - Device disconnected
2025-11-13 13:15:51,724 - data_saver - INFO - Stopped saving. Total samples saved: 0
2025-11-13 13:15:51,724 - __main__ - INFO - Data saving stopped
2025-11-13 13:15:51,724 - __main__ - INFO - Final LSL statistics: {}
2025-11-13 13:15:51,724 - __main__ - INFO - LSL outlet destroyed
2025-11-13 13:15:51,724 - __main__ - INFO - 
============================================================
2025-11-13 13:15:51,724 - __main__ - INFO - Session ended. Total samples processed: 0
2025-11-13 13:15:51,724 - __main__ - INFO - ============================================================
2025-11-13 13:15:51,724 - shimmer_device - ERROR - Error during disconnect: byref() argument must be a ctypes instance, not 'NoneType'
