2025-11-13 14:56:50,962 - __main__ - INFO - ============================================================
2025-11-13 14:56:50,962 - __main__ - INFO - Shimmer GSR+ LSL Integration
2025-11-13 14:56:50,962 - __main__ - INFO - ============================================================
2025-11-13 14:56:50,962 - __main__ - INFO - 
[1/4] Initializing Shimmer GSR+ device...
2025-11-13 14:56:50,962 - shimmer_device - INFO - Attempting to connect to Shimmer on COM6...
2025-11-13 14:56:52,360 - shimmer_device - INFO - Initializing Shimmer device...
2025-11-13 14:56:52,410 - shimmer_device - INFO - Successfully connected and initialized Shimmer on COM6
2025-11-13 14:56:52,410 - shimmer_device - INFO - Channel names: ['GSR_Skin_Conductance', 'GSR_Skin_Resistance', 'PPG_A13', 'Accel_LN_X', 'Accel_LN_Y', 'Accel_LN_Z']
2025-11-13 14:56:52,410 - __main__ - INFO - Device info: {'sampling_rate': 128.0, 'enabled_sensors': ['gsr', 'ppg', 'accelerometer'], 'channel_names': ['GSR_Skin_Conductance', 'GSR_Skin_Resistance', 'PPG_A13', 'Accel_LN_X', 'Accel_LN_Y', 'Accel_LN_Z'], 'com_port': 'COM6'}
2025-11-13 14:56:52,410 - __main__ - INFO - Channels: ['GSR_Skin_Conductance', 'GSR_Skin_Resistance', 'PPG_A13', 'Accel_LN_X', 'Accel_LN_Y', 'Accel_LN_Z']
2025-11-13 14:56:52,411 - __main__ - INFO - Sampling rate: 128.0 Hz
2025-11-13 14:56:52,411 - __main__ - INFO - 
[2/4] Initializing LSL stream...
2025-11-13 14:56:52,411 - lsl_manager - INFO - Creating LSL stream: ShimmerGSR
2025-11-13 14:56:52,411 - lsl_manager - INFO - Channels: 6, Sampling rate: 128.0 Hz
2025-11-13 14:56:52,425 - lsl_manager - INFO - Added metadata to LSL stream
2025-11-13 14:56:52,445 - lsl_manager - INFO - LSL outlet created successfully: ShimmerGSR
2025-11-13 14:56:52,446 - __main__ - INFO - 
[3/4] Initializing data saver...
2025-11-13 14:56:52,447 - data_saver - INFO - Created CSV file: ./data\shimmer_gsr_20251113_145652.csv
2025-11-13 14:56:52,447 - data_saver - INFO - Saved metadata to: ./data\shimmer_gsr_20251113_145652_metadata.json
2025-11-13 14:56:52,447 - data_saver - INFO - Started saving data to: ./data\shimmer_gsr_20251113_145652.csv
2025-11-13 14:56:52,447 - __main__ - INFO - 
[4/4] Starting data streaming...
2025-11-13 14:56:52,448 - shimmer_device - INFO - Starting data streaming...
2025-11-13 14:56:52,492 - shimmer_device - INFO - Data streaming started successfully
2025-11-13 14:56:52,492 - __main__ - INFO - 
============================================================
2025-11-13 14:56:52,493 - __main__ - INFO - Initialization complete! Ready to stream data.
2025-11-13 14:56:52,493 - __main__ - INFO - ============================================================

2025-11-13 14:56:52,493 - __main__ - INFO - Starting data acquisition loop...
2025-11-13 14:56:52,493 - __main__ - INFO - Press Ctrl+C to stop

2025-11-13 14:56:53,493 - __main__ - INFO - 
============================================================
2025-11-13 14:56:53,493 - __main__ - INFO - Total samples: 128
2025-11-13 14:56:53,493 - __main__ - INFO - LSL pushed: 128
2025-11-13 14:56:53,493 - __main__ - INFO - LSL rate: 122.11 Hz (95.4% of nominal)
2025-11-13 14:56:53,493 - __main__ - INFO - Saved: 0
2025-11-13 14:56:53,493 - __main__ - INFO - Buffer: 128
2025-11-13 14:56:53,493 - __main__ - INFO - ============================================================
2025-11-13 14:56:54,494 - __main__ - INFO - 
============================================================
2025-11-13 14:56:54,494 - __main__ - INFO - Total samples: 253
2025-11-13 14:56:54,494 - __main__ - INFO - LSL pushed: 253
2025-11-13 14:56:54,494 - __main__ - INFO - LSL rate: 123.45 Hz (96.4% of nominal)
2025-11-13 14:56:54,496 - __main__ - INFO - Saved: 0
2025-11-13 14:56:54,496 - __main__ - INFO - Buffer: 253
2025-11-13 14:56:54,496 - __main__ - INFO - ============================================================
2025-11-13 14:56:55,494 - __main__ - INFO - 
============================================================
2025-11-13 14:56:55,494 - __main__ - INFO - Total samples: 384
2025-11-13 14:56:55,494 - __main__ - INFO - LSL pushed: 384
2025-11-13 14:56:55,494 - __main__ - INFO - LSL rate: 125.92 Hz (98.4% of nominal)
2025-11-13 14:56:55,495 - __main__ - INFO - Saved: 0
2025-11-13 14:56:55,495 - __main__ - INFO - Buffer: 384
2025-11-13 14:56:55,495 - __main__ - INFO - ============================================================
2025-11-13 14:56:56,495 - __main__ - INFO - 
============================================================
2025-11-13 14:56:56,495 - __main__ - INFO - Total samples: 511
2025-11-13 14:56:56,495 - __main__ - INFO - LSL pushed: 511
2025-11-13 14:56:56,496 - __main__ - INFO - LSL rate: 126.17 Hz (98.6% of nominal)
2025-11-13 14:56:56,496 - __main__ - INFO - Saved: 0
2025-11-13 14:56:56,496 - __main__ - INFO - Buffer: 511
2025-11-13 14:56:56,496 - __main__ - INFO - ============================================================
2025-11-13 14:56:57,496 - __main__ - INFO - 
============================================================
2025-11-13 14:56:57,496 - __main__ - INFO - Total samples: 639
2025-11-13 14:56:57,496 - __main__ - INFO - LSL pushed: 639
2025-11-13 14:56:57,496 - __main__ - INFO - LSL rate: 126.50 Hz (98.8% of nominal)
2025-11-13 14:56:57,496 - __main__ - INFO - Saved: 0
2025-11-13 14:56:57,497 - __main__ - INFO - Buffer: 639
2025-11-13 14:56:57,497 - __main__ - INFO - ============================================================
2025-11-13 14:56:58,496 - __main__ - INFO - 
============================================================
2025-11-13 14:56:58,496 - __main__ - INFO - Total samples: 768
2025-11-13 14:56:58,496 - __main__ - INFO - LSL pushed: 768
2025-11-13 14:56:58,496 - __main__ - INFO - LSL rate: 126.91 Hz (99.2% of nominal)
2025-11-13 14:56:58,496 - __main__ - INFO - Saved: 0
2025-11-13 14:56:58,496 - __main__ - INFO - Buffer: 768
2025-11-13 14:56:58,497 - __main__ - INFO - ============================================================
2025-11-13 14:56:59,497 - __main__ - INFO - 
============================================================
2025-11-13 14:56:59,497 - __main__ - INFO - Total samples: 896
2025-11-13 14:56:59,499 - __main__ - INFO - LSL pushed: 896
2025-11-13 14:56:59,499 - __main__ - INFO - LSL rate: 127.05 Hz (99.3% of nominal)
2025-11-13 14:56:59,500 - __main__ - INFO - Saved: 0
2025-11-13 14:56:59,500 - __main__ - INFO - Buffer: 896
2025-11-13 14:56:59,500 - __main__ - INFO - ============================================================
2025-11-13 14:57:00,498 - __main__ - INFO - 
============================================================
2025-11-13 14:57:00,498 - __main__ - INFO - Total samples: 1023
2025-11-13 14:57:00,498 - __main__ - INFO - LSL pushed: 1023
2025-11-13 14:57:00,499 - __main__ - INFO - LSL rate: 127.03 Hz (99.2% of nominal)
2025-11-13 14:57:00,499 - __main__ - INFO - Saved: 1000
2025-11-13 14:57:00,499 - __main__ - INFO - Buffer: 23
2025-11-13 14:57:00,499 - __main__ - INFO - ============================================================
2025-11-13 14:57:01,499 - __main__ - INFO - 
============================================================
2025-11-13 14:57:01,499 - __main__ - INFO - Total samples: 1152
2025-11-13 14:57:01,499 - __main__ - INFO - LSL pushed: 1152
2025-11-13 14:57:01,499 - __main__ - INFO - LSL rate: 127.24 Hz (99.4% of nominal)
2025-11-13 14:57:01,499 - __main__ - INFO - Saved: 1000
2025-11-13 14:57:01,500 - __main__ - INFO - Buffer: 152
2025-11-13 14:57:01,500 - __main__ - INFO - ============================================================
2025-11-13 14:57:02,500 - __main__ - INFO - 
============================================================
2025-11-13 14:57:02,500 - __main__ - INFO - Total samples: 1280
2025-11-13 14:57:02,500 - __main__ - INFO - LSL pushed: 1280
2025-11-13 14:57:02,500 - __main__ - INFO - LSL rate: 127.29 Hz (99.4% of nominal)
2025-11-13 14:57:02,500 - __main__ - INFO - Saved: 1000
2025-11-13 14:57:02,501 - __main__ - INFO - Buffer: 280
2025-11-13 14:57:02,501 - __main__ - INFO - ============================================================
2025-11-13 14:57:03,501 - __main__ - INFO - 
============================================================
2025-11-13 14:57:03,501 - __main__ - INFO - Total samples: 1408
2025-11-13 14:57:03,501 - __main__ - INFO - LSL pushed: 1408
2025-11-13 14:57:03,501 - __main__ - INFO - LSL rate: 127.36 Hz (99.5% of nominal)
2025-11-13 14:57:03,502 - __main__ - INFO - Saved: 1000
2025-11-13 14:57:03,502 - __main__ - INFO - Buffer: 408
2025-11-13 14:57:03,502 - __main__ - INFO - ============================================================
2025-11-13 14:57:04,501 - __main__ - INFO - 
============================================================
2025-11-13 14:57:04,501 - __main__ - INFO - Total samples: 1536
2025-11-13 14:57:04,501 - __main__ - INFO - LSL pushed: 1536
2025-11-13 14:57:04,501 - __main__ - INFO - LSL rate: 127.40 Hz (99.5% of nominal)
2025-11-13 14:57:04,501 - __main__ - INFO - Saved: 1000
2025-11-13 14:57:04,502 - __main__ - INFO - Buffer: 536
2025-11-13 14:57:04,502 - __main__ - INFO - ============================================================
2025-11-13 14:57:05,502 - __main__ - INFO - 
============================================================
2025-11-13 14:57:05,502 - __main__ - INFO - Total samples: 1663
2025-11-13 14:57:05,502 - __main__ - INFO - LSL pushed: 1663
2025-11-13 14:57:05,502 - __main__ - INFO - LSL rate: 127.37 Hz (99.5% of nominal)
2025-11-13 14:57:05,503 - __main__ - INFO - Saved: 1000
2025-11-13 14:57:05,503 - __main__ - INFO - Buffer: 663
2025-11-13 14:57:05,503 - __main__ - INFO - ============================================================
2025-11-13 14:57:06,503 - __main__ - INFO - 
============================================================
2025-11-13 14:57:06,503 - __main__ - INFO - Total samples: 1792
2025-11-13 14:57:06,503 - __main__ - INFO - LSL pushed: 1792
2025-11-13 14:57:06,503 - __main__ - INFO - LSL rate: 127.47 Hz (99.6% of nominal)
2025-11-13 14:57:06,503 - __main__ - INFO - Saved: 1000
2025-11-13 14:57:06,503 - __main__ - INFO - Buffer: 792
2025-11-13 14:57:06,504 - __main__ - INFO - ============================================================
2025-11-13 14:57:07,503 - __main__ - INFO - 
============================================================
2025-11-13 14:57:07,503 - __main__ - INFO - Total samples: 1920
2025-11-13 14:57:07,503 - __main__ - INFO - LSL pushed: 1920
2025-11-13 14:57:07,503 - __main__ - INFO - LSL rate: 127.51 Hz (99.6% of nominal)
2025-11-13 14:57:07,504 - __main__ - INFO - Saved: 1000
2025-11-13 14:57:07,504 - __main__ - INFO - Buffer: 920
2025-11-13 14:57:07,504 - __main__ - INFO - ============================================================
2025-11-13 14:57:08,504 - __main__ - INFO - 
============================================================
2025-11-13 14:57:08,504 - __main__ - INFO - Total samples: 2047
2025-11-13 14:57:08,504 - __main__ - INFO - LSL pushed: 2047
2025-11-13 14:57:08,504 - __main__ - INFO - LSL rate: 127.47 Hz (99.6% of nominal)
2025-11-13 14:57:08,504 - __main__ - INFO - Saved: 2000
2025-11-13 14:57:08,504 - __main__ - INFO - Buffer: 47
2025-11-13 14:57:08,504 - __main__ - INFO - ============================================================
2025-11-13 14:57:09,504 - __main__ - INFO - 
============================================================
2025-11-13 14:57:09,504 - __main__ - INFO - Total samples: 2177
2025-11-13 14:57:09,504 - __main__ - INFO - LSL pushed: 2177
2025-11-13 14:57:09,504 - __main__ - INFO - LSL rate: 127.62 Hz (99.7% of nominal)
2025-11-13 14:57:09,504 - __main__ - INFO - Saved: 2000
2025-11-13 14:57:09,504 - __main__ - INFO - Buffer: 177
2025-11-13 14:57:09,504 - __main__ - INFO - ============================================================
2025-11-13 14:57:10,506 - __main__ - INFO - 
============================================================
2025-11-13 14:57:10,506 - __main__ - INFO - Total samples: 2305
2025-11-13 14:57:10,506 - __main__ - INFO - LSL pushed: 2305
2025-11-13 14:57:10,506 - __main__ - INFO - LSL rate: 127.62 Hz (99.7% of nominal)
2025-11-13 14:57:10,506 - __main__ - INFO - Saved: 2000
2025-11-13 14:57:10,506 - __main__ - INFO - Buffer: 305
2025-11-13 14:57:10,506 - __main__ - INFO - ============================================================
2025-11-13 14:57:11,507 - __main__ - INFO - 
============================================================
2025-11-13 14:57:11,507 - __main__ - INFO - Total samples: 2433
2025-11-13 14:57:11,507 - __main__ - INFO - LSL pushed: 2433
2025-11-13 14:57:11,507 - __main__ - INFO - LSL rate: 127.64 Hz (99.7% of nominal)
2025-11-13 14:57:11,507 - __main__ - INFO - Saved: 2000
2025-11-13 14:57:11,507 - __main__ - INFO - Buffer: 433
2025-11-13 14:57:11,508 - __main__ - INFO - ============================================================
2025-11-13 14:57:12,507 - __main__ - INFO - 
============================================================
2025-11-13 14:57:12,507 - __main__ - INFO - Total samples: 2561
2025-11-13 14:57:12,507 - __main__ - INFO - LSL pushed: 2561
2025-11-13 14:57:12,507 - __main__ - INFO - LSL rate: 127.65 Hz (99.7% of nominal)
2025-11-13 14:57:12,507 - __main__ - INFO - Saved: 2000
2025-11-13 14:57:12,508 - __main__ - INFO - Buffer: 561
2025-11-13 14:57:12,508 - __main__ - INFO - ============================================================
2025-11-13 14:57:13,508 - __main__ - INFO - 
============================================================
2025-11-13 14:57:13,508 - __main__ - INFO - Total samples: 2689
2025-11-13 14:57:13,508 - __main__ - INFO - LSL pushed: 2689
2025-11-13 14:57:13,508 - __main__ - INFO - LSL rate: 127.66 Hz (99.7% of nominal)
2025-11-13 14:57:13,508 - __main__ - INFO - Saved: 2000
2025-11-13 14:57:13,508 - __main__ - INFO - Buffer: 689
2025-11-13 14:57:13,508 - __main__ - INFO - ============================================================
2025-11-13 14:57:14,509 - __main__ - INFO - 
============================================================
2025-11-13 14:57:14,509 - __main__ - INFO - Total samples: 2817
2025-11-13 14:57:14,509 - __main__ - INFO - LSL pushed: 2817
2025-11-13 14:57:14,509 - __main__ - INFO - LSL rate: 127.67 Hz (99.7% of nominal)
2025-11-13 14:57:14,509 - __main__ - INFO - Saved: 2000
2025-11-13 14:57:14,509 - __main__ - INFO - Buffer: 817
2025-11-13 14:57:14,509 - __main__ - INFO - ============================================================
2025-11-13 14:57:15,509 - __main__ - INFO - 
============================================================
2025-11-13 14:57:15,509 - __main__ - INFO - Total samples: 2945
2025-11-13 14:57:15,509 - __main__ - INFO - LSL pushed: 2945
2025-11-13 14:57:15,510 - __main__ - INFO - LSL rate: 127.69 Hz (99.8% of nominal)
2025-11-13 14:57:15,510 - __main__ - INFO - Saved: 2000
2025-11-13 14:57:15,510 - __main__ - INFO - Buffer: 945
2025-11-13 14:57:15,510 - __main__ - INFO - ============================================================
2025-11-13 14:57:16,510 - __main__ - INFO - 
============================================================
2025-11-13 14:57:16,515 - __main__ - INFO - Total samples: 3071
2025-11-13 14:57:16,515 - __main__ - INFO - LSL pushed: 3071
2025-11-13 14:57:16,515 - __main__ - INFO - LSL rate: 127.61 Hz (99.7% of nominal)
2025-11-13 14:57:16,515 - __main__ - INFO - Saved: 3000
2025-11-13 14:57:16,517 - __main__ - INFO - Buffer: 71
2025-11-13 14:57:16,517 - __main__ - INFO - ============================================================
2025-11-13 14:57:17,511 - __main__ - INFO - 
============================================================
2025-11-13 14:57:17,511 - __main__ - INFO - Total samples: 3201
2025-11-13 14:57:17,511 - __main__ - INFO - LSL pushed: 3201
2025-11-13 14:57:17,512 - __main__ - INFO - LSL rate: 127.70 Hz (99.8% of nominal)
2025-11-13 14:57:17,512 - __main__ - INFO - Saved: 3000
2025-11-13 14:57:17,512 - __main__ - INFO - Buffer: 201
2025-11-13 14:57:17,512 - __main__ - INFO - ============================================================
2025-11-13 14:57:18,511 - __main__ - INFO - 
============================================================
2025-11-13 14:57:18,511 - __main__ - INFO - Total samples: 3329
2025-11-13 14:57:18,511 - __main__ - INFO - LSL pushed: 3329
2025-11-13 14:57:18,511 - __main__ - INFO - LSL rate: 127.71 Hz (99.8% of nominal)
2025-11-13 14:57:18,512 - __main__ - INFO - Saved: 3000
2025-11-13 14:57:18,512 - __main__ - INFO - Buffer: 329
2025-11-13 14:57:18,512 - __main__ - INFO - ============================================================
2025-11-13 14:57:19,512 - __main__ - INFO - 
============================================================
2025-11-13 14:57:19,512 - __main__ - INFO - Total samples: 3457
2025-11-13 14:57:19,512 - __main__ - INFO - LSL pushed: 3457
2025-11-13 14:57:19,513 - __main__ - INFO - LSL rate: 127.72 Hz (99.8% of nominal)
2025-11-13 14:57:19,513 - __main__ - INFO - Saved: 3000
2025-11-13 14:57:19,513 - __main__ - INFO - Buffer: 457
2025-11-13 14:57:19,513 - __main__ - INFO - ============================================================
2025-11-13 14:57:20,513 - __main__ - INFO - 
============================================================
2025-11-13 14:57:20,513 - __main__ - INFO - Total samples: 3585
2025-11-13 14:57:20,513 - __main__ - INFO - LSL pushed: 3585
2025-11-13 14:57:20,513 - __main__ - INFO - LSL rate: 127.73 Hz (99.8% of nominal)
2025-11-13 14:57:20,514 - __main__ - INFO - Saved: 3000
2025-11-13 14:57:20,514 - __main__ - INFO - Buffer: 585
2025-11-13 14:57:20,514 - __main__ - INFO - ============================================================
2025-11-13 14:57:21,513 - __main__ - INFO - 
============================================================
2025-11-13 14:57:21,513 - __main__ - INFO - Total samples: 3711
2025-11-13 14:57:21,513 - __main__ - INFO - LSL pushed: 3711
2025-11-13 14:57:21,513 - __main__ - INFO - LSL rate: 127.66 Hz (99.7% of nominal)
2025-11-13 14:57:21,513 - __main__ - INFO - Saved: 3000
2025-11-13 14:57:21,515 - __main__ - INFO - Buffer: 711
2025-11-13 14:57:21,515 - __main__ - INFO - ============================================================
2025-11-13 14:57:22,514 - __main__ - INFO - 
============================================================
2025-11-13 14:57:22,514 - __main__ - INFO - Total samples: 3841
2025-11-13 14:57:22,514 - __main__ - INFO - LSL pushed: 3841
2025-11-13 14:57:22,515 - __main__ - INFO - LSL rate: 127.74 Hz (99.8% of nominal)
2025-11-13 14:57:22,515 - __main__ - INFO - Saved: 3000
2025-11-13 14:57:22,515 - __main__ - INFO - Buffer: 841
2025-11-13 14:57:22,515 - __main__ - INFO - ============================================================
2025-11-13 14:57:23,515 - __main__ - INFO - 
============================================================
2025-11-13 14:57:23,515 - __main__ - INFO - Total samples: 3969
2025-11-13 14:57:23,516 - __main__ - INFO - LSL pushed: 3969
2025-11-13 14:57:23,516 - __main__ - INFO - LSL rate: 127.74 Hz (99.8% of nominal)
2025-11-13 14:57:23,516 - __main__ - INFO - Saved: 3000
2025-11-13 14:57:23,516 - __main__ - INFO - Buffer: 969
2025-11-13 14:57:23,517 - __main__ - INFO - ============================================================
2025-11-13 14:57:24,516 - __main__ - INFO - 
============================================================
2025-11-13 14:57:24,516 - __main__ - INFO - Total samples: 4095
2025-11-13 14:57:24,516 - __main__ - INFO - LSL pushed: 4095
2025-11-13 14:57:24,517 - __main__ - INFO - LSL rate: 127.69 Hz (99.8% of nominal)
2025-11-13 14:57:24,517 - __main__ - INFO - Saved: 4000
2025-11-13 14:57:24,517 - __main__ - INFO - Buffer: 95
2025-11-13 14:57:24,517 - __main__ - INFO - ============================================================
2025-11-13 14:57:25,516 - __main__ - INFO - 
============================================================
2025-11-13 14:57:25,516 - __main__ - INFO - Total samples: 4226
2025-11-13 14:57:25,516 - __main__ - INFO - LSL pushed: 4226
2025-11-13 14:57:25,516 - __main__ - INFO - LSL rate: 127.78 Hz (99.8% of nominal)
2025-11-13 14:57:25,516 - __main__ - INFO - Saved: 4000
2025-11-13 14:57:25,516 - __main__ - INFO - Buffer: 226
2025-11-13 14:57:25,518 - __main__ - INFO - ============================================================
2025-11-13 14:57:26,518 - __main__ - INFO - 
============================================================
2025-11-13 14:57:26,518 - __main__ - INFO - Total samples: 4354
2025-11-13 14:57:26,518 - __main__ - INFO - LSL pushed: 4354
2025-11-13 14:57:26,518 - __main__ - INFO - LSL rate: 127.78 Hz (99.8% of nominal)
2025-11-13 14:57:26,519 - __main__ - INFO - Saved: 4000
2025-11-13 14:57:26,519 - __main__ - INFO - Buffer: 354
2025-11-13 14:57:26,519 - __main__ - INFO - ============================================================
2025-11-13 14:57:27,519 - __main__ - INFO - 
============================================================
2025-11-13 14:57:27,519 - __main__ - INFO - Total samples: 4483
2025-11-13 14:57:27,519 - __main__ - INFO - LSL pushed: 4483
2025-11-13 14:57:27,519 - __main__ - INFO - LSL rate: 127.82 Hz (99.9% of nominal)
2025-11-13 14:57:27,519 - __main__ - INFO - Saved: 4000
2025-11-13 14:57:27,519 - __main__ - INFO - Buffer: 483
2025-11-13 14:57:27,520 - __main__ - INFO - ============================================================
2025-11-13 14:57:28,519 - __main__ - INFO - 
============================================================
2025-11-13 14:57:28,519 - __main__ - INFO - Total samples: 4611
2025-11-13 14:57:28,519 - __main__ - INFO - LSL pushed: 4611
2025-11-13 14:57:28,519 - __main__ - INFO - LSL rate: 127.82 Hz (99.9% of nominal)
2025-11-13 14:57:28,519 - __main__ - INFO - Saved: 4000
2025-11-13 14:57:28,519 - __main__ - INFO - Buffer: 611
2025-11-13 14:57:28,519 - __main__ - INFO - ============================================================
2025-11-13 14:57:29,519 - __main__ - INFO - 
============================================================
2025-11-13 14:57:29,519 - __main__ - INFO - Total samples: 4739
2025-11-13 14:57:29,519 - __main__ - INFO - LSL pushed: 4739
2025-11-13 14:57:29,519 - __main__ - INFO - LSL rate: 127.82 Hz (99.9% of nominal)
2025-11-13 14:57:29,519 - __main__ - INFO - Saved: 4000
2025-11-13 14:57:29,519 - __main__ - INFO - Buffer: 739
2025-11-13 14:57:29,519 - __main__ - INFO - ============================================================
2025-11-13 14:57:30,520 - __main__ - INFO - 
============================================================
2025-11-13 14:57:30,520 - __main__ - INFO - Total samples: 4867
2025-11-13 14:57:30,520 - __main__ - INFO - LSL pushed: 4867
2025-11-13 14:57:30,520 - __main__ - INFO - LSL rate: 127.82 Hz (99.9% of nominal)
2025-11-13 14:57:30,520 - __main__ - INFO - Saved: 4000
2025-11-13 14:57:30,520 - __main__ - INFO - Buffer: 867
2025-11-13 14:57:30,520 - __main__ - INFO - ============================================================
2025-11-13 14:57:31,521 - __main__ - INFO - 
============================================================
2025-11-13 14:57:31,521 - __main__ - INFO - Total samples: 4994
2025-11-13 14:57:31,521 - __main__ - INFO - LSL pushed: 4994
2025-11-13 14:57:31,521 - __main__ - INFO - LSL rate: 127.80 Hz (99.8% of nominal)
2025-11-13 14:57:31,521 - __main__ - INFO - Saved: 4000
2025-11-13 14:57:31,522 - __main__ - INFO - Buffer: 994
2025-11-13 14:57:31,522 - __main__ - INFO - ============================================================
2025-11-13 14:57:32,521 - __main__ - INFO - 
============================================================
2025-11-13 14:57:32,521 - __main__ - INFO - Total samples: 5119
2025-11-13 14:57:32,521 - __main__ - INFO - LSL pushed: 5119
2025-11-13 14:57:32,521 - __main__ - INFO - LSL rate: 127.73 Hz (99.8% of nominal)
2025-11-13 14:57:32,522 - __main__ - INFO - Saved: 5000
2025-11-13 14:57:32,522 - __main__ - INFO - Buffer: 119
2025-11-13 14:57:32,522 - __main__ - INFO - ============================================================
2025-11-13 14:57:33,522 - __main__ - INFO - 
============================================================
2025-11-13 14:57:33,522 - __main__ - INFO - Total samples: 5251
2025-11-13 14:57:33,522 - __main__ - INFO - LSL pushed: 5251
2025-11-13 14:57:33,522 - __main__ - INFO - LSL rate: 127.83 Hz (99.9% of nominal)
2025-11-13 14:57:33,522 - __main__ - INFO - Saved: 5000
2025-11-13 14:57:33,522 - __main__ - INFO - Buffer: 251
2025-11-13 14:57:33,523 - __main__ - INFO - ============================================================
2025-11-13 14:57:34,523 - __main__ - INFO - 
============================================================
2025-11-13 14:57:34,523 - __main__ - INFO - Total samples: 5379
2025-11-13 14:57:34,523 - __main__ - INFO - LSL pushed: 5379
2025-11-13 14:57:34,524 - __main__ - INFO - LSL rate: 127.83 Hz (99.9% of nominal)
2025-11-13 14:57:34,524 - __main__ - INFO - Saved: 5000
2025-11-13 14:57:34,524 - __main__ - INFO - Buffer: 379
2025-11-13 14:57:34,524 - __main__ - INFO - ============================================================
2025-11-13 14:57:35,524 - __main__ - INFO - 
============================================================
2025-11-13 14:57:35,524 - __main__ - INFO - Total samples: 5508
2025-11-13 14:57:35,524 - __main__ - INFO - LSL pushed: 5508
2025-11-13 14:57:35,524 - __main__ - INFO - LSL rate: 127.86 Hz (99.9% of nominal)
2025-11-13 14:57:35,524 - __main__ - INFO - Saved: 5000
2025-11-13 14:57:35,524 - __main__ - INFO - Buffer: 508
2025-11-13 14:57:35,525 - __main__ - INFO - ============================================================
2025-11-13 14:57:36,186 - __main__ - INFO - 
Received interrupt signal. Shutting down...
2025-11-13 14:57:36,186 - __main__ - INFO - 
Stopping components...
2025-11-13 14:57:36,216 - shimmer_device - INFO - Stopped data streaming
2025-11-13 14:57:36,217 - shimmer_device - INFO - Shimmer device shutdown
2025-11-13 14:57:36,218 - shimmer_device - INFO - Disconnected from Shimmer device
2025-11-13 14:57:36,218 - __main__ - INFO - Device disconnected
2025-11-13 14:57:36,223 - data_saver - INFO - Stopped saving. Total samples saved: 5590
2025-11-13 14:57:36,223 - __main__ - INFO - Data saving stopped
2025-11-13 14:57:36,223 - __main__ - INFO - Final LSL statistics: {'samples_pushed': 5590, 'elapsed_time': 43.7777099609375, 'effective_rate': 127.6905531373823, 'nominal_rate': 128.0, 'rate_accuracy': 99.75824463857992}
2025-11-13 14:57:36,223 - lsl_manager - INFO - Destroying LSL outlet. Statistics: {'samples_pushed': 5590, 'elapsed_time': 43.7777099609375, 'effective_rate': 127.6905531373823, 'nominal_rate': 128.0, 'rate_accuracy': 99.75824463857992}
2025-11-13 14:57:36,249 - __main__ - INFO - LSL outlet destroyed
2025-11-13 14:57:36,249 - __main__ - INFO - 
============================================================
2025-11-13 14:57:36,249 - __main__ - INFO - Session ended. Total samples processed: 5590
2025-11-13 14:57:36,249 - __main__ - INFO - ============================================================
2025-11-13 14:57:36,249 - __main__ - INFO - 
Stopping components...
2025-11-13 14:57:36,249 - shimmer_device - ERROR - Error during disconnect: byref() argument must be a ctypes instance, not 'NoneType'
2025-11-13 14:57:36,249 - __main__ - INFO - Device disconnected
2025-11-13 14:57:36,251 - data_saver - INFO - Stopped saving. Total samples saved: 5590
2025-11-13 14:57:36,251 - __main__ - INFO - Data saving stopped
2025-11-13 14:57:36,251 - __main__ - INFO - Final LSL statistics: {}
2025-11-13 14:57:36,251 - __main__ - INFO - LSL outlet destroyed
2025-11-13 14:57:36,251 - __main__ - INFO - 
============================================================
2025-11-13 14:57:36,252 - __main__ - INFO - Session ended. Total samples processed: 5590
2025-11-13 14:57:36,252 - __main__ - INFO - ============================================================
2025-11-13 14:57:36,252 - shimmer_device - ERROR - Error during disconnect: byref() argument must be a ctypes instance, not 'NoneType'
